[2025-04-17T12:57:35.774+0000][95421][info][gc] Using G1
[2025-04-17T12:57:36.569+0000][95421][info][gc,init] Version: 17.0.15+0 (release)
[2025-04-17T12:57:36.570+0000][95421][info][gc,init] CPUs: 8 total, 8 available
[2025-04-17T12:57:36.570+0000][95421][info][gc,init] Memory: 16384M
[2025-04-17T12:57:36.570+0000][95421][info][gc,init] Large Page Support: Disabled
[2025-04-17T12:57:36.570+0000][95421][info][gc,init] NUMA Support: Disabled
[2025-04-17T12:57:36.570+0000][95421][info][gc,init] Compressed Oops: Enabled (Zero based)
[2025-04-17T12:57:36.570+0000][95421][info][gc,init] Heap Region Size: 4M
[2025-04-17T12:57:36.570+0000][95421][info][gc,init] Heap Min Capacity: 8G
[2025-04-17T12:57:36.570+0000][95421][info][gc,init] Heap Initial Capacity: 8G
[2025-04-17T12:57:36.570+0000][95421][info][gc,init] Heap Max Capacity: 8G
[2025-04-17T12:57:36.570+0000][95421][info][gc,init] Pre-touch: Enabled
[2025-04-17T12:57:36.570+0000][95421][info][gc,init] Parallel Workers: 8
[2025-04-17T12:57:36.570+0000][95421][info][gc,init] Concurrent Workers: 2
[2025-04-17T12:57:36.570+0000][95421][info][gc,init] Concurrent Refinement Workers: 8
[2025-04-17T12:57:36.570+0000][95421][info][gc,init] Periodic GC: Disabled
[2025-04-17T12:57:36.573+0000][95421][info][gc,metaspace] CDS archive(s) mapped at: [0x000000a000000000-0x000000a000bc0000-0x000000a000bc0000), size 12320768, SharedBaseAddress: 0x000000a000000000, ArchiveRelocationMode: 1.
[2025-04-17T12:57:36.573+0000][95421][info][gc,metaspace] Compressed class space mapped at: 0x000000a001000000-0x000000a041000000, reserved size: 1073741824
[2025-04-17T12:57:36.573+0000][95421][info][gc,metaspace] Narrow klass base: 0x000000a000000000, Narrow klass shift: 0, Narrow klass range: 0x100000000
[2025-04-17T12:57:36.614+0000][95421][info][safepoint   ] Safepoint "ICBufferFull", Time since last: 39558834 ns, Reaching safepoint: 1458 ns, Cleanup: 38708 ns, At safepoint: 1167 ns, Total: 41333 ns
[2025-04-17T12:57:36.684+0000][95421][info][safepoint   ] Safepoint "ICBufferFull", Time since last: 70131292 ns, Reaching safepoint: 1208 ns, Cleanup: 43917 ns, At safepoint: 1750 ns, Total: 46875 ns
[2025-04-17T12:57:36.744+0000][95421][info][safepoint   ] Safepoint "ICBufferFull", Time since last: 59539041 ns, Reaching safepoint: 1709 ns, Cleanup: 52291 ns, At safepoint: 459 ns, Total: 54459 ns
[2025-04-17T12:57:37.022+0000][95421][info][safepoint   ] Safepoint "ICBufferFull", Time since last: 278369833 ns, Reaching safepoint: 2250 ns, Cleanup: 55917 ns, At safepoint: 375 ns, Total: 58542 ns
[2025-04-17T12:57:37.102+0000][95421][info][safepoint   ] Safepoint "ICBufferFull", Time since last: 79478791 ns, Reaching safepoint: 1875 ns, Cleanup: 58959 ns, At safepoint: 416 ns, Total: 61250 ns
[2025-04-17T12:57:37.366+0000][95421][info][safepoint   ] Safepoint "ICBufferFull", Time since last: 264285084 ns, Reaching safepoint: 2000 ns, Cleanup: 48458 ns, At safepoint: 1375 ns, Total: 51833 ns
[2025-04-17T12:57:37.416+0000][95421][info][safepoint   ] Safepoint "ICBufferFull", Time since last: 49886958 ns, Reaching safepoint: 1459 ns, Cleanup: 49625 ns, At safepoint: 541 ns, Total: 51625 ns
[2025-04-17T12:57:37.573+0000][95421][info][safepoint   ] Safepoint "ICBufferFull", Time since last: 157166709 ns, Reaching safepoint: 1875 ns, Cleanup: 69625 ns, At safepoint: 666 ns, Total: 72166 ns
[2025-04-17T12:57:37.723+0000][95421][info][safepoint   ] Safepoint "ICBufferFull", Time since last: 150047709 ns, Reaching safepoint: 17750 ns, Cleanup: 69083 ns, At safepoint: 1583 ns, Total: 88416 ns
[2025-04-17T12:57:37.764+0000][95421][info][safepoint   ] Safepoint "ICBufferFull", Time since last: 40663125 ns, Reaching safepoint: 1834 ns, Cleanup: 72583 ns, At safepoint: 708 ns, Total: 75125 ns
[2025-04-17T12:57:37.890+0000][95421][info][safepoint   ] Safepoint "ICBufferFull", Time since last: 126099334 ns, Reaching safepoint: 1708 ns, Cleanup: 74667 ns, At safepoint: 583 ns, Total: 76958 ns
[2025-04-17T12:57:38.000+0000][95421][info][gc,start    ] GC(0) Pause Young (Concurrent Start) (Metadata GC Threshold)
[2025-04-17T12:57:38.000+0000][95421][info][gc,task     ] GC(0) Using 8 workers of 8 for evacuation
[2025-04-17T12:57:38.000+0000][95421][debug][gc,age      ] GC(0) Desired survivor size 27262976 bytes, new threshold 15 (max threshold 15)
[2025-04-17T12:57:38.005+0000][95421][info ][gc,phases   ] GC(0)   Pre Evacuate Collection Set: 0.1ms
[2025-04-17T12:57:38.005+0000][95421][info ][gc,phases   ] GC(0)   Merge Heap Roots: 0.0ms
[2025-04-17T12:57:38.005+0000][95421][info ][gc,phases   ] GC(0)   Evacuate Collection Set: 4.1ms
[2025-04-17T12:57:38.005+0000][95421][info ][gc,phases   ] GC(0)   Post Evacuate Collection Set: 0.4ms
[2025-04-17T12:57:38.005+0000][95421][info ][gc,phases   ] GC(0)   Other: 0.1ms
[2025-04-17T12:57:38.005+0000][95421][trace][gc,age      ] GC(0) Age table with threshold 15 (max threshold 15)
[2025-04-17T12:57:38.005+0000][95421][trace][gc,age      ] GC(0) - age   1:   12543696 bytes,   12543696 total
[2025-04-17T12:57:38.005+0000][95421][info ][gc,heap     ] GC(0) Eden regions: 77->0(98)
[2025-04-17T12:57:38.005+0000][95421][info ][gc,heap     ] GC(0) Survivor regions: 0->4(13)
[2025-04-17T12:57:38.005+0000][95421][info ][gc,heap     ] GC(0) Old regions: 0->0
[2025-04-17T12:57:38.005+0000][95421][info ][gc,heap     ] GC(0) Archive regions: 2->2
[2025-04-17T12:57:38.005+0000][95421][info ][gc,heap     ] GC(0) Humongous regions: 0->0
[2025-04-17T12:57:38.005+0000][95421][info ][gc,metaspace] GC(0) Metaspace: 21012K(21504K)->21012K(21504K) NonClass: 18530K(18816K)->18530K(18816K) Class: 2481K(2688K)->2481K(2688K)
[2025-04-17T12:57:38.005+0000][95421][info ][gc          ] GC(0) Pause Young (Concurrent Start) (Metadata GC Threshold) 309M->16M(8192M) 4.944ms
[2025-04-17T12:57:38.005+0000][95421][info ][gc,cpu      ] GC(0) User=0.01s Sys=0.00s Real=0.00s
[2025-04-17T12:57:38.005+0000][95421][info ][gc          ] GC(1) Concurrent Mark Cycle
[2025-04-17T12:57:38.005+0000][95421][info ][gc,marking  ] GC(1) Concurrent Clear Claimed Marks
[2025-04-17T12:57:38.005+0000][95421][info ][safepoint   ] Safepoint "CollectForMetadataAllocation", Time since last: 109406167 ns, Reaching safepoint: 1833 ns, Cleanup: 44625 ns, At safepoint: 5002250 ns, Total: 5048708 ns
[2025-04-17T12:57:38.005+0000][95421][info ][gc,marking  ] GC(1) Concurrent Clear Claimed Marks 0.010ms
[2025-04-17T12:57:38.005+0000][95421][info ][gc,marking  ] GC(1) Concurrent Scan Root Regions
[2025-04-17T12:57:38.007+0000][95421][info ][gc,marking  ] GC(1) Concurrent Scan Root Regions 1.846ms
[2025-04-17T12:57:38.007+0000][95421][info ][gc,marking  ] GC(1) Concurrent Mark
[2025-04-17T12:57:38.007+0000][95421][info ][gc,marking  ] GC(1) Concurrent Mark From Roots
[2025-04-17T12:57:38.007+0000][95421][info ][gc,task     ] GC(1) Using 2 workers of 2 for marking
[2025-04-17T12:57:38.007+0000][95421][info ][gc,marking  ] GC(1) Concurrent Mark From Roots 0.532ms
[2025-04-17T12:57:38.007+0000][95421][info ][gc,marking  ] GC(1) Concurrent Preclean
[2025-04-17T12:57:38.007+0000][95421][info ][gc,marking  ] GC(1) Concurrent Preclean 0.013ms
[2025-04-17T12:57:38.007+0000][95421][info ][gc,start    ] GC(1) Pause Remark
[2025-04-17T12:57:38.008+0000][95421][info ][gc          ] GC(1) Pause Remark 19M->19M(8192M) 0.865ms
[2025-04-17T12:57:38.008+0000][95421][info ][gc,cpu      ] GC(1) User=0.00s Sys=0.00s Real=0.00s
[2025-04-17T12:57:38.008+0000][95421][info ][safepoint   ] Safepoint "G1PauseRemark", Time since last: 2452750 ns, Reaching safepoint: 15958 ns, Cleanup: 3292 ns, At safepoint: 884667 ns, Total: 903917 ns
[2025-04-17T12:57:38.008+0000][95421][info ][gc,marking  ] GC(1) Concurrent Mark 1.484ms
[2025-04-17T12:57:38.008+0000][95421][info ][gc,marking  ] GC(1) Concurrent Rebuild Remembered Sets
[2025-04-17T12:57:38.008+0000][95421][info ][gc,marking  ] GC(1) Concurrent Rebuild Remembered Sets 0.005ms
[2025-04-17T12:57:38.008+0000][95421][info ][gc,start    ] GC(1) Pause Cleanup
[2025-04-17T12:57:38.008+0000][95421][info ][gc          ] GC(1) Pause Cleanup 19M->19M(8192M) 0.008ms
[2025-04-17T12:57:38.008+0000][95421][info ][gc,cpu      ] GC(1) User=0.00s Sys=0.00s Real=0.00s
[2025-04-17T12:57:38.008+0000][95421][info ][safepoint   ] Safepoint "G1PauseCleanup", Time since last: 31000 ns, Reaching safepoint: 625 ns, Cleanup: 833 ns, At safepoint: 41875 ns, Total: 43333 ns
[2025-04-17T12:57:38.008+0000][95421][info ][gc,marking  ] GC(1) Concurrent Cleanup for Next Mark
[2025-04-17T12:57:38.014+0000][95421][info ][gc,marking  ] GC(1) Concurrent Cleanup for Next Mark 5.600ms
[2025-04-17T12:57:38.014+0000][95421][info ][gc          ] GC(1) Concurrent Mark Cycle 9.100ms
[2025-04-17T12:57:38.086+0000][95421][info ][safepoint   ] Safepoint "ICBufferFull", Time since last: 77938667 ns, Reaching safepoint: 2083 ns, Cleanup: 71875 ns, At safepoint: 1875 ns, Total: 75833 ns
[2025-04-17T12:57:38.149+0000][95421][info ][safepoint   ] Safepoint "ICBufferFull", Time since last: 62677875 ns, Reaching safepoint: 1292 ns, Cleanup: 54791 ns, At safepoint: 4084 ns, Total: 60167 ns
[2025-04-17T12:57:38.254+0000][95421][info ][safepoint   ] Safepoint "ICBufferFull", Time since last: 105205583 ns, Reaching safepoint: 1750 ns, Cleanup: 93542 ns, At safepoint: 625 ns, Total: 95917 ns
[2025-04-17T12:57:38.389+0000][95421][info ][safepoint   ] Safepoint "ICBufferFull", Time since last: 134557500 ns, Reaching safepoint: 1250 ns, Cleanup: 91458 ns, At safepoint: 4292 ns, Total: 97000 ns
[2025-04-17T12:57:38.392+0000][95421][info ][gc,start    ] GC(2) Pause Young (Normal) (G1 Evacuation Pause)
[2025-04-17T12:57:38.392+0000][95421][info ][gc,task     ] GC(2) Using 8 workers of 8 for evacuation
[2025-04-17T12:57:38.392+0000][95421][debug][gc,age      ] GC(2) Desired survivor size 27262976 bytes, new threshold 15 (max threshold 15)
[2025-04-17T12:57:38.398+0000][95421][info ][gc,phases   ] GC(2)   Pre Evacuate Collection Set: 0.2ms
[2025-04-17T12:57:38.398+0000][95421][info ][gc,phases   ] GC(2)   Merge Heap Roots: 0.0ms
[2025-04-17T12:57:38.398+0000][95421][info ][gc,phases   ] GC(2)   Evacuate Collection Set: 5.4ms
[2025-04-17T12:57:38.398+0000][95421][info ][gc,phases   ] GC(2)   Post Evacuate Collection Set: 0.3ms
[2025-04-17T12:57:38.398+0000][95421][info ][gc,phases   ] GC(2)   Other: 0.1ms
[2025-04-17T12:57:38.398+0000][95421][trace][gc,age      ] GC(2) Age table with threshold 15 (max threshold 15)
[2025-04-17T12:57:38.398+0000][95421][trace][gc,age      ] GC(2) - age   1:    9383336 bytes,    9383336 total
[2025-04-17T12:57:38.398+0000][95421][trace][gc,age      ] GC(2) - age   2:   11667280 bytes,   21050616 total
[2025-04-17T12:57:38.398+0000][95421][info ][gc,heap     ] GC(2) Eden regions: 98->0(96)
[2025-04-17T12:57:38.398+0000][95421][info ][gc,heap     ] GC(2) Survivor regions: 4->6(13)
[2025-04-17T12:57:38.398+0000][95421][info ][gc,heap     ] GC(2) Old regions: 0->0
[2025-04-17T12:57:38.398+0000][95421][info ][gc,heap     ] GC(2) Archive regions: 2->2
[2025-04-17T12:57:38.398+0000][95421][info ][gc,heap     ] GC(2) Humongous regions: 0->0
[2025-04-17T12:57:38.398+0000][95421][info ][gc,metaspace] GC(2) Metaspace: 26461K(27072K)->26461K(27072K) NonClass: 23227K(23552K)->23227K(23552K) Class: 3234K(3520K)->3234K(3520K)
[2025-04-17T12:57:38.398+0000][95421][info ][gc          ] GC(2) Pause Young (Normal) (G1 Evacuation Pause) 408M->24M(8192M) 6.119ms
[2025-04-17T12:57:38.398+0000][95421][info ][gc,cpu      ] GC(2) User=0.02s Sys=0.01s Real=0.00s
[2025-04-17T12:57:38.398+0000][95421][info ][safepoint   ] Safepoint "G1CollectForAllocation", Time since last: 2657791 ns, Reaching safepoint: 750 ns, Cleanup: 4334 ns, At safepoint: 6149916 ns, Total: 6155000 ns
[2025-04-17T12:57:38.495+0000][95421][info ][safepoint   ] Safepoint "ICBufferFull", Time since last: 96875584 ns, Reaching safepoint: 1666 ns, Cleanup: 56542 ns, At safepoint: 583 ns, Total: 58791 ns
[2025-04-17T12:57:38.529+0000][95421][info ][safepoint   ] Safepoint "ICBufferFull", Time since last: 33828584 ns, Reaching safepoint: 17041 ns, Cleanup: 64292 ns, At safepoint: 1208 ns, Total: 82541 ns
[2025-04-17T12:57:38.558+0000][95421][info ][safepoint   ] Safepoint "ICBufferFull", Time since last: 29465000 ns, Reaching safepoint: 1625 ns, Cleanup: 100417 ns, At safepoint: 667 ns, Total: 102709 ns
[2025-04-17T12:57:38.702+0000][95421][info ][gc,start    ] GC(3) Pause Young (Normal) (G1 Evacuation Pause)
[2025-04-17T12:57:38.702+0000][95421][info ][gc,task     ] GC(3) Using 8 workers of 8 for evacuation
[2025-04-17T12:57:38.702+0000][95421][debug][gc,age      ] GC(3) Desired survivor size 27262976 bytes, new threshold 15 (max threshold 15)
[2025-04-17T12:57:38.706+0000][95421][info ][gc,phases   ] GC(3)   Pre Evacuate Collection Set: 0.1ms
[2025-04-17T12:57:38.707+0000][95421][info ][gc,phases   ] GC(3)   Merge Heap Roots: 0.0ms
[2025-04-17T12:57:38.707+0000][95421][info ][gc,phases   ] GC(3)   Evacuate Collection Set: 3.7ms
[2025-04-17T12:57:38.707+0000][95421][info ][gc,phases   ] GC(3)   Post Evacuate Collection Set: 0.3ms
[2025-04-17T12:57:38.707+0000][95421][info ][gc,phases   ] GC(3)   Other: 0.1ms
[2025-04-17T12:57:38.707+0000][95421][trace][gc,age      ] GC(3) Age table with threshold 15 (max threshold 15)
[2025-04-17T12:57:38.707+0000][95421][trace][gc,age      ] GC(3) - age   1:    7922664 bytes,    7922664 total
[2025-04-17T12:57:38.707+0000][95421][trace][gc,age      ] GC(3) - age   2:    9175376 bytes,   17098040 total
[2025-04-17T12:57:38.707+0000][95421][trace][gc,age      ] GC(3) - age   3:   11665104 bytes,   28763144 total
[2025-04-17T12:57:38.707+0000][95421][info ][gc,heap     ] GC(3) Eden regions: 96->0(94)
[2025-04-17T12:57:38.707+0000][95421][info ][gc,heap     ] GC(3) Survivor regions: 6->8(13)
[2025-04-17T12:57:38.707+0000][95421][info ][gc,heap     ] GC(3) Old regions: 0->0
[2025-04-17T12:57:38.707+0000][95421][info ][gc,heap     ] GC(3) Archive regions: 2->2
[2025-04-17T12:57:38.707+0000][95421][info ][gc,heap     ] GC(3) Humongous regions: 0->0
[2025-04-17T12:57:38.707+0000][95421][info ][gc,metaspace] GC(3) Metaspace: 32016K(32832K)->32016K(32832K) NonClass: 28141K(28608K)->28141K(28608K) Class: 3875K(4224K)->3875K(4224K)
[2025-04-17T12:57:38.707+0000][95421][info ][gc          ] GC(3) Pause Young (Normal) (G1 Evacuation Pause) 408M->33M(8192M) 4.417ms
[2025-04-17T12:57:38.707+0000][95421][info ][gc,cpu      ] GC(3) User=0.02s Sys=0.01s Real=0.00s
[2025-04-17T12:57:38.707+0000][95421][info ][safepoint   ] Safepoint "G1CollectForAllocation", Time since last: 143932708 ns, Reaching safepoint: 1500 ns, Cleanup: 50083 ns, At safepoint: 4446000 ns, Total: 4497583 ns
[2025-04-17T12:57:38.780+0000][95421][info ][safepoint   ] Safepoint "ICBufferFull", Time since last: 73765042 ns, Reaching safepoint: 1167 ns, Cleanup: 53083 ns, At safepoint: 1333 ns, Total: 55583 ns
[2025-04-17T12:57:38.944+0000][95421][info ][safepoint   ] Safepoint "ICBufferFull", Time since last: 163408709 ns, Reaching safepoint: 1375 ns, Cleanup: 57458 ns, At safepoint: 2250 ns, Total: 61083 ns
[2025-04-17T12:57:38.952+0000][95421][info ][gc,start    ] GC(4) Pause Young (Normal) (G1 Evacuation Pause)
[2025-04-17T12:57:38.952+0000][95421][info ][gc,task     ] GC(4) Using 8 workers of 8 for evacuation
[2025-04-17T12:57:38.952+0000][95421][debug][gc,age      ] GC(4) Desired survivor size 27262976 bytes, new threshold 3 (max threshold 15)
[2025-04-17T12:57:38.957+0000][95421][info ][gc,phases   ] GC(4)   Pre Evacuate Collection Set: 0.1ms
[2025-04-17T12:57:38.957+0000][95421][info ][gc,phases   ] GC(4)   Merge Heap Roots: 0.0ms
[2025-04-17T12:57:38.957+0000][95421][info ][gc,phases   ] GC(4)   Evacuate Collection Set: 5.0ms
[2025-04-17T12:57:38.957+0000][95421][info ][gc,phases   ] GC(4)   Post Evacuate Collection Set: 0.3ms
[2025-04-17T12:57:38.957+0000][95421][info ][gc,phases   ] GC(4)   Other: 0.1ms
[2025-04-17T12:57:38.957+0000][95421][trace][gc,age      ] GC(4) Age table with threshold 3 (max threshold 15)
[2025-04-17T12:57:38.957+0000][95421][trace][gc,age      ] GC(4) - age   1:    4842840 bytes,    4842840 total
[2025-04-17T12:57:38.957+0000][95421][trace][gc,age      ] GC(4) - age   2:    5687792 bytes,   10530632 total
[2025-04-17T12:57:38.957+0000][95421][trace][gc,age      ] GC(4) - age   3:    9168064 bytes,   19698696 total
[2025-04-17T12:57:38.957+0000][95421][info ][gc,heap     ] GC(4) Eden regions: 94->0(157)
[2025-04-17T12:57:38.957+0000][95421][info ][gc,heap     ] GC(4) Survivor regions: 8->6(13)
[2025-04-17T12:57:38.957+0000][95421][info ][gc,heap     ] GC(4) Old regions: 0->3
[2025-04-17T12:57:38.957+0000][95421][info ][gc,heap     ] GC(4) Archive regions: 2->2
[2025-04-17T12:57:38.957+0000][95421][info ][gc,heap     ] GC(4) Humongous regions: 0->0
[2025-04-17T12:57:38.957+0000][95421][info ][gc,metaspace] GC(4) Metaspace: 34068K(34944K)->34068K(34944K) NonClass: 29922K(30464K)->29922K(30464K) Class: 4145K(4480K)->4145K(4480K)
[2025-04-17T12:57:38.957+0000][95421][info ][gc          ] GC(4) Pause Young (Normal) (G1 Evacuation Pause) 409M->36M(8192M) 5.631ms
[2025-04-17T12:57:38.957+0000][95421][info ][gc,cpu      ] GC(4) User=0.03s Sys=0.00s Real=0.00s
[2025-04-17T12:57:38.957+0000][95421][info ][safepoint   ] Safepoint "G1CollectForAllocation", Time since last: 7723542 ns, Reaching safepoint: 916 ns, Cleanup: 3875 ns, At safepoint: 5657334 ns, Total: 5662125 ns
[2025-04-17T12:57:39.083+0000][95421][info ][safepoint   ] Safepoint "ICBufferFull", Time since last: 125612125 ns, Reaching safepoint: 17250 ns, Cleanup: 50666 ns, At safepoint: 1584 ns, Total: 69500 ns
[2025-04-17T12:57:39.084+0000][95421][info ][gc,start    ] GC(5) Pause Young (Concurrent Start) (Metadata GC Threshold)
[2025-04-17T12:57:39.084+0000][95421][info ][gc,task     ] GC(5) Using 8 workers of 8 for evacuation
[2025-04-17T12:57:39.084+0000][95421][debug][gc,age      ] GC(5) Desired survivor size 44040192 bytes, new threshold 15 (max threshold 15)
[2025-04-17T12:57:39.087+0000][95421][info ][gc,phases   ] GC(5)   Pre Evacuate Collection Set: 0.1ms
[2025-04-17T12:57:39.087+0000][95421][info ][gc,phases   ] GC(5)   Merge Heap Roots: 0.0ms
[2025-04-17T12:57:39.087+0000][95421][info ][gc,phases   ] GC(5)   Evacuate Collection Set: 2.6ms
[2025-04-17T12:57:39.087+0000][95421][info ][gc,phases   ] GC(5)   Post Evacuate Collection Set: 0.3ms
[2025-04-17T12:57:39.087+0000][95421][info ][gc,phases   ] GC(5)   Other: 0.1ms
[2025-04-17T12:57:39.087+0000][95421][trace][gc,age      ] GC(5) Age table with threshold 15 (max threshold 15)
[2025-04-17T12:57:39.087+0000][95421][trace][gc,age      ] GC(5) - age   1:    3201904 bytes,    3201904 total
[2025-04-17T12:57:39.087+0000][95421][trace][gc,age      ] GC(5) - age   2:    4404088 bytes,    7605992 total
[2025-04-17T12:57:39.087+0000][95421][trace][gc,age      ] GC(5) - age   3:    5685216 bytes,   13291208 total
[2025-04-17T12:57:39.087+0000][95421][trace][gc,age      ] GC(5) - age   4:    9163424 bytes,   22454632 total
[2025-04-17T12:57:39.087+0000][95421][info ][gc,heap     ] GC(5) Eden regions: 48->0(267)
[2025-04-17T12:57:39.087+0000][95421][info ][gc,heap     ] GC(5) Survivor regions: 6->6(21)
[2025-04-17T12:57:39.087+0000][95421][info ][gc,heap     ] GC(5) Old regions: 3->3
[2025-04-17T12:57:39.087+0000][95421][info ][gc,heap     ] GC(5) Archive regions: 2->2
[2025-04-17T12:57:39.087+0000][95421][info ][gc,heap     ] GC(5) Humongous regions: 0->0
[2025-04-17T12:57:39.087+0000][95421][info ][gc,metaspace] GC(5) Metaspace: 35270K(36160K)->35270K(36160K) NonClass: 30992K(31488K)->30992K(31488K) Class: 4277K(4672K)->4277K(4672K)
[2025-04-17T12:57:39.087+0000][95421][info ][gc          ] GC(5) Pause Young (Concurrent Start) (Metadata GC Threshold) 228M->38M(8192M) 3.227ms
[2025-04-17T12:57:39.087+0000][95421][info ][gc,cpu      ] GC(5) User=0.02s Sys=0.00s Real=0.00s
[2025-04-17T12:57:39.087+0000][95421][info ][gc          ] GC(6) Concurrent Mark Cycle
[2025-04-17T12:57:39.087+0000][95421][info ][safepoint   ] Safepoint "CollectForMetadataAllocation", Time since last: 1026083 ns, Reaching safepoint: 625 ns, Cleanup: 2750 ns, At safepoint: 3275000 ns, Total: 3278375 ns
[2025-04-17T12:57:39.087+0000][95421][info ][gc,marking  ] GC(6) Concurrent Clear Claimed Marks
[2025-04-17T12:57:39.087+0000][95421][info ][gc,marking  ] GC(6) Concurrent Clear Claimed Marks 0.031ms
[2025-04-17T12:57:39.087+0000][95421][info ][gc,marking  ] GC(6) Concurrent Scan Root Regions
[2025-04-17T12:57:39.090+0000][95421][info ][gc,marking  ] GC(6) Concurrent Scan Root Regions 2.333ms
[2025-04-17T12:57:39.090+0000][95421][info ][gc,marking  ] GC(6) Concurrent Mark
[2025-04-17T12:57:39.090+0000][95421][info ][gc,marking  ] GC(6) Concurrent Mark From Roots
[2025-04-17T12:57:39.090+0000][95421][info ][gc,task     ] GC(6) Using 2 workers of 2 for marking
[2025-04-17T12:57:39.093+0000][95421][info ][gc,marking  ] GC(6) Concurrent Mark From Roots 3.217ms
[2025-04-17T12:57:39.093+0000][95421][info ][gc,marking  ] GC(6) Concurrent Preclean
[2025-04-17T12:57:39.093+0000][95421][info ][gc,marking  ] GC(6) Concurrent Preclean 0.040ms
[2025-04-17T12:57:39.093+0000][95421][info ][gc,start    ] GC(6) Pause Remark
[2025-04-17T12:57:39.094+0000][95421][info ][gc          ] GC(6) Pause Remark 40M->40M(8192M) 1.123ms
[2025-04-17T12:57:39.094+0000][95421][info ][gc,cpu      ] GC(6) User=0.01s Sys=0.00s Real=0.00s
[2025-04-17T12:57:39.094+0000][95421][info ][safepoint   ] Safepoint "G1PauseRemark", Time since last: 5732458 ns, Reaching safepoint: 18417 ns, Cleanup: 4208 ns, At safepoint: 1152625 ns, Total: 1175250 ns
[2025-04-17T12:57:39.094+0000][95421][info ][gc,marking  ] GC(6) Concurrent Mark 4.512ms
[2025-04-17T12:57:39.094+0000][95421][info ][gc,marking  ] GC(6) Concurrent Rebuild Remembered Sets
[2025-04-17T12:57:39.097+0000][95421][info ][gc,marking  ] GC(6) Concurrent Rebuild Remembered Sets 2.604ms
[2025-04-17T12:57:39.097+0000][95421][info ][gc,start    ] GC(6) Pause Cleanup
[2025-04-17T12:57:39.097+0000][95421][info ][gc          ] GC(6) Pause Cleanup 40M->40M(8192M) 0.077ms
[2025-04-17T12:57:39.097+0000][95421][info ][gc,cpu      ] GC(6) User=0.00s Sys=0.00s Real=0.00s
[2025-04-17T12:57:39.097+0000][95421][info ][safepoint   ] Safepoint "G1PauseCleanup", Time since last: 2664292 ns, Reaching safepoint: 43583 ns, Cleanup: 1417 ns, At safepoint: 97500 ns, Total: 142500 ns
[2025-04-17T12:57:39.097+0000][95421][info ][gc,marking  ] GC(6) Concurrent Cleanup for Next Mark
[2025-04-17T12:57:39.104+0000][95421][info ][gc,marking  ] GC(6) Concurrent Cleanup for Next Mark 7.178ms
[2025-04-17T12:57:39.104+0000][95421][info ][gc          ] GC(6) Concurrent Mark Cycle 16.971ms
[2025-04-17T12:57:39.176+0000][95421][info ][safepoint   ] Safepoint "ICBufferFull", Time since last: 78770250 ns, Reaching safepoint: 21708 ns, Cleanup: 63542 ns, At safepoint: 1417 ns, Total: 86667 ns
[2025-04-17T12:57:39.288+0000][95421][info ][safepoint   ] Safepoint "ICBufferFull", Time since last: 111568000 ns, Reaching safepoint: 16583 ns, Cleanup: 59458 ns, At safepoint: 1375 ns, Total: 77416 ns
[2025-04-17T12:57:39.353+0000][95421][info ][safepoint   ] Safepoint "ICBufferFull", Time since last: 65493959 ns, Reaching safepoint: 32375 ns, Cleanup: 97583 ns, At safepoint: 1833 ns, Total: 131791 ns
[2025-04-17T12:57:39.356+0000][95421][info ][safepoint   ] Safepoint "ICBufferFull", Time since last: 2985834 ns, Reaching safepoint: 16333 ns, Cleanup: 99500 ns, At safepoint: 1167 ns, Total: 117000 ns
[2025-04-17T12:57:39.570+0000][95421][info ][safepoint   ] Safepoint "ICBufferFull", Time since last: 213211083 ns, Reaching safepoint: 1750 ns, Cleanup: 81542 ns, At safepoint: 416 ns, Total: 83708 ns
[2025-04-17T12:57:40.034+0000][95421][info ][safepoint   ] Safepoint "ICBufferFull", Time since last: 464333500 ns, Reaching safepoint: 17625 ns, Cleanup: 73375 ns, At safepoint: 1584 ns, Total: 92584 ns
[2025-04-17T12:57:40.135+0000][95421][info ][safepoint   ] Safepoint "ICBufferFull", Time since last: 100516791 ns, Reaching safepoint: 1500 ns, Cleanup: 54834 ns, At safepoint: 625 ns, Total: 56959 ns
[2025-04-17T12:57:40.179+0000][95421][info ][safepoint   ] Safepoint "ICBufferFull", Time since last: 44104708 ns, Reaching safepoint: 1667 ns, Cleanup: 49916 ns, At safepoint: 334 ns, Total: 51917 ns
[2025-04-17T12:57:40.179+0000][95421][info ][gc,heap,exit] Heap
[2025-04-17T12:57:40.179+0000][95421][info ][gc,heap,exit]  garbage-first heap   total 8388608K, used 467789K [0x0000000600000000, 0x0000000800000000)
[2025-04-17T12:57:40.179+0000][95421][info ][gc,heap,exit]   region size 4096K, 111 young (454656K), 6 survivors (24576K)
[2025-04-17T12:57:40.179+0000][95421][info ][gc,heap,exit]  Metaspace       used 50997K, committed 52416K, reserved 1114112K
[2025-04-17T12:57:40.179+0000][95421][info ][gc,heap,exit]   class space    used 6527K, committed 7104K, reserved 1048576K
