[2025-04-17T13:00:03.835+0000][1028][info][gc] Using G1
[2025-04-17T13:00:04.606+0000][1028][info][gc,init] Version: 17.0.15+0 (release)
[2025-04-17T13:00:04.606+0000][1028][info][gc,init] CPUs: 8 total, 8 available
[2025-04-17T13:00:04.606+0000][1028][info][gc,init] Memory: 16384M
[2025-04-17T13:00:04.606+0000][1028][info][gc,init] Large Page Support: Disabled
[2025-04-17T13:00:04.606+0000][1028][info][gc,init] NUMA Support: Disabled
[2025-04-17T13:00:04.606+0000][1028][info][gc,init] Compressed Oops: Enabled (Zero based)
[2025-04-17T13:00:04.606+0000][1028][info][gc,init] Heap Region Size: 4M
[2025-04-17T13:00:04.606+0000][1028][info][gc,init] Heap Min Capacity: 8G
[2025-04-17T13:00:04.606+0000][1028][info][gc,init] Heap Initial Capacity: 8G
[2025-04-17T13:00:04.606+0000][1028][info][gc,init] Heap Max Capacity: 8G
[2025-04-17T13:00:04.606+0000][1028][info][gc,init] Pre-touch: Enabled
[2025-04-17T13:00:04.606+0000][1028][info][gc,init] Parallel Workers: 8
[2025-04-17T13:00:04.606+0000][1028][info][gc,init] Concurrent Workers: 2
[2025-04-17T13:00:04.606+0000][1028][info][gc,init] Concurrent Refinement Workers: 8
[2025-04-17T13:00:04.606+0000][1028][info][gc,init] Periodic GC: Disabled
[2025-04-17T13:00:04.609+0000][1028][info][gc,metaspace] CDS archive(s) mapped at: [0x0000000300000000-0x0000000300bc0000-0x0000000300bc0000), size 12320768, SharedBaseAddress: 0x0000000300000000, ArchiveRelocationMode: 1.
[2025-04-17T13:00:04.609+0000][1028][info][gc,metaspace] Compressed class space mapped at: 0x0000000301000000-0x0000000341000000, reserved size: 1073741824
[2025-04-17T13:00:04.609+0000][1028][info][gc,metaspace] Narrow klass base: 0x0000000300000000, Narrow klass shift: 0, Narrow klass range: 0x100000000
[2025-04-17T13:00:04.650+0000][1028][info][safepoint   ] Safepoint "ICBufferFull", Time since last: 39653833 ns, Reaching safepoint: 19667 ns, Cleanup: 43833 ns, At safepoint: 1667 ns, Total: 65167 ns
[2025-04-17T13:00:04.716+0000][1028][info][safepoint   ] Safepoint "ICBufferFull", Time since last: 66281250 ns, Reaching safepoint: 1292 ns, Cleanup: 41875 ns, At safepoint: 1708 ns, Total: 44875 ns
[2025-04-17T13:00:04.775+0000][1028][info][safepoint   ] Safepoint "ICBufferFull", Time since last: 58143583 ns, Reaching safepoint: 1500 ns, Cleanup: 45875 ns, At safepoint: 2000 ns, Total: 49375 ns
[2025-04-17T13:00:05.135+0000][1028][info][safepoint   ] Safepoint "ICBufferFull", Time since last: 360277542 ns, Reaching safepoint: 1958 ns, Cleanup: 58375 ns, At safepoint: 1875 ns, Total: 62208 ns
[2025-04-17T13:00:05.184+0000][1028][info][safepoint   ] Safepoint "ICBufferFull", Time since last: 49385542 ns, Reaching safepoint: 1583 ns, Cleanup: 42917 ns, At safepoint: 1708 ns, Total: 46208 ns
[2025-04-17T13:00:05.436+0000][1028][info][safepoint   ] Safepoint "ICBufferFull", Time since last: 251649959 ns, Reaching safepoint: 1625 ns, Cleanup: 67041 ns, At safepoint: 500 ns, Total: 69166 ns
[2025-04-17T13:00:05.479+0000][1028][info][safepoint   ] Safepoint "ICBufferFull", Time since last: 42842625 ns, Reaching safepoint: 20084 ns, Cleanup: 51041 ns, At safepoint: 1959 ns, Total: 73084 ns
[2025-04-17T13:00:05.587+0000][1028][info][safepoint   ] Safepoint "ICBufferFull", Time since last: 108128958 ns, Reaching safepoint: 2042 ns, Cleanup: 64708 ns, At safepoint: 708 ns, Total: 67458 ns
[2025-04-17T13:00:05.717+0000][1028][info][safepoint   ] Safepoint "ICBufferFull", Time since last: 129520209 ns, Reaching safepoint: 18000 ns, Cleanup: 47625 ns, At safepoint: 1500 ns, Total: 67125 ns
[2025-04-17T13:00:05.772+0000][1028][info][safepoint   ] Safepoint "ICBufferFull", Time since last: 55001208 ns, Reaching safepoint: 1583 ns, Cleanup: 67417 ns, At safepoint: 542 ns, Total: 69542 ns
[2025-04-17T13:00:05.842+0000][1028][info][safepoint   ] Safepoint "ICBufferFull", Time since last: 70552833 ns, Reaching safepoint: 1792 ns, Cleanup: 65666 ns, At safepoint: 1625 ns, Total: 69083 ns
[2025-04-17T13:00:05.927+0000][1028][info][safepoint   ] Safepoint "ICBufferFull", Time since last: 84920209 ns, Reaching safepoint: 1333 ns, Cleanup: 43667 ns, At safepoint: 500 ns, Total: 45500 ns
[2025-04-17T13:00:05.987+0000][1028][info][safepoint   ] Safepoint "ICBufferFull", Time since last: 59424500 ns, Reaching safepoint: 1583 ns, Cleanup: 72917 ns, At safepoint: 1291 ns, Total: 75791 ns
[2025-04-17T13:00:06.075+0000][1028][info][gc,start    ] GC(0) Pause Young (Concurrent Start) (Metadata GC Threshold)
[2025-04-17T13:00:06.075+0000][1028][info][gc,task     ] GC(0) Using 8 workers of 8 for evacuation
[2025-04-17T13:00:06.075+0000][1028][debug][gc,age      ] GC(0) Desired survivor size 27262976 bytes, new threshold 15 (max threshold 15)
[2025-04-17T13:00:06.081+0000][1028][info ][gc,phases   ] GC(0)   Pre Evacuate Collection Set: 0.2ms
[2025-04-17T13:00:06.081+0000][1028][info ][gc,phases   ] GC(0)   Merge Heap Roots: 0.1ms
[2025-04-17T13:00:06.081+0000][1028][info ][gc,phases   ] GC(0)   Evacuate Collection Set: 5.4ms
[2025-04-17T13:00:06.081+0000][1028][info ][gc,phases   ] GC(0)   Post Evacuate Collection Set: 0.4ms
[2025-04-17T13:00:06.081+0000][1028][info ][gc,phases   ] GC(0)   Other: 0.1ms
[2025-04-17T13:00:06.081+0000][1028][trace][gc,age      ] GC(0) Age table with threshold 15 (max threshold 15)
[2025-04-17T13:00:06.081+0000][1028][trace][gc,age      ] GC(0) - age   1:   12543088 bytes,   12543088 total
[2025-04-17T13:00:06.081+0000][1028][info ][gc,heap     ] GC(0) Eden regions: 73->0(98)
[2025-04-17T13:00:06.081+0000][1028][info ][gc,heap     ] GC(0) Survivor regions: 0->4(13)
[2025-04-17T13:00:06.081+0000][1028][info ][gc,heap     ] GC(0) Old regions: 0->0
[2025-04-17T13:00:06.081+0000][1028][info ][gc,heap     ] GC(0) Archive regions: 2->2
[2025-04-17T13:00:06.081+0000][1028][info ][gc,heap     ] GC(0) Humongous regions: 0->0
[2025-04-17T13:00:06.081+0000][1028][info ][gc,metaspace] GC(0) Metaspace: 21010K(21504K)->21010K(21504K) NonClass: 18529K(18816K)->18529K(18816K) Class: 2481K(2688K)->2481K(2688K)
[2025-04-17T13:00:06.081+0000][1028][info ][gc          ] GC(0) Pause Young (Concurrent Start) (Metadata GC Threshold) 293M->16M(8192M) 6.370ms
[2025-04-17T13:00:06.081+0000][1028][info ][gc,cpu      ] GC(0) User=0.03s Sys=0.01s Real=0.01s
[2025-04-17T13:00:06.081+0000][1028][info ][gc          ] GC(1) Concurrent Mark Cycle
[2025-04-17T13:00:06.081+0000][1028][info ][safepoint   ] Safepoint "CollectForMetadataAllocation", Time since last: 87616750 ns, Reaching safepoint: 1209 ns, Cleanup: 44250 ns, At safepoint: 6423000 ns, Total: 6468459 ns
[2025-04-17T13:00:06.081+0000][1028][info ][gc,marking  ] GC(1) Concurrent Clear Claimed Marks
[2025-04-17T13:00:06.081+0000][1028][info ][gc,marking  ] GC(1) Concurrent Clear Claimed Marks 0.022ms
[2025-04-17T13:00:06.081+0000][1028][info ][gc,marking  ] GC(1) Concurrent Scan Root Regions
[2025-04-17T13:00:06.083+0000][1028][info ][gc,marking  ] GC(1) Concurrent Scan Root Regions 1.970ms
[2025-04-17T13:00:06.083+0000][1028][info ][gc,marking  ] GC(1) Concurrent Mark
[2025-04-17T13:00:06.083+0000][1028][info ][gc,marking  ] GC(1) Concurrent Mark From Roots
[2025-04-17T13:00:06.083+0000][1028][info ][gc,task     ] GC(1) Using 2 workers of 2 for marking
[2025-04-17T13:00:06.084+0000][1028][info ][gc,marking  ] GC(1) Concurrent Mark From Roots 0.507ms
[2025-04-17T13:00:06.084+0000][1028][info ][gc,marking  ] GC(1) Concurrent Preclean
[2025-04-17T13:00:06.084+0000][1028][info ][gc,marking  ] GC(1) Concurrent Preclean 0.014ms
[2025-04-17T13:00:06.084+0000][1028][info ][gc,start    ] GC(1) Pause Remark
[2025-04-17T13:00:06.085+0000][1028][info ][gc          ] GC(1) Pause Remark 19M->19M(8192M) 1.085ms
[2025-04-17T13:00:06.085+0000][1028][info ][gc,cpu      ] GC(1) User=0.00s Sys=0.00s Real=0.00s
[2025-04-17T13:00:06.085+0000][1028][info ][safepoint   ] Safepoint "G1PauseRemark", Time since last: 2576166 ns, Reaching safepoint: 125625 ns, Cleanup: 4334 ns, At safepoint: 1110041 ns, Total: 1240000 ns
[2025-04-17T13:00:06.085+0000][1028][info ][gc,marking  ] GC(1) Concurrent Mark 1.809ms
[2025-04-17T13:00:06.085+0000][1028][info ][gc,marking  ] GC(1) Concurrent Rebuild Remembered Sets
[2025-04-17T13:00:06.085+0000][1028][info ][gc,marking  ] GC(1) Concurrent Rebuild Remembered Sets 0.006ms
[2025-04-17T13:00:06.085+0000][1028][info ][gc,start    ] GC(1) Pause Cleanup
[2025-04-17T13:00:06.085+0000][1028][info ][gc          ] GC(1) Pause Cleanup 19M->19M(8192M) 0.011ms
[2025-04-17T13:00:06.085+0000][1028][info ][gc,cpu      ] GC(1) User=0.00s Sys=0.00s Real=0.00s
[2025-04-17T13:00:06.085+0000][1028][info ][safepoint   ] Safepoint "G1PauseCleanup", Time since last: 53042 ns, Reaching safepoint: 15708 ns, Cleanup: 500 ns, At safepoint: 26917 ns, Total: 43125 ns
[2025-04-17T13:00:06.085+0000][1028][info ][gc,marking  ] GC(1) Concurrent Cleanup for Next Mark
[2025-04-17T13:00:06.091+0000][1028][info ][gc,marking  ] GC(1) Concurrent Cleanup for Next Mark 6.079ms
[2025-04-17T13:00:06.091+0000][1028][info ][gc          ] GC(1) Concurrent Mark Cycle 10.049ms
[2025-04-17T13:00:06.163+0000][1028][info ][safepoint   ] Safepoint "ICBufferFull", Time since last: 78153208 ns, Reaching safepoint: 1709 ns, Cleanup: 65000 ns, At safepoint: 625 ns, Total: 67334 ns
[2025-04-17T13:00:06.248+0000][1028][info ][safepoint   ] Safepoint "ICBufferFull", Time since last: 84375416 ns, Reaching safepoint: 1584 ns, Cleanup: 65958 ns, At safepoint: 500 ns, Total: 68042 ns
[2025-04-17T13:00:06.360+0000][1028][info ][safepoint   ] Safepoint "ICBufferFull", Time since last: 111951667 ns, Reaching safepoint: 18041 ns, Cleanup: 120084 ns, At safepoint: 1750 ns, Total: 139875 ns
[2025-04-17T13:00:06.456+0000][1028][info ][safepoint   ] Safepoint "ICBufferFull", Time since last: 96173750 ns, Reaching safepoint: 1291 ns, Cleanup: 50000 ns, At safepoint: 459 ns, Total: 51750 ns
[2025-04-17T13:00:06.467+0000][1028][info ][gc,start    ] GC(2) Pause Young (Normal) (G1 Evacuation Pause)
[2025-04-17T13:00:06.467+0000][1028][info ][gc,task     ] GC(2) Using 8 workers of 8 for evacuation
[2025-04-17T13:00:06.467+0000][1028][debug][gc,age      ] GC(2) Desired survivor size 27262976 bytes, new threshold 15 (max threshold 15)
[2025-04-17T13:00:06.472+0000][1028][info ][gc,phases   ] GC(2)   Pre Evacuate Collection Set: 0.1ms
[2025-04-17T13:00:06.472+0000][1028][info ][gc,phases   ] GC(2)   Merge Heap Roots: 0.0ms
[2025-04-17T13:00:06.472+0000][1028][info ][gc,phases   ] GC(2)   Evacuate Collection Set: 3.8ms
[2025-04-17T13:00:06.472+0000][1028][info ][gc,phases   ] GC(2)   Post Evacuate Collection Set: 0.3ms
[2025-04-17T13:00:06.472+0000][1028][info ][gc,phases   ] GC(2)   Other: 0.1ms
[2025-04-17T13:00:06.472+0000][1028][trace][gc,age      ] GC(2) Age table with threshold 15 (max threshold 15)
[2025-04-17T13:00:06.472+0000][1028][trace][gc,age      ] GC(2) - age   1:    9872888 bytes,    9872888 total
[2025-04-17T13:00:06.472+0000][1028][trace][gc,age      ] GC(2) - age   2:   11667168 bytes,   21540056 total
[2025-04-17T13:00:06.472+0000][1028][info ][gc,heap     ] GC(2) Eden regions: 98->0(96)
[2025-04-17T13:00:06.472+0000][1028][info ][gc,heap     ] GC(2) Survivor regions: 4->6(13)
[2025-04-17T13:00:06.472+0000][1028][info ][gc,heap     ] GC(2) Old regions: 0->0
[2025-04-17T13:00:06.472+0000][1028][info ][gc,heap     ] GC(2) Archive regions: 2->2
[2025-04-17T13:00:06.472+0000][1028][info ][gc,heap     ] GC(2) Humongous regions: 0->0
[2025-04-17T13:00:06.472+0000][1028][info ][gc,metaspace] GC(2) Metaspace: 26350K(27008K)->26350K(27008K) NonClass: 23132K(23488K)->23132K(23488K) Class: 3218K(3520K)->3218K(3520K)
[2025-04-17T13:00:06.472+0000][1028][info ][gc          ] GC(2) Pause Young (Normal) (G1 Evacuation Pause) 408M->25M(8192M) 4.501ms
[2025-04-17T13:00:06.472+0000][1028][info ][gc,cpu      ] GC(2) User=0.03s Sys=0.01s Real=0.01s
[2025-04-17T13:00:06.472+0000][1028][info ][safepoint   ] Safepoint "G1CollectForAllocation", Time since last: 11308416 ns, Reaching safepoint: 1000 ns, Cleanup: 9375 ns, At safepoint: 4534459 ns, Total: 4544834 ns
[2025-04-17T13:00:06.499+0000][1028][info ][safepoint   ] Safepoint "ICBufferFull", Time since last: 27447250 ns, Reaching safepoint: 17500 ns, Cleanup: 80375 ns, At safepoint: 2666 ns, Total: 100541 ns
[2025-04-17T13:00:06.634+0000][1028][info ][safepoint   ] Safepoint "ICBufferFull", Time since last: 134269334 ns, Reaching safepoint: 1250 ns, Cleanup: 85458 ns, At safepoint: 3625 ns, Total: 90333 ns
[2025-04-17T13:00:06.752+0000][1028][info ][safepoint   ] Safepoint "ICBufferFull", Time since last: 118392292 ns, Reaching safepoint: 18458 ns, Cleanup: 77042 ns, At safepoint: 1375 ns, Total: 96875 ns
[2025-04-17T13:00:06.772+0000][1028][info ][gc,start    ] GC(3) Pause Young (Normal) (G1 Evacuation Pause)
[2025-04-17T13:00:06.772+0000][1028][info ][gc,task     ] GC(3) Using 8 workers of 8 for evacuation
[2025-04-17T13:00:06.772+0000][1028][debug][gc,age      ] GC(3) Desired survivor size 27262976 bytes, new threshold 15 (max threshold 15)
[2025-04-17T13:00:06.776+0000][1028][info ][gc,phases   ] GC(3)   Pre Evacuate Collection Set: 0.2ms
[2025-04-17T13:00:06.777+0000][1028][info ][gc,phases   ] GC(3)   Merge Heap Roots: 0.1ms
[2025-04-17T13:00:06.777+0000][1028][info ][gc,phases   ] GC(3)   Evacuate Collection Set: 3.5ms
[2025-04-17T13:00:06.777+0000][1028][info ][gc,phases   ] GC(3)   Post Evacuate Collection Set: 0.4ms
[2025-04-17T13:00:06.777+0000][1028][info ][gc,phases   ] GC(3)   Other: 0.1ms
[2025-04-17T13:00:06.777+0000][1028][trace][gc,age      ] GC(3) Age table with threshold 15 (max threshold 15)
[2025-04-17T13:00:06.777+0000][1028][trace][gc,age      ] GC(3) - age   1:    7625400 bytes,    7625400 total
[2025-04-17T13:00:06.777+0000][1028][trace][gc,age      ] GC(3) - age   2:    9081744 bytes,   16707144 total
[2025-04-17T13:00:06.777+0000][1028][trace][gc,age      ] GC(3) - age   3:   11664816 bytes,   28371960 total
[2025-04-17T13:00:06.777+0000][1028][info ][gc,heap     ] GC(3) Eden regions: 96->0(94)
[2025-04-17T13:00:06.777+0000][1028][info ][gc,heap     ] GC(3) Survivor regions: 6->8(13)
[2025-04-17T13:00:06.777+0000][1028][info ][gc,heap     ] GC(3) Old regions: 0->0
[2025-04-17T13:00:06.777+0000][1028][info ][gc,heap     ] GC(3) Archive regions: 2->2
[2025-04-17T13:00:06.777+0000][1028][info ][gc,heap     ] GC(3) Humongous regions: 0->0
[2025-04-17T13:00:06.777+0000][1028][info ][gc,metaspace] GC(3) Metaspace: 31915K(32704K)->31915K(32704K) NonClass: 28054K(28480K)->28054K(28480K) Class: 3861K(4224K)->3861K(4224K)
[2025-04-17T13:00:06.777+0000][1028][info ][gc          ] GC(3) Pause Young (Normal) (G1 Evacuation Pause) 409M->32M(8192M) 4.309ms
[2025-04-17T13:00:06.777+0000][1028][info ][gc,cpu      ] GC(3) User=0.03s Sys=0.00s Real=0.00s
[2025-04-17T13:00:06.777+0000][1028][info ][safepoint   ] Safepoint "G1CollectForAllocation", Time since last: 20089541 ns, Reaching safepoint: 1375 ns, Cleanup: 9417 ns, At safepoint: 4335250 ns, Total: 4346042 ns
[2025-04-17T13:00:06.893+0000][1028][info ][safepoint   ] Safepoint "ICBufferFull", Time since last: 116116958 ns, Reaching safepoint: 1792 ns, Cleanup: 59333 ns, At safepoint: 1875 ns, Total: 63000 ns
[2025-04-17T13:00:07.023+0000][1028][info ][gc,start    ] GC(4) Pause Young (Normal) (G1 Evacuation Pause)
[2025-04-17T13:00:07.023+0000][1028][info ][gc,task     ] GC(4) Using 8 workers of 8 for evacuation
[2025-04-17T13:00:07.023+0000][1028][debug][gc,age      ] GC(4) Desired survivor size 27262976 bytes, new threshold 3 (max threshold 15)
[2025-04-17T13:00:07.029+0000][1028][info ][gc,phases   ] GC(4)   Pre Evacuate Collection Set: 0.1ms
[2025-04-17T13:00:07.029+0000][1028][info ][gc,phases   ] GC(4)   Merge Heap Roots: 0.0ms
[2025-04-17T13:00:07.029+0000][1028][info ][gc,phases   ] GC(4)   Evacuate Collection Set: 4.8ms
[2025-04-17T13:00:07.029+0000][1028][info ][gc,phases   ] GC(4)   Post Evacuate Collection Set: 0.3ms
[2025-04-17T13:00:07.029+0000][1028][info ][gc,phases   ] GC(4)   Other: 0.1ms
[2025-04-17T13:00:07.029+0000][1028][trace][gc,age      ] GC(4) Age table with threshold 3 (max threshold 15)
[2025-04-17T13:00:07.029+0000][1028][trace][gc,age      ] GC(4) - age   1:    6690112 bytes,    6690112 total
[2025-04-17T13:00:07.029+0000][1028][trace][gc,age      ] GC(4) - age   2:    5688432 bytes,   12378544 total
[2025-04-17T13:00:07.029+0000][1028][trace][gc,age      ] GC(4) - age   3:    9074432 bytes,   21452976 total
[2025-04-17T13:00:07.029+0000][1028][info ][gc,heap     ] GC(4) Eden regions: 94->0(143)
[2025-04-17T13:00:07.029+0000][1028][info ][gc,heap     ] GC(4) Survivor regions: 8->6(13)
[2025-04-17T13:00:07.029+0000][1028][info ][gc,heap     ] GC(4) Old regions: 0->3
[2025-04-17T13:00:07.029+0000][1028][info ][gc,heap     ] GC(4) Archive regions: 2->2
[2025-04-17T13:00:07.029+0000][1028][info ][gc,heap     ] GC(4) Humongous regions: 0->0
[2025-04-17T13:00:07.029+0000][1028][info ][gc,metaspace] GC(4) Metaspace: 33964K(34816K)->33964K(34816K) NonClass: 29833K(30336K)->29833K(30336K) Class: 4130K(4480K)->4130K(4480K)
[2025-04-17T13:00:07.029+0000][1028][info ][gc          ] GC(4) Pause Young (Normal) (G1 Evacuation Pause) 408M->38M(8192M) 5.447ms
[2025-04-17T13:00:07.029+0000][1028][info ][gc,cpu      ] GC(4) User=0.03s Sys=0.01s Real=0.00s
[2025-04-17T13:00:07.029+0000][1028][info ][safepoint   ] Safepoint "G1CollectForAllocation", Time since last: 130483125 ns, Reaching safepoint: 1375 ns, Cleanup: 49875 ns, At safepoint: 5479334 ns, Total: 5530584 ns
[2025-04-17T13:00:07.166+0000][1028][info ][gc,start    ] GC(5) Pause Young (Concurrent Start) (Metadata GC Threshold)
[2025-04-17T13:00:07.166+0000][1028][info ][gc,task     ] GC(5) Using 8 workers of 8 for evacuation
[2025-04-17T13:00:07.166+0000][1028][debug][gc,age      ] GC(5) Desired survivor size 39845888 bytes, new threshold 15 (max threshold 15)
[2025-04-17T13:00:07.169+0000][1028][info ][gc,phases   ] GC(5)   Pre Evacuate Collection Set: 0.1ms
[2025-04-17T13:00:07.169+0000][1028][info ][gc,phases   ] GC(5)   Merge Heap Roots: 0.0ms
[2025-04-17T13:00:07.169+0000][1028][info ][gc,phases   ] GC(5)   Evacuate Collection Set: 2.4ms
[2025-04-17T13:00:07.169+0000][1028][info ][gc,phases   ] GC(5)   Post Evacuate Collection Set: 0.3ms
[2025-04-17T13:00:07.169+0000][1028][info ][gc,phases   ] GC(5)   Other: 0.4ms
[2025-04-17T13:00:07.169+0000][1028][trace][gc,age      ] GC(5) Age table with threshold 15 (max threshold 15)
[2025-04-17T13:00:07.169+0000][1028][trace][gc,age      ] GC(5) - age   1:    3274928 bytes,    3274928 total
[2025-04-17T13:00:07.169+0000][1028][trace][gc,age      ] GC(5) - age   2:    4361856 bytes,    7636784 total
[2025-04-17T13:00:07.169+0000][1028][trace][gc,age      ] GC(5) - age   3:    5685888 bytes,   13322672 total
[2025-04-17T13:00:07.169+0000][1028][trace][gc,age      ] GC(5) - age   4:    9069856 bytes,   22392528 total
[2025-04-17T13:00:07.169+0000][1028][info ][gc,heap     ] GC(5) Eden regions: 49->0(241)
[2025-04-17T13:00:07.169+0000][1028][info ][gc,heap     ] GC(5) Survivor regions: 6->6(19)
[2025-04-17T13:00:07.169+0000][1028][info ][gc,heap     ] GC(5) Old regions: 3->3
[2025-04-17T13:00:07.169+0000][1028][info ][gc,heap     ] GC(5) Archive regions: 2->2
[2025-04-17T13:00:07.169+0000][1028][info ][gc,heap     ] GC(5) Humongous regions: 0->0
[2025-04-17T13:00:07.169+0000][1028][info ][gc,metaspace] GC(5) Metaspace: 35275K(36160K)->35275K(36160K) NonClass: 31001K(31488K)->31001K(31488K) Class: 4273K(4672K)->4273K(4672K)
[2025-04-17T13:00:07.169+0000][1028][info ][gc          ] GC(5) Pause Young (Concurrent Start) (Metadata GC Threshold) 234M->38M(8192M) 3.367ms
[2025-04-17T13:00:07.169+0000][1028][info ][gc,cpu      ] GC(5) User=0.01s Sys=0.01s Real=0.00s
[2025-04-17T13:00:07.169+0000][1028][info ][gc          ] GC(6) Concurrent Mark Cycle
[2025-04-17T13:00:07.169+0000][1028][info ][gc,marking  ] GC(6) Concurrent Clear Claimed Marks
[2025-04-17T13:00:07.169+0000][1028][info ][safepoint   ] Safepoint "CollectForMetadataAllocation", Time since last: 137132666 ns, Reaching safepoint: 1917 ns, Cleanup: 67583 ns, At safepoint: 3416125 ns, Total: 3485625 ns
[2025-04-17T13:00:07.169+0000][1028][info ][gc,marking  ] GC(6) Concurrent Clear Claimed Marks 0.020ms
[2025-04-17T13:00:07.169+0000][1028][info ][gc,marking  ] GC(6) Concurrent Scan Root Regions
[2025-04-17T13:00:07.173+0000][1028][info ][gc,marking  ] GC(6) Concurrent Scan Root Regions 3.148ms
[2025-04-17T13:00:07.173+0000][1028][info ][gc,marking  ] GC(6) Concurrent Mark
[2025-04-17T13:00:07.173+0000][1028][info ][gc,marking  ] GC(6) Concurrent Mark From Roots
[2025-04-17T13:00:07.173+0000][1028][info ][gc,task     ] GC(6) Using 2 workers of 2 for marking
[2025-04-17T13:00:07.177+0000][1028][info ][gc,marking  ] GC(6) Concurrent Mark From Roots 4.593ms
[2025-04-17T13:00:07.177+0000][1028][info ][gc,marking  ] GC(6) Concurrent Preclean
[2025-04-17T13:00:07.177+0000][1028][info ][gc,marking  ] GC(6) Concurrent Preclean 0.044ms
[2025-04-17T13:00:07.177+0000][1028][info ][gc,start    ] GC(6) Pause Remark
[2025-04-17T13:00:07.179+0000][1028][info ][gc          ] GC(6) Pause Remark 40M->40M(8192M) 1.332ms
[2025-04-17T13:00:07.179+0000][1028][info ][gc,cpu      ] GC(6) User=0.01s Sys=0.00s Real=0.00s
[2025-04-17T13:00:07.179+0000][1028][info ][safepoint   ] Safepoint "G1PauseRemark", Time since last: 7917917 ns, Reaching safepoint: 17542 ns, Cleanup: 6000 ns, At safepoint: 1365083 ns, Total: 1388625 ns
[2025-04-17T13:00:07.179+0000][1028][info ][gc,marking  ] GC(6) Concurrent Mark 6.102ms
[2025-04-17T13:00:07.179+0000][1028][info ][gc,marking  ] GC(6) Concurrent Rebuild Remembered Sets
[2025-04-17T13:00:07.182+0000][1028][info ][gc,marking  ] GC(6) Concurrent Rebuild Remembered Sets 3.006ms
[2025-04-17T13:00:07.182+0000][1028][info ][gc,start    ] GC(6) Pause Cleanup
[2025-04-17T13:00:07.182+0000][1028][info ][gc          ] GC(6) Pause Cleanup 40M->40M(8192M) 0.110ms
[2025-04-17T13:00:07.182+0000][1028][info ][gc,cpu      ] GC(6) User=0.00s Sys=0.00s Real=0.00s
[2025-04-17T13:00:07.182+0000][1028][info ][safepoint   ] Safepoint "G1PauseCleanup", Time since last: 3064667 ns, Reaching safepoint: 16583 ns, Cleanup: 1208 ns, At safepoint: 131417 ns, Total: 149208 ns
[2025-04-17T13:00:07.182+0000][1028][info ][gc,marking  ] GC(6) Concurrent Cleanup for Next Mark
[2025-04-17T13:00:07.188+0000][1028][info ][gc,marking  ] GC(6) Concurrent Cleanup for Next Mark 6.347ms
[2025-04-17T13:00:07.188+0000][1028][info ][gc          ] GC(6) Concurrent Mark Cycle 18.931ms
[2025-04-17T13:00:07.294+0000][1028][info ][safepoint   ] Safepoint "ICBufferFull", Time since last: 111548208 ns, Reaching safepoint: 2042 ns, Cleanup: 84083 ns, At safepoint: 2042 ns, Total: 88167 ns
[2025-04-17T13:00:07.361+0000][1028][info ][safepoint   ] Safepoint "ICBufferFull", Time since last: 66924625 ns, Reaching safepoint: 1667 ns, Cleanup: 54875 ns, At safepoint: 583 ns, Total: 57125 ns
[2025-04-17T13:00:07.390+0000][1028][info ][safepoint   ] Safepoint "ICBufferFull", Time since last: 29685750 ns, Reaching safepoint: 23333 ns, Cleanup: 97167 ns, At safepoint: 3458 ns, Total: 123958 ns
[2025-04-17T13:00:07.467+0000][1028][info ][safepoint   ] Safepoint "ICBufferFull", Time since last: 76579250 ns, Reaching safepoint: 2375 ns, Cleanup: 108209 ns, At safepoint: 2166 ns, Total: 112750 ns
[2025-04-17T13:00:07.705+0000][1028][info ][safepoint   ] Safepoint "ICBufferFull", Time since last: 238172292 ns, Reaching safepoint: 2042 ns, Cleanup: 76708 ns, At safepoint: 2042 ns, Total: 80792 ns
[2025-04-17T13:00:08.161+0000][1028][info ][safepoint   ] Safepoint "ICBufferFull", Time since last: 456100541 ns, Reaching safepoint: 1584 ns, Cleanup: 54291 ns, At safepoint: 834 ns, Total: 56709 ns
[2025-04-17T13:00:08.262+0000][1028][info ][safepoint   ] Safepoint "ICBufferFull", Time since last: 100149666 ns, Reaching safepoint: 1792 ns, Cleanup: 52292 ns, At safepoint: 1708 ns, Total: 55792 ns
[2025-04-17T13:00:08.376+0000][1028][info ][safepoint   ] Safepoint "ICBufferFull", Time since last: 114131000 ns, Reaching safepoint: 17875 ns, Cleanup: 62083 ns, At safepoint: 1209 ns, Total: 81167 ns
[2025-04-17T13:00:08.405+0000][1028][info ][safepoint   ] Safepoint "ICBufferFull", Time since last: 29408625 ns, Reaching safepoint: 18833 ns, Cleanup: 108958 ns, At safepoint: 2000 ns, Total: 129791 ns
[2025-04-17T13:00:08.531+0000][1028][info ][safepoint   ] Safepoint "ICBufferFull", Time since last: 125884542 ns, Reaching safepoint: 1375 ns, Cleanup: 90167 ns, At safepoint: 1250 ns, Total: 92792 ns
[2025-04-17T13:00:08.546+0000][1028][info ][gc,start    ] GC(7) Pause Young (Concurrent Start) (Metadata GC Threshold)
[2025-04-17T13:00:08.546+0000][1028][info ][gc,task     ] GC(7) Using 8 workers of 8 for evacuation
[2025-04-17T13:00:08.546+0000][1028][debug][gc,age      ] GC(7) Desired survivor size 77594624 bytes, new threshold 15 (max threshold 15)
[2025-04-17T13:00:08.558+0000][1028][info ][gc,phases   ] GC(7)   Pre Evacuate Collection Set: 0.2ms
[2025-04-17T13:00:08.558+0000][1028][info ][gc,phases   ] GC(7)   Merge Heap Roots: 0.0ms
[2025-04-17T13:00:08.558+0000][1028][info ][gc,phases   ] GC(7)   Evacuate Collection Set: 10.6ms
[2025-04-17T13:00:08.558+0000][1028][info ][gc,phases   ] GC(7)   Post Evacuate Collection Set: 0.6ms
[2025-04-17T13:00:08.558+0000][1028][info ][gc,phases   ] GC(7)   Other: 0.1ms
[2025-04-17T13:00:08.558+0000][1028][trace][gc,age      ] GC(7) Age table with threshold 15 (max threshold 15)
[2025-04-17T13:00:08.558+0000][1028][trace][gc,age      ] GC(7) - age   1:   25303048 bytes,   25303048 total
[2025-04-17T13:00:08.558+0000][1028][trace][gc,age      ] GC(7) - age   2:    3219576 bytes,   28522624 total
[2025-04-17T13:00:08.558+0000][1028][trace][gc,age      ] GC(7) - age   3:    4314024 bytes,   32836648 total
[2025-04-17T13:00:08.558+0000][1028][trace][gc,age      ] GC(7) - age   4:    5655208 bytes,   38491856 total
[2025-04-17T13:00:08.558+0000][1028][trace][gc,age      ] GC(7) - age   5:    9030216 bytes,   47522072 total
[2025-04-17T13:00:08.558+0000][1028][info ][gc,heap     ] GC(7) Eden regions: 117->0(126)
[2025-04-17T13:00:08.558+0000][1028][info ][gc,heap     ] GC(7) Survivor regions: 6->12(37)
[2025-04-17T13:00:08.558+0000][1028][info ][gc,heap     ] GC(7) Old regions: 3->3
[2025-04-17T13:00:08.558+0000][1028][info ][gc,heap     ] GC(7) Archive regions: 2->2
[2025-04-17T13:00:08.558+0000][1028][info ][gc,heap     ] GC(7) Humongous regions: 0->0
[2025-04-17T13:00:08.558+0000][1028][info ][gc,metaspace] GC(7) Metaspace: 59168K(60608K)->59168K(60608K) NonClass: 51400K(52224K)->51400K(52224K) Class: 7768K(8384K)->7768K(8384K)
[2025-04-17T13:00:08.558+0000][1028][info ][gc          ] GC(7) Pause Young (Concurrent Start) (Metadata GC Threshold) 506M->62M(8192M) 11.619ms
[2025-04-17T13:00:08.558+0000][1028][info ][gc,cpu      ] GC(7) User=0.06s Sys=0.02s Real=0.01s
[2025-04-17T13:00:08.558+0000][1028][info ][gc          ] GC(8) Concurrent Mark Cycle
[2025-04-17T13:00:08.558+0000][1028][info ][gc,marking  ] GC(8) Concurrent Clear Claimed Marks
[2025-04-17T13:00:08.558+0000][1028][info ][safepoint   ] Safepoint "CollectForMetadataAllocation", Time since last: 14941791 ns, Reaching safepoint: 1250 ns, Cleanup: 3875 ns, At safepoint: 11673167 ns, Total: 11678292 ns
[2025-04-17T13:00:08.558+0000][1028][info ][gc,marking  ] GC(8) Concurrent Clear Claimed Marks 0.038ms
[2025-04-17T13:00:08.558+0000][1028][info ][gc,marking  ] GC(8) Concurrent Scan Root Regions
[2025-04-17T13:00:08.566+0000][1028][info ][safepoint   ] Safepoint "CollectForMetadataAllocation", Time since last: 7650042 ns, Reaching safepoint: 1375 ns, Cleanup: 5125 ns, At safepoint: 7500 ns, Total: 14000 ns
[2025-04-17T13:00:08.566+0000][1028][info ][gc,marking  ] GC(8) Concurrent Scan Root Regions 8.108ms
[2025-04-17T13:00:08.566+0000][1028][info ][gc,marking  ] GC(8) Concurrent Mark
[2025-04-17T13:00:08.566+0000][1028][info ][gc,marking  ] GC(8) Concurrent Mark From Roots
[2025-04-17T13:00:08.566+0000][1028][info ][gc,task     ] GC(8) Using 2 workers of 2 for marking
[2025-04-17T13:00:08.570+0000][1028][info ][gc,marking  ] GC(8) Concurrent Mark From Roots 3.483ms
[2025-04-17T13:00:08.570+0000][1028][info ][gc,marking  ] GC(8) Concurrent Preclean
[2025-04-17T13:00:08.570+0000][1028][info ][gc,marking  ] GC(8) Concurrent Preclean 0.040ms
[2025-04-17T13:00:08.570+0000][1028][info ][gc,start    ] GC(8) Pause Remark
[2025-04-17T13:00:08.571+0000][1028][info ][gc          ] GC(8) Pause Remark 66M->66M(8192M) 1.363ms
[2025-04-17T13:00:08.571+0000][1028][info ][gc,cpu      ] GC(8) User=0.01s Sys=0.00s Real=0.00s
[2025-04-17T13:00:08.571+0000][1028][info ][safepoint   ] Safepoint "G1PauseRemark", Time since last: 4082125 ns, Reaching safepoint: 16416 ns, Cleanup: 834 ns, At safepoint: 1398708 ns, Total: 1415958 ns
[2025-04-17T13:00:08.571+0000][1028][info ][gc,marking  ] GC(8) Concurrent Mark 5.019ms
[2025-04-17T13:00:08.571+0000][1028][info ][gc,marking  ] GC(8) Concurrent Rebuild Remembered Sets
[2025-04-17T13:00:08.574+0000][1028][info ][gc,marking  ] GC(8) Concurrent Rebuild Remembered Sets 2.816ms
[2025-04-17T13:00:08.574+0000][1028][info ][gc,start    ] GC(8) Pause Cleanup
[2025-04-17T13:00:08.574+0000][1028][info ][gc          ] GC(8) Pause Cleanup 66M->66M(8192M) 0.090ms
[2025-04-17T13:00:08.574+0000][1028][info ][gc,cpu      ] GC(8) User=0.00s Sys=0.00s Real=0.00s
[2025-04-17T13:00:08.574+0000][1028][info ][safepoint   ] Safepoint "G1PauseCleanup", Time since last: 2884167 ns, Reaching safepoint: 45041 ns, Cleanup: 792 ns, At safepoint: 124750 ns, Total: 170583 ns
[2025-04-17T13:00:08.574+0000][1028][info ][gc,marking  ] GC(8) Concurrent Cleanup for Next Mark
[2025-04-17T13:00:08.577+0000][1028][info ][gc,marking  ] GC(8) Concurrent Cleanup for Next Mark 3.182ms
[2025-04-17T13:00:08.577+0000][1028][info ][gc          ] GC(8) Concurrent Mark Cycle 19.451ms
[2025-04-17T13:00:08.683+0000][1028][info ][safepoint   ] Safepoint "ICBufferFull", Time since last: 109084750 ns, Reaching safepoint: 1500 ns, Cleanup: 49833 ns, At safepoint: 542 ns, Total: 51875 ns
[2025-04-17T13:00:09.101+0000][1028][info ][safepoint   ] Safepoint "ICBufferFull", Time since last: 417899833 ns, Reaching safepoint: 1292 ns, Cleanup: 113583 ns, At safepoint: 1167 ns, Total: 116042 ns
[2025-04-17T13:00:09.331+0000][1028][info ][safepoint   ] Safepoint "ICBufferFull", Time since last: 229111083 ns, Reaching safepoint: 1750 ns, Cleanup: 66792 ns, At safepoint: 583 ns, Total: 69125 ns
[2025-04-17T13:00:09.830+0000][1028][info ][safepoint   ] Safepoint "ICBufferFull", Time since last: 498903584 ns, Reaching safepoint: 1708 ns, Cleanup: 58625 ns, At safepoint: 625 ns, Total: 60958 ns
[2025-04-17T13:00:09.926+0000][1028][info ][safepoint   ] Safepoint "ICBufferFull", Time since last: 96839667 ns, Reaching safepoint: 1416 ns, Cleanup: 67917 ns, At safepoint: 875 ns, Total: 70208 ns
[2025-04-17T13:00:09.986+0000][1028][info ][gc,start    ] GC(9) Pause Young (Concurrent Start) (G1 Evacuation Pause)
[2025-04-17T13:00:09.986+0000][1028][info ][gc,task     ] GC(9) Using 8 workers of 8 for evacuation
[2025-04-17T13:00:09.986+0000][1028][debug][gc,age      ] GC(9) Desired survivor size 41943040 bytes, new threshold 5 (max threshold 15)
[2025-04-17T13:00:10.001+0000][1028][info ][gc,phases   ] GC(9)   Pre Evacuate Collection Set: 0.2ms
[2025-04-17T13:00:10.001+0000][1028][info ][gc,phases   ] GC(9)   Merge Heap Roots: 0.0ms
[2025-04-17T13:00:10.001+0000][1028][info ][gc,phases   ] GC(9)   Evacuate Collection Set: 13.8ms
[2025-04-17T13:00:10.001+0000][1028][info ][gc,phases   ] GC(9)   Post Evacuate Collection Set: 0.6ms
[2025-04-17T13:00:10.001+0000][1028][info ][gc,phases   ] GC(9)   Other: 0.1ms
[2025-04-17T13:00:10.001+0000][1028][trace][gc,age      ] GC(9) Age table with threshold 5 (max threshold 15)
[2025-04-17T13:00:10.001+0000][1028][trace][gc,age      ] GC(9) - age   1:   10388328 bytes,   10388328 total
[2025-04-17T13:00:10.001+0000][1028][trace][gc,age      ] GC(9) - age   2:   24879928 bytes,   35268256 total
[2025-04-17T13:00:10.001+0000][1028][trace][gc,age      ] GC(9) - age   3:    3212360 bytes,   38480616 total
[2025-04-17T13:00:10.001+0000][1028][trace][gc,age      ] GC(9) - age   4:    4267704 bytes,   42748320 total
[2025-04-17T13:00:10.001+0000][1028][trace][gc,age      ] GC(9) - age   5:    5633208 bytes,   48381528 total
[2025-04-17T13:00:10.001+0000][1028][info ][gc,heap     ] GC(9) Eden regions: 141->0(157)
[2025-04-17T13:00:10.001+0000][1028][info ][gc,heap     ] GC(9) Survivor regions: 12->13(20)
[2025-04-17T13:00:10.001+0000][1028][info ][gc,heap     ] GC(9) Old regions: 3->6
[2025-04-17T13:00:10.001+0000][1028][info ][gc,heap     ] GC(9) Archive regions: 2->2
[2025-04-17T13:00:10.001+0000][1028][info ][gc,heap     ] GC(9) Humongous regions: 0->0
[2025-04-17T13:00:10.001+0000][1028][info ][gc,metaspace] GC(9) Metaspace: 80865K(82560K)->80865K(82560K) NonClass: 69930K(70912K)->69930K(70912K) Class: 10934K(11648K)->10934K(11648K)
[2025-04-17T13:00:10.001+0000][1028][info ][gc          ] GC(9) Pause Young (Concurrent Start) (G1 Evacuation Pause) 626M->72M(8192M) 14.958ms
[2025-04-17T13:00:10.001+0000][1028][info ][gc,cpu      ] GC(9) User=0.07s Sys=0.02s Real=0.02s
[2025-04-17T13:00:10.001+0000][1028][info ][safepoint   ] Safepoint "G1CollectForAllocation", Time since last: 59593208 ns, Reaching safepoint: 1417 ns, Cleanup: 29625 ns, At safepoint: 14991458 ns, Total: 15022500 ns
[2025-04-17T13:00:10.001+0000][1028][info ][gc          ] GC(10) Concurrent Mark Cycle
[2025-04-17T13:00:10.001+0000][1028][info ][gc,marking  ] GC(10) Concurrent Clear Claimed Marks
[2025-04-17T13:00:10.001+0000][1028][info ][gc,marking  ] GC(10) Concurrent Clear Claimed Marks 0.044ms
[2025-04-17T13:00:10.001+0000][1028][info ][gc,marking  ] GC(10) Concurrent Scan Root Regions
[2025-04-17T13:00:10.011+0000][1028][info ][gc,marking  ] GC(10) Concurrent Scan Root Regions 9.824ms
[2025-04-17T13:00:10.011+0000][1028][info ][gc,marking  ] GC(10) Concurrent Mark
[2025-04-17T13:00:10.011+0000][1028][info ][gc,marking  ] GC(10) Concurrent Mark From Roots
[2025-04-17T13:00:10.011+0000][1028][info ][gc,task     ] GC(10) Using 2 workers of 2 for marking
[2025-04-17T13:00:10.015+0000][1028][info ][gc,marking  ] GC(10) Concurrent Mark From Roots 3.548ms
[2025-04-17T13:00:10.015+0000][1028][info ][gc,marking  ] GC(10) Concurrent Preclean
[2025-04-17T13:00:10.015+0000][1028][info ][gc,marking  ] GC(10) Concurrent Preclean 0.041ms
[2025-04-17T13:00:10.015+0000][1028][info ][gc,start    ] GC(10) Pause Remark
[2025-04-17T13:00:10.016+0000][1028][info ][gc          ] GC(10) Pause Remark 78M->78M(8192M) 1.614ms
[2025-04-17T13:00:10.016+0000][1028][info ][gc,cpu      ] GC(10) User=0.01s Sys=0.00s Real=0.00s
[2025-04-17T13:00:10.016+0000][1028][info ][safepoint   ] Safepoint "G1PauseRemark", Time since last: 13568084 ns, Reaching safepoint: 1750 ns, Cleanup: 43083 ns, At safepoint: 1669417 ns, Total: 1714250 ns
[2025-04-17T13:00:10.016+0000][1028][info ][gc,marking  ] GC(10) Concurrent Mark 5.355ms
[2025-04-17T13:00:10.016+0000][1028][info ][gc,marking  ] GC(10) Concurrent Rebuild Remembered Sets
[2025-04-17T13:00:10.020+0000][1028][info ][gc,marking  ] GC(10) Concurrent Rebuild Remembered Sets 3.412ms
[2025-04-17T13:00:10.020+0000][1028][info ][gc,start    ] GC(10) Pause Cleanup
[2025-04-17T13:00:10.020+0000][1028][info ][gc          ] GC(10) Pause Cleanup 79M->79M(8192M) 0.109ms
[2025-04-17T13:00:10.020+0000][1028][info ][gc,cpu      ] GC(10) User=0.00s Sys=0.00s Real=0.00s
[2025-04-17T13:00:10.020+0000][1028][info ][safepoint   ] Safepoint "G1PauseCleanup", Time since last: 3457958 ns, Reaching safepoint: 90792 ns, Cleanup: 3208 ns, At safepoint: 132583 ns, Total: 226583 ns
[2025-04-17T13:00:10.020+0000][1028][info ][gc,marking  ] GC(10) Concurrent Cleanup for Next Mark
[2025-04-17T13:00:10.023+0000][1028][info ][gc,marking  ] GC(10) Concurrent Cleanup for Next Mark 3.167ms
[2025-04-17T13:00:10.023+0000][1028][info ][gc          ] GC(10) Concurrent Mark Cycle 22.163ms
[2025-04-17T13:00:10.272+0000][1028][info ][safepoint   ] Safepoint "ICBufferFull", Time since last: 251414209 ns, Reaching safepoint: 1666 ns, Cleanup: 60584 ns, At safepoint: 1541 ns, Total: 63791 ns
[2025-04-17T13:00:10.352+0000][1028][info ][safepoint   ] Safepoint "ICBufferFull", Time since last: 80752292 ns, Reaching safepoint: 18750 ns, Cleanup: 50583 ns, At safepoint: 292 ns, Total: 69625 ns
[2025-04-17T13:00:10.449+0000][1028][info ][safepoint   ] Safepoint "ICBufferFull", Time since last: 96488625 ns, Reaching safepoint: 1583 ns, Cleanup: 46750 ns, At safepoint: 584 ns, Total: 48917 ns
[2025-04-17T13:00:10.552+0000][1028][info ][safepoint   ] Safepoint "ICBufferFull", Time since last: 103268583 ns, Reaching safepoint: 1083 ns, Cleanup: 52084 ns, At safepoint: 375 ns, Total: 53542 ns
[2025-04-17T13:00:10.661+0000][1028][info ][safepoint   ] Safepoint "ICBufferFull", Time since last: 109068708 ns, Reaching safepoint: 19333 ns, Cleanup: 66709 ns, At safepoint: 2000 ns, Total: 88042 ns
[2025-04-17T13:00:10.864+0000][1028][info ][safepoint   ] Safepoint "ICBufferFull", Time since last: 198914541 ns, Reaching safepoint: 3481417 ns, Cleanup: 83500 ns, At safepoint: 98625 ns, Total: 3663542 ns
[2025-04-17T13:00:10.874+0000][1028][info ][safepoint   ] Safepoint "ICBufferFull", Time since last: 10195083 ns, Reaching safepoint: 5084 ns, Cleanup: 4333 ns, At safepoint: 917 ns, Total: 10334 ns
[2025-04-17T13:00:10.876+0000][1028][info ][safepoint   ] Safepoint "ICBufferFull", Time since last: 1827791 ns, Reaching safepoint: 3750 ns, Cleanup: 11875 ns, At safepoint: 667 ns, Total: 16292 ns
[2025-04-17T13:00:11.081+0000][1028][info ][safepoint   ] Safepoint "ICBufferFull", Time since last: 204355042 ns, Reaching safepoint: 365041 ns, Cleanup: 48084 ns, At safepoint: 10916 ns, Total: 424041 ns
[2025-04-17T13:00:11.113+0000][1028][info ][safepoint   ] Safepoint "ICBufferFull", Time since last: 31707584 ns, Reaching safepoint: 13000 ns, Cleanup: 49500 ns, At safepoint: 3208 ns, Total: 65708 ns
[2025-04-17T13:00:11.119+0000][1028][info ][safepoint   ] Safepoint "ICBufferFull", Time since last: 6601167 ns, Reaching safepoint: 20416 ns, Cleanup: 46000 ns, At safepoint: 2084 ns, Total: 68500 ns
[2025-04-17T13:00:11.133+0000][1028][info ][safepoint   ] Safepoint "ICBufferFull", Time since last: 13786416 ns, Reaching safepoint: 19417 ns, Cleanup: 70750 ns, At safepoint: 2292 ns, Total: 92459 ns
[2025-04-17T13:00:11.147+0000][1028][info ][safepoint   ] Safepoint "ICBufferFull", Time since last: 14066583 ns, Reaching safepoint: 3833 ns, Cleanup: 44209 ns, At safepoint: 3291 ns, Total: 51333 ns
[2025-04-17T13:00:11.168+0000][1028][info ][safepoint   ] Safepoint "ICBufferFull", Time since last: 20664292 ns, Reaching safepoint: 21458 ns, Cleanup: 64334 ns, At safepoint: 1375 ns, Total: 87167 ns
[2025-04-17T13:00:11.192+0000][1028][info ][safepoint   ] Safepoint "ICBufferFull", Time since last: 24486666 ns, Reaching safepoint: 4292 ns, Cleanup: 49583 ns, At safepoint: 1667 ns, Total: 55542 ns
[2025-04-17T13:00:11.213+0000][1028][info ][safepoint   ] Safepoint "ICBufferFull", Time since last: 20946667 ns, Reaching safepoint: 3708 ns, Cleanup: 52875 ns, At safepoint: 542 ns, Total: 57125 ns
[2025-04-17T13:00:11.235+0000][1028][info ][safepoint   ] Safepoint "ICBufferFull", Time since last: 21050125 ns, Reaching safepoint: 3916 ns, Cleanup: 88250 ns, At safepoint: 1334 ns, Total: 93500 ns
[2025-04-17T13:00:11.306+0000][1028][info ][safepoint   ] Safepoint "ICBufferFull", Time since last: 71546250 ns, Reaching safepoint: 3791 ns, Cleanup: 69084 ns, At safepoint: 666 ns, Total: 73541 ns
[2025-04-17T13:00:11.497+0000][1028][info ][safepoint   ] Safepoint "ICBufferFull", Time since last: 190292875 ns, Reaching safepoint: 4167 ns, Cleanup: 73958 ns, At safepoint: 1584 ns, Total: 79709 ns
[2025-04-17T13:00:11.639+0000][1028][info ][safepoint   ] Safepoint "ICBufferFull", Time since last: 142166250 ns, Reaching safepoint: 4041 ns, Cleanup: 57459 ns, At safepoint: 833 ns, Total: 62333 ns
[2025-04-17T13:00:11.834+0000][1028][info ][safepoint   ] Safepoint "ICBufferFull", Time since last: 194905667 ns, Reaching safepoint: 3875 ns, Cleanup: 38250 ns, At safepoint: 666 ns, Total: 42791 ns
[2025-04-17T13:00:11.935+0000][1028][info ][safepoint   ] Safepoint "ICBufferFull", Time since last: 101359084 ns, Reaching safepoint: 4666 ns, Cleanup: 49084 ns, At safepoint: 666 ns, Total: 54416 ns
[2025-04-17T13:00:11.957+0000][1028][info ][safepoint   ] Safepoint "ICBufferFull", Time since last: 22009834 ns, Reaching safepoint: 3541 ns, Cleanup: 44125 ns, At safepoint: 792 ns, Total: 48458 ns
[2025-04-17T13:00:12.067+0000][1028][info ][safepoint   ] Safepoint "ICBufferFull", Time since last: 109213792 ns, Reaching safepoint: 3875 ns, Cleanup: 70083 ns, At safepoint: 625 ns, Total: 74583 ns
[2025-04-17T13:00:12.193+0000][1028][info ][safepoint   ] Safepoint "ICBufferFull", Time since last: 125882125 ns, Reaching safepoint: 3625 ns, Cleanup: 50375 ns, At safepoint: 1750 ns, Total: 55750 ns
[2025-04-17T13:00:13.198+0000][1028][info ][safepoint   ] Safepoint "Cleanup", Time since last: 1005073250 ns, Reaching safepoint: 25333 ns, Cleanup: 200875 ns, At safepoint: 3834 ns, Total: 230042 ns
[2025-04-17T13:00:14.201+0000][1028][info ][safepoint   ] Safepoint "Cleanup", Time since last: 1002829916 ns, Reaching safepoint: 26167 ns, Cleanup: 61375 ns, At safepoint: 3250 ns, Total: 90792 ns
[2025-04-17T13:00:17.211+0000][1028][info ][safepoint   ] Safepoint "Cleanup", Time since last: 3010664333 ns, Reaching safepoint: 24375 ns, Cleanup: 27917 ns, At safepoint: 3208 ns, Total: 55500 ns
[2025-04-17T13:00:20.222+0000][1028][info ][safepoint   ] Safepoint "Cleanup", Time since last: 3010739625 ns, Reaching safepoint: 3875 ns, Cleanup: 69125 ns, At safepoint: 1542 ns, Total: 74542 ns
[2025-04-17T13:00:20.378+0000][1028][info ][safepoint   ] Safepoint "ICBufferFull", Time since last: 155793875 ns, Reaching safepoint: 3958 ns, Cleanup: 60250 ns, At safepoint: 1709 ns, Total: 65917 ns
[2025-04-17T13:00:20.516+0000][1028][info ][safepoint   ] Safepoint "ICBufferFull", Time since last: 138073708 ns, Reaching safepoint: 4875 ns, Cleanup: 69625 ns, At safepoint: 1458 ns, Total: 75958 ns
[2025-04-17T13:00:20.521+0000][1028][info ][safepoint   ] Safepoint "ICBufferFull", Time since last: 4756417 ns, Reaching safepoint: 3833 ns, Cleanup: 74875 ns, At safepoint: 1584 ns, Total: 80292 ns
[2025-04-17T13:00:21.526+0000][1028][info ][safepoint   ] Safepoint "Cleanup", Time since last: 1005064166 ns, Reaching safepoint: 29375 ns, Cleanup: 71959 ns, At safepoint: 4208 ns, Total: 105542 ns
[2025-04-17T13:00:25.540+0000][1028][info ][safepoint   ] Safepoint "Cleanup", Time since last: 4013960750 ns, Reaching safepoint: 28917 ns, Cleanup: 30166 ns, At safepoint: 3292 ns, Total: 62375 ns
[2025-04-17T13:00:27.550+0000][1028][info ][safepoint   ] Safepoint "Cleanup", Time since last: 2010030917 ns, Reaching safepoint: 28500 ns, Cleanup: 30791 ns, At safepoint: 3417 ns, Total: 62708 ns
[2025-04-17T13:00:30.566+0000][1028][info ][safepoint   ] Safepoint "Cleanup", Time since last: 3015390042 ns, Reaching safepoint: 42333 ns, Cleanup: 28500 ns, At safepoint: 3708 ns, Total: 74541 ns
[2025-04-17T13:00:32.574+0000][1028][info ][safepoint   ] Safepoint "Cleanup", Time since last: 2007673709 ns, Reaching safepoint: 32583 ns, Cleanup: 31125 ns, At safepoint: 2958 ns, Total: 66666 ns
[2025-04-17T13:00:37.592+0000][1028][info ][safepoint   ] Safepoint "Cleanup", Time since last: 5017888167 ns, Reaching safepoint: 27625 ns, Cleanup: 20542 ns, At safepoint: 3416 ns, Total: 51583 ns
[2025-04-17T13:00:40.602+0000][1028][info ][safepoint   ] Safepoint "Cleanup", Time since last: 3009908709 ns, Reaching safepoint: 30500 ns, Cleanup: 31500 ns, At safepoint: 4250 ns, Total: 66250 ns
[2025-04-17T13:00:41.608+0000][1028][info ][safepoint   ] Safepoint "Cleanup", Time since last: 1006227416 ns, Reaching safepoint: 28584 ns, Cleanup: 131375 ns, At safepoint: 3375 ns, Total: 163334 ns
[2025-04-17T13:00:44.621+0000][1028][info ][safepoint   ] Safepoint "Cleanup", Time since last: 3012978958 ns, Reaching safepoint: 29208 ns, Cleanup: 33334 ns, At safepoint: 3541 ns, Total: 66083 ns
[2025-04-17T13:00:47.631+0000][1028][info ][safepoint   ] Safepoint "Cleanup", Time since last: 3010149000 ns, Reaching safepoint: 18834 ns, Cleanup: 19791 ns, At safepoint: 1292 ns, Total: 39917 ns
[2025-04-17T13:00:50.642+0000][1028][info ][safepoint   ] Safepoint "Cleanup", Time since last: 3010777208 ns, Reaching safepoint: 29292 ns, Cleanup: 38000 ns, At safepoint: 3875 ns, Total: 71167 ns
[2025-04-17T13:00:55.668+0000][1028][info ][safepoint   ] Safepoint "Cleanup", Time since last: 5026286292 ns, Reaching safepoint: 12541 ns, Cleanup: 16042 ns, At safepoint: 2833 ns, Total: 31416 ns
[2025-04-17T13:01:08.052+0000][1028][info ][safepoint   ] Safepoint "Cleanup", Time since last: 12383914625 ns, Reaching safepoint: 14584 ns, Cleanup: 23500 ns, At safepoint: 2125 ns, Total: 40209 ns
[2025-04-17T13:01:10.062+0000][1028][info ][safepoint   ] Safepoint "Cleanup", Time since last: 2009405375 ns, Reaching safepoint: 56458 ns, Cleanup: 23042 ns, At safepoint: 7291 ns, Total: 86791 ns
[2025-04-17T13:01:11.063+0000][1028][info ][safepoint   ] Safepoint "Cleanup", Time since last: 1000916792 ns, Reaching safepoint: 43667 ns, Cleanup: 38791 ns, At safepoint: 12042 ns, Total: 94500 ns
[2025-04-17T13:01:12.067+0000][1028][info ][safepoint   ] Safepoint "Cleanup", Time since last: 1003708667 ns, Reaching safepoint: 27333 ns, Cleanup: 24542 ns, At safepoint: 3833 ns, Total: 55708 ns
[2025-04-17T13:01:13.068+0000][1028][info ][safepoint   ] Safepoint "Cleanup", Time since last: 1001775917 ns, Reaching safepoint: 26750 ns, Cleanup: 30750 ns, At safepoint: 2791 ns, Total: 60291 ns
[2025-04-17T13:01:28.125+0000][1028][info ][safepoint   ] Safepoint "Cleanup", Time since last: 15056442500 ns, Reaching safepoint: 27584 ns, Cleanup: 35958 ns, At safepoint: 3500 ns, Total: 67042 ns
[2025-04-17T13:01:29.130+0000][1028][info ][safepoint   ] Safepoint "Cleanup", Time since last: 1004627208 ns, Reaching safepoint: 28875 ns, Cleanup: 33709 ns, At safepoint: 3708 ns, Total: 66292 ns
[2025-04-17T13:01:39.171+0000][1028][info ][safepoint   ] Safepoint "Cleanup", Time since last: 10041328375 ns, Reaching safepoint: 29125 ns, Cleanup: 24417 ns, At safepoint: 3333 ns, Total: 56875 ns
[2025-04-17T13:01:41.176+0000][1028][info ][safepoint   ] Safepoint "Cleanup", Time since last: 2004904667 ns, Reaching safepoint: 27541 ns, Cleanup: 29417 ns, At safepoint: 3250 ns, Total: 60208 ns
[2025-04-17T13:01:44.182+0000][1028][info ][safepoint   ] Safepoint "Cleanup", Time since last: 3006210833 ns, Reaching safepoint: 26250 ns, Cleanup: 22292 ns, At safepoint: 3750 ns, Total: 52292 ns
[2025-04-17T13:01:48.202+0000][1028][info ][safepoint   ] Safepoint "Cleanup", Time since last: 4020119625 ns, Reaching safepoint: 27583 ns, Cleanup: 30750 ns, At safepoint: 3042 ns, Total: 61375 ns
[2025-04-17T13:01:51.210+0000][1028][info ][safepoint   ] Safepoint "Cleanup", Time since last: 3007838125 ns, Reaching safepoint: 17083 ns, Cleanup: 20417 ns, At safepoint: 24917 ns, Total: 62417 ns
[2025-04-17T13:01:54.221+0000][1028][info ][safepoint   ] Safepoint "Cleanup", Time since last: 3011071250 ns, Reaching safepoint: 26750 ns, Cleanup: 25250 ns, At safepoint: 3375 ns, Total: 55375 ns
[2025-04-17T13:01:55.227+0000][1028][info ][safepoint   ] Safepoint "Cleanup", Time since last: 1005271458 ns, Reaching safepoint: 27958 ns, Cleanup: 32917 ns, At safepoint: 3542 ns, Total: 64417 ns
[2025-04-17T13:02:00.249+0000][1028][info ][safepoint   ] Safepoint "Cleanup", Time since last: 5021897041 ns, Reaching safepoint: 14959 ns, Cleanup: 16750 ns, At safepoint: 1666 ns, Total: 33375 ns
[2025-04-17T13:02:01.254+0000][1028][info ][safepoint   ] Safepoint "Cleanup", Time since last: 1005144709 ns, Reaching safepoint: 29791 ns, Cleanup: 41375 ns, At safepoint: 4209 ns, Total: 75375 ns
[2025-04-17T13:02:03.262+0000][1028][info ][safepoint   ] Safepoint "Cleanup", Time since last: 2007729333 ns, Reaching safepoint: 29167 ns, Cleanup: 34166 ns, At safepoint: 3834 ns, Total: 67167 ns
[2025-04-17T13:02:06.221+0000][1028][info ][safepoint   ] Safepoint "Cleanup", Time since last: 2959156875 ns, Reaching safepoint: 27291 ns, Cleanup: 21542 ns, At safepoint: 3625 ns, Total: 52458 ns
[2025-04-17T13:02:07.226+0000][1028][info ][safepoint   ] Safepoint "Cleanup", Time since last: 1005269208 ns, Reaching safepoint: 28292 ns, Cleanup: 30458 ns, At safepoint: 3500 ns, Total: 62250 ns
[2025-04-17T13:02:10.241+0000][1028][info ][safepoint   ] Safepoint "Cleanup", Time since last: 3014965125 ns, Reaching safepoint: 27125 ns, Cleanup: 25750 ns, At safepoint: 3959 ns, Total: 56834 ns
[2025-04-17T13:02:11.244+0000][1028][info ][safepoint   ] Safepoint "Cleanup", Time since last: 1002137458 ns, Reaching safepoint: 14792 ns, Cleanup: 34625 ns, At safepoint: 2583 ns, Total: 52000 ns
[2025-04-17T13:02:12.253+0000][1028][info ][safepoint   ] Safepoint "Cleanup", Time since last: 1009869708 ns, Reaching safepoint: 5875 ns, Cleanup: 11750 ns, At safepoint: 1084 ns, Total: 18709 ns
[2025-04-17T13:02:16.270+0000][1028][info ][safepoint   ] Safepoint "Cleanup", Time since last: 4016378166 ns, Reaching safepoint: 20875 ns, Cleanup: 24042 ns, At safepoint: 2500 ns, Total: 47417 ns
[2025-04-17T13:02:17.272+0000][1028][info ][safepoint   ] Safepoint "Cleanup", Time since last: 1001628042 ns, Reaching safepoint: 29333 ns, Cleanup: 42750 ns, At safepoint: 3458 ns, Total: 75541 ns
[2025-04-17T13:02:21.278+0000][1028][info ][safepoint   ] Safepoint "Cleanup", Time since last: 4006313000 ns, Reaching safepoint: 28917 ns, Cleanup: 28125 ns, At safepoint: 2500 ns, Total: 59542 ns
[2025-04-17T13:02:26.296+0000][1028][info ][safepoint   ] Safepoint "Cleanup", Time since last: 5017760792 ns, Reaching safepoint: 30166 ns, Cleanup: 34042 ns, At safepoint: 3542 ns, Total: 67750 ns
[2025-04-17T13:02:47.378+0000][1028][info ][safepoint   ] Safepoint "Cleanup", Time since last: 21082594250 ns, Reaching safepoint: 28291 ns, Cleanup: 117167 ns, At safepoint: 3417 ns, Total: 148875 ns
[2025-04-17T13:02:50.393+0000][1028][info ][safepoint   ] Safepoint "Cleanup", Time since last: 3014016333 ns, Reaching safepoint: 28625 ns, Cleanup: 33042 ns, At safepoint: 3333 ns, Total: 65000 ns
[2025-04-17T13:02:59.429+0000][1028][info ][safepoint   ] Safepoint "Cleanup", Time since last: 9036719583 ns, Reaching safepoint: 29167 ns, Cleanup: 29708 ns, At safepoint: 2917 ns, Total: 61792 ns
[2025-04-17T13:03:02.436+0000][1028][info ][safepoint   ] Safepoint "Cleanup", Time since last: 3006803042 ns, Reaching safepoint: 10583 ns, Cleanup: 8708 ns, At safepoint: 1834 ns, Total: 21125 ns
[2025-04-17T13:03:11.360+0000][1028][info ][safepoint   ] Safepoint "Cleanup", Time since last: 8923263583 ns, Reaching safepoint: 28958 ns, Cleanup: 61459 ns, At safepoint: 3250 ns, Total: 93667 ns
[2025-04-17T13:03:14.368+0000][1028][info ][safepoint   ] Safepoint "Cleanup", Time since last: 3008536583 ns, Reaching safepoint: 18250 ns, Cleanup: 22625 ns, At safepoint: 2167 ns, Total: 43042 ns
[2025-04-17T13:03:30.412+0000][1028][info ][safepoint   ] Safepoint "Cleanup", Time since last: 16043915208 ns, Reaching safepoint: 28750 ns, Cleanup: 29542 ns, At safepoint: 3333 ns, Total: 61625 ns
[2025-04-17T13:03:31.416+0000][1028][info ][safepoint   ] Safepoint "Cleanup", Time since last: 1003933375 ns, Reaching safepoint: 31250 ns, Cleanup: 32417 ns, At safepoint: 3125 ns, Total: 66792 ns
[2025-04-17T13:03:35.432+0000][1028][info ][safepoint   ] Safepoint "Cleanup", Time since last: 4015607083 ns, Reaching safepoint: 14792 ns, Cleanup: 25500 ns, At safepoint: 2625 ns, Total: 42917 ns
[2025-04-17T13:03:39.442+0000][1028][info ][safepoint   ] Safepoint "Cleanup", Time since last: 4010541333 ns, Reaching safepoint: 29792 ns, Cleanup: 37541 ns, At safepoint: 3834 ns, Total: 71167 ns
[2025-04-17T13:03:41.452+0000][1028][info ][safepoint   ] Safepoint "Cleanup", Time since last: 2009279041 ns, Reaching safepoint: 28875 ns, Cleanup: 31917 ns, At safepoint: 3500 ns, Total: 64292 ns
[2025-04-17T13:03:45.468+0000][1028][info ][safepoint   ] Safepoint "Cleanup", Time since last: 4015778292 ns, Reaching safepoint: 33625 ns, Cleanup: 28583 ns, At safepoint: 2250 ns, Total: 64458 ns
[2025-04-17T13:03:50.489+0000][1028][info ][safepoint   ] Safepoint "Cleanup", Time since last: 5021107375 ns, Reaching safepoint: 28708 ns, Cleanup: 45500 ns, At safepoint: 4167 ns, Total: 78375 ns
[2025-04-17T13:04:14.523+0000][1028][info ][safepoint   ] Safepoint "Cleanup", Time since last: 24034505875 ns, Reaching safepoint: 20000 ns, Cleanup: 25583 ns, At safepoint: 2792 ns, Total: 48375 ns
[2025-04-17T13:04:16.529+0000][1028][info ][safepoint   ] Safepoint "Cleanup", Time since last: 2005780333 ns, Reaching safepoint: 18792 ns, Cleanup: 22833 ns, At safepoint: 2084 ns, Total: 43709 ns
[2025-04-17T13:04:18.534+0000][1028][info ][safepoint   ] Safepoint "Cleanup", Time since last: 2005292000 ns, Reaching safepoint: 16041 ns, Cleanup: 18792 ns, At safepoint: 2542 ns, Total: 37375 ns
[2025-04-17T13:04:20.545+0000][1028][info ][safepoint   ] Safepoint "Cleanup", Time since last: 2010191708 ns, Reaching safepoint: 29167 ns, Cleanup: 38458 ns, At safepoint: 3792 ns, Total: 71417 ns
[2025-04-17T13:04:23.552+0000][1028][info ][safepoint   ] Safepoint "Cleanup", Time since last: 3006855625 ns, Reaching safepoint: 29708 ns, Cleanup: 33250 ns, At safepoint: 3542 ns, Total: 66500 ns
[2025-04-17T13:04:27.565+0000][1028][info ][safepoint   ] Safepoint "Cleanup", Time since last: 4013375625 ns, Reaching safepoint: 29666 ns, Cleanup: 39500 ns, At safepoint: 3709 ns, Total: 72875 ns
[2025-04-17T13:04:28.570+0000][1028][info ][safepoint   ] Safepoint "Cleanup", Time since last: 1005254166 ns, Reaching safepoint: 32500 ns, Cleanup: 33459 ns, At safepoint: 3708 ns, Total: 69667 ns
[2025-04-17T13:04:35.592+0000][1028][info ][safepoint   ] Safepoint "Cleanup", Time since last: 7021458792 ns, Reaching safepoint: 29666 ns, Cleanup: 33292 ns, At safepoint: 3917 ns, Total: 66875 ns
[2025-04-17T13:04:38.599+0000][1028][info ][safepoint   ] Safepoint "Cleanup", Time since last: 3007112083 ns, Reaching safepoint: 55458 ns, Cleanup: 39375 ns, At safepoint: 9125 ns, Total: 103958 ns
[2025-04-17T13:04:41.609+0000][1028][info ][safepoint   ] Safepoint "Cleanup", Time since last: 3009870667 ns, Reaching safepoint: 30292 ns, Cleanup: 57500 ns, At safepoint: 3583 ns, Total: 91375 ns
[2025-04-17T13:04:42.612+0000][1028][info ][safepoint   ] Safepoint "Cleanup", Time since last: 1002569458 ns, Reaching safepoint: 29042 ns, Cleanup: 32792 ns, At safepoint: 3750 ns, Total: 65584 ns
[2025-04-17T13:04:54.662+0000][1028][info ][safepoint   ] Safepoint "Cleanup", Time since last: 12050349833 ns, Reaching safepoint: 29000 ns, Cleanup: 46292 ns, At safepoint: 3458 ns, Total: 78750 ns
[2025-04-17T13:04:55.668+0000][1028][info ][safepoint   ] Safepoint "Cleanup", Time since last: 1005273167 ns, Reaching safepoint: 29125 ns, Cleanup: 33041 ns, At safepoint: 3209 ns, Total: 65375 ns
[2025-04-17T13:04:59.683+0000][1028][info ][safepoint   ] Safepoint "Cleanup", Time since last: 4015688625 ns, Reaching safepoint: 15458 ns, Cleanup: 16708 ns, At safepoint: 1834 ns, Total: 34000 ns
[2025-04-17T13:05:01.694+0000][1028][info ][safepoint   ] Safepoint "Cleanup", Time since last: 2010163291 ns, Reaching safepoint: 28334 ns, Cleanup: 36750 ns, At safepoint: 3541 ns, Total: 68625 ns
[2025-04-17T13:05:02.699+0000][1028][info ][safepoint   ] Safepoint "Cleanup", Time since last: 1005304667 ns, Reaching safepoint: 28958 ns, Cleanup: 36500 ns, At safepoint: 3542 ns, Total: 69000 ns
[2025-04-17T13:05:11.660+0000][1028][info ][safepoint   ] Safepoint "Cleanup", Time since last: 8960984792 ns, Reaching safepoint: 31625 ns, Cleanup: 41666 ns, At safepoint: 3500 ns, Total: 76791 ns
[2025-04-17T13:05:14.676+0000][1028][info ][safepoint   ] Safepoint "Cleanup", Time since last: 3015887000 ns, Reaching safepoint: 30042 ns, Cleanup: 39583 ns, At safepoint: 3417 ns, Total: 73042 ns
[2025-04-17T13:05:18.691+0000][1028][info ][safepoint   ] Safepoint "Cleanup", Time since last: 4015261000 ns, Reaching safepoint: 29875 ns, Cleanup: 34958 ns, At safepoint: 3709 ns, Total: 68542 ns
[2025-04-17T13:05:24.716+0000][1028][info ][safepoint   ] Safepoint "Cleanup", Time since last: 6024377541 ns, Reaching safepoint: 30375 ns, Cleanup: 44667 ns, At safepoint: 3375 ns, Total: 78417 ns
[2025-04-17T13:05:28.735+0000][1028][info ][safepoint   ] Safepoint "Cleanup", Time since last: 4019176917 ns, Reaching safepoint: 30041 ns, Cleanup: 33209 ns, At safepoint: 3333 ns, Total: 66583 ns
[2025-04-17T13:05:29.385+0000][1028][info ][safepoint   ] Safepoint "ICBufferFull", Time since last: 650343792 ns, Reaching safepoint: 14625 ns, Cleanup: 98250 ns, At safepoint: 5416 ns, Total: 118291 ns
[2025-04-17T13:05:29.510+0000][1028][info ][safepoint   ] Safepoint "ICBufferFull", Time since last: 124501584 ns, Reaching safepoint: 4500 ns, Cleanup: 65083 ns, At safepoint: 625 ns, Total: 70208 ns
[2025-04-17T13:05:29.850+0000][1028][info ][safepoint   ] Safepoint "ICBufferFull", Time since last: 339951625 ns, Reaching safepoint: 6875 ns, Cleanup: 113292 ns, At safepoint: 916 ns, Total: 121083 ns
[2025-04-17T13:05:30.556+0000][1028][info ][safepoint   ] Safepoint "ICBufferFull", Time since last: 705650625 ns, Reaching safepoint: 9250 ns, Cleanup: 70709 ns, At safepoint: 1250 ns, Total: 81209 ns
[2025-04-17T13:05:31.561+0000][1028][info ][safepoint   ] Safepoint "Cleanup", Time since last: 1005043416 ns, Reaching safepoint: 7417 ns, Cleanup: 65333 ns, At safepoint: 2917 ns, Total: 75667 ns
[2025-04-17T13:05:32.565+0000][1028][info ][safepoint   ] Safepoint "Cleanup", Time since last: 1003449083 ns, Reaching safepoint: 26709 ns, Cleanup: 160208 ns, At safepoint: 5917 ns, Total: 192834 ns
[2025-04-17T13:05:33.377+0000][1028][info ][safepoint   ] Safepoint "ICBufferFull", Time since last: 812201708 ns, Reaching safepoint: 25208 ns, Cleanup: 157875 ns, At safepoint: 2709 ns, Total: 185792 ns
[2025-04-17T13:05:34.382+0000][1028][info ][safepoint   ] Safepoint "Cleanup", Time since last: 1005118583 ns, Reaching safepoint: 10458 ns, Cleanup: 98334 ns, At safepoint: 1541 ns, Total: 110333 ns
[2025-04-17T13:05:35.308+0000][1028][info ][safepoint   ] Safepoint "ICBufferFull", Time since last: 926101667 ns, Reaching safepoint: 10042 ns, Cleanup: 137000 ns, At safepoint: 1041 ns, Total: 148083 ns
[2025-04-17T13:05:35.572+0000][1028][info ][gc,start    ] GC(11) Pause Young (Normal) (G1 Evacuation Pause)
[2025-04-17T13:05:35.572+0000][1028][info ][gc,task     ] GC(11) Using 8 workers of 8 for evacuation
[2025-04-17T13:05:35.572+0000][1028][debug][gc,age      ] GC(11) Desired survivor size 50331648 bytes, new threshold 15 (max threshold 15)
[2025-04-17T13:05:35.597+0000][1028][info ][gc,phases   ] GC(11)   Pre Evacuate Collection Set: 0.2ms
[2025-04-17T13:05:35.597+0000][1028][info ][gc,phases   ] GC(11)   Merge Heap Roots: 0.1ms
[2025-04-17T13:05:35.597+0000][1028][info ][gc,phases   ] GC(11)   Evacuate Collection Set: 23.4ms
[2025-04-17T13:05:35.597+0000][1028][info ][gc,phases   ] GC(11)   Post Evacuate Collection Set: 1.4ms
[2025-04-17T13:05:35.597+0000][1028][info ][gc,phases   ] GC(11)   Other: 0.2ms
[2025-04-17T13:05:35.597+0000][1028][trace][gc,age      ] GC(11) Age table with threshold 15 (max threshold 15)
[2025-04-17T13:05:35.597+0000][1028][trace][gc,age      ] GC(11) - age   1:   29432456 bytes,   29432456 total
[2025-04-17T13:05:35.597+0000][1028][trace][gc,age      ] GC(11) - age   2:   10035328 bytes,   39467784 total
[2025-04-17T13:05:35.597+0000][1028][trace][gc,age      ] GC(11) - age   3:   24621400 bytes,   64089184 total
[2025-04-17T13:05:35.597+0000][1028][trace][gc,age      ] GC(11) - age   4:    3205984 bytes,   67295168 total
[2025-04-17T13:05:35.597+0000][1028][trace][gc,age      ] GC(11) - age   5:    4255688 bytes,   71550856 total
[2025-04-17T13:05:35.597+0000][1028][trace][gc,age      ] GC(11) - age   6:    5625296 bytes,   77176152 total
[2025-04-17T13:05:35.597+0000][1028][info ][gc,heap     ] GC(11) Eden regions: 176->0(247)
[2025-04-17T13:05:35.597+0000][1028][info ][gc,heap     ] GC(11) Survivor regions: 13->21(24)
[2025-04-17T13:05:35.597+0000][1028][info ][gc,heap     ] GC(11) Old regions: 6->6
[2025-04-17T13:05:35.597+0000][1028][info ][gc,heap     ] GC(11) Archive regions: 2->2
[2025-04-17T13:05:35.597+0000][1028][info ][gc,heap     ] GC(11) Humongous regions: 2->2
[2025-04-17T13:05:35.597+0000][1028][info ][gc,metaspace] GC(11) Metaspace: 122946K(125120K)->122946K(125120K) NonClass: 105689K(106880K)->105689K(106880K) Class: 17256K(18240K)->17256K(18240K)
[2025-04-17T13:05:35.597+0000][1028][info ][gc          ] GC(11) Pause Young (Normal) (G1 Evacuation Pause) 784M->115M(8192M) 25.411ms
[2025-04-17T13:05:35.597+0000][1028][info ][gc,cpu      ] GC(11) User=0.12s Sys=0.04s Real=0.02s
[2025-04-17T13:05:35.597+0000][1028][info ][safepoint   ] Safepoint "G1CollectForAllocation", Time since last: 263259125 ns, Reaching safepoint: 6917 ns, Cleanup: 152542 ns, At safepoint: 25483666 ns, Total: 25643125 ns
[2025-04-17T13:05:37.378+0000][1028][info ][safepoint   ] Safepoint "ICBufferFull", Time since last: 1780281542 ns, Reaching safepoint: 59208 ns, Cleanup: 261250 ns, At safepoint: 4792 ns, Total: 325250 ns
[2025-04-17T13:05:38.383+0000][1028][info ][safepoint   ] Safepoint "Cleanup", Time since last: 1004758583 ns, Reaching safepoint: 90125 ns, Cleanup: 150834 ns, At safepoint: 6750 ns, Total: 247709 ns
[2025-04-17T13:05:39.388+0000][1028][info ][safepoint   ] Safepoint "Cleanup", Time since last: 1005153750 ns, Reaching safepoint: 13291 ns, Cleanup: 118167 ns, At safepoint: 1458 ns, Total: 132916 ns
[2025-04-17T13:05:40.394+0000][1028][info ][safepoint   ] Safepoint "Cleanup", Time since last: 1005474209 ns, Reaching safepoint: 56500 ns, Cleanup: 53583 ns, At safepoint: 2625 ns, Total: 112708 ns
[2025-04-17T13:05:41.400+0000][1028][info ][safepoint   ] Safepoint "Cleanup", Time since last: 1006424333 ns, Reaching safepoint: 16584 ns, Cleanup: 114583 ns, At safepoint: 3625 ns, Total: 134792 ns
[2025-04-17T13:05:42.406+0000][1028][info ][safepoint   ] Safepoint "Cleanup", Time since last: 1005068000 ns, Reaching safepoint: 29125 ns, Cleanup: 220417 ns, At safepoint: 7541 ns, Total: 257083 ns
[2025-04-17T13:05:43.411+0000][1028][info ][safepoint   ] Safepoint "Cleanup", Time since last: 1005114875 ns, Reaching safepoint: 12959 ns, Cleanup: 44250 ns, At safepoint: 1125 ns, Total: 58334 ns
[2025-04-17T13:05:44.418+0000][1028][info ][safepoint   ] Safepoint "Cleanup", Time since last: 1007252458 ns, Reaching safepoint: 46750 ns, Cleanup: 117792 ns, At safepoint: 3875 ns, Total: 168417 ns
[2025-04-17T13:05:45.420+0000][1028][info ][safepoint   ] Safepoint "Cleanup", Time since last: 1001815250 ns, Reaching safepoint: 25583 ns, Cleanup: 41708 ns, At safepoint: 2542 ns, Total: 69833 ns
[2025-04-17T13:05:46.422+0000][1028][info ][safepoint   ] Safepoint "Cleanup", Time since last: 1002087167 ns, Reaching safepoint: 50000 ns, Cleanup: 62041 ns, At safepoint: 3750 ns, Total: 115791 ns
[2025-04-17T13:05:47.425+0000][1028][info ][safepoint   ] Safepoint "Cleanup", Time since last: 1002806709 ns, Reaching safepoint: 21208 ns, Cleanup: 54583 ns, At safepoint: 5417 ns, Total: 81208 ns
[2025-04-17T13:05:48.428+0000][1028][info ][safepoint   ] Safepoint "Cleanup", Time since last: 1003018125 ns, Reaching safepoint: 13167 ns, Cleanup: 27958 ns, At safepoint: 4333 ns, Total: 45458 ns
[2025-04-17T13:05:49.432+0000][1028][info ][safepoint   ] Safepoint "Cleanup", Time since last: 1003761459 ns, Reaching safepoint: 28666 ns, Cleanup: 77209 ns, At safepoint: 2458 ns, Total: 108333 ns
[2025-04-17T13:05:50.434+0000][1028][info ][safepoint   ] Safepoint "Cleanup", Time since last: 1001839875 ns, Reaching safepoint: 12708 ns, Cleanup: 29500 ns, At safepoint: 1417 ns, Total: 43625 ns
[2025-04-17T13:05:51.439+0000][1028][info ][safepoint   ] Safepoint "Cleanup", Time since last: 1005068208 ns, Reaching safepoint: 14250 ns, Cleanup: 52334 ns, At safepoint: 1083 ns, Total: 67667 ns
[2025-04-17T13:05:52.444+0000][1028][info ][safepoint   ] Safepoint "Cleanup", Time since last: 1004688500 ns, Reaching safepoint: 5500 ns, Cleanup: 9042 ns, At safepoint: 833 ns, Total: 15375 ns
[2025-04-17T13:05:53.449+0000][1028][info ][safepoint   ] Safepoint "Cleanup", Time since last: 1005066750 ns, Reaching safepoint: 14917 ns, Cleanup: 29416 ns, At safepoint: 1417 ns, Total: 45750 ns
[2025-04-17T13:05:54.454+0000][1028][info ][safepoint   ] Safepoint "Cleanup", Time since last: 1005277125 ns, Reaching safepoint: 27000 ns, Cleanup: 48500 ns, At safepoint: 3667 ns, Total: 79167 ns
[2025-04-17T13:05:55.455+0000][1028][info ][safepoint   ] Safepoint "Cleanup", Time since last: 1000540291 ns, Reaching safepoint: 11167 ns, Cleanup: 63583 ns, At safepoint: 1709 ns, Total: 76459 ns
[2025-04-17T13:05:56.461+0000][1028][info ][safepoint   ] Safepoint "Cleanup", Time since last: 1005936125 ns, Reaching safepoint: 11333 ns, Cleanup: 16500 ns, At safepoint: 1250 ns, Total: 29083 ns
[2025-04-17T13:05:57.466+0000][1028][info ][safepoint   ] Safepoint "Cleanup", Time since last: 1004576667 ns, Reaching safepoint: 14541 ns, Cleanup: 51417 ns, At safepoint: 1000 ns, Total: 66958 ns
[2025-04-17T13:05:58.471+0000][1028][info ][safepoint   ] Safepoint "Cleanup", Time since last: 1005078750 ns, Reaching safepoint: 13125 ns, Cleanup: 41875 ns, At safepoint: 1042 ns, Total: 56042 ns
[2025-04-17T13:05:59.477+0000][1028][info ][safepoint   ] Safepoint "Cleanup", Time since last: 1006064791 ns, Reaching safepoint: 7625 ns, Cleanup: 105625 ns, At safepoint: 1584 ns, Total: 114834 ns
[2025-04-17T13:06:00.480+0000][1028][info ][safepoint   ] Safepoint "Cleanup", Time since last: 1003442041 ns, Reaching safepoint: 34334 ns, Cleanup: 36250 ns, At safepoint: 3333 ns, Total: 73917 ns
[2025-04-17T13:06:01.486+0000][1028][info ][safepoint   ] Safepoint "Cleanup", Time since last: 1005062250 ns, Reaching safepoint: 13083 ns, Cleanup: 28500 ns, At safepoint: 1375 ns, Total: 42958 ns
[2025-04-17T13:06:02.491+0000][1028][info ][safepoint   ] Safepoint "Cleanup", Time since last: 1005051792 ns, Reaching safepoint: 7708 ns, Cleanup: 35959 ns, At safepoint: 1291 ns, Total: 44958 ns
[2025-04-17T13:06:03.494+0000][1028][info ][safepoint   ] Safepoint "Cleanup", Time since last: 1003253542 ns, Reaching safepoint: 6542 ns, Cleanup: 21125 ns, At safepoint: 791 ns, Total: 28458 ns
[2025-04-17T13:06:04.501+0000][1028][info ][safepoint   ] Safepoint "Cleanup", Time since last: 1006879584 ns, Reaching safepoint: 14833 ns, Cleanup: 15833 ns, At safepoint: 1709 ns, Total: 32375 ns
[2025-04-17T13:06:05.830+0000][1028][info ][safepoint   ] Safepoint "Cleanup", Time since last: 1329582750 ns, Reaching safepoint: 14291 ns, Cleanup: 14792 ns, At safepoint: 2333 ns, Total: 31416 ns
[2025-04-17T13:06:06.810+0000][1028][info ][gc,start    ] GC(12) Pause Young (Normal) (G1 Evacuation Pause)
[2025-04-17T13:06:06.810+0000][1028][info ][gc,task     ] GC(12) Using 8 workers of 8 for evacuation
[2025-04-17T13:06:06.810+0000][1028][debug][gc,age      ] GC(12) Desired survivor size 71303168 bytes, new threshold 5 (max threshold 15)
[2025-04-17T13:06:06.845+0000][1028][info ][gc,phases   ] GC(12)   Pre Evacuate Collection Set: 0.2ms
[2025-04-17T13:06:06.845+0000][1028][info ][gc,phases   ] GC(12)   Merge Heap Roots: 0.1ms
[2025-04-17T13:06:06.845+0000][1028][info ][gc,phases   ] GC(12)   Evacuate Collection Set: 33.5ms
[2025-04-17T13:06:06.845+0000][1028][info ][gc,phases   ] GC(12)   Post Evacuate Collection Set: 1.1ms
[2025-04-17T13:06:06.845+0000][1028][info ][gc,phases   ] GC(12)   Other: 0.2ms
[2025-04-17T13:06:06.845+0000][1028][trace][gc,age      ] GC(12) Age table with threshold 5 (max threshold 15)
[2025-04-17T13:06:06.845+0000][1028][trace][gc,age      ] GC(12) - age   1:     172536 bytes,     172536 total
[2025-04-17T13:06:06.845+0000][1028][trace][gc,age      ] GC(12) - age   2:   29008000 bytes,   29180536 total
[2025-04-17T13:06:06.845+0000][1028][trace][gc,age      ] GC(12) - age   3:   10035328 bytes,   39215864 total
[2025-04-17T13:06:06.845+0000][1028][trace][gc,age      ] GC(12) - age   4:   24621400 bytes,   63837264 total
[2025-04-17T13:06:06.845+0000][1028][trace][gc,age      ] GC(12) - age   5:    3205984 bytes,   67043248 total
[2025-04-17T13:06:06.845+0000][1028][info ][gc,heap     ] GC(12) Eden regions: 247->0(1210)
[2025-04-17T13:06:06.845+0000][1028][info ][gc,heap     ] GC(12) Survivor regions: 21->18(34)
[2025-04-17T13:06:06.845+0000][1028][info ][gc,heap     ] GC(12) Old regions: 6->8
[2025-04-17T13:06:06.845+0000][1028][info ][gc,heap     ] GC(12) Archive regions: 2->2
[2025-04-17T13:06:06.845+0000][1028][info ][gc,heap     ] GC(12) Humongous regions: 2->2
[2025-04-17T13:06:06.845+0000][1028][info ][gc,metaspace] GC(12) Metaspace: 123944K(126080K)->123944K(126080K) NonClass: 106685K(107840K)->106685K(107840K) Class: 17258K(18240K)->17258K(18240K)
[2025-04-17T13:06:06.845+0000][1028][info ][gc          ] GC(12) Pause Young (Normal) (G1 Evacuation Pause) 1103M->110M(8192M) 35.306ms
[2025-04-17T13:06:06.845+0000][1028][info ][gc,cpu      ] GC(12) User=0.11s Sys=0.08s Real=0.03s
[2025-04-17T13:06:06.845+0000][1028][info ][safepoint   ] Safepoint "G1CollectForAllocation", Time since last: 979495459 ns, Reaching safepoint: 13291 ns, Cleanup: 38792 ns, At safepoint: 35394083 ns, Total: 35446166 ns
[2025-04-17T13:06:07.851+0000][1028][info ][safepoint   ] Safepoint "Cleanup", Time since last: 1005051750 ns, Reaching safepoint: 27584 ns, Cleanup: 43500 ns, At safepoint: 2166 ns, Total: 73250 ns
[2025-04-17T13:06:09.444+0000][1028][info ][safepoint   ] Safepoint "Cleanup", Time since last: 1593516917 ns, Reaching safepoint: 14625 ns, Cleanup: 180958 ns, At safepoint: 2459 ns, Total: 198042 ns
[2025-04-17T13:06:10.449+0000][1028][info ][safepoint   ] Safepoint "Cleanup", Time since last: 1005071541 ns, Reaching safepoint: 8209 ns, Cleanup: 20916 ns, At safepoint: 1459 ns, Total: 30584 ns
[2025-04-17T13:06:11.457+0000][1028][info ][safepoint   ] Safepoint "Cleanup", Time since last: 1007422375 ns, Reaching safepoint: 5166 ns, Cleanup: 13250 ns, At safepoint: 875 ns, Total: 19291 ns
[2025-04-17T13:06:12.462+0000][1028][info ][safepoint   ] Safepoint "Cleanup", Time since last: 1005041959 ns, Reaching safepoint: 13083 ns, Cleanup: 22625 ns, At safepoint: 1875 ns, Total: 37583 ns
[2025-04-17T13:06:14.468+0000][1028][info ][safepoint   ] Safepoint "Cleanup", Time since last: 2005770625 ns, Reaching safepoint: 8917 ns, Cleanup: 14000 ns, At safepoint: 958 ns, Total: 23875 ns
[2025-04-17T13:06:16.479+0000][1028][info ][safepoint   ] Safepoint "Cleanup", Time since last: 2011284000 ns, Reaching safepoint: 10125 ns, Cleanup: 6417 ns, At safepoint: 1208 ns, Total: 17750 ns
[2025-04-17T13:06:17.484+0000][1028][info ][safepoint   ] Safepoint "Cleanup", Time since last: 1005056750 ns, Reaching safepoint: 14875 ns, Cleanup: 24292 ns, At safepoint: 2458 ns, Total: 41625 ns
[2025-04-17T13:06:18.489+0000][1028][info ][safepoint   ] Safepoint "Cleanup", Time since last: 1005224042 ns, Reaching safepoint: 15250 ns, Cleanup: 50583 ns, At safepoint: 2583 ns, Total: 68416 ns
[2025-04-17T13:06:19.495+0000][1028][info ][safepoint   ] Safepoint "Cleanup", Time since last: 1005060209 ns, Reaching safepoint: 28750 ns, Cleanup: 75416 ns, At safepoint: 3709 ns, Total: 107875 ns
[2025-04-17T13:06:20.500+0000][1028][info ][safepoint   ] Safepoint "Cleanup", Time since last: 1005125000 ns, Reaching safepoint: 28500 ns, Cleanup: 88083 ns, At safepoint: 2583 ns, Total: 119166 ns
[2025-04-17T13:06:21.505+0000][1028][info ][safepoint   ] Safepoint "Cleanup", Time since last: 1005165625 ns, Reaching safepoint: 17375 ns, Cleanup: 36792 ns, At safepoint: 1583 ns, Total: 55750 ns
[2025-04-17T13:06:22.508+0000][1028][info ][safepoint   ] Safepoint "Cleanup", Time since last: 1002524542 ns, Reaching safepoint: 15708 ns, Cleanup: 22417 ns, At safepoint: 2333 ns, Total: 40458 ns
[2025-04-17T13:06:23.513+0000][1028][info ][safepoint   ] Safepoint "Cleanup", Time since last: 1005077084 ns, Reaching safepoint: 17166 ns, Cleanup: 19084 ns, At safepoint: 1500 ns, Total: 37750 ns
[2025-04-17T13:06:24.519+0000][1028][info ][safepoint   ] Safepoint "Cleanup", Time since last: 1006230916 ns, Reaching safepoint: 13625 ns, Cleanup: 19500 ns, At safepoint: 1625 ns, Total: 34750 ns
[2025-04-17T13:06:28.533+0000][1028][info ][safepoint   ] Safepoint "Cleanup", Time since last: 4013990167 ns, Reaching safepoint: 37583 ns, Cleanup: 18209 ns, At safepoint: 7166 ns, Total: 62958 ns
[2025-04-17T13:06:29.538+0000][1028][info ][safepoint   ] Safepoint "Cleanup", Time since last: 1005075875 ns, Reaching safepoint: 12209 ns, Cleanup: 45666 ns, At safepoint: 1625 ns, Total: 59500 ns
[2025-04-17T13:06:32.547+0000][1028][info ][safepoint   ] Safepoint "Cleanup", Time since last: 3009129500 ns, Reaching safepoint: 11875 ns, Cleanup: 24417 ns, At safepoint: 2000 ns, Total: 38292 ns
[2025-04-17T13:06:33.555+0000][1028][info ][safepoint   ] Safepoint "Cleanup", Time since last: 1007581083 ns, Reaching safepoint: 11459 ns, Cleanup: 17583 ns, At safepoint: 2208 ns, Total: 31250 ns
[2025-04-17T13:06:34.561+0000][1028][info ][safepoint   ] Safepoint "Cleanup", Time since last: 1005134167 ns, Reaching safepoint: 463917 ns, Cleanup: 36166 ns, At safepoint: 5667 ns, Total: 505750 ns
[2025-04-17T13:06:35.565+0000][1028][info ][safepoint   ] Safepoint "Cleanup", Time since last: 1003970917 ns, Reaching safepoint: 9958 ns, Cleanup: 24500 ns, At safepoint: 1417 ns, Total: 35875 ns
[2025-04-17T13:06:36.570+0000][1028][info ][safepoint   ] Safepoint "Cleanup", Time since last: 1004866375 ns, Reaching safepoint: 12666 ns, Cleanup: 31334 ns, At safepoint: 1875 ns, Total: 45875 ns
[2025-04-17T13:06:38.582+0000][1028][info ][safepoint   ] Safepoint "Cleanup", Time since last: 2012408666 ns, Reaching safepoint: 11542 ns, Cleanup: 37208 ns, At safepoint: 1792 ns, Total: 50542 ns
[2025-04-17T13:06:39.587+0000][1028][info ][safepoint   ] Safepoint "Cleanup", Time since last: 1005391083 ns, Reaching safepoint: 7750 ns, Cleanup: 10084 ns, At safepoint: 1125 ns, Total: 18959 ns
[2025-04-17T13:06:40.589+0000][1028][info ][safepoint   ] Safepoint "Cleanup", Time since last: 1001931416 ns, Reaching safepoint: 12459 ns, Cleanup: 16333 ns, At safepoint: 1542 ns, Total: 30334 ns
[2025-04-17T13:06:45.612+0000][1028][info ][safepoint   ] Safepoint "Cleanup", Time since last: 5022024291 ns, Reaching safepoint: 112584 ns, Cleanup: 37541 ns, At safepoint: 6584 ns, Total: 156709 ns
[2025-04-17T13:06:47.617+0000][1028][info ][safepoint   ] Safepoint "Cleanup", Time since last: 2005456625 ns, Reaching safepoint: 73041 ns, Cleanup: 31625 ns, At safepoint: 10750 ns, Total: 115416 ns
[2025-04-17T13:06:49.627+0000][1028][info ][safepoint   ] Safepoint "Cleanup", Time since last: 2010185584 ns, Reaching safepoint: 17916 ns, Cleanup: 15125 ns, At safepoint: 2084 ns, Total: 35125 ns
[2025-04-17T13:06:50.635+0000][1028][info ][safepoint   ] Safepoint "Cleanup", Time since last: 1007669000 ns, Reaching safepoint: 5291 ns, Cleanup: 5667 ns, At safepoint: 667 ns, Total: 11625 ns
[2025-04-17T13:06:52.682+0000][1028][info ][safepoint   ] Safepoint "Cleanup", Time since last: 2046900291 ns, Reaching safepoint: 13459 ns, Cleanup: 110791 ns, At safepoint: 2084 ns, Total: 126334 ns
[2025-04-17T13:06:53.688+0000][1028][info ][safepoint   ] Safepoint "Cleanup", Time since last: 1006230833 ns, Reaching safepoint: 28333 ns, Cleanup: 34875 ns, At safepoint: 4000 ns, Total: 67208 ns
[2025-04-17T13:06:55.697+0000][1028][info ][safepoint   ] Safepoint "Cleanup", Time since last: 2008691000 ns, Reaching safepoint: 30750 ns, Cleanup: 26500 ns, At safepoint: 3334 ns, Total: 60584 ns
[2025-04-17T13:06:56.703+0000][1028][info ][safepoint   ] Safepoint "Cleanup", Time since last: 1006010041 ns, Reaching safepoint: 27542 ns, Cleanup: 29250 ns, At safepoint: 4042 ns, Total: 60834 ns
[2025-04-17T13:06:58.713+0000][1028][info ][safepoint   ] Safepoint "Cleanup", Time since last: 2010159458 ns, Reaching safepoint: 25667 ns, Cleanup: 21291 ns, At safepoint: 6709 ns, Total: 53667 ns
[2025-04-17T13:07:00.485+0000][1028][info ][safepoint   ] Safepoint "Cleanup", Time since last: 1771182333 ns, Reaching safepoint: 9000 ns, Cleanup: 50625 ns, At safepoint: 1042 ns, Total: 60667 ns
[2025-04-17T13:07:01.490+0000][1028][info ][safepoint   ] Safepoint "Cleanup", Time since last: 1005756458 ns, Reaching safepoint: 14333 ns, Cleanup: 28417 ns, At safepoint: 1958 ns, Total: 44708 ns
[2025-04-17T13:07:02.801+0000][1028][info ][safepoint   ] Safepoint "Cleanup", Time since last: 1310474209 ns, Reaching safepoint: 16458 ns, Cleanup: 18583 ns, At safepoint: 4250 ns, Total: 39291 ns
[2025-04-17T13:07:08.995+0000][1028][info ][safepoint   ] Safepoint "Cleanup", Time since last: 6193840125 ns, Reaching safepoint: 9792 ns, Cleanup: 21208 ns, At safepoint: 2875 ns, Total: 33875 ns
[2025-04-17T13:07:09.997+0000][1028][info ][safepoint   ] Safepoint "Cleanup", Time since last: 1002332625 ns, Reaching safepoint: 6334 ns, Cleanup: 16166 ns, At safepoint: 1167 ns, Total: 23667 ns
[2025-04-17T13:07:11.002+0000][1028][info ][safepoint   ] Safepoint "Cleanup", Time since last: 1005061000 ns, Reaching safepoint: 15750 ns, Cleanup: 35583 ns, At safepoint: 2167 ns, Total: 53500 ns
[2025-04-17T13:07:12.007+0000][1028][info ][safepoint   ] Safepoint "Cleanup", Time since last: 1005043208 ns, Reaching safepoint: 20417 ns, Cleanup: 34458 ns, At safepoint: 1625 ns, Total: 56500 ns
[2025-04-17T13:07:13.013+0000][1028][info ][safepoint   ] Safepoint "Cleanup", Time since last: 1005431417 ns, Reaching safepoint: 5417 ns, Cleanup: 137500 ns, At safepoint: 916 ns, Total: 143833 ns
[2025-04-17T13:07:14.935+0000][1028][info ][gc,heap,exit] Heap
[2025-04-17T13:07:14.935+0000][1028][info ][gc,heap,exit]  garbage-first heap   total 8388608K, used 2255867K [0x0000000600000000, 0x0000000800000000)
[2025-04-17T13:07:14.935+0000][1028][info ][gc,heap,exit]   region size 4096K, 541 young (2215936K), 18 survivors (73728K)
[2025-04-17T13:07:14.935+0000][1028][info ][gc,heap,exit]  Metaspace       used 124287K, committed 126400K, reserved 1179648K
[2025-04-17T13:07:14.935+0000][1028][info ][gc,heap,exit]   class space    used 17321K, committed 18304K, reserved 1048576K
