[2025-04-17T13:07:26.358+0000][17253][info][gc] Using G1
[2025-04-17T13:07:26.359+0000][17253][info][gc,init] Version: 17.0.15+0 (release)
[2025-04-17T13:07:26.359+0000][17253][info][gc,init] CPUs: 8 total, 8 available
[2025-04-17T13:07:26.359+0000][17253][info][gc,init] Memory: 16384M
[2025-04-17T13:07:26.359+0000][17253][info][gc,init] Large Page Support: Disabled
[2025-04-17T13:07:26.359+0000][17253][info][gc,init] NUMA Support: Disabled
[2025-04-17T13:07:26.359+0000][17253][info][gc,init] Compressed Oops: Enabled (Zero based)
[2025-04-17T13:07:26.359+0000][17253][info][gc,init] Heap Region Size: 2M
[2025-04-17T13:07:26.359+0000][17253][info][gc,init] Heap Min Capacity: 8M
[2025-04-17T13:07:26.359+0000][17253][info][gc,init] Heap Initial Capacity: 256M
[2025-04-17T13:07:26.359+0000][17253][info][gc,init] Heap Max Capacity: 4G
[2025-04-17T13:07:26.359+0000][17253][info][gc,init] Pre-touch: Disabled
[2025-04-17T13:07:26.359+0000][17253][info][gc,init] Parallel Workers: 8
[2025-04-17T13:07:26.359+0000][17253][info][gc,init] Concurrent Workers: 2
[2025-04-17T13:07:26.359+0000][17253][info][gc,init] Concurrent Refinement Workers: 8
[2025-04-17T13:07:26.359+0000][17253][info][gc,init] Periodic GC: Disabled
[2025-04-17T13:07:26.362+0000][17253][info][gc,metaspace] CDS archive(s) mapped at: [0x000000e000000000-0x000000e000bc0000-0x000000e000bc0000), size 12320768, SharedBaseAddress: 0x000000e000000000, ArchiveRelocationMode: 1.
[2025-04-17T13:07:26.362+0000][17253][info][gc,metaspace] Compressed class space mapped at: 0x000000e001000000-0x000000e041000000, reserved size: 1073741824
[2025-04-17T13:07:26.362+0000][17253][info][gc,metaspace] Narrow klass base: 0x000000e000000000, Narrow klass shift: 0, Narrow klass range: 0x100000000
[2025-04-17T13:07:26.377+0000][17253][info][gc,heap,exit] Heap
[2025-04-17T13:07:26.377+0000][17253][info][gc,heap,exit]  garbage-first heap   total 266240K, used 3304K [0x0000000700000000, 0x0000000800000000)
[2025-04-17T13:07:26.377+0000][17253][info][gc,heap,exit]   region size 2048K, 1 young (2048K), 0 survivors (0K)
[2025-04-17T13:07:26.377+0000][17253][info][gc,heap,exit]  Metaspace       used 52K, committed 128K, reserved 1114112K
[2025-04-17T13:07:26.377+0000][17253][info][gc,heap,exit]   class space    used 1K, committed 64K, reserved 1048576K
