[2025-04-17T12:46:27.423+0000][70903][info][gc] Using G1
[2025-04-17T12:46:28.139+0000][70903][info][gc,init] Version: 17.0.15+0 (release)
[2025-04-17T12:46:28.139+0000][70903][info][gc,init] CPUs: 8 total, 8 available
[2025-04-17T12:46:28.139+0000][70903][info][gc,init] Memory: 16384M
[2025-04-17T12:46:28.139+0000][70903][info][gc,init] Large Page Support: Disabled
[2025-04-17T12:46:28.139+0000][70903][info][gc,init] NUMA Support: Disabled
[2025-04-17T12:46:28.139+0000][70903][info][gc,init] Compressed Oops: Enabled (Zero based)
[2025-04-17T12:46:28.139+0000][70903][info][gc,init] Heap Region Size: 4M
[2025-04-17T12:46:28.139+0000][70903][info][gc,init] Heap Min Capacity: 8G
[2025-04-17T12:46:28.139+0000][70903][info][gc,init] Heap Initial Capacity: 8G
[2025-04-17T12:46:28.139+0000][70903][info][gc,init] Heap Max Capacity: 8G
[2025-04-17T12:46:28.139+0000][70903][info][gc,init] Pre-touch: Enabled
[2025-04-17T12:46:28.139+0000][70903][info][gc,init] Parallel Workers: 8
[2025-04-17T12:46:28.139+0000][70903][info][gc,init] Concurrent Workers: 2
[2025-04-17T12:46:28.139+0000][70903][info][gc,init] Concurrent Refinement Workers: 8
[2025-04-17T12:46:28.139+0000][70903][info][gc,init] Periodic GC: Disabled
[2025-04-17T12:46:28.140+0000][70903][info][gc,metaspace] CDS archive(s) mapped at: [0x0000000800000000-0x0000000800bc0000-0x0000000800bc0000), size 12320768, SharedBaseAddress: 0x0000000800000000, ArchiveRelocationMode: 1.
[2025-04-17T12:46:28.140+0000][70903][info][gc,metaspace] Compressed class space mapped at: 0x0000000801000000-0x0000000841000000, reserved size: 1073741824
[2025-04-17T12:46:28.140+0000][70903][info][gc,metaspace] Narrow klass base: 0x0000000800000000, Narrow klass shift: 0, Narrow klass range: 0x100000000
[2025-04-17T12:46:28.181+0000][70903][info][safepoint   ] Safepoint "ICBufferFull", Time since last: 39767750 ns, Reaching safepoint: 1250 ns, Cleanup: 43542 ns, At safepoint: 1166 ns, Total: 45958 ns
[2025-04-17T12:46:28.250+0000][70903][info][safepoint   ] Safepoint "ICBufferFull", Time since last: 68878375 ns, Reaching safepoint: 1875 ns, Cleanup: 47250 ns, At safepoint: 1917 ns, Total: 51042 ns
[2025-04-17T12:46:28.312+0000][70903][info][safepoint   ] Safepoint "ICBufferFull", Time since last: 62143667 ns, Reaching safepoint: 1458 ns, Cleanup: 54542 ns, At safepoint: 625 ns, Total: 56625 ns
[2025-04-17T12:46:28.546+0000][70903][info][safepoint   ] Safepoint "ICBufferFull", Time since last: 233760458 ns, Reaching safepoint: 1458 ns, Cleanup: 63459 ns, At safepoint: 291 ns, Total: 65208 ns
[2025-04-17T12:46:28.586+0000][70903][info][safepoint   ] Safepoint "ICBufferFull", Time since last: 40047917 ns, Reaching safepoint: 19333 ns, Cleanup: 46209 ns, At safepoint: 1583 ns, Total: 67125 ns
[2025-04-17T12:46:28.821+0000][70903][info][safepoint   ] Safepoint "ICBufferFull", Time since last: 235103958 ns, Reaching safepoint: 1459 ns, Cleanup: 69708 ns, At safepoint: 625 ns, Total: 71792 ns
[2025-04-17T12:46:28.855+0000][70903][info][safepoint   ] Safepoint "ICBufferFull", Time since last: 33752167 ns, Reaching safepoint: 31833 ns, Cleanup: 44333 ns, At safepoint: 1292 ns, Total: 77458 ns
[2025-04-17T12:46:28.965+0000][70903][info][safepoint   ] Safepoint "ICBufferFull", Time since last: 109660250 ns, Reaching safepoint: 18000 ns, Cleanup: 65458 ns, At safepoint: 1500 ns, Total: 84958 ns
[2025-04-17T12:46:29.174+0000][70903][info][safepoint   ] Safepoint "ICBufferFull", Time since last: 209198959 ns, Reaching safepoint: 1666 ns, Cleanup: 65792 ns, At safepoint: 583 ns, Total: 68041 ns
[2025-04-17T12:46:29.199+0000][70903][info][safepoint   ] Safepoint "ICBufferFull", Time since last: 24704459 ns, Reaching safepoint: 2000 ns, Cleanup: 66500 ns, At safepoint: 625 ns, Total: 69125 ns
[2025-04-17T12:46:29.306+0000][70903][info][safepoint   ] Safepoint "ICBufferFull", Time since last: 107408333 ns, Reaching safepoint: 1500 ns, Cleanup: 42625 ns, At safepoint: 458 ns, Total: 44583 ns
[2025-04-17T12:46:29.434+0000][70903][info][safepoint   ] Safepoint "ICBufferFull", Time since last: 127366459 ns, Reaching safepoint: 1250 ns, Cleanup: 85541 ns, At safepoint: 667 ns, Total: 87458 ns
[2025-04-17T12:46:29.442+0000][70903][info][gc,start    ] GC(0) Pause Young (Concurrent Start) (Metadata GC Threshold)
[2025-04-17T12:46:29.442+0000][70903][info][gc,task     ] GC(0) Using 8 workers of 8 for evacuation
[2025-04-17T12:46:29.442+0000][70903][debug][gc,age      ] GC(0) Desired survivor size 27262976 bytes, new threshold 15 (max threshold 15)
[2025-04-17T12:46:29.446+0000][70903][info ][gc,phases   ] GC(0)   Pre Evacuate Collection Set: 0.2ms
[2025-04-17T12:46:29.446+0000][70903][info ][gc,phases   ] GC(0)   Merge Heap Roots: 0.0ms
[2025-04-17T12:46:29.446+0000][70903][info ][gc,phases   ] GC(0)   Evacuate Collection Set: 2.7ms
[2025-04-17T12:46:29.446+0000][70903][info ][gc,phases   ] GC(0)   Post Evacuate Collection Set: 0.4ms
[2025-04-17T12:46:29.446+0000][70903][info ][gc,phases   ] GC(0)   Other: 0.2ms
[2025-04-17T12:46:29.446+0000][70903][trace][gc,age      ] GC(0) Age table with threshold 15 (max threshold 15)
[2025-04-17T12:46:29.446+0000][70903][trace][gc,age      ] GC(0) - age   1:   12527216 bytes,   12527216 total
[2025-04-17T12:46:29.446+0000][70903][info ][gc,heap     ] GC(0) Eden regions: 74->0(98)
[2025-04-17T12:46:29.446+0000][70903][info ][gc,heap     ] GC(0) Survivor regions: 0->4(13)
[2025-04-17T12:46:29.446+0000][70903][info ][gc,heap     ] GC(0) Old regions: 0->0
[2025-04-17T12:46:29.446+0000][70903][info ][gc,heap     ] GC(0) Archive regions: 2->2
[2025-04-17T12:46:29.446+0000][70903][info ][gc,heap     ] GC(0) Humongous regions: 0->0
[2025-04-17T12:46:29.446+0000][70903][info ][gc,metaspace] GC(0) Metaspace: 21031K(21504K)->21031K(21504K) NonClass: 18558K(18816K)->18558K(18816K) Class: 2472K(2688K)->2472K(2688K)
[2025-04-17T12:46:29.446+0000][70903][info ][gc          ] GC(0) Pause Young (Concurrent Start) (Metadata GC Threshold) 297M->16M(8192M) 3.686ms
[2025-04-17T12:46:29.446+0000][70903][info ][gc,cpu      ] GC(0) User=0.02s Sys=0.00s Real=0.00s
[2025-04-17T12:46:29.446+0000][70903][info ][gc          ] GC(1) Concurrent Mark Cycle
[2025-04-17T12:46:29.446+0000][70903][info ][safepoint   ] Safepoint "CollectForMetadataAllocation", Time since last: 8293250 ns, Reaching safepoint: 1042 ns, Cleanup: 34833 ns, At safepoint: 3737167 ns, Total: 3773042 ns
[2025-04-17T12:46:29.446+0000][70903][info ][gc,marking  ] GC(1) Concurrent Clear Claimed Marks
[2025-04-17T12:46:29.446+0000][70903][info ][gc,marking  ] GC(1) Concurrent Clear Claimed Marks 0.020ms
[2025-04-17T12:46:29.446+0000][70903][info ][gc,marking  ] GC(1) Concurrent Scan Root Regions
[2025-04-17T12:46:29.448+0000][70903][info ][gc,marking  ] GC(1) Concurrent Scan Root Regions 2.248ms
[2025-04-17T12:46:29.448+0000][70903][info ][gc,marking  ] GC(1) Concurrent Mark
[2025-04-17T12:46:29.448+0000][70903][info ][gc,marking  ] GC(1) Concurrent Mark From Roots
[2025-04-17T12:46:29.448+0000][70903][info ][gc,task     ] GC(1) Using 2 workers of 2 for marking
[2025-04-17T12:46:29.449+0000][70903][info ][gc,marking  ] GC(1) Concurrent Mark From Roots 0.514ms
[2025-04-17T12:46:29.449+0000][70903][info ][gc,marking  ] GC(1) Concurrent Preclean
[2025-04-17T12:46:29.449+0000][70903][info ][gc,marking  ] GC(1) Concurrent Preclean 0.015ms
[2025-04-17T12:46:29.449+0000][70903][info ][gc,start    ] GC(1) Pause Remark
[2025-04-17T12:46:29.450+0000][70903][info ][gc          ] GC(1) Pause Remark 19M->19M(8192M) 1.036ms
[2025-04-17T12:46:29.450+0000][70903][info ][gc,cpu      ] GC(1) User=0.01s Sys=0.00s Real=0.01s
[2025-04-17T12:46:29.450+0000][70903][info ][safepoint   ] Safepoint "G1PauseRemark", Time since last: 2867000 ns, Reaching safepoint: 1291 ns, Cleanup: 12167 ns, At safepoint: 1059917 ns, Total: 1073375 ns
[2025-04-17T12:46:29.450+0000][70903][info ][gc,marking  ] GC(1) Concurrent Mark 1.650ms
[2025-04-17T12:46:29.450+0000][70903][info ][gc,marking  ] GC(1) Concurrent Rebuild Remembered Sets
[2025-04-17T12:46:29.450+0000][70903][info ][gc,marking  ] GC(1) Concurrent Rebuild Remembered Sets 0.007ms
[2025-04-17T12:46:29.450+0000][70903][info ][gc,start    ] GC(1) Pause Cleanup
[2025-04-17T12:46:29.450+0000][70903][info ][gc          ] GC(1) Pause Cleanup 19M->19M(8192M) 0.019ms
[2025-04-17T12:46:29.450+0000][70903][info ][gc,cpu      ] GC(1) User=0.00s Sys=0.00s Real=0.00s
[2025-04-17T12:46:29.450+0000][70903][info ][safepoint   ] Safepoint "G1PauseCleanup", Time since last: 48250 ns, Reaching safepoint: 138458 ns, Cleanup: 500 ns, At safepoint: 33833 ns, Total: 172791 ns
[2025-04-17T12:46:29.450+0000][70903][info ][gc,marking  ] GC(1) Concurrent Cleanup for Next Mark
[2025-04-17T12:46:29.456+0000][70903][info ][gc,marking  ] GC(1) Concurrent Cleanup for Next Mark 6.057ms
[2025-04-17T12:46:29.456+0000][70903][info ][gc          ] GC(1) Concurrent Mark Cycle 10.274ms
[2025-04-17T12:46:29.528+0000][70903][info ][safepoint   ] Safepoint "ICBufferFull", Time since last: 77326459 ns, Reaching safepoint: 1416 ns, Cleanup: 57750 ns, At safepoint: 1875 ns, Total: 61041 ns
[2025-04-17T12:46:29.603+0000][70903][info ][safepoint   ] Safepoint "ICBufferFull", Time since last: 75410000 ns, Reaching safepoint: 1500 ns, Cleanup: 64292 ns, At safepoint: 1667 ns, Total: 67459 ns
[2025-04-17T12:46:29.728+0000][70903][info ][safepoint   ] Safepoint "ICBufferFull", Time since last: 124419375 ns, Reaching safepoint: 1333 ns, Cleanup: 96625 ns, At safepoint: 417 ns, Total: 98375 ns
[2025-04-17T12:46:29.817+0000][70903][info ][safepoint   ] Safepoint "ICBufferFull", Time since last: 89572791 ns, Reaching safepoint: 1750 ns, Cleanup: 78584 ns, At safepoint: 1541 ns, Total: 81875 ns
[2025-04-17T12:46:29.860+0000][70903][info ][gc,start    ] GC(2) Pause Young (Normal) (G1 Evacuation Pause)
[2025-04-17T12:46:29.860+0000][70903][info ][gc,task     ] GC(2) Using 8 workers of 8 for evacuation
[2025-04-17T12:46:29.860+0000][70903][debug][gc,age      ] GC(2) Desired survivor size 27262976 bytes, new threshold 15 (max threshold 15)
[2025-04-17T12:46:29.864+0000][70903][info ][gc,phases   ] GC(2)   Pre Evacuate Collection Set: 0.1ms
[2025-04-17T12:46:29.865+0000][70903][info ][gc,phases   ] GC(2)   Merge Heap Roots: 0.0ms
[2025-04-17T12:46:29.865+0000][70903][info ][gc,phases   ] GC(2)   Evacuate Collection Set: 4.2ms
[2025-04-17T12:46:29.865+0000][70903][info ][gc,phases   ] GC(2)   Post Evacuate Collection Set: 0.3ms
[2025-04-17T12:46:29.865+0000][70903][info ][gc,phases   ] GC(2)   Other: 0.1ms
[2025-04-17T12:46:29.865+0000][70903][trace][gc,age      ] GC(2) Age table with threshold 15 (max threshold 15)
[2025-04-17T12:46:29.865+0000][70903][trace][gc,age      ] GC(2) - age   1:    9514264 bytes,    9514264 total
[2025-04-17T12:46:29.865+0000][70903][trace][gc,age      ] GC(2) - age   2:   11649376 bytes,   21163640 total
[2025-04-17T12:46:29.865+0000][70903][info ][gc,heap     ] GC(2) Eden regions: 98->0(96)
[2025-04-17T12:46:29.865+0000][70903][info ][gc,heap     ] GC(2) Survivor regions: 4->6(13)
[2025-04-17T12:46:29.865+0000][70903][info ][gc,heap     ] GC(2) Old regions: 0->0
[2025-04-17T12:46:29.865+0000][70903][info ][gc,heap     ] GC(2) Archive regions: 2->2
[2025-04-17T12:46:29.865+0000][70903][info ][gc,heap     ] GC(2) Humongous regions: 0->0
[2025-04-17T12:46:29.865+0000][70903][info ][gc,metaspace] GC(2) Metaspace: 26022K(26688K)->26022K(26688K) NonClass: 22849K(23232K)->22849K(23232K) Class: 3172K(3456K)->3172K(3456K)
[2025-04-17T12:46:29.865+0000][70903][info ][gc          ] GC(2) Pause Young (Normal) (G1 Evacuation Pause) 408M->25M(8192M) 4.884ms
[2025-04-17T12:46:29.865+0000][70903][info ][gc,cpu      ] GC(2) User=0.03s Sys=0.00s Real=0.00s
[2025-04-17T12:46:29.865+0000][70903][info ][safepoint   ] Safepoint "G1CollectForAllocation", Time since last: 42488917 ns, Reaching safepoint: 1292 ns, Cleanup: 31416 ns, At safepoint: 4912209 ns, Total: 4944917 ns
[2025-04-17T12:46:29.978+0000][70903][info ][safepoint   ] Safepoint "ICBufferFull", Time since last: 113111916 ns, Reaching safepoint: 1334 ns, Cleanup: 64083 ns, At safepoint: 1250 ns, Total: 66667 ns
[2025-04-17T12:46:30.118+0000][70903][info ][safepoint   ] Safepoint "ICBufferFull", Time since last: 139695458 ns, Reaching safepoint: 1667 ns, Cleanup: 102083 ns, At safepoint: 1292 ns, Total: 105042 ns
[2025-04-17T12:46:30.211+0000][70903][info ][gc,start    ] GC(3) Pause Young (Normal) (G1 Evacuation Pause)
[2025-04-17T12:46:30.211+0000][70903][info ][gc,task     ] GC(3) Using 8 workers of 8 for evacuation
[2025-04-17T12:46:30.211+0000][70903][debug][gc,age      ] GC(3) Desired survivor size 27262976 bytes, new threshold 15 (max threshold 15)
[2025-04-17T12:46:30.215+0000][70903][info ][gc,phases   ] GC(3)   Pre Evacuate Collection Set: 0.1ms
[2025-04-17T12:46:30.215+0000][70903][info ][gc,phases   ] GC(3)   Merge Heap Roots: 0.0ms
[2025-04-17T12:46:30.215+0000][70903][info ][gc,phases   ] GC(3)   Evacuate Collection Set: 3.4ms
[2025-04-17T12:46:30.215+0000][70903][info ][gc,phases   ] GC(3)   Post Evacuate Collection Set: 0.3ms
[2025-04-17T12:46:30.215+0000][70903][info ][gc,phases   ] GC(3)   Other: 0.1ms
[2025-04-17T12:46:30.215+0000][70903][trace][gc,age      ] GC(3) Age table with threshold 15 (max threshold 15)
[2025-04-17T12:46:30.215+0000][70903][trace][gc,age      ] GC(3) - age   1:    7607216 bytes,    7607216 total
[2025-04-17T12:46:30.215+0000][70903][trace][gc,age      ] GC(3) - age   2:    9064616 bytes,   16671832 total
[2025-04-17T12:46:30.215+0000][70903][trace][gc,age      ] GC(3) - age   3:   11647776 bytes,   28319608 total
[2025-04-17T12:46:30.215+0000][70903][info ][gc,heap     ] GC(3) Eden regions: 96->0(94)
[2025-04-17T12:46:30.215+0000][70903][info ][gc,heap     ] GC(3) Survivor regions: 6->8(13)
[2025-04-17T12:46:30.215+0000][70903][info ][gc,heap     ] GC(3) Old regions: 0->0
[2025-04-17T12:46:30.215+0000][70903][info ][gc,heap     ] GC(3) Archive regions: 2->2
[2025-04-17T12:46:30.215+0000][70903][info ][gc,heap     ] GC(3) Humongous regions: 0->0
[2025-04-17T12:46:30.215+0000][70903][info ][gc,metaspace] GC(3) Metaspace: 31639K(32448K)->31639K(32448K) NonClass: 27824K(28288K)->27824K(28288K) Class: 3814K(4160K)->3814K(4160K)
[2025-04-17T12:46:30.215+0000][70903][info ][gc          ] GC(3) Pause Young (Normal) (G1 Evacuation Pause) 409M->32M(8192M) 4.045ms
[2025-04-17T12:46:30.215+0000][70903][info ][gc,cpu      ] GC(3) User=0.02s Sys=0.00s Real=0.00s
[2025-04-17T12:46:30.215+0000][70903][info ][safepoint   ] Safepoint "G1CollectForAllocation", Time since last: 93055292 ns, Reaching safepoint: 1458 ns, Cleanup: 39625 ns, At safepoint: 4075333 ns, Total: 4116416 ns
[2025-04-17T12:46:30.332+0000][70903][info ][safepoint   ] Safepoint "ICBufferFull", Time since last: 116712250 ns, Reaching safepoint: 1417 ns, Cleanup: 71333 ns, At safepoint: 1375 ns, Total: 74125 ns
[2025-04-17T12:46:30.460+0000][70903][info ][safepoint   ] Safepoint "ICBufferFull", Time since last: 128470459 ns, Reaching safepoint: 1583 ns, Cleanup: 56917 ns, At safepoint: 458 ns, Total: 58958 ns
[2025-04-17T12:46:30.484+0000][70903][info ][gc,start    ] GC(4) Pause Young (Normal) (G1 Evacuation Pause)
[2025-04-17T12:46:30.484+0000][70903][info ][gc,task     ] GC(4) Using 8 workers of 8 for evacuation
[2025-04-17T12:46:30.484+0000][70903][debug][gc,age      ] GC(4) Desired survivor size 27262976 bytes, new threshold 3 (max threshold 15)
[2025-04-17T12:46:30.489+0000][70903][info ][gc,phases   ] GC(4)   Pre Evacuate Collection Set: 0.1ms
[2025-04-17T12:46:30.489+0000][70903][info ][gc,phases   ] GC(4)   Merge Heap Roots: 0.0ms
[2025-04-17T12:46:30.489+0000][70903][info ][gc,phases   ] GC(4)   Evacuate Collection Set: 4.8ms
[2025-04-17T12:46:30.489+0000][70903][info ][gc,phases   ] GC(4)   Post Evacuate Collection Set: 0.3ms
[2025-04-17T12:46:30.489+0000][70903][info ][gc,phases   ] GC(4)   Other: 0.1ms
[2025-04-17T12:46:30.489+0000][70903][trace][gc,age      ] GC(4) Age table with threshold 3 (max threshold 15)
[2025-04-17T12:46:30.489+0000][70903][trace][gc,age      ] GC(4) - age   1:    6510944 bytes,    6510944 total
[2025-04-17T12:46:30.489+0000][70903][trace][gc,age      ] GC(4) - age   2:    5687320 bytes,   12198264 total
[2025-04-17T12:46:30.489+0000][70903][trace][gc,age      ] GC(4) - age   3:    9057464 bytes,   21255728 total
[2025-04-17T12:46:30.489+0000][70903][info ][gc,heap     ] GC(4) Eden regions: 94->0(140)
[2025-04-17T12:46:30.489+0000][70903][info ][gc,heap     ] GC(4) Survivor regions: 8->6(13)
[2025-04-17T12:46:30.489+0000][70903][info ][gc,heap     ] GC(4) Old regions: 0->3
[2025-04-17T12:46:30.489+0000][70903][info ][gc,heap     ] GC(4) Archive regions: 2->2
[2025-04-17T12:46:30.489+0000][70903][info ][gc,heap     ] GC(4) Humongous regions: 0->0
[2025-04-17T12:46:30.489+0000][70903][info ][gc,metaspace] GC(4) Metaspace: 33988K(34880K)->33988K(34880K) NonClass: 29850K(30400K)->29850K(30400K) Class: 4138K(4480K)->4138K(4480K)
[2025-04-17T12:46:30.489+0000][70903][info ][gc          ] GC(4) Pause Young (Normal) (G1 Evacuation Pause) 408M->38M(8192M) 5.460ms
[2025-04-17T12:46:30.489+0000][70903][info ][gc,cpu      ] GC(4) User=0.03s Sys=0.01s Real=0.00s
[2025-04-17T12:46:30.489+0000][70903][info ][safepoint   ] Safepoint "G1CollectForAllocation", Time since last: 23629958 ns, Reaching safepoint: 1542 ns, Cleanup: 22917 ns, At safepoint: 5489583 ns, Total: 5514042 ns
[2025-04-17T12:46:30.567+0000][70903][info ][safepoint   ] Safepoint "ICBufferFull", Time since last: 77533458 ns, Reaching safepoint: 1334 ns, Cleanup: 75125 ns, At safepoint: 1708 ns, Total: 78167 ns
[2025-04-17T12:46:30.634+0000][70903][info ][gc,start    ] GC(5) Pause Young (Concurrent Start) (Metadata GC Threshold)
[2025-04-17T12:46:30.634+0000][70903][info ][gc,task     ] GC(5) Using 8 workers of 8 for evacuation
[2025-04-17T12:46:30.634+0000][70903][debug][gc,age      ] GC(5) Desired survivor size 39845888 bytes, new threshold 15 (max threshold 15)
[2025-04-17T12:46:30.636+0000][70903][info ][gc,phases   ] GC(5)   Pre Evacuate Collection Set: 0.1ms
[2025-04-17T12:46:30.636+0000][70903][info ][gc,phases   ] GC(5)   Merge Heap Roots: 0.0ms
[2025-04-17T12:46:30.636+0000][70903][info ][gc,phases   ] GC(5)   Evacuate Collection Set: 1.9ms
[2025-04-17T12:46:30.636+0000][70903][info ][gc,phases   ] GC(5)   Post Evacuate Collection Set: 0.2ms
[2025-04-17T12:46:30.636+0000][70903][info ][gc,phases   ] GC(5)   Other: 0.1ms
[2025-04-17T12:46:30.636+0000][70903][trace][gc,age      ] GC(5) Age table with threshold 15 (max threshold 15)
[2025-04-17T12:46:30.636+0000][70903][trace][gc,age      ] GC(5) - age   1:    3206400 bytes,    3206400 total
[2025-04-17T12:46:30.636+0000][70903][trace][gc,age      ] GC(5) - age   2:    4463360 bytes,    7669760 total
[2025-04-17T12:46:30.636+0000][70903][trace][gc,age      ] GC(5) - age   3:    5684712 bytes,   13354472 total
[2025-04-17T12:46:30.636+0000][70903][trace][gc,age      ] GC(5) - age   4:    9052920 bytes,   22407392 total
[2025-04-17T12:46:30.636+0000][70903][info ][gc,heap     ] GC(5) Eden regions: 49->0(231)
[2025-04-17T12:46:30.636+0000][70903][info ][gc,heap     ] GC(5) Survivor regions: 6->6(19)
[2025-04-17T12:46:30.636+0000][70903][info ][gc,heap     ] GC(5) Old regions: 3->3
[2025-04-17T12:46:30.636+0000][70903][info ][gc,heap     ] GC(5) Archive regions: 2->2
[2025-04-17T12:46:30.636+0000][70903][info ][gc,heap     ] GC(5) Humongous regions: 0->0
[2025-04-17T12:46:30.636+0000][70903][info ][gc,metaspace] GC(5) Metaspace: 35130K(35968K)->35130K(35968K) NonClass: 30866K(31360K)->30866K(31360K) Class: 4263K(4608K)->4263K(4608K)
[2025-04-17T12:46:30.636+0000][70903][info ][gc          ] GC(5) Pause Young (Concurrent Start) (Metadata GC Threshold) 234M->38M(8192M) 2.537ms
[2025-04-17T12:46:30.636+0000][70903][info ][gc,cpu      ] GC(5) User=0.01s Sys=0.01s Real=0.00s
[2025-04-17T12:46:30.636+0000][70903][info ][gc          ] GC(6) Concurrent Mark Cycle
[2025-04-17T12:46:30.636+0000][70903][info ][safepoint   ] Safepoint "CollectForMetadataAllocation", Time since last: 67000917 ns, Reaching safepoint: 1541 ns, Cleanup: 33625 ns, At safepoint: 2576709 ns, Total: 2611875 ns
[2025-04-17T12:46:30.636+0000][70903][info ][gc,marking  ] GC(6) Concurrent Clear Claimed Marks
[2025-04-17T12:46:30.636+0000][70903][info ][gc,marking  ] GC(6) Concurrent Clear Claimed Marks 0.023ms
[2025-04-17T12:46:30.636+0000][70903][info ][gc,marking  ] GC(6) Concurrent Scan Root Regions
[2025-04-17T12:46:30.639+0000][70903][info ][gc,marking  ] GC(6) Concurrent Scan Root Regions 2.361ms
[2025-04-17T12:46:30.639+0000][70903][info ][gc,marking  ] GC(6) Concurrent Mark
[2025-04-17T12:46:30.639+0000][70903][info ][gc,marking  ] GC(6) Concurrent Mark From Roots
[2025-04-17T12:46:30.639+0000][70903][info ][gc,task     ] GC(6) Using 2 workers of 2 for marking
[2025-04-17T12:46:30.644+0000][70903][info ][gc,marking  ] GC(6) Concurrent Mark From Roots 4.924ms
[2025-04-17T12:46:30.644+0000][70903][info ][gc,marking  ] GC(6) Concurrent Preclean
[2025-04-17T12:46:30.644+0000][70903][info ][gc,marking  ] GC(6) Concurrent Preclean 0.039ms
[2025-04-17T12:46:30.644+0000][70903][info ][gc,start    ] GC(6) Pause Remark
[2025-04-17T12:46:30.645+0000][70903][info ][gc          ] GC(6) Pause Remark 40M->40M(8192M) 1.240ms
[2025-04-17T12:46:30.645+0000][70903][info ][gc,cpu      ] GC(6) User=0.01s Sys=0.00s Real=0.00s
[2025-04-17T12:46:30.645+0000][70903][info ][safepoint   ] Safepoint "G1PauseRemark", Time since last: 7411958 ns, Reaching safepoint: 18250 ns, Cleanup: 7833 ns, At safepoint: 1267834 ns, Total: 1293917 ns
[2025-04-17T12:46:30.645+0000][70903][info ][gc,marking  ] GC(6) Concurrent Mark 6.314ms
[2025-04-17T12:46:30.645+0000][70903][info ][gc,marking  ] GC(6) Concurrent Rebuild Remembered Sets
[2025-04-17T12:46:30.648+0000][70903][info ][gc,marking  ] GC(6) Concurrent Rebuild Remembered Sets 3.057ms
[2025-04-17T12:46:30.648+0000][70903][info ][gc,start    ] GC(6) Pause Cleanup
[2025-04-17T12:46:30.648+0000][70903][info ][gc          ] GC(6) Pause Cleanup 40M->40M(8192M) 0.091ms
[2025-04-17T12:46:30.648+0000][70903][info ][gc,cpu      ] GC(6) User=0.00s Sys=0.00s Real=0.00s
[2025-04-17T12:46:30.648+0000][70903][info ][safepoint   ] Safepoint "G1PauseCleanup", Time since last: 3115250 ns, Reaching safepoint: 44291 ns, Cleanup: 1125 ns, At safepoint: 119584 ns, Total: 165000 ns
[2025-04-17T12:46:30.648+0000][70903][info ][gc,marking  ] GC(6) Concurrent Cleanup for Next Mark
[2025-04-17T12:46:30.654+0000][70903][info ][gc,marking  ] GC(6) Concurrent Cleanup for Next Mark 5.712ms
[2025-04-17T12:46:30.654+0000][70903][info ][gc          ] GC(6) Concurrent Mark Cycle 17.749ms
[2025-04-17T12:46:30.758+0000][70903][info ][safepoint   ] Safepoint "ICBufferFull", Time since last: 109069375 ns, Reaching safepoint: 19166 ns, Cleanup: 65209 ns, At safepoint: 1416 ns, Total: 85791 ns
[2025-04-17T12:46:30.849+0000][70903][info ][safepoint   ] Safepoint "ICBufferFull", Time since last: 91473584 ns, Reaching safepoint: 1375 ns, Cleanup: 49625 ns, At safepoint: 291 ns, Total: 51291 ns
[2025-04-17T12:46:30.939+0000][70903][info ][safepoint   ] Safepoint "ICBufferFull", Time since last: 90173834 ns, Reaching safepoint: 18708 ns, Cleanup: 96125 ns, At safepoint: 1542 ns, Total: 116375 ns
[2025-04-17T12:46:30.956+0000][70903][info ][safepoint   ] Safepoint "ICBufferFull", Time since last: 16420375 ns, Reaching safepoint: 18000 ns, Cleanup: 215958 ns, At safepoint: 1125 ns, Total: 235083 ns
[2025-04-17T12:46:30.981+0000][70903][info ][safepoint   ] Safepoint "ICBufferFull", Time since last: 24926792 ns, Reaching safepoint: 1333 ns, Cleanup: 83125 ns, At safepoint: 583 ns, Total: 85041 ns
[2025-04-17T12:46:31.237+0000][70903][info ][safepoint   ] Safepoint "ICBufferFull", Time since last: 255690084 ns, Reaching safepoint: 1458 ns, Cleanup: 82000 ns, At safepoint: 1708 ns, Total: 85166 ns
[2025-04-17T12:46:31.680+0000][70903][info ][safepoint   ] Safepoint "ICBufferFull", Time since last: 442944375 ns, Reaching safepoint: 1500 ns, Cleanup: 64625 ns, At safepoint: 500 ns, Total: 66625 ns
[2025-04-17T12:46:31.737+0000][70903][info ][safepoint   ] Safepoint "ICBufferFull", Time since last: 57426334 ns, Reaching safepoint: 1958 ns, Cleanup: 52708 ns, At safepoint: 417 ns, Total: 55083 ns
[2025-04-17T12:46:31.812+0000][70903][info ][safepoint   ] Safepoint "ICBufferFull", Time since last: 74400417 ns, Reaching safepoint: 1833 ns, Cleanup: 78792 ns, At safepoint: 1333 ns, Total: 81958 ns
[2025-04-17T12:46:31.904+0000][70903][info ][safepoint   ] Safepoint "ICBufferFull", Time since last: 92518833 ns, Reaching safepoint: 18334 ns, Cleanup: 121500 ns, At safepoint: 2041 ns, Total: 141875 ns
[2025-04-17T12:46:31.940+0000][70903][info ][gc,start    ] GC(7) Pause Young (Concurrent Start) (Metadata GC Threshold)
[2025-04-17T12:46:31.940+0000][70903][info ][gc,task     ] GC(7) Using 8 workers of 8 for evacuation
[2025-04-17T12:46:31.940+0000][70903][debug][gc,age      ] GC(7) Desired survivor size 73400320 bytes, new threshold 15 (max threshold 15)
[2025-04-17T12:46:31.952+0000][70903][info ][gc,phases   ] GC(7)   Pre Evacuate Collection Set: 0.2ms
[2025-04-17T12:46:31.952+0000][70903][info ][gc,phases   ] GC(7)   Merge Heap Roots: 0.0ms
[2025-04-17T12:46:31.952+0000][70903][info ][gc,phases   ] GC(7)   Evacuate Collection Set: 11.7ms
[2025-04-17T12:46:31.952+0000][70903][info ][gc,phases   ] GC(7)   Post Evacuate Collection Set: 0.7ms
[2025-04-17T12:46:31.952+0000][70903][info ][gc,phases   ] GC(7)   Other: 0.1ms
[2025-04-17T12:46:31.952+0000][70903][trace][gc,age      ] GC(7) Age table with threshold 15 (max threshold 15)
[2025-04-17T12:46:31.952+0000][70903][trace][gc,age      ] GC(7) - age   1:   25184248 bytes,   25184248 total
[2025-04-17T12:46:31.952+0000][70903][trace][gc,age      ] GC(7) - age   2:    3171512 bytes,   28355760 total
[2025-04-17T12:46:31.952+0000][70903][trace][gc,age      ] GC(7) - age   3:    4407176 bytes,   32762936 total
[2025-04-17T12:46:31.952+0000][70903][trace][gc,age      ] GC(7) - age   4:    5659384 bytes,   38422320 total
[2025-04-17T12:46:31.952+0000][70903][trace][gc,age      ] GC(7) - age   5:    9015680 bytes,   47438000 total
[2025-04-17T12:46:31.952+0000][70903][info ][gc,heap     ] GC(7) Eden regions: 116->0(125)
[2025-04-17T12:46:31.952+0000][70903][info ][gc,heap     ] GC(7) Survivor regions: 6->12(35)
[2025-04-17T12:46:31.952+0000][70903][info ][gc,heap     ] GC(7) Old regions: 3->3
[2025-04-17T12:46:31.952+0000][70903][info ][gc,heap     ] GC(7) Archive regions: 2->2
[2025-04-17T12:46:31.952+0000][70903][info ][gc,heap     ] GC(7) Humongous regions: 0->0
[2025-04-17T12:46:31.952+0000][70903][info ][gc,metaspace] GC(7) Metaspace: 58652K(60096K)->58652K(60096K) NonClass: 50979K(51840K)->50979K(51840K) Class: 7673K(8256K)->7673K(8256K)
[2025-04-17T12:46:31.952+0000][70903][info ][gc          ] GC(7) Pause Young (Concurrent Start) (Metadata GC Threshold) 502M->62M(8192M) 12.811ms
[2025-04-17T12:46:31.952+0000][70903][info ][gc,cpu      ] GC(7) User=0.05s Sys=0.01s Real=0.01s
[2025-04-17T12:46:31.952+0000][70903][info ][gc          ] GC(8) Concurrent Mark Cycle
[2025-04-17T12:46:31.952+0000][70903][info ][safepoint   ] Safepoint "CollectForMetadataAllocation", Time since last: 35080459 ns, Reaching safepoint: 1583 ns, Cleanup: 69167 ns, At safepoint: 12856916 ns, Total: 12927666 ns
[2025-04-17T12:46:31.952+0000][70903][info ][gc,marking  ] GC(8) Concurrent Clear Claimed Marks
[2025-04-17T12:46:31.953+0000][70903][info ][gc,marking  ] GC(8) Concurrent Clear Claimed Marks 0.116ms
[2025-04-17T12:46:31.953+0000][70903][info ][gc,marking  ] GC(8) Concurrent Scan Root Regions
[2025-04-17T12:46:31.961+0000][70903][info ][safepoint   ] Safepoint "CollectForMetadataAllocation", Time since last: 8401125 ns, Reaching safepoint: 18667 ns, Cleanup: 5125 ns, At safepoint: 8292 ns, Total: 32084 ns
[2025-04-17T12:46:31.961+0000][70903][info ][gc,marking  ] GC(8) Concurrent Scan Root Regions 8.336ms
[2025-04-17T12:46:31.961+0000][70903][info ][gc,marking  ] GC(8) Concurrent Mark
[2025-04-17T12:46:31.961+0000][70903][info ][gc,marking  ] GC(8) Concurrent Mark From Roots
[2025-04-17T12:46:31.961+0000][70903][info ][gc,task     ] GC(8) Using 2 workers of 2 for marking
[2025-04-17T12:46:31.964+0000][70903][info ][gc,marking  ] GC(8) Concurrent Mark From Roots 3.285ms
[2025-04-17T12:46:31.964+0000][70903][info ][gc,marking  ] GC(8) Concurrent Preclean
[2025-04-17T12:46:31.964+0000][70903][info ][gc,marking  ] GC(8) Concurrent Preclean 0.042ms
[2025-04-17T12:46:31.964+0000][70903][info ][gc,start    ] GC(8) Pause Remark
[2025-04-17T12:46:31.966+0000][70903][info ][gc          ] GC(8) Pause Remark 66M->66M(8192M) 1.269ms
[2025-04-17T12:46:31.966+0000][70903][info ][gc,cpu      ] GC(8) User=0.00s Sys=0.00s Real=0.00s
[2025-04-17T12:46:31.966+0000][70903][info ][safepoint   ] Safepoint "G1PauseRemark", Time since last: 3443708 ns, Reaching safepoint: 100208 ns, Cleanup: 1167 ns, At safepoint: 1303250 ns, Total: 1404625 ns
[2025-04-17T12:46:31.966+0000][70903][info ][gc,marking  ] GC(8) Concurrent Mark 4.802ms
[2025-04-17T12:46:31.966+0000][70903][info ][gc,marking  ] GC(8) Concurrent Rebuild Remembered Sets
[2025-04-17T12:46:31.968+0000][70903][info ][gc,marking  ] GC(8) Concurrent Rebuild Remembered Sets 2.362ms
[2025-04-17T12:46:31.968+0000][70903][info ][gc,start    ] GC(8) Pause Cleanup
[2025-04-17T12:46:31.968+0000][70903][info ][gc          ] GC(8) Pause Cleanup 66M->66M(8192M) 0.096ms
[2025-04-17T12:46:31.968+0000][70903][info ][gc,cpu      ] GC(8) User=0.00s Sys=0.00s Real=0.00s
[2025-04-17T12:46:31.968+0000][70903][info ][safepoint   ] Safepoint "G1PauseCleanup", Time since last: 2412708 ns, Reaching safepoint: 16375 ns, Cleanup: 875 ns, At safepoint: 116667 ns, Total: 133917 ns
[2025-04-17T12:46:31.968+0000][70903][info ][gc,marking  ] GC(8) Concurrent Cleanup for Next Mark
[2025-04-17T12:46:31.971+0000][70903][info ][gc,marking  ] GC(8) Concurrent Cleanup for Next Mark 3.100ms
[2025-04-17T12:46:31.971+0000][70903][info ][gc          ] GC(8) Concurrent Mark Cycle 18.968ms
[2025-04-17T12:46:32.134+0000][70903][info ][safepoint   ] Safepoint "ICBufferFull", Time since last: 165324958 ns, Reaching safepoint: 1292 ns, Cleanup: 57583 ns, At safepoint: 459 ns, Total: 59334 ns
[2025-04-17T12:46:32.554+0000][70903][info ][safepoint   ] Safepoint "ICBufferFull", Time since last: 419927291 ns, Reaching safepoint: 1792 ns, Cleanup: 163208 ns, At safepoint: 625 ns, Total: 165625 ns
[2025-04-17T12:46:33.117+0000][70903][info ][safepoint   ] Safepoint "ICBufferFull", Time since last: 562990209 ns, Reaching safepoint: 17750 ns, Cleanup: 60958 ns, At safepoint: 1292 ns, Total: 80000 ns
[2025-04-17T12:46:33.242+0000][70903][info ][safepoint   ] Safepoint "ICBufferFull", Time since last: 125477375 ns, Reaching safepoint: 1958 ns, Cleanup: 56167 ns, At safepoint: 1250 ns, Total: 59375 ns
[2025-04-17T12:46:33.311+0000][70903][info ][gc,start    ] GC(9) Pause Young (Concurrent Start) (G1 Evacuation Pause)
[2025-04-17T12:46:33.311+0000][70903][info ][gc,task     ] GC(9) Using 8 workers of 8 for evacuation
[2025-04-17T12:46:33.311+0000][70903][debug][gc,age      ] GC(9) Desired survivor size 39845888 bytes, new threshold 5 (max threshold 15)
[2025-04-17T12:46:33.326+0000][70903][info ][gc,phases   ] GC(9)   Pre Evacuate Collection Set: 0.2ms
[2025-04-17T12:46:33.326+0000][70903][info ][gc,phases   ] GC(9)   Merge Heap Roots: 0.0ms
[2025-04-17T12:46:33.326+0000][70903][info ][gc,phases   ] GC(9)   Evacuate Collection Set: 14.1ms
[2025-04-17T12:46:33.326+0000][70903][info ][gc,phases   ] GC(9)   Post Evacuate Collection Set: 0.7ms
[2025-04-17T12:46:33.326+0000][70903][info ][gc,phases   ] GC(9)   Other: 0.1ms
[2025-04-17T12:46:33.326+0000][70903][trace][gc,age      ] GC(9) Age table with threshold 5 (max threshold 15)
[2025-04-17T12:46:33.326+0000][70903][trace][gc,age      ] GC(9) - age   1:    8865336 bytes,    8865336 total
[2025-04-17T12:46:33.326+0000][70903][trace][gc,age      ] GC(9) - age   2:   24777832 bytes,   33643168 total
[2025-04-17T12:46:33.326+0000][70903][trace][gc,age      ] GC(9) - age   3:    3164256 bytes,   36807424 total
[2025-04-17T12:46:33.326+0000][70903][trace][gc,age      ] GC(9) - age   4:    4361832 bytes,   41169256 total
[2025-04-17T12:46:33.326+0000][70903][trace][gc,age      ] GC(9) - age   5:    5633200 bytes,   46802456 total
[2025-04-17T12:46:33.326+0000][70903][info ][gc,heap     ] GC(9) Eden regions: 137->0(154)
[2025-04-17T12:46:33.326+0000][70903][info ][gc,heap     ] GC(9) Survivor regions: 12->13(19)
[2025-04-17T12:46:33.326+0000][70903][info ][gc,heap     ] GC(9) Old regions: 3->6
[2025-04-17T12:46:33.326+0000][70903][info ][gc,heap     ] GC(9) Archive regions: 2->2
[2025-04-17T12:46:33.326+0000][70903][info ][gc,heap     ] GC(9) Humongous regions: 0->0
[2025-04-17T12:46:33.326+0000][70903][info ][gc,metaspace] GC(9) Metaspace: 77187K(78848K)->77187K(78848K) NonClass: 66724K(67648K)->66724K(67648K) Class: 10462K(11200K)->10462K(11200K)
[2025-04-17T12:46:33.326+0000][70903][info ][gc          ] GC(9) Pause Young (Concurrent Start) (G1 Evacuation Pause) 610M->72M(8192M) 15.390ms
[2025-04-17T12:46:33.326+0000][70903][info ][gc,cpu      ] GC(9) User=0.06s Sys=0.01s Real=0.01s
[2025-04-17T12:46:33.326+0000][70903][info ][safepoint   ] Safepoint "G1CollectForAllocation", Time since last: 68150583 ns, Reaching safepoint: 1458 ns, Cleanup: 49042 ns, At safepoint: 15424333 ns, Total: 15474833 ns
[2025-04-17T12:46:33.326+0000][70903][info ][gc          ] GC(10) Concurrent Mark Cycle
[2025-04-17T12:46:33.326+0000][70903][info ][gc,marking  ] GC(10) Concurrent Clear Claimed Marks
[2025-04-17T12:46:33.326+0000][70903][info ][gc,marking  ] GC(10) Concurrent Clear Claimed Marks 0.041ms
[2025-04-17T12:46:33.326+0000][70903][info ][gc,marking  ] GC(10) Concurrent Scan Root Regions
[2025-04-17T12:46:33.336+0000][70903][info ][gc,marking  ] GC(10) Concurrent Scan Root Regions 9.865ms
[2025-04-17T12:46:33.336+0000][70903][info ][gc,marking  ] GC(10) Concurrent Mark
[2025-04-17T12:46:33.336+0000][70903][info ][gc,marking  ] GC(10) Concurrent Mark From Roots
[2025-04-17T12:46:33.336+0000][70903][info ][gc,task     ] GC(10) Using 2 workers of 2 for marking
[2025-04-17T12:46:33.340+0000][70903][info ][gc,marking  ] GC(10) Concurrent Mark From Roots 3.812ms
[2025-04-17T12:46:33.340+0000][70903][info ][gc,marking  ] GC(10) Concurrent Preclean
[2025-04-17T12:46:33.340+0000][70903][info ][gc,marking  ] GC(10) Concurrent Preclean 0.054ms
[2025-04-17T12:46:33.340+0000][70903][info ][gc,start    ] GC(10) Pause Remark
[2025-04-17T12:46:33.341+0000][70903][info ][gc          ] GC(10) Pause Remark 76M->76M(8192M) 1.370ms
[2025-04-17T12:46:33.341+0000][70903][info ][gc,cpu      ] GC(10) User=0.01s Sys=0.00s Real=0.00s
[2025-04-17T12:46:33.341+0000][70903][info ][safepoint   ] Safepoint "G1PauseRemark", Time since last: 13911500 ns, Reaching safepoint: 1500 ns, Cleanup: 40542 ns, At safepoint: 1398625 ns, Total: 1440667 ns
[2025-04-17T12:46:33.341+0000][70903][info ][gc,marking  ] GC(10) Concurrent Mark 5.386ms
[2025-04-17T12:46:33.341+0000][70903][info ][gc,marking  ] GC(10) Concurrent Rebuild Remembered Sets
[2025-04-17T12:46:33.345+0000][70903][info ][gc,marking  ] GC(10) Concurrent Rebuild Remembered Sets 3.696ms
[2025-04-17T12:46:33.345+0000][70903][info ][gc,start    ] GC(10) Pause Cleanup
[2025-04-17T12:46:33.345+0000][70903][info ][gc          ] GC(10) Pause Cleanup 78M->78M(8192M) 0.094ms
[2025-04-17T12:46:33.345+0000][70903][info ][gc,cpu      ] GC(10) User=0.00s Sys=0.00s Real=0.00s
[2025-04-17T12:46:33.345+0000][70903][info ][safepoint   ] Safepoint "G1PauseCleanup", Time since last: 3740292 ns, Reaching safepoint: 16458 ns, Cleanup: 6792 ns, At safepoint: 115000 ns, Total: 138250 ns
[2025-04-17T12:46:33.345+0000][70903][info ][gc,marking  ] GC(10) Concurrent Cleanup for Next Mark
[2025-04-17T12:46:33.348+0000][70903][info ][gc,marking  ] GC(10) Concurrent Cleanup for Next Mark 3.127ms
[2025-04-17T12:46:33.348+0000][70903][info ][gc          ] GC(10) Concurrent Mark Cycle 22.385ms
[2025-04-17T12:46:33.676+0000][70903][info ][safepoint   ] Safepoint "ICBufferFull", Time since last: 330185125 ns, Reaching safepoint: 1750 ns, Cleanup: 89000 ns, At safepoint: 1208 ns, Total: 91958 ns
[2025-04-17T12:46:33.757+0000][70903][info ][safepoint   ] Safepoint "ICBufferFull", Time since last: 81024417 ns, Reaching safepoint: 2083 ns, Cleanup: 52417 ns, At safepoint: 708 ns, Total: 55208 ns
[2025-04-17T12:46:33.906+0000][70903][info ][safepoint   ] Safepoint "ICBufferFull", Time since last: 148892333 ns, Reaching safepoint: 1792 ns, Cleanup: 52917 ns, At safepoint: 625 ns, Total: 55334 ns
[2025-04-17T12:46:33.999+0000][70903][info ][safepoint   ] Safepoint "ICBufferFull", Time since last: 93333041 ns, Reaching safepoint: 1917 ns, Cleanup: 51625 ns, At safepoint: 583 ns, Total: 54125 ns
[2025-04-17T12:46:34.305+0000][70903][info ][safepoint   ] Safepoint "ICBufferFull", Time since last: 306145750 ns, Reaching safepoint: 3875 ns, Cleanup: 53500 ns, At safepoint: 1625 ns, Total: 59000 ns
[2025-04-17T12:46:34.362+0000][70903][info ][safepoint   ] Safepoint "ICBufferFull", Time since last: 56293459 ns, Reaching safepoint: 20416 ns, Cleanup: 55792 ns, At safepoint: 17042 ns, Total: 93250 ns
[2025-04-17T12:46:34.362+0000][70903][info ][safepoint   ] Safepoint "ICBufferFull", Time since last: 881208 ns, Reaching safepoint: 20000 ns, Cleanup: 2750 ns, At safepoint: 34750 ns, Total: 57500 ns
[2025-04-17T12:46:34.363+0000][70903][info ][safepoint   ] Safepoint "ICBufferFull", Time since last: 560667 ns, Reaching safepoint: 54958 ns, Cleanup: 4167 ns, At safepoint: 5666 ns, Total: 64791 ns
[2025-04-17T12:46:34.363+0000][70903][info ][safepoint   ] Safepoint "ICBufferFull", Time since last: 48584 ns, Reaching safepoint: 86708 ns, Cleanup: 500 ns, At safepoint: 5083 ns, Total: 92291 ns
[2025-04-17T12:46:34.391+0000][70903][info ][safepoint   ] Safepoint "ICBufferFull", Time since last: 28060500 ns, Reaching safepoint: 18750 ns, Cleanup: 47292 ns, At safepoint: 2917 ns, Total: 68959 ns
[2025-04-17T12:46:34.412+0000][70903][info ][safepoint   ] Safepoint "ICBufferFull", Time since last: 19858083 ns, Reaching safepoint: 234792 ns, Cleanup: 59250 ns, At safepoint: 2416 ns, Total: 296458 ns
[2025-04-17T12:46:34.428+0000][70903][info ][safepoint   ] Safepoint "ICBufferFull", Time since last: 16458667 ns, Reaching safepoint: 3375 ns, Cleanup: 42542 ns, At safepoint: 2708 ns, Total: 48625 ns
[2025-04-17T12:46:34.444+0000][70903][info ][safepoint   ] Safepoint "ICBufferFull", Time since last: 15714417 ns, Reaching safepoint: 3625 ns, Cleanup: 49625 ns, At safepoint: 1916 ns, Total: 55166 ns
[2025-04-17T12:46:34.469+0000][70903][info ][safepoint   ] Safepoint "ICBufferFull", Time since last: 24813792 ns, Reaching safepoint: 3708 ns, Cleanup: 45667 ns, At safepoint: 1792 ns, Total: 51167 ns
[2025-04-17T12:46:34.498+0000][70903][info ][safepoint   ] Safepoint "ICBufferFull", Time since last: 29274541 ns, Reaching safepoint: 4084 ns, Cleanup: 61875 ns, At safepoint: 1791 ns, Total: 67750 ns
[2025-04-17T12:46:34.526+0000][70903][info ][safepoint   ] Safepoint "ICBufferFull", Time since last: 27436625 ns, Reaching safepoint: 4625 ns, Cleanup: 100417 ns, At safepoint: 667 ns, Total: 105709 ns
[2025-04-17T12:46:34.724+0000][70903][info ][safepoint   ] Safepoint "ICBufferFull", Time since last: 198292791 ns, Reaching safepoint: 5000 ns, Cleanup: 65084 ns, At safepoint: 750 ns, Total: 70834 ns
[2025-04-17T12:46:34.893+0000][70903][info ][safepoint   ] Safepoint "ICBufferFull", Time since last: 169113958 ns, Reaching safepoint: 4500 ns, Cleanup: 88958 ns, At safepoint: 959 ns, Total: 94417 ns
[2025-04-17T12:46:35.092+0000][70903][info ][safepoint   ] Safepoint "ICBufferFull", Time since last: 199169375 ns, Reaching safepoint: 5000 ns, Cleanup: 92416 ns, At safepoint: 2084 ns, Total: 99500 ns
[2025-04-17T12:46:35.234+0000][70903][info ][safepoint   ] Safepoint "ICBufferFull", Time since last: 141255333 ns, Reaching safepoint: 4375 ns, Cleanup: 71042 ns, At safepoint: 666 ns, Total: 76083 ns
[2025-04-17T12:46:35.294+0000][70903][info ][safepoint   ] Safepoint "ICBufferFull", Time since last: 59774459 ns, Reaching safepoint: 4541 ns, Cleanup: 66167 ns, At safepoint: 875 ns, Total: 71583 ns
[2025-04-17T12:46:35.453+0000][70903][info ][safepoint   ] Safepoint "ICBufferFull", Time since last: 159086292 ns, Reaching safepoint: 4416 ns, Cleanup: 43084 ns, At safepoint: 2250 ns, Total: 49750 ns
[2025-04-17T12:46:35.490+0000][70903][info ][safepoint   ] Safepoint "ICBufferFull", Time since last: 36969416 ns, Reaching safepoint: 82292 ns, Cleanup: 69542 ns, At safepoint: 1958 ns, Total: 153792 ns
[2025-04-17T12:46:35.598+0000][70903][info ][safepoint   ] Safepoint "ICBufferFull", Time since last: 107928958 ns, Reaching safepoint: 4792 ns, Cleanup: 93583 ns, At safepoint: 2292 ns, Total: 100667 ns
[2025-04-17T12:46:36.603+0000][70903][info ][safepoint   ] Safepoint "Cleanup", Time since last: 1005088083 ns, Reaching safepoint: 26084 ns, Cleanup: 249958 ns, At safepoint: 5917 ns, Total: 281959 ns
[2025-04-17T12:46:37.609+0000][70903][info ][safepoint   ] Safepoint "Cleanup", Time since last: 1005279541 ns, Reaching safepoint: 49625 ns, Cleanup: 46917 ns, At safepoint: 7250 ns, Total: 103792 ns
[2025-04-17T12:46:38.614+0000][70903][info ][safepoint   ] Safepoint "Cleanup", Time since last: 1005224667 ns, Reaching safepoint: 25125 ns, Cleanup: 35291 ns, At safepoint: 3834 ns, Total: 64250 ns
[2025-04-17T12:46:39.617+0000][70903][info ][safepoint   ] Safepoint "Cleanup", Time since last: 1003171750 ns, Reaching safepoint: 25875 ns, Cleanup: 34541 ns, At safepoint: 3667 ns, Total: 64083 ns
[2025-04-17T12:46:40.622+0000][70903][info ][safepoint   ] Safepoint "Cleanup", Time since last: 1005276042 ns, Reaching safepoint: 25458 ns, Cleanup: 34500 ns, At safepoint: 3208 ns, Total: 63166 ns
[2025-04-17T12:46:41.628+0000][70903][info ][safepoint   ] Safepoint "Cleanup", Time since last: 1005242250 ns, Reaching safepoint: 13292 ns, Cleanup: 17417 ns, At safepoint: 2416 ns, Total: 33125 ns
[2025-04-17T12:46:43.507+0000][70903][info ][safepoint   ] Safepoint "ICBufferFull", Time since last: 1879205167 ns, Reaching safepoint: 4458 ns, Cleanup: 73000 ns, At safepoint: 1500 ns, Total: 78958 ns
[2025-04-17T12:46:43.603+0000][70903][info ][safepoint   ] Safepoint "ICBufferFull", Time since last: 96238834 ns, Reaching safepoint: 18750 ns, Cleanup: 47500 ns, At safepoint: 1625 ns, Total: 67875 ns
[2025-04-17T12:46:43.792+0000][70903][info ][safepoint   ] Safepoint "ICBufferFull", Time since last: 188394916 ns, Reaching safepoint: 4750 ns, Cleanup: 56917 ns, At safepoint: 625 ns, Total: 62292 ns
[2025-04-17T12:46:44.797+0000][70903][info ][safepoint   ] Safepoint "Cleanup", Time since last: 1005059458 ns, Reaching safepoint: 18625 ns, Cleanup: 75209 ns, At safepoint: 2541 ns, Total: 96375 ns
[2025-04-17T12:46:47.809+0000][70903][info ][safepoint   ] Safepoint "Cleanup", Time since last: 3012024709 ns, Reaching safepoint: 29250 ns, Cleanup: 32333 ns, At safepoint: 3417 ns, Total: 65000 ns
[2025-04-17T12:46:50.820+0000][70903][info ][safepoint   ] Safepoint "Cleanup", Time since last: 3011160291 ns, Reaching safepoint: 28417 ns, Cleanup: 33083 ns, At safepoint: 3292 ns, Total: 64792 ns
[2025-04-17T12:46:54.838+0000][70903][info ][safepoint   ] Safepoint "Cleanup", Time since last: 4017374417 ns, Reaching safepoint: 26083 ns, Cleanup: 27125 ns, At safepoint: 2917 ns, Total: 56125 ns
[2025-04-17T12:46:55.839+0000][70903][info ][safepoint   ] Safepoint "Cleanup", Time since last: 1000951500 ns, Reaching safepoint: 14041 ns, Cleanup: 17417 ns, At safepoint: 2167 ns, Total: 33625 ns
[2025-04-17T12:47:00.060+0000][70903][info ][safepoint   ] Safepoint "Cleanup", Time since last: 4221546125 ns, Reaching safepoint: 20208 ns, Cleanup: 11583 ns, At safepoint: 1542 ns, Total: 33333 ns
[2025-04-17T12:47:01.065+0000][70903][info ][safepoint   ] Safepoint "Cleanup", Time since last: 1005082542 ns, Reaching safepoint: 27875 ns, Cleanup: 82833 ns, At safepoint: 3542 ns, Total: 114250 ns
[2025-04-17T12:47:04.076+0000][70903][info ][safepoint   ] Safepoint "Cleanup", Time since last: 3010402916 ns, Reaching safepoint: 25875 ns, Cleanup: 19667 ns, At safepoint: 2833 ns, Total: 48375 ns
[2025-04-17T12:47:05.076+0000][70903][info ][safepoint   ] Safepoint "Cleanup", Time since last: 1000415792 ns, Reaching safepoint: 28125 ns, Cleanup: 74083 ns, At safepoint: 9167 ns, Total: 111375 ns
[2025-04-17T12:47:08.088+0000][70903][info ][safepoint   ] Safepoint "Cleanup", Time since last: 3011534083 ns, Reaching safepoint: 30000 ns, Cleanup: 41500 ns, At safepoint: 2625 ns, Total: 74125 ns
[2025-04-17T12:47:14.105+0000][70903][info ][safepoint   ] Safepoint "Cleanup", Time since last: 6017330875 ns, Reaching safepoint: 29375 ns, Cleanup: 53584 ns, At safepoint: 3500 ns, Total: 86459 ns
[2025-04-17T12:47:16.110+0000][70903][info ][safepoint   ] Safepoint "Cleanup", Time since last: 2004135250 ns, Reaching safepoint: 30375 ns, Cleanup: 30666 ns, At safepoint: 2250 ns, Total: 63291 ns
[2025-04-17T12:47:20.121+0000][70903][info ][safepoint   ] Safepoint "Cleanup", Time since last: 4011261250 ns, Reaching safepoint: 26625 ns, Cleanup: 31000 ns, At safepoint: 3167 ns, Total: 60792 ns
[2025-04-17T12:47:28.496+0000][70903][info ][safepoint   ] Safepoint "Cleanup", Time since last: 8374784125 ns, Reaching safepoint: 28458 ns, Cleanup: 51125 ns, At safepoint: 3500 ns, Total: 83083 ns
[2025-04-17T12:47:31.511+0000][70903][info ][safepoint   ] Safepoint "Cleanup", Time since last: 3014953334 ns, Reaching safepoint: 28791 ns, Cleanup: 31417 ns, At safepoint: 3750 ns, Total: 63958 ns
[2025-04-17T12:47:34.523+0000][70903][info ][safepoint   ] Safepoint "Cleanup", Time since last: 3012098292 ns, Reaching safepoint: 27875 ns, Cleanup: 55500 ns, At safepoint: 3583 ns, Total: 86958 ns
[2025-04-17T12:47:35.527+0000][70903][info ][safepoint   ] Safepoint "Cleanup", Time since last: 1003877292 ns, Reaching safepoint: 25083 ns, Cleanup: 27292 ns, At safepoint: 3041 ns, Total: 55416 ns
[2025-04-17T12:47:41.549+0000][70903][info ][safepoint   ] Safepoint "Cleanup", Time since last: 6021695584 ns, Reaching safepoint: 27375 ns, Cleanup: 29708 ns, At safepoint: 3667 ns, Total: 60750 ns
[2025-04-17T12:47:42.554+0000][70903][info ][safepoint   ] Safepoint "Cleanup", Time since last: 1005293666 ns, Reaching safepoint: 53250 ns, Cleanup: 84917 ns, At safepoint: 4500 ns, Total: 142667 ns
[2025-04-17T12:47:43.560+0000][70903][info ][safepoint   ] Safepoint "Cleanup", Time since last: 1005362333 ns, Reaching safepoint: 27417 ns, Cleanup: 32083 ns, At safepoint: 3542 ns, Total: 63042 ns
[2025-04-17T12:47:44.565+0000][70903][info ][safepoint   ] Safepoint "Cleanup", Time since last: 1005594042 ns, Reaching safepoint: 28791 ns, Cleanup: 33750 ns, At safepoint: 3875 ns, Total: 66416 ns
[2025-04-17T12:47:46.576+0000][70903][info ][safepoint   ] Safepoint "Cleanup", Time since last: 2010304667 ns, Reaching safepoint: 29083 ns, Cleanup: 33250 ns, At safepoint: 4334 ns, Total: 66667 ns
[2025-04-17T12:47:52.597+0000][70903][info ][safepoint   ] Safepoint "Cleanup", Time since last: 6021469541 ns, Reaching safepoint: 27500 ns, Cleanup: 31250 ns, At safepoint: 3667 ns, Total: 62417 ns
[2025-04-17T12:48:02.639+0000][70903][info ][safepoint   ] Safepoint "Cleanup", Time since last: 10041734125 ns, Reaching safepoint: 26333 ns, Cleanup: 36959 ns, At safepoint: 3666 ns, Total: 66958 ns
[2025-04-17T12:48:04.647+0000][70903][info ][safepoint   ] Safepoint "Cleanup", Time since last: 2008305500 ns, Reaching safepoint: 25625 ns, Cleanup: 32375 ns, At safepoint: 2709 ns, Total: 60709 ns
[2025-04-17T12:48:07.662+0000][70903][info ][safepoint   ] Safepoint "Cleanup", Time since last: 3014241875 ns, Reaching safepoint: 26291 ns, Cleanup: 23834 ns, At safepoint: 3708 ns, Total: 53833 ns
[2025-04-17T12:48:13.685+0000][70903][info ][safepoint   ] Safepoint "Cleanup", Time since last: 6023322958 ns, Reaching safepoint: 27084 ns, Cleanup: 39708 ns, At safepoint: 3500 ns, Total: 70292 ns
[2025-04-17T12:48:17.703+0000][70903][info ][safepoint   ] Safepoint "Cleanup", Time since last: 4017607750 ns, Reaching safepoint: 27000 ns, Cleanup: 29083 ns, At safepoint: 3000 ns, Total: 59083 ns
[2025-04-17T12:48:18.708+0000][70903][info ][safepoint   ] Safepoint "Cleanup", Time since last: 1004826542 ns, Reaching safepoint: 26875 ns, Cleanup: 30083 ns, At safepoint: 3542 ns, Total: 60500 ns
[2025-04-17T12:48:23.729+0000][70903][info ][safepoint   ] Safepoint "Cleanup", Time since last: 5021262417 ns, Reaching safepoint: 28375 ns, Cleanup: 32666 ns, At safepoint: 3417 ns, Total: 64458 ns
[2025-04-17T12:48:31.715+0000][70903][info ][safepoint   ] Safepoint "Cleanup", Time since last: 7986422333 ns, Reaching safepoint: 28250 ns, Cleanup: 34625 ns, At safepoint: 3417 ns, Total: 66292 ns
[2025-04-17T12:48:33.722+0000][70903][info ][safepoint   ] Safepoint "Cleanup", Time since last: 2006181625 ns, Reaching safepoint: 27833 ns, Cleanup: 32000 ns, At safepoint: 3375 ns, Total: 63208 ns
[2025-04-17T12:48:34.727+0000][70903][info ][safepoint   ] Safepoint "Cleanup", Time since last: 1005306875 ns, Reaching safepoint: 26917 ns, Cleanup: 30333 ns, At safepoint: 3500 ns, Total: 60750 ns
[2025-04-17T12:48:35.732+0000][70903][info ][safepoint   ] Safepoint "Cleanup", Time since last: 1005236834 ns, Reaching safepoint: 28083 ns, Cleanup: 29500 ns, At safepoint: 3667 ns, Total: 61250 ns
[2025-04-17T12:48:39.751+0000][70903][info ][safepoint   ] Safepoint "Cleanup", Time since last: 4018998375 ns, Reaching safepoint: 27041 ns, Cleanup: 37125 ns, At safepoint: 3167 ns, Total: 67333 ns
[2025-04-17T12:48:40.756+0000][70903][info ][safepoint   ] Safepoint "Cleanup", Time since last: 1004518500 ns, Reaching safepoint: 15542 ns, Cleanup: 23333 ns, At safepoint: 2458 ns, Total: 41333 ns
[2025-04-17T12:48:43.763+0000][70903][info ][safepoint   ] Safepoint "Cleanup", Time since last: 3007026917 ns, Reaching safepoint: 25917 ns, Cleanup: 30250 ns, At safepoint: 3416 ns, Total: 59583 ns
[2025-04-17T12:48:50.793+0000][70903][info ][safepoint   ] Safepoint "Cleanup", Time since last: 7030058792 ns, Reaching safepoint: 15208 ns, Cleanup: 17667 ns, At safepoint: 2375 ns, Total: 35250 ns
[2025-04-17T12:49:04.843+0000][70903][info ][safepoint   ] Safepoint "Cleanup", Time since last: 14049281958 ns, Reaching safepoint: 27667 ns, Cleanup: 50917 ns, At safepoint: 3250 ns, Total: 81834 ns
[2025-04-17T12:49:10.869+0000][70903][info ][safepoint   ] Safepoint "Cleanup", Time since last: 6026078500 ns, Reaching safepoint: 27875 ns, Cleanup: 110916 ns, At safepoint: 3334 ns, Total: 142125 ns
[2025-04-17T12:49:13.883+0000][70903][info ][safepoint   ] Safepoint "Cleanup", Time since last: 3014355500 ns, Reaching safepoint: 28208 ns, Cleanup: 37250 ns, At safepoint: 3292 ns, Total: 68750 ns
[2025-04-17T12:49:14.888+0000][70903][info ][safepoint   ] Safepoint "Cleanup", Time since last: 1004246875 ns, Reaching safepoint: 28000 ns, Cleanup: 31000 ns, At safepoint: 3833 ns, Total: 62833 ns
[2025-04-17T12:49:19.908+0000][70903][info ][safepoint   ] Safepoint "Cleanup", Time since last: 5020248792 ns, Reaching safepoint: 12750 ns, Cleanup: 21458 ns, At safepoint: 2000 ns, Total: 36208 ns
[2025-04-17T12:49:26.935+0000][70903][info ][safepoint   ] Safepoint "Cleanup", Time since last: 7027331667 ns, Reaching safepoint: 14750 ns, Cleanup: 17208 ns, At safepoint: 1917 ns, Total: 33875 ns
[2025-04-17T12:49:37.845+0000][70903][info ][safepoint   ] Safepoint "Cleanup", Time since last: 10910103416 ns, Reaching safepoint: 14250 ns, Cleanup: 20167 ns, At safepoint: 2333 ns, Total: 36750 ns
[2025-04-17T12:49:55.915+0000][70903][info ][safepoint   ] Safepoint "Cleanup", Time since last: 18069507209 ns, Reaching safepoint: 28375 ns, Cleanup: 37833 ns, At safepoint: 3417 ns, Total: 69625 ns
[2025-04-17T12:50:02.947+0000][70903][info ][safepoint   ] Safepoint "Cleanup", Time since last: 7031968458 ns, Reaching safepoint: 27375 ns, Cleanup: 42417 ns, At safepoint: 3166 ns, Total: 72958 ns
[2025-04-17T12:50:04.953+0000][70903][info ][safepoint   ] Safepoint "Cleanup", Time since last: 2006148792 ns, Reaching safepoint: 25167 ns, Cleanup: 124166 ns, At safepoint: 6375 ns, Total: 155708 ns
[2025-04-17T12:50:16.004+0000][70903][info ][safepoint   ] Safepoint "Cleanup", Time since last: 11051009834 ns, Reaching safepoint: 28250 ns, Cleanup: 34250 ns, At safepoint: 3375 ns, Total: 65875 ns
[2025-04-17T12:50:29.967+0000][70903][info ][safepoint   ] Safepoint "Cleanup", Time since last: 13962654541 ns, Reaching safepoint: 27125 ns, Cleanup: 28875 ns, At safepoint: 3334 ns, Total: 59334 ns
[2025-04-17T12:50:34.987+0000][70903][info ][safepoint   ] Safepoint "Cleanup", Time since last: 5020279708 ns, Reaching safepoint: 25542 ns, Cleanup: 26458 ns, At safepoint: 2750 ns, Total: 54750 ns
[2025-04-17T12:50:40.002+0000][70903][info ][safepoint   ] Safepoint "Cleanup", Time since last: 5015008042 ns, Reaching safepoint: 31291 ns, Cleanup: 30334 ns, At safepoint: 4666 ns, Total: 66291 ns
[2025-04-17T12:50:43.018+0000][70903][info ][safepoint   ] Safepoint "Cleanup", Time since last: 3015365959 ns, Reaching safepoint: 26166 ns, Cleanup: 30417 ns, At safepoint: 2500 ns, Total: 59083 ns
[2025-04-17T12:50:44.023+0000][70903][info ][safepoint   ] Safepoint "Cleanup", Time since last: 1004936167 ns, Reaching safepoint: 27541 ns, Cleanup: 38042 ns, At safepoint: 10250 ns, Total: 75833 ns
[2025-04-17T12:50:49.043+0000][70903][info ][safepoint   ] Safepoint "Cleanup", Time since last: 5019998500 ns, Reaching safepoint: 27958 ns, Cleanup: 26084 ns, At safepoint: 3583 ns, Total: 57625 ns
[2025-04-17T12:50:53.063+0000][70903][info ][safepoint   ] Safepoint "Cleanup", Time since last: 4020326750 ns, Reaching safepoint: 27250 ns, Cleanup: 26917 ns, At safepoint: 3083 ns, Total: 57250 ns
[2025-04-17T12:50:54.069+0000][70903][info ][safepoint   ] Safepoint "Cleanup", Time since last: 1005250125 ns, Reaching safepoint: 27208 ns, Cleanup: 30584 ns, At safepoint: 3166 ns, Total: 60958 ns
[2025-04-17T12:51:00.092+0000][70903][info ][safepoint   ] Safepoint "Cleanup", Time since last: 6023510584 ns, Reaching safepoint: 26416 ns, Cleanup: 27209 ns, At safepoint: 2833 ns, Total: 56458 ns
[2025-04-17T12:51:02.103+0000][70903][info ][safepoint   ] Safepoint "Cleanup", Time since last: 2010302667 ns, Reaching safepoint: 27833 ns, Cleanup: 33500 ns, At safepoint: 3208 ns, Total: 64541 ns
[2025-04-17T12:51:17.159+0000][70903][info ][safepoint   ] Safepoint "Cleanup", Time since last: 15055969542 ns, Reaching safepoint: 29042 ns, Cleanup: 27250 ns, At safepoint: 3833 ns, Total: 60125 ns
[2025-04-17T12:51:22.226+0000][70903][info ][safepoint   ] Safepoint "Cleanup", Time since last: 5067479333 ns, Reaching safepoint: 26250 ns, Cleanup: 274667 ns, At safepoint: 3667 ns, Total: 304584 ns
[2025-04-17T12:51:35.184+0000][70903][info ][safepoint   ] Safepoint "Cleanup", Time since last: 12957073083 ns, Reaching safepoint: 29250 ns, Cleanup: 32792 ns, At safepoint: 3500 ns, Total: 65542 ns
[2025-04-17T12:51:47.223+0000][70903][info ][safepoint   ] Safepoint "Cleanup", Time since last: 12039524000 ns, Reaching safepoint: 46333 ns, Cleanup: 70792 ns, At safepoint: 11625 ns, Total: 128750 ns
[2025-04-17T12:51:48.230+0000][70903][info ][safepoint   ] Safepoint "Cleanup", Time since last: 1006182833 ns, Reaching safepoint: 26583 ns, Cleanup: 77917 ns, At safepoint: 3708 ns, Total: 108208 ns
[2025-04-17T12:51:52.245+0000][70903][info ][safepoint   ] Safepoint "Cleanup", Time since last: 4015706834 ns, Reaching safepoint: 17375 ns, Cleanup: 31500 ns, At safepoint: 2333 ns, Total: 51208 ns
[2025-04-17T12:52:32.296+0000][70903][info ][safepoint   ] Safepoint "Cleanup", Time since last: 40050704708 ns, Reaching safepoint: 99375 ns, Cleanup: 35917 ns, At safepoint: 5167 ns, Total: 140459 ns
[2025-04-17T12:52:35.301+0000][70903][info ][safepoint   ] Safepoint "Cleanup", Time since last: 3004927375 ns, Reaching safepoint: 34166 ns, Cleanup: 32834 ns, At safepoint: 4000 ns, Total: 71000 ns
[2025-04-17T12:52:44.340+0000][70903][info ][safepoint   ] Safepoint "Cleanup", Time since last: 9038836958 ns, Reaching safepoint: 33042 ns, Cleanup: 30041 ns, At safepoint: 4042 ns, Total: 67125 ns
[2025-04-17T12:53:05.404+0000][70903][info ][safepoint   ] Safepoint "Cleanup", Time since last: 21063745583 ns, Reaching safepoint: 27167 ns, Cleanup: 30375 ns, At safepoint: 3042 ns, Total: 60584 ns
[2025-04-17T12:53:08.417+0000][70903][info ][safepoint   ] Safepoint "Cleanup", Time since last: 3013164750 ns, Reaching safepoint: 12500 ns, Cleanup: 15083 ns, At safepoint: 1333 ns, Total: 28916 ns
[2025-04-17T12:53:10.427+0000][70903][info ][safepoint   ] Safepoint "Cleanup", Time since last: 2010113584 ns, Reaching safepoint: 27750 ns, Cleanup: 43291 ns, At safepoint: 3250 ns, Total: 74291 ns
[2025-04-17T12:53:26.490+0000][70903][info ][safepoint   ] Safepoint "Cleanup", Time since last: 16062927792 ns, Reaching safepoint: 6458 ns, Cleanup: 25042 ns, At safepoint: 1042 ns, Total: 32542 ns
[2025-04-17T12:53:27.496+0000][70903][info ][safepoint   ] Safepoint "Cleanup", Time since last: 1005126291 ns, Reaching safepoint: 11834 ns, Cleanup: 87875 ns, At safepoint: 2875 ns, Total: 102584 ns
[2025-04-17T12:53:28.810+0000][70903][info ][gc,heap,exit] Heap
[2025-04-17T12:53:28.810+0000][70903][info ][gc,heap,exit]  garbage-first heap   total 8388608K, used 607064K [0x0000000600000000, 0x0000000800000000)
[2025-04-17T12:53:28.810+0000][70903][info ][gc,heap,exit]   region size 4096K, 141 young (577536K), 13 survivors (53248K)
[2025-04-17T12:53:28.810+0000][70903][info ][gc,heap,exit]  Metaspace       used 120377K, committed 122432K, reserved 1179648K
[2025-04-17T12:53:28.810+0000][70903][info ][gc,heap,exit]   class space    used 17017K, committed 17920K, reserved 1048576K
