[2025-04-17T12:53:33.043+0000][86659][info][gc] Using G1
[2025-04-17T12:53:33.672+0000][86659][info][gc,init] Version: 17.0.15+0 (release)
[2025-04-17T12:53:33.672+0000][86659][info][gc,init] CPUs: 8 total, 8 available
[2025-04-17T12:53:33.672+0000][86659][info][gc,init] Memory: 16384M
[2025-04-17T12:53:33.672+0000][86659][info][gc,init] Large Page Support: Disabled
[2025-04-17T12:53:33.672+0000][86659][info][gc,init] NUMA Support: Disabled
[2025-04-17T12:53:33.672+0000][86659][info][gc,init] Compressed Oops: Enabled (Zero based)
[2025-04-17T12:53:33.672+0000][86659][info][gc,init] Heap Region Size: 4M
[2025-04-17T12:53:33.672+0000][86659][info][gc,init] Heap Min Capacity: 8G
[2025-04-17T12:53:33.672+0000][86659][info][gc,init] Heap Initial Capacity: 8G
[2025-04-17T12:53:33.672+0000][86659][info][gc,init] Heap Max Capacity: 8G
[2025-04-17T12:53:33.672+0000][86659][info][gc,init] Pre-touch: Enabled
[2025-04-17T12:53:33.672+0000][86659][info][gc,init] Parallel Workers: 8
[2025-04-17T12:53:33.672+0000][86659][info][gc,init] Concurrent Workers: 2
[2025-04-17T12:53:33.672+0000][86659][info][gc,init] Concurrent Refinement Workers: 8
[2025-04-17T12:53:33.672+0000][86659][info][gc,init] Periodic GC: Disabled
[2025-04-17T12:53:33.676+0000][86659][info][gc,metaspace] CDS archive(s) mapped at: [0x0000007000000000-0x0000007000bc0000-0x0000007000bc0000), size 12320768, SharedBaseAddress: 0x0000007000000000, ArchiveRelocationMode: 1.
[2025-04-17T12:53:33.676+0000][86659][info][gc,metaspace] Compressed class space mapped at: 0x0000007001000000-0x0000007041000000, reserved size: 1073741824
[2025-04-17T12:53:33.676+0000][86659][info][gc,metaspace] Narrow klass base: 0x0000007000000000, Narrow klass shift: 0, Narrow klass range: 0x100000000
[2025-04-17T12:53:33.717+0000][86659][info][safepoint   ] Safepoint "ICBufferFull", Time since last: 39102166 ns, Reaching safepoint: 1042 ns, Cleanup: 36083 ns, At safepoint: 1000 ns, Total: 38125 ns
[2025-04-17T12:53:33.788+0000][86659][info][safepoint   ] Safepoint "ICBufferFull", Time since last: 71524542 ns, Reaching safepoint: 1208 ns, Cleanup: 44000 ns, At safepoint: 1125 ns, Total: 46333 ns
[2025-04-17T12:53:33.853+0000][86659][info][safepoint   ] Safepoint "ICBufferFull", Time since last: 64572125 ns, Reaching safepoint: 1459 ns, Cleanup: 46416 ns, At safepoint: 417 ns, Total: 48292 ns
[2025-04-17T12:53:34.078+0000][86659][info][safepoint   ] Safepoint "ICBufferFull", Time since last: 225097708 ns, Reaching safepoint: 1709 ns, Cleanup: 44791 ns, At safepoint: 334 ns, Total: 46834 ns
[2025-04-17T12:53:34.128+0000][86659][info][safepoint   ] Safepoint "ICBufferFull", Time since last: 50111708 ns, Reaching safepoint: 1667 ns, Cleanup: 53708 ns, At safepoint: 1292 ns, Total: 56667 ns
[2025-04-17T12:53:34.359+0000][86659][info][safepoint   ] Safepoint "ICBufferFull", Time since last: 230208291 ns, Reaching safepoint: 1792 ns, Cleanup: 48917 ns, At safepoint: 500 ns, Total: 51209 ns
[2025-04-17T12:53:34.403+0000][86659][info][safepoint   ] Safepoint "ICBufferFull", Time since last: 44522541 ns, Reaching safepoint: 1750 ns, Cleanup: 46500 ns, At safepoint: 250 ns, Total: 48500 ns
[2025-04-17T12:53:34.509+0000][86659][info][safepoint   ] Safepoint "ICBufferFull", Time since last: 105428209 ns, Reaching safepoint: 1958 ns, Cleanup: 58625 ns, At safepoint: 542 ns, Total: 61125 ns
[2025-04-17T12:53:34.656+0000][86659][info][safepoint   ] Safepoint "ICBufferFull", Time since last: 147575166 ns, Reaching safepoint: 17125 ns, Cleanup: 47042 ns, At safepoint: 2417 ns, Total: 66584 ns
[2025-04-17T12:53:34.721+0000][86659][info][safepoint   ] Safepoint "ICBufferFull", Time since last: 65075750 ns, Reaching safepoint: 1333 ns, Cleanup: 61625 ns, At safepoint: 1083 ns, Total: 64041 ns
[2025-04-17T12:53:34.806+0000][86659][info][safepoint   ] Safepoint "ICBufferFull", Time since last: 84273459 ns, Reaching safepoint: 1416 ns, Cleanup: 48334 ns, At safepoint: 458 ns, Total: 50208 ns
[2025-04-17T12:53:34.857+0000][86659][info][safepoint   ] Safepoint "ICBufferFull", Time since last: 51008375 ns, Reaching safepoint: 1208 ns, Cleanup: 40625 ns, At safepoint: 2250 ns, Total: 44083 ns
[2025-04-17T12:53:34.972+0000][86659][info][gc,start    ] GC(0) Pause Young (Concurrent Start) (Metadata GC Threshold)
[2025-04-17T12:53:34.972+0000][86659][info][gc,task     ] GC(0) Using 8 workers of 8 for evacuation
[2025-04-17T12:53:34.973+0000][86659][debug][gc,age      ] GC(0) Desired survivor size 27262976 bytes, new threshold 15 (max threshold 15)
[2025-04-17T12:53:34.977+0000][86659][info ][gc,phases   ] GC(0)   Pre Evacuate Collection Set: 0.1ms
[2025-04-17T12:53:34.977+0000][86659][info ][gc,phases   ] GC(0)   Merge Heap Roots: 0.0ms
[2025-04-17T12:53:34.977+0000][86659][info ][gc,phases   ] GC(0)   Evacuate Collection Set: 3.7ms
[2025-04-17T12:53:34.977+0000][86659][info ][gc,phases   ] GC(0)   Post Evacuate Collection Set: 0.4ms
[2025-04-17T12:53:34.977+0000][86659][info ][gc,phases   ] GC(0)   Other: 0.1ms
[2025-04-17T12:53:34.977+0000][86659][trace][gc,age      ] GC(0) Age table with threshold 15 (max threshold 15)
[2025-04-17T12:53:34.977+0000][86659][trace][gc,age      ] GC(0) - age   1:   12526464 bytes,   12526464 total
[2025-04-17T12:53:34.977+0000][86659][info ][gc,heap     ] GC(0) Eden regions: 73->0(98)
[2025-04-17T12:53:34.977+0000][86659][info ][gc,heap     ] GC(0) Survivor regions: 0->4(13)
[2025-04-17T12:53:34.977+0000][86659][info ][gc,heap     ] GC(0) Old regions: 0->0
[2025-04-17T12:53:34.977+0000][86659][info ][gc,heap     ] GC(0) Archive regions: 2->2
[2025-04-17T12:53:34.977+0000][86659][info ][gc,heap     ] GC(0) Humongous regions: 0->0
[2025-04-17T12:53:34.977+0000][86659][info ][gc,metaspace] GC(0) Metaspace: 21033K(21504K)->21033K(21504K) NonClass: 18560K(18816K)->18560K(18816K) Class: 2472K(2688K)->2472K(2688K)
[2025-04-17T12:53:34.977+0000][86659][info ][gc          ] GC(0) Pause Young (Concurrent Start) (Metadata GC Threshold) 293M->16M(8192M) 4.543ms
[2025-04-17T12:53:34.977+0000][86659][info ][gc,cpu      ] GC(0) User=0.02s Sys=0.00s Real=0.00s
[2025-04-17T12:53:34.977+0000][86659][info ][gc          ] GC(1) Concurrent Mark Cycle
[2025-04-17T12:53:34.977+0000][86659][info ][safepoint   ] Safepoint "CollectForMetadataAllocation", Time since last: 115549542 ns, Reaching safepoint: 1458 ns, Cleanup: 92959 ns, At safepoint: 4598208 ns, Total: 4692625 ns
[2025-04-17T12:53:34.977+0000][86659][info ][gc,marking  ] GC(1) Concurrent Clear Claimed Marks
[2025-04-17T12:53:34.977+0000][86659][info ][gc,marking  ] GC(1) Concurrent Clear Claimed Marks 0.025ms
[2025-04-17T12:53:34.977+0000][86659][info ][gc,marking  ] GC(1) Concurrent Scan Root Regions
[2025-04-17T12:53:34.979+0000][86659][info ][gc,marking  ] GC(1) Concurrent Scan Root Regions 1.878ms
[2025-04-17T12:53:34.979+0000][86659][info ][gc,marking  ] GC(1) Concurrent Mark
[2025-04-17T12:53:34.979+0000][86659][info ][gc,marking  ] GC(1) Concurrent Mark From Roots
[2025-04-17T12:53:34.979+0000][86659][info ][gc,task     ] GC(1) Using 2 workers of 2 for marking
[2025-04-17T12:53:34.979+0000][86659][info ][gc,marking  ] GC(1) Concurrent Mark From Roots 0.500ms
[2025-04-17T12:53:34.979+0000][86659][info ][gc,marking  ] GC(1) Concurrent Preclean
[2025-04-17T12:53:34.980+0000][86659][info ][gc,marking  ] GC(1) Concurrent Preclean 0.014ms
[2025-04-17T12:53:34.980+0000][86659][info ][gc,start    ] GC(1) Pause Remark
[2025-04-17T12:53:34.981+0000][86659][info ][gc          ] GC(1) Pause Remark 19M->19M(8192M) 0.983ms
[2025-04-17T12:53:34.981+0000][86659][info ][gc,cpu      ] GC(1) User=0.00s Sys=0.01s Real=0.00s
[2025-04-17T12:53:34.981+0000][86659][info ][safepoint   ] Safepoint "G1PauseRemark", Time since last: 2469667 ns, Reaching safepoint: 1250 ns, Cleanup: 14666 ns, At safepoint: 1001917 ns, Total: 1017833 ns
[2025-04-17T12:53:34.981+0000][86659][info ][gc,marking  ] GC(1) Concurrent Mark 1.568ms
[2025-04-17T12:53:34.981+0000][86659][info ][gc,marking  ] GC(1) Concurrent Rebuild Remembered Sets
[2025-04-17T12:53:34.981+0000][86659][info ][gc,marking  ] GC(1) Concurrent Rebuild Remembered Sets 0.005ms
[2025-04-17T12:53:34.981+0000][86659][info ][gc,start    ] GC(1) Pause Cleanup
[2025-04-17T12:53:34.981+0000][86659][info ][gc          ] GC(1) Pause Cleanup 19M->19M(8192M) 0.016ms
[2025-04-17T12:53:34.981+0000][86659][info ][gc,cpu      ] GC(1) User=0.00s Sys=0.00s Real=0.00s
[2025-04-17T12:53:34.981+0000][86659][info ][safepoint   ] Safepoint "G1PauseCleanup", Time since last: 35625 ns, Reaching safepoint: 17167 ns, Cleanup: 416 ns, At safepoint: 31667 ns, Total: 49250 ns
[2025-04-17T12:53:34.981+0000][86659][info ][gc,marking  ] GC(1) Concurrent Cleanup for Next Mark
[2025-04-17T12:53:34.987+0000][86659][info ][gc,marking  ] GC(1) Concurrent Cleanup for Next Mark 6.453ms
[2025-04-17T12:53:34.987+0000][86659][info ][gc          ] GC(1) Concurrent Mark Cycle 10.091ms
[2025-04-17T12:53:35.069+0000][86659][info ][safepoint   ] Safepoint "ICBufferFull", Time since last: 88029042 ns, Reaching safepoint: 1083 ns, Cleanup: 63333 ns, At safepoint: 334 ns, Total: 64750 ns
[2025-04-17T12:53:35.184+0000][86659][info ][safepoint   ] Safepoint "ICBufferFull", Time since last: 115082458 ns, Reaching safepoint: 1417 ns, Cleanup: 69416 ns, At safepoint: 417 ns, Total: 71250 ns
[2025-04-17T12:53:35.260+0000][86659][info ][safepoint   ] Safepoint "ICBufferFull", Time since last: 76462583 ns, Reaching safepoint: 1459 ns, Cleanup: 110875 ns, At safepoint: 2625 ns, Total: 114959 ns
[2025-04-17T12:53:35.347+0000][86659][info ][safepoint   ] Safepoint "ICBufferFull", Time since last: 86316833 ns, Reaching safepoint: 1500 ns, Cleanup: 58375 ns, At safepoint: 1333 ns, Total: 61208 ns
[2025-04-17T12:53:35.358+0000][86659][info ][gc,start    ] GC(2) Pause Young (Normal) (G1 Evacuation Pause)
[2025-04-17T12:53:35.358+0000][86659][info ][gc,task     ] GC(2) Using 8 workers of 8 for evacuation
[2025-04-17T12:53:35.358+0000][86659][debug][gc,age      ] GC(2) Desired survivor size 27262976 bytes, new threshold 15 (max threshold 15)
[2025-04-17T12:53:35.364+0000][86659][info ][gc,phases   ] GC(2)   Pre Evacuate Collection Set: 0.1ms
[2025-04-17T12:53:35.364+0000][86659][info ][gc,phases   ] GC(2)   Merge Heap Roots: 0.0ms
[2025-04-17T12:53:35.364+0000][86659][info ][gc,phases   ] GC(2)   Evacuate Collection Set: 5.5ms
[2025-04-17T12:53:35.364+0000][86659][info ][gc,phases   ] GC(2)   Post Evacuate Collection Set: 0.3ms
[2025-04-17T12:53:35.364+0000][86659][info ][gc,phases   ] GC(2)   Other: 0.1ms
[2025-04-17T12:53:35.364+0000][86659][trace][gc,age      ] GC(2) Age table with threshold 15 (max threshold 15)
[2025-04-17T12:53:35.364+0000][86659][trace][gc,age      ] GC(2) - age   1:    9374256 bytes,    9374256 total
[2025-04-17T12:53:35.364+0000][86659][trace][gc,age      ] GC(2) - age   2:   11648496 bytes,   21022752 total
[2025-04-17T12:53:35.364+0000][86659][info ][gc,heap     ] GC(2) Eden regions: 98->0(96)
[2025-04-17T12:53:35.364+0000][86659][info ][gc,heap     ] GC(2) Survivor regions: 4->6(13)
[2025-04-17T12:53:35.364+0000][86659][info ][gc,heap     ] GC(2) Old regions: 0->0
[2025-04-17T12:53:35.364+0000][86659][info ][gc,heap     ] GC(2) Archive regions: 2->2
[2025-04-17T12:53:35.364+0000][86659][info ][gc,heap     ] GC(2) Humongous regions: 0->0
[2025-04-17T12:53:35.364+0000][86659][info ][gc,metaspace] GC(2) Metaspace: 26028K(26688K)->26028K(26688K) NonClass: 22857K(23232K)->22857K(23232K) Class: 3171K(3456K)->3171K(3456K)
[2025-04-17T12:53:35.364+0000][86659][info ][gc          ] GC(2) Pause Young (Normal) (G1 Evacuation Pause) 408M->24M(8192M) 6.238ms
[2025-04-17T12:53:35.364+0000][86659][info ][gc,cpu      ] GC(2) User=0.03s Sys=0.01s Real=0.01s
[2025-04-17T12:53:35.364+0000][86659][info ][safepoint   ] Safepoint "G1CollectForAllocation", Time since last: 10820250 ns, Reaching safepoint: 1167 ns, Cleanup: 16375 ns, At safepoint: 6266667 ns, Total: 6284209 ns
[2025-04-17T12:53:35.405+0000][86659][info ][safepoint   ] Safepoint "ICBufferFull", Time since last: 41365416 ns, Reaching safepoint: 2542 ns, Cleanup: 56042 ns, At safepoint: 1666 ns, Total: 60250 ns
[2025-04-17T12:53:35.550+0000][86659][info ][safepoint   ] Safepoint "ICBufferFull", Time since last: 144197125 ns, Reaching safepoint: 30792 ns, Cleanup: 92083 ns, At safepoint: 1709 ns, Total: 124584 ns
[2025-04-17T12:53:35.663+0000][86659][info ][gc,start    ] GC(3) Pause Young (Normal) (G1 Evacuation Pause)
[2025-04-17T12:53:35.663+0000][86659][info ][gc,task     ] GC(3) Using 8 workers of 8 for evacuation
[2025-04-17T12:53:35.663+0000][86659][debug][gc,age      ] GC(3) Desired survivor size 27262976 bytes, new threshold 15 (max threshold 15)
[2025-04-17T12:53:35.668+0000][86659][info ][gc,phases   ] GC(3)   Pre Evacuate Collection Set: 0.1ms
[2025-04-17T12:53:35.668+0000][86659][info ][gc,phases   ] GC(3)   Merge Heap Roots: 0.0ms
[2025-04-17T12:53:35.668+0000][86659][info ][gc,phases   ] GC(3)   Evacuate Collection Set: 3.5ms
[2025-04-17T12:53:35.668+0000][86659][info ][gc,phases   ] GC(3)   Post Evacuate Collection Set: 0.4ms
[2025-04-17T12:53:35.668+0000][86659][info ][gc,phases   ] GC(3)   Other: 0.1ms
[2025-04-17T12:53:35.668+0000][86659][trace][gc,age      ] GC(3) Age table with threshold 15 (max threshold 15)
[2025-04-17T12:53:35.668+0000][86659][trace][gc,age      ] GC(3) - age   1:    7758024 bytes,    7758024 total
[2025-04-17T12:53:35.668+0000][86659][trace][gc,age      ] GC(3) - age   2:    9066264 bytes,   16824288 total
[2025-04-17T12:53:35.668+0000][86659][trace][gc,age      ] GC(3) - age   3:   11646896 bytes,   28471184 total
[2025-04-17T12:53:35.668+0000][86659][info ][gc,heap     ] GC(3) Eden regions: 96->0(94)
[2025-04-17T12:53:35.668+0000][86659][info ][gc,heap     ] GC(3) Survivor regions: 6->8(13)
[2025-04-17T12:53:35.668+0000][86659][info ][gc,heap     ] GC(3) Old regions: 0->0
[2025-04-17T12:53:35.668+0000][86659][info ][gc,heap     ] GC(3) Archive regions: 2->2
[2025-04-17T12:53:35.668+0000][86659][info ][gc,heap     ] GC(3) Humongous regions: 0->0
[2025-04-17T12:53:35.668+0000][86659][info ][gc,metaspace] GC(3) Metaspace: 31653K(32448K)->31653K(32448K) NonClass: 27839K(28288K)->27839K(28288K) Class: 3813K(4160K)->3813K(4160K)
[2025-04-17T12:53:35.668+0000][86659][info ][gc          ] GC(3) Pause Young (Normal) (G1 Evacuation Pause) 408M->32M(8192M) 4.236ms
[2025-04-17T12:53:35.668+0000][86659][info ][gc,cpu      ] GC(3) User=0.03s Sys=0.00s Real=0.00s
[2025-04-17T12:53:35.668+0000][86659][info ][safepoint   ] Safepoint "G1CollectForAllocation", Time since last: 113667250 ns, Reaching safepoint: 1458 ns, Cleanup: 74292 ns, At safepoint: 4264583 ns, Total: 4340333 ns
[2025-04-17T12:53:35.768+0000][86659][info ][safepoint   ] Safepoint "ICBufferFull", Time since last: 100072833 ns, Reaching safepoint: 20000 ns, Cleanup: 57375 ns, At safepoint: 1375 ns, Total: 78750 ns
[2025-04-17T12:53:35.914+0000][86659][info ][gc,start    ] GC(4) Pause Young (Normal) (G1 Evacuation Pause)
[2025-04-17T12:53:35.914+0000][86659][info ][gc,task     ] GC(4) Using 8 workers of 8 for evacuation
[2025-04-17T12:53:35.914+0000][86659][debug][gc,age      ] GC(4) Desired survivor size 27262976 bytes, new threshold 3 (max threshold 15)
[2025-04-17T12:53:35.919+0000][86659][info ][gc,phases   ] GC(4)   Pre Evacuate Collection Set: 0.1ms
[2025-04-17T12:53:35.919+0000][86659][info ][gc,phases   ] GC(4)   Merge Heap Roots: 0.0ms
[2025-04-17T12:53:35.919+0000][86659][info ][gc,phases   ] GC(4)   Evacuate Collection Set: 4.1ms
[2025-04-17T12:53:35.919+0000][86659][info ][gc,phases   ] GC(4)   Post Evacuate Collection Set: 0.3ms
[2025-04-17T12:53:35.919+0000][86659][info ][gc,phases   ] GC(4)   Other: 0.1ms
[2025-04-17T12:53:35.919+0000][86659][trace][gc,age      ] GC(4) Age table with threshold 3 (max threshold 15)
[2025-04-17T12:53:35.919+0000][86659][trace][gc,age      ] GC(4) - age   1:    6665448 bytes,    6665448 total
[2025-04-17T12:53:35.919+0000][86659][trace][gc,age      ] GC(4) - age   2:    5687672 bytes,   12353120 total
[2025-04-17T12:53:35.919+0000][86659][trace][gc,age      ] GC(4) - age   3:    9059080 bytes,   21412200 total
[2025-04-17T12:53:35.919+0000][86659][info ][gc,heap     ] GC(4) Eden regions: 94->0(139)
[2025-04-17T12:53:35.919+0000][86659][info ][gc,heap     ] GC(4) Survivor regions: 8->6(13)
[2025-04-17T12:53:35.919+0000][86659][info ][gc,heap     ] GC(4) Old regions: 0->3
[2025-04-17T12:53:35.919+0000][86659][info ][gc,heap     ] GC(4) Archive regions: 2->2
[2025-04-17T12:53:35.919+0000][86659][info ][gc,heap     ] GC(4) Humongous regions: 0->0
[2025-04-17T12:53:35.919+0000][86659][info ][gc,metaspace] GC(4) Metaspace: 34013K(34880K)->34013K(34880K) NonClass: 29875K(30400K)->29875K(30400K) Class: 4138K(4480K)->4138K(4480K)
[2025-04-17T12:53:35.919+0000][86659][info ][gc          ] GC(4) Pause Young (Normal) (G1 Evacuation Pause) 408M->38M(8192M) 4.829ms
[2025-04-17T12:53:35.919+0000][86659][info ][gc,cpu      ] GC(4) User=0.03s Sys=0.00s Real=0.00s
[2025-04-17T12:53:35.919+0000][86659][info ][safepoint   ] Safepoint "G1CollectForAllocation", Time since last: 146518667 ns, Reaching safepoint: 1583 ns, Cleanup: 67417 ns, At safepoint: 4861333 ns, Total: 4930333 ns
[2025-04-17T12:53:36.024+0000][86659][info ][safepoint   ] Safepoint "ICBufferFull", Time since last: 104255917 ns, Reaching safepoint: 1333 ns, Cleanup: 128125 ns, At safepoint: 1625 ns, Total: 131083 ns
[2025-04-17T12:53:36.037+0000][86659][info ][gc,start    ] GC(5) Pause Young (Concurrent Start) (Metadata GC Threshold)
[2025-04-17T12:53:36.037+0000][86659][info ][gc,task     ] GC(5) Using 8 workers of 8 for evacuation
[2025-04-17T12:53:36.037+0000][86659][debug][gc,age      ] GC(5) Desired survivor size 39845888 bytes, new threshold 15 (max threshold 15)
[2025-04-17T12:53:36.040+0000][86659][info ][gc,phases   ] GC(5)   Pre Evacuate Collection Set: 0.1ms
[2025-04-17T12:53:36.040+0000][86659][info ][gc,phases   ] GC(5)   Merge Heap Roots: 0.0ms
[2025-04-17T12:53:36.040+0000][86659][info ][gc,phases   ] GC(5)   Evacuate Collection Set: 1.9ms
[2025-04-17T12:53:36.040+0000][86659][info ][gc,phases   ] GC(5)   Post Evacuate Collection Set: 0.2ms
[2025-04-17T12:53:36.040+0000][86659][info ][gc,phases   ] GC(5)   Other: 0.1ms
[2025-04-17T12:53:36.040+0000][86659][trace][gc,age      ] GC(5) Age table with threshold 15 (max threshold 15)
[2025-04-17T12:53:36.040+0000][86659][trace][gc,age      ] GC(5) - age   1:    3284760 bytes,    3284760 total
[2025-04-17T12:53:36.040+0000][86659][trace][gc,age      ] GC(5) - age   2:    4463520 bytes,    7748280 total
[2025-04-17T12:53:36.040+0000][86659][trace][gc,age      ] GC(5) - age   3:    5684984 bytes,   13433264 total
[2025-04-17T12:53:36.040+0000][86659][trace][gc,age      ] GC(5) - age   4:    9054408 bytes,   22487672 total
[2025-04-17T12:53:36.040+0000][86659][info ][gc,heap     ] GC(5) Eden regions: 49->0(229)
[2025-04-17T12:53:36.040+0000][86659][info ][gc,heap     ] GC(5) Survivor regions: 6->6(19)
[2025-04-17T12:53:36.040+0000][86659][info ][gc,heap     ] GC(5) Old regions: 3->3
[2025-04-17T12:53:36.040+0000][86659][info ][gc,heap     ] GC(5) Archive regions: 2->2
[2025-04-17T12:53:36.040+0000][86659][info ][gc,heap     ] GC(5) Humongous regions: 0->0
[2025-04-17T12:53:36.040+0000][86659][info ][gc,metaspace] GC(5) Metaspace: 35125K(35968K)->35125K(35968K) NonClass: 30862K(31360K)->30862K(31360K) Class: 4262K(4608K)->4262K(4608K)
[2025-04-17T12:53:36.040+0000][86659][info ][gc          ] GC(5) Pause Young (Concurrent Start) (Metadata GC Threshold) 232M->39M(8192M) 2.488ms
[2025-04-17T12:53:36.040+0000][86659][info ][gc,cpu      ] GC(5) User=0.01s Sys=0.00s Real=0.01s
[2025-04-17T12:53:36.040+0000][86659][info ][gc          ] GC(6) Concurrent Mark Cycle
[2025-04-17T12:53:36.040+0000][86659][info ][safepoint   ] Safepoint "CollectForMetadataAllocation", Time since last: 13652084 ns, Reaching safepoint: 1166 ns, Cleanup: 12834 ns, At safepoint: 2528500 ns, Total: 2542500 ns
[2025-04-17T12:53:36.040+0000][86659][info ][gc,marking  ] GC(6) Concurrent Clear Claimed Marks
[2025-04-17T12:53:36.040+0000][86659][info ][gc,marking  ] GC(6) Concurrent Clear Claimed Marks 0.024ms
[2025-04-17T12:53:36.040+0000][86659][info ][gc,marking  ] GC(6) Concurrent Scan Root Regions
[2025-04-17T12:53:36.043+0000][86659][info ][gc,marking  ] GC(6) Concurrent Scan Root Regions 2.651ms
[2025-04-17T12:53:36.043+0000][86659][info ][gc,marking  ] GC(6) Concurrent Mark
[2025-04-17T12:53:36.043+0000][86659][info ][gc,marking  ] GC(6) Concurrent Mark From Roots
[2025-04-17T12:53:36.043+0000][86659][info ][gc,task     ] GC(6) Using 2 workers of 2 for marking
[2025-04-17T12:53:36.047+0000][86659][info ][gc,marking  ] GC(6) Concurrent Mark From Roots 4.258ms
[2025-04-17T12:53:36.047+0000][86659][info ][gc,marking  ] GC(6) Concurrent Preclean
[2025-04-17T12:53:36.047+0000][86659][info ][gc,marking  ] GC(6) Concurrent Preclean 0.026ms
[2025-04-17T12:53:36.047+0000][86659][info ][gc,start    ] GC(6) Pause Remark
[2025-04-17T12:53:36.048+0000][86659][info ][gc          ] GC(6) Pause Remark 41M->41M(8192M) 1.088ms
[2025-04-17T12:53:36.048+0000][86659][info ][gc,cpu      ] GC(6) User=0.01s Sys=0.00s Real=0.00s
[2025-04-17T12:53:36.048+0000][86659][info ][safepoint   ] Safepoint "G1PauseRemark", Time since last: 7106250 ns, Reaching safepoint: 31583 ns, Cleanup: 13833 ns, At safepoint: 1119125 ns, Total: 1164541 ns
[2025-04-17T12:53:36.048+0000][86659][info ][gc,marking  ] GC(6) Concurrent Mark 5.535ms
[2025-04-17T12:53:36.048+0000][86659][info ][gc,marking  ] GC(6) Concurrent Rebuild Remembered Sets
[2025-04-17T12:53:36.051+0000][86659][info ][gc,marking  ] GC(6) Concurrent Rebuild Remembered Sets 2.927ms
[2025-04-17T12:53:36.051+0000][86659][info ][gc,start    ] GC(6) Pause Cleanup
[2025-04-17T12:53:36.051+0000][86659][info ][gc          ] GC(6) Pause Cleanup 41M->41M(8192M) 0.106ms
[2025-04-17T12:53:36.051+0000][86659][info ][gc,cpu      ] GC(6) User=0.00s Sys=0.00s Real=0.00s
[2025-04-17T12:53:36.051+0000][86659][info ][safepoint   ] Safepoint "G1PauseCleanup", Time since last: 2966500 ns, Reaching safepoint: 31750 ns, Cleanup: 1000 ns, At safepoint: 123167 ns, Total: 155917 ns
[2025-04-17T12:53:36.051+0000][86659][info ][gc,marking  ] GC(6) Concurrent Cleanup for Next Mark
[2025-04-17T12:53:36.057+0000][86659][info ][gc,marking  ] GC(6) Concurrent Cleanup for Next Mark 5.815ms
[2025-04-17T12:53:36.057+0000][86659][info ][gc          ] GC(6) Concurrent Mark Cycle 17.258ms
[2025-04-17T12:53:36.167+0000][86659][info ][safepoint   ] Safepoint "ICBufferFull", Time since last: 115364833 ns, Reaching safepoint: 17709 ns, Cleanup: 62416 ns, At safepoint: 2959 ns, Total: 83084 ns
[2025-04-17T12:53:36.250+0000][86659][info ][safepoint   ] Safepoint "ICBufferFull", Time since last: 83239250 ns, Reaching safepoint: 1291 ns, Cleanup: 50917 ns, At safepoint: 333 ns, Total: 52541 ns
[2025-04-17T12:53:36.293+0000][86659][info ][safepoint   ] Safepoint "ICBufferFull", Time since last: 42830000 ns, Reaching safepoint: 1167 ns, Cleanup: 93917 ns, At safepoint: 375 ns, Total: 95459 ns
[2025-04-17T12:53:36.350+0000][86659][info ][safepoint   ] Safepoint "ICBufferFull", Time since last: 56851666 ns, Reaching safepoint: 1334 ns, Cleanup: 100000 ns, At safepoint: 791 ns, Total: 102125 ns
[2025-04-17T12:53:36.571+0000][86659][info ][safepoint   ] Safepoint "ICBufferFull", Time since last: 220911042 ns, Reaching safepoint: 1625 ns, Cleanup: 81167 ns, At safepoint: 750 ns, Total: 83542 ns
[2025-04-17T12:53:36.956+0000][86659][info ][safepoint   ] Safepoint "ICBufferFull", Time since last: 385072166 ns, Reaching safepoint: 16875 ns, Cleanup: 52584 ns, At safepoint: 2166 ns, Total: 71625 ns
[2025-04-17T12:53:37.059+0000][86659][info ][safepoint   ] Safepoint "ICBufferFull", Time since last: 102614917 ns, Reaching safepoint: 1375 ns, Cleanup: 51333 ns, At safepoint: 1334 ns, Total: 54042 ns
[2025-04-17T12:53:37.138+0000][86659][info ][safepoint   ] Safepoint "ICBufferFull", Time since last: 79333833 ns, Reaching safepoint: 1625 ns, Cleanup: 63125 ns, At safepoint: 1583 ns, Total: 66333 ns
[2025-04-17T12:53:37.211+0000][86659][info ][safepoint   ] Safepoint "ICBufferFull", Time since last: 73031875 ns, Reaching safepoint: 18459 ns, Cleanup: 93750 ns, At safepoint: 2291 ns, Total: 114500 ns
[2025-04-17T12:53:37.213+0000][86659][info ][safepoint   ] Safepoint "ICBufferFull", Time since last: 1336834 ns, Reaching safepoint: 29958 ns, Cleanup: 107875 ns, At safepoint: 2000 ns, Total: 139833 ns
[2025-04-17T12:53:37.277+0000][86659][info ][gc,start    ] GC(7) Pause Young (Concurrent Start) (Metadata GC Threshold)
[2025-04-17T12:53:37.277+0000][86659][info ][gc,task     ] GC(7) Using 8 workers of 8 for evacuation
[2025-04-17T12:53:37.277+0000][86659][debug][gc,age      ] GC(7) Desired survivor size 73400320 bytes, new threshold 15 (max threshold 15)
[2025-04-17T12:53:37.290+0000][86659][info ][gc,phases   ] GC(7)   Pre Evacuate Collection Set: 0.1ms
[2025-04-17T12:53:37.290+0000][86659][info ][gc,phases   ] GC(7)   Merge Heap Roots: 0.0ms
[2025-04-17T12:53:37.290+0000][86659][info ][gc,phases   ] GC(7)   Evacuate Collection Set: 11.7ms
[2025-04-17T12:53:37.290+0000][86659][info ][gc,phases   ] GC(7)   Post Evacuate Collection Set: 0.6ms
[2025-04-17T12:53:37.290+0000][86659][info ][gc,phases   ] GC(7)   Other: 0.1ms
[2025-04-17T12:53:37.290+0000][86659][trace][gc,age      ] GC(7) Age table with threshold 15 (max threshold 15)
[2025-04-17T12:53:37.290+0000][86659][trace][gc,age      ] GC(7) - age   1:   25065904 bytes,   25065904 total
[2025-04-17T12:53:37.290+0000][86659][trace][gc,age      ] GC(7) - age   2:    3168584 bytes,   28234488 total
[2025-04-17T12:53:37.290+0000][86659][trace][gc,age      ] GC(7) - age   3:    4407616 bytes,   32642104 total
[2025-04-17T12:53:37.290+0000][86659][trace][gc,age      ] GC(7) - age   4:    5659880 bytes,   38301984 total
[2025-04-17T12:53:37.290+0000][86659][trace][gc,age      ] GC(7) - age   5:    9017296 bytes,   47319280 total
[2025-04-17T12:53:37.290+0000][86659][info ][gc,heap     ] GC(7) Eden regions: 117->0(124)
[2025-04-17T12:53:37.290+0000][86659][info ][gc,heap     ] GC(7) Survivor regions: 6->12(35)
[2025-04-17T12:53:37.290+0000][86659][info ][gc,heap     ] GC(7) Old regions: 3->3
[2025-04-17T12:53:37.290+0000][86659][info ][gc,heap     ] GC(7) Archive regions: 2->2
[2025-04-17T12:53:37.290+0000][86659][info ][gc,heap     ] GC(7) Humongous regions: 0->0
[2025-04-17T12:53:37.290+0000][86659][info ][gc,metaspace] GC(7) Metaspace: 58847K(60288K)->58847K(60288K) NonClass: 51193K(52032K)->51193K(52032K) Class: 7654K(8256K)->7654K(8256K)
[2025-04-17T12:53:37.290+0000][86659][info ][gc          ] GC(7) Pause Young (Concurrent Start) (Metadata GC Threshold) 505M->63M(8192M) 12.747ms
[2025-04-17T12:53:37.290+0000][86659][info ][gc,cpu      ] GC(7) User=0.05s Sys=0.01s Real=0.02s
[2025-04-17T12:53:37.290+0000][86659][info ][gc          ] GC(8) Concurrent Mark Cycle
[2025-04-17T12:53:37.290+0000][86659][info ][safepoint   ] Safepoint "CollectForMetadataAllocation", Time since last: 64451417 ns, Reaching safepoint: 1625 ns, Cleanup: 16916 ns, At safepoint: 12794417 ns, Total: 12812958 ns
[2025-04-17T12:53:37.290+0000][86659][info ][gc,marking  ] GC(8) Concurrent Clear Claimed Marks
[2025-04-17T12:53:37.290+0000][86659][info ][gc,marking  ] GC(8) Concurrent Clear Claimed Marks 0.064ms
[2025-04-17T12:53:37.290+0000][86659][info ][gc,marking  ] GC(8) Concurrent Scan Root Regions
[2025-04-17T12:53:37.297+0000][86659][info ][safepoint   ] Safepoint "CollectForMetadataAllocation", Time since last: 6790875 ns, Reaching safepoint: 19042 ns, Cleanup: 5625 ns, At safepoint: 8541 ns, Total: 33208 ns
[2025-04-17T12:53:37.298+0000][86659][info ][gc,marking  ] GC(8) Concurrent Scan Root Regions 7.943ms
[2025-04-17T12:53:37.298+0000][86659][info ][gc,marking  ] GC(8) Concurrent Mark
[2025-04-17T12:53:37.298+0000][86659][info ][gc,marking  ] GC(8) Concurrent Mark From Roots
[2025-04-17T12:53:37.298+0000][86659][info ][gc,task     ] GC(8) Using 2 workers of 2 for marking
[2025-04-17T12:53:37.301+0000][86659][info ][gc,marking  ] GC(8) Concurrent Mark From Roots 3.127ms
[2025-04-17T12:53:37.301+0000][86659][info ][gc,marking  ] GC(8) Concurrent Preclean
[2025-04-17T12:53:37.301+0000][86659][info ][gc,marking  ] GC(8) Concurrent Preclean 0.042ms
[2025-04-17T12:53:37.301+0000][86659][info ][gc,start    ] GC(8) Pause Remark
[2025-04-17T12:53:37.303+0000][86659][info ][gc          ] GC(8) Pause Remark 67M->67M(8192M) 1.295ms
[2025-04-17T12:53:37.303+0000][86659][info ][gc,cpu      ] GC(8) User=0.01s Sys=0.00s Real=0.00s
[2025-04-17T12:53:37.303+0000][86659][info ][safepoint   ] Safepoint "G1PauseRemark", Time since last: 4451250 ns, Reaching safepoint: 16209 ns, Cleanup: 791 ns, At safepoint: 1328625 ns, Total: 1345625 ns
[2025-04-17T12:53:37.303+0000][86659][info ][gc,marking  ] GC(8) Concurrent Mark 4.599ms
[2025-04-17T12:53:37.303+0000][86659][info ][gc,marking  ] GC(8) Concurrent Rebuild Remembered Sets
[2025-04-17T12:53:37.305+0000][86659][info ][gc,marking  ] GC(8) Concurrent Rebuild Remembered Sets 2.410ms
[2025-04-17T12:53:37.305+0000][86659][info ][gc,start    ] GC(8) Pause Cleanup
[2025-04-17T12:53:37.305+0000][86659][info ][gc          ] GC(8) Pause Cleanup 67M->67M(8192M) 0.123ms
[2025-04-17T12:53:37.305+0000][86659][info ][gc,cpu      ] GC(8) User=0.00s Sys=0.00s Real=0.00s
[2025-04-17T12:53:37.305+0000][86659][info ][safepoint   ] Safepoint "G1PauseCleanup", Time since last: 2472042 ns, Reaching safepoint: 176375 ns, Cleanup: 958 ns, At safepoint: 143917 ns, Total: 321250 ns
[2025-04-17T12:53:37.305+0000][86659][info ][gc,marking  ] GC(8) Concurrent Cleanup for Next Mark
[2025-04-17T12:53:37.309+0000][86659][info ][gc,marking  ] GC(8) Concurrent Cleanup for Next Mark 3.166ms
[2025-04-17T12:53:37.309+0000][86659][info ][gc          ] GC(8) Concurrent Mark Cycle 18.627ms
[2025-04-17T12:53:37.459+0000][86659][info ][safepoint   ] Safepoint "ICBufferFull", Time since last: 153857750 ns, Reaching safepoint: 1958 ns, Cleanup: 54250 ns, At safepoint: 1625 ns, Total: 57833 ns
[2025-04-17T12:53:37.954+0000][86659][info ][safepoint   ] Safepoint "ICBufferFull", Time since last: 494416750 ns, Reaching safepoint: 1375 ns, Cleanup: 131375 ns, At safepoint: 584 ns, Total: 133334 ns
[2025-04-17T12:53:38.522+0000][86659][info ][safepoint   ] Safepoint "ICBufferFull", Time since last: 568449000 ns, Reaching safepoint: 1416 ns, Cleanup: 58834 ns, At safepoint: 416 ns, Total: 60666 ns
[2025-04-17T12:53:38.640+0000][86659][info ][safepoint   ] Safepoint "ICBufferFull", Time since last: 117261292 ns, Reaching safepoint: 19125 ns, Cleanup: 46875 ns, At safepoint: 1583 ns, Total: 67583 ns
[2025-04-17T12:53:38.684+0000][86659][info ][gc,start    ] GC(9) Pause Young (Concurrent Start) (G1 Evacuation Pause)
[2025-04-17T12:53:38.684+0000][86659][info ][gc,task     ] GC(9) Using 8 workers of 8 for evacuation
[2025-04-17T12:53:38.684+0000][86659][debug][gc,age      ] GC(9) Desired survivor size 39845888 bytes, new threshold 5 (max threshold 15)
[2025-04-17T12:53:38.696+0000][86659][info ][gc,phases   ] GC(9)   Pre Evacuate Collection Set: 0.1ms
[2025-04-17T12:53:38.696+0000][86659][info ][gc,phases   ] GC(9)   Merge Heap Roots: 0.1ms
[2025-04-17T12:53:38.696+0000][86659][info ][gc,phases   ] GC(9)   Evacuate Collection Set: 10.8ms
[2025-04-17T12:53:38.696+0000][86659][info ][gc,phases   ] GC(9)   Post Evacuate Collection Set: 0.8ms
[2025-04-17T12:53:38.696+0000][86659][info ][gc,phases   ] GC(9)   Other: 0.1ms
[2025-04-17T12:53:38.696+0000][86659][trace][gc,age      ] GC(9) Age table with threshold 5 (max threshold 15)
[2025-04-17T12:53:38.696+0000][86659][trace][gc,age      ] GC(9) - age   1:    8708616 bytes,    8708616 total
[2025-04-17T12:53:38.696+0000][86659][trace][gc,age      ] GC(9) - age   2:   24691680 bytes,   33400296 total
[2025-04-17T12:53:38.696+0000][86659][trace][gc,age      ] GC(9) - age   3:    3161424 bytes,   36561720 total
[2025-04-17T12:53:38.696+0000][86659][trace][gc,age      ] GC(9) - age   4:    4361984 bytes,   40923704 total
[2025-04-17T12:53:38.696+0000][86659][trace][gc,age      ] GC(9) - age   5:    5633824 bytes,   46557528 total
[2025-04-17T12:53:38.696+0000][86659][info ][gc,heap     ] GC(9) Eden regions: 136->0(148)
[2025-04-17T12:53:38.696+0000][86659][info ][gc,heap     ] GC(9) Survivor regions: 12->12(19)
[2025-04-17T12:53:38.696+0000][86659][info ][gc,heap     ] GC(9) Old regions: 3->5
[2025-04-17T12:53:38.696+0000][86659][info ][gc,heap     ] GC(9) Archive regions: 2->2
[2025-04-17T12:53:38.696+0000][86659][info ][gc,heap     ] GC(9) Humongous regions: 0->0
[2025-04-17T12:53:38.696+0000][86659][info ][gc,metaspace] GC(9) Metaspace: 77911K(79552K)->77911K(79552K) NonClass: 67391K(68288K)->67391K(68288K) Class: 10519K(11264K)->10519K(11264K)
[2025-04-17T12:53:38.696+0000][86659][info ][gc          ] GC(9) Pause Young (Concurrent Start) (G1 Evacuation Pause) 607M->71M(8192M) 12.046ms
[2025-04-17T12:53:38.696+0000][86659][info ][gc,cpu      ] GC(9) User=0.06s Sys=0.00s Real=0.01s
[2025-04-17T12:53:38.696+0000][86659][info ][safepoint   ] Safepoint "G1CollectForAllocation", Time since last: 44352834 ns, Reaching safepoint: 1958 ns, Cleanup: 21333 ns, At safepoint: 12082625 ns, Total: 12105916 ns
[2025-04-17T12:53:38.696+0000][86659][info ][gc          ] GC(10) Concurrent Mark Cycle
[2025-04-17T12:53:38.696+0000][86659][info ][gc,marking  ] GC(10) Concurrent Clear Claimed Marks
[2025-04-17T12:53:38.696+0000][86659][info ][gc,marking  ] GC(10) Concurrent Clear Claimed Marks 0.040ms
[2025-04-17T12:53:38.696+0000][86659][info ][gc,marking  ] GC(10) Concurrent Scan Root Regions
[2025-04-17T12:53:38.706+0000][86659][info ][gc,marking  ] GC(10) Concurrent Scan Root Regions 9.690ms
[2025-04-17T12:53:38.706+0000][86659][info ][gc,marking  ] GC(10) Concurrent Mark
[2025-04-17T12:53:38.706+0000][86659][info ][gc,marking  ] GC(10) Concurrent Mark From Roots
[2025-04-17T12:53:38.706+0000][86659][info ][gc,task     ] GC(10) Using 2 workers of 2 for marking
[2025-04-17T12:53:38.710+0000][86659][info ][gc,marking  ] GC(10) Concurrent Mark From Roots 4.358ms
[2025-04-17T12:53:38.710+0000][86659][info ][gc,marking  ] GC(10) Concurrent Preclean
[2025-04-17T12:53:38.710+0000][86659][info ][gc,marking  ] GC(10) Concurrent Preclean 0.054ms
[2025-04-17T12:53:38.710+0000][86659][info ][gc,start    ] GC(10) Pause Remark
[2025-04-17T12:53:38.712+0000][86659][info ][gc          ] GC(10) Pause Remark 81M->81M(8192M) 1.605ms
[2025-04-17T12:53:38.712+0000][86659][info ][gc,cpu      ] GC(10) User=0.01s Sys=0.00s Real=0.00s
[2025-04-17T12:53:38.712+0000][86659][info ][safepoint   ] Safepoint "G1PauseRemark", Time since last: 14259917 ns, Reaching safepoint: 20417 ns, Cleanup: 12875 ns, At safepoint: 1642916 ns, Total: 1676208 ns
[2025-04-17T12:53:38.712+0000][86659][info ][gc,marking  ] GC(10) Concurrent Mark 6.160ms
[2025-04-17T12:53:38.712+0000][86659][info ][gc,marking  ] GC(10) Concurrent Rebuild Remembered Sets
[2025-04-17T12:53:38.712+0000][86659][info ][gc,marking  ] GC(10) Concurrent Rebuild Remembered Sets 0.006ms
[2025-04-17T12:53:38.712+0000][86659][info ][gc,start    ] GC(10) Pause Cleanup
[2025-04-17T12:53:38.712+0000][86659][info ][gc          ] GC(10) Pause Cleanup 81M->81M(8192M) 0.009ms
[2025-04-17T12:53:38.712+0000][86659][info ][gc,cpu      ] GC(10) User=0.00s Sys=0.00s Real=0.00s
[2025-04-17T12:53:38.712+0000][86659][info ][safepoint   ] Safepoint "G1PauseCleanup", Time since last: 35917 ns, Reaching safepoint: 34708 ns, Cleanup: 1084 ns, At safepoint: 23291 ns, Total: 59083 ns
[2025-04-17T12:53:38.712+0000][86659][info ][gc,marking  ] GC(10) Concurrent Cleanup for Next Mark
[2025-04-17T12:53:38.716+0000][86659][info ][gc,marking  ] GC(10) Concurrent Cleanup for Next Mark 3.335ms
[2025-04-17T12:53:38.716+0000][86659][info ][gc          ] GC(10) Concurrent Mark Cycle 19.408ms
[2025-04-17T12:53:39.060+0000][86659][info ][safepoint   ] Safepoint "ICBufferFull", Time since last: 347520917 ns, Reaching safepoint: 1958 ns, Cleanup: 90584 ns, At safepoint: 708 ns, Total: 93250 ns
[2025-04-17T12:53:39.172+0000][86659][info ][safepoint   ] Safepoint "ICBufferFull", Time since last: 112411042 ns, Reaching safepoint: 2333 ns, Cleanup: 70708 ns, At safepoint: 709 ns, Total: 73750 ns
[2025-04-17T12:53:39.278+0000][86659][info ][safepoint   ] Safepoint "ICBufferFull", Time since last: 105661833 ns, Reaching safepoint: 20542 ns, Cleanup: 65125 ns, At safepoint: 1916 ns, Total: 87583 ns
[2025-04-17T12:53:39.396+0000][86659][info ][safepoint   ] Safepoint "ICBufferFull", Time since last: 117424042 ns, Reaching safepoint: 18625 ns, Cleanup: 70167 ns, At safepoint: 2250 ns, Total: 91042 ns
[2025-04-17T12:53:39.463+0000][86659][info ][safepoint   ] Safepoint "ICBufferFull", Time since last: 67714750 ns, Reaching safepoint: 1333 ns, Cleanup: 51250 ns, At safepoint: 250 ns, Total: 52833 ns
[2025-04-17T12:53:39.500+0000][86659][info ][safepoint   ] Safepoint "ICBufferFull", Time since last: 36148583 ns, Reaching safepoint: 19917 ns, Cleanup: 38792 ns, At safepoint: 1666 ns, Total: 60375 ns
[2025-04-17T12:53:39.625+0000][86659][info ][safepoint   ] Safepoint "ICBufferFull", Time since last: 125622875 ns, Reaching safepoint: 44292 ns, Cleanup: 45083 ns, At safepoint: 3125 ns, Total: 92500 ns
[2025-04-17T12:53:39.625+0000][86659][info ][safepoint   ] Safepoint "ICBufferFull", Time since last: 55125 ns, Reaching safepoint: 83000 ns, Cleanup: 1875 ns, At safepoint: 4417 ns, Total: 89292 ns
[2025-04-17T12:53:39.625+0000][86659][info ][safepoint   ] Safepoint "ICBufferFull", Time since last: 35792 ns, Reaching safepoint: 24250 ns, Cleanup: 875 ns, At safepoint: 4666 ns, Total: 29791 ns
[2025-04-17T12:53:39.626+0000][86659][info ][safepoint   ] Safepoint "ICBufferFull", Time since last: 44167 ns, Reaching safepoint: 27500 ns, Cleanup: 2292 ns, At safepoint: 3250 ns, Total: 33042 ns
[2025-04-17T12:53:39.626+0000][86659][info ][safepoint   ] Safepoint "ICBufferFull", Time since last: 48750 ns, Reaching safepoint: 24250 ns, Cleanup: 416 ns, At safepoint: 3959 ns, Total: 28625 ns
[2025-04-17T12:53:39.626+0000][86659][info ][safepoint   ] Safepoint "ICBufferFull", Time since last: 32416 ns, Reaching safepoint: 2500 ns, Cleanup: 8250 ns, At safepoint: 3459 ns, Total: 14209 ns
[2025-04-17T12:53:39.790+0000][86659][info ][safepoint   ] Safepoint "ICBufferFull", Time since last: 163978791 ns, Reaching safepoint: 57875 ns, Cleanup: 61667 ns, At safepoint: 3417 ns, Total: 122959 ns
[2025-04-17T12:53:39.860+0000][86659][info ][safepoint   ] Safepoint "ICBufferFull", Time since last: 69957833 ns, Reaching safepoint: 3500 ns, Cleanup: 54000 ns, At safepoint: 1208 ns, Total: 58708 ns
[2025-04-17T12:53:39.902+0000][86659][info ][safepoint   ] Safepoint "ICBufferFull", Time since last: 41986625 ns, Reaching safepoint: 3500 ns, Cleanup: 56917 ns, At safepoint: 1292 ns, Total: 61709 ns
[2025-04-17T12:53:40.062+0000][86659][info ][safepoint   ] Safepoint "ICBufferFull", Time since last: 159643250 ns, Reaching safepoint: 3916 ns, Cleanup: 42542 ns, At safepoint: 3375 ns, Total: 49833 ns
[2025-04-17T12:53:41.109+0000][86659][info ][safepoint   ] Safepoint "Cleanup", Time since last: 1046958000 ns, Reaching safepoint: 22417 ns, Cleanup: 200291 ns, At safepoint: 3459 ns, Total: 226167 ns
[2025-04-17T12:53:43.114+0000][86659][info ][safepoint   ] Safepoint "Cleanup", Time since last: 2005276291 ns, Reaching safepoint: 22375 ns, Cleanup: 37125 ns, At safepoint: 2917 ns, Total: 62417 ns
[2025-04-17T12:53:44.117+0000][86659][info ][safepoint   ] Safepoint "Cleanup", Time since last: 1003338542 ns, Reaching safepoint: 24041 ns, Cleanup: 22375 ns, At safepoint: 2959 ns, Total: 49375 ns
[2025-04-17T12:53:45.120+0000][86659][info ][safepoint   ] Safepoint "Cleanup", Time since last: 1002630250 ns, Reaching safepoint: 32875 ns, Cleanup: 27250 ns, At safepoint: 3375 ns, Total: 63500 ns
[2025-04-17T12:53:46.121+0000][86659][info ][safepoint   ] Safepoint "Cleanup", Time since last: 1000327166 ns, Reaching safepoint: 23042 ns, Cleanup: 28792 ns, At safepoint: 2833 ns, Total: 54667 ns
[2025-04-17T12:53:48.128+0000][86659][info ][safepoint   ] Safepoint "Cleanup", Time since last: 2007243083 ns, Reaching safepoint: 24125 ns, Cleanup: 29584 ns, At safepoint: 3500 ns, Total: 57209 ns
[2025-04-17T12:53:49.132+0000][86659][info ][safepoint   ] Safepoint "Cleanup", Time since last: 1004251416 ns, Reaching safepoint: 12000 ns, Cleanup: 14167 ns, At safepoint: 1583 ns, Total: 27750 ns
[2025-04-17T12:53:51.138+0000][86659][info ][safepoint   ] Safepoint "Cleanup", Time since last: 2005466167 ns, Reaching safepoint: 11958 ns, Cleanup: 14667 ns, At safepoint: 2375 ns, Total: 29000 ns
[2025-04-17T12:53:52.143+0000][86659][info ][safepoint   ] Safepoint "Cleanup", Time since last: 1005092500 ns, Reaching safepoint: 16625 ns, Cleanup: 27958 ns, At safepoint: 2334 ns, Total: 46917 ns
[2025-04-17T12:53:57.163+0000][86659][info ][safepoint   ] Safepoint "Cleanup", Time since last: 5020511125 ns, Reaching safepoint: 24083 ns, Cleanup: 38875 ns, At safepoint: 2958 ns, Total: 65916 ns
[2025-04-17T12:53:58.169+0000][86659][info ][safepoint   ] Safepoint "Cleanup", Time since last: 1005247334 ns, Reaching safepoint: 24208 ns, Cleanup: 28917 ns, At safepoint: 3375 ns, Total: 56500 ns
[2025-04-17T12:54:00.179+0000][86659][info ][safepoint   ] Safepoint "Cleanup", Time since last: 2010269041 ns, Reaching safepoint: 26417 ns, Cleanup: 28625 ns, At safepoint: 3708 ns, Total: 58750 ns
[2025-04-17T12:54:01.185+0000][86659][info ][safepoint   ] Safepoint "Cleanup", Time since last: 1006185542 ns, Reaching safepoint: 23417 ns, Cleanup: 24375 ns, At safepoint: 3791 ns, Total: 51583 ns
[2025-04-17T12:54:03.196+0000][86659][info ][safepoint   ] Safepoint "Cleanup", Time since last: 2010282250 ns, Reaching safepoint: 25084 ns, Cleanup: 29291 ns, At safepoint: 3625 ns, Total: 58000 ns
[2025-04-17T12:54:04.196+0000][86659][info ][safepoint   ] Safepoint "Cleanup", Time since last: 1000515250 ns, Reaching safepoint: 24834 ns, Cleanup: 37833 ns, At safepoint: 3042 ns, Total: 65709 ns
[2025-04-17T12:54:10.221+0000][86659][info ][safepoint   ] Safepoint "Cleanup", Time since last: 6024746166 ns, Reaching safepoint: 4625 ns, Cleanup: 25375 ns, At safepoint: 917 ns, Total: 30917 ns
[2025-04-17T12:54:11.227+0000][86659][info ][safepoint   ] Safepoint "Cleanup", Time since last: 1005737458 ns, Reaching safepoint: 17959 ns, Cleanup: 15333 ns, At safepoint: 2542 ns, Total: 35834 ns
[2025-04-17T12:54:18.252+0000][86659][info ][safepoint   ] Safepoint "Cleanup", Time since last: 7025352833 ns, Reaching safepoint: 30375 ns, Cleanup: 27333 ns, At safepoint: 3417 ns, Total: 61125 ns
[2025-04-17T12:54:20.260+0000][86659][info ][safepoint   ] Safepoint "Cleanup", Time since last: 2007966125 ns, Reaching safepoint: 24292 ns, Cleanup: 18791 ns, At safepoint: 2917 ns, Total: 46000 ns
[2025-04-17T12:54:21.265+0000][86659][info ][safepoint   ] Safepoint "Cleanup", Time since last: 1005249292 ns, Reaching safepoint: 22916 ns, Cleanup: 27709 ns, At safepoint: 2875 ns, Total: 53500 ns
[2025-04-17T12:54:31.303+0000][86659][info ][safepoint   ] Safepoint "Cleanup", Time since last: 10037899708 ns, Reaching safepoint: 14458 ns, Cleanup: 12875 ns, At safepoint: 1875 ns, Total: 29208 ns
[2025-04-17T12:54:32.305+0000][86659][info ][safepoint   ] Safepoint "Cleanup", Time since last: 1001857959 ns, Reaching safepoint: 24416 ns, Cleanup: 28167 ns, At safepoint: 3208 ns, Total: 55791 ns
[2025-04-17T12:54:34.083+0000][86659][info ][safepoint   ] Safepoint "Cleanup", Time since last: 1777913750 ns, Reaching safepoint: 26000 ns, Cleanup: 39542 ns, At safepoint: 3417 ns, Total: 68959 ns
[2025-04-17T12:54:35.088+0000][86659][info ][safepoint   ] Safepoint "Cleanup", Time since last: 1004327000 ns, Reaching safepoint: 25958 ns, Cleanup: 32083 ns, At safepoint: 3250 ns, Total: 61291 ns
[2025-04-17T12:54:37.098+0000][86659][info ][safepoint   ] Safepoint "Cleanup", Time since last: 2010285917 ns, Reaching safepoint: 25458 ns, Cleanup: 33459 ns, At safepoint: 3291 ns, Total: 62208 ns
[2025-04-17T12:54:39.106+0000][86659][info ][safepoint   ] Safepoint "Cleanup", Time since last: 2008092375 ns, Reaching safepoint: 23417 ns, Cleanup: 23708 ns, At safepoint: 3000 ns, Total: 50125 ns
[2025-04-17T12:54:40.110+0000][86659][info ][safepoint   ] Safepoint "Cleanup", Time since last: 1003685209 ns, Reaching safepoint: 23625 ns, Cleanup: 58833 ns, At safepoint: 3292 ns, Total: 85750 ns
[2025-04-17T12:54:43.122+0000][86659][info ][safepoint   ] Safepoint "Cleanup", Time since last: 3011654625 ns, Reaching safepoint: 23625 ns, Cleanup: 36250 ns, At safepoint: 3750 ns, Total: 63625 ns
[2025-04-17T12:54:47.134+0000][86659][info ][safepoint   ] Safepoint "Cleanup", Time since last: 4011930000 ns, Reaching safepoint: 11166 ns, Cleanup: 25542 ns, At safepoint: 1917 ns, Total: 38625 ns
[2025-04-17T12:54:48.137+0000][86659][info ][safepoint   ] Safepoint "Cleanup", Time since last: 1002968208 ns, Reaching safepoint: 23875 ns, Cleanup: 28542 ns, At safepoint: 3541 ns, Total: 55958 ns
[2025-04-17T12:55:00.117+0000][86659][info ][safepoint   ] Safepoint "Cleanup", Time since last: 11980599042 ns, Reaching safepoint: 19167 ns, Cleanup: 22375 ns, At safepoint: 1375 ns, Total: 42917 ns
[2025-04-17T12:55:01.123+0000][86659][info ][safepoint   ] Safepoint "Cleanup", Time since last: 1005238291 ns, Reaching safepoint: 12709 ns, Cleanup: 40541 ns, At safepoint: 2209 ns, Total: 55459 ns
[2025-04-17T12:55:08.149+0000][86659][info ][safepoint   ] Safepoint "Cleanup", Time since last: 7026174666 ns, Reaching safepoint: 24542 ns, Cleanup: 31750 ns, At safepoint: 3625 ns, Total: 59917 ns
[2025-04-17T12:55:10.155+0000][86659][info ][safepoint   ] Safepoint "Cleanup", Time since last: 2005951625 ns, Reaching safepoint: 21708 ns, Cleanup: 37750 ns, At safepoint: 3542 ns, Total: 63000 ns
[2025-04-17T12:55:16.302+0000][86659][info ][safepoint   ] Safepoint "Cleanup", Time since last: 6146987958 ns, Reaching safepoint: 11459 ns, Cleanup: 12166 ns, At safepoint: 1375 ns, Total: 25000 ns
[2025-04-17T12:55:16.318+0000][86659][info ][safepoint   ] Safepoint "ICBufferFull", Time since last: 15816875 ns, Reaching safepoint: 8542 ns, Cleanup: 290500 ns, At safepoint: 1250 ns, Total: 300292 ns
[2025-04-17T12:55:17.323+0000][86659][info ][safepoint   ] Safepoint "Cleanup", Time since last: 1005175625 ns, Reaching safepoint: 24208 ns, Cleanup: 84542 ns, At safepoint: 3500 ns, Total: 112250 ns
[2025-04-17T12:55:23.837+0000][86659][info ][safepoint   ] Safepoint "Cleanup", Time since last: 6513853833 ns, Reaching safepoint: 10834 ns, Cleanup: 24791 ns, At safepoint: 1500 ns, Total: 37125 ns
[2025-04-17T12:55:30.857+0000][86659][info ][safepoint   ] Safepoint "Cleanup", Time since last: 7019835167 ns, Reaching safepoint: 24417 ns, Cleanup: 37041 ns, At safepoint: 3209 ns, Total: 64667 ns
[2025-04-17T12:55:31.858+0000][86659][info ][safepoint   ] Safepoint "Cleanup", Time since last: 1000592833 ns, Reaching safepoint: 25583 ns, Cleanup: 29584 ns, At safepoint: 3208 ns, Total: 58375 ns
[2025-04-17T12:55:33.189+0000][86659][info ][safepoint   ] Safepoint "Cleanup", Time since last: 1331686167 ns, Reaching safepoint: 12375 ns, Cleanup: 27125 ns, At safepoint: 6250 ns, Total: 45750 ns
[2025-04-17T12:55:39.214+0000][86659][info ][safepoint   ] Safepoint "Cleanup", Time since last: 6024386166 ns, Reaching safepoint: 12375 ns, Cleanup: 17500 ns, At safepoint: 2167 ns, Total: 32042 ns
[2025-04-17T12:55:45.237+0000][86659][info ][safepoint   ] Safepoint "Cleanup", Time since last: 6022765458 ns, Reaching safepoint: 25084 ns, Cleanup: 38250 ns, At safepoint: 3833 ns, Total: 67167 ns
[2025-04-17T12:55:46.243+0000][86659][info ][safepoint   ] Safepoint "Cleanup", Time since last: 1006236167 ns, Reaching safepoint: 25291 ns, Cleanup: 40167 ns, At safepoint: 4000 ns, Total: 69458 ns
[2025-04-17T12:56:01.839+0000][86659][info ][safepoint   ] Safepoint "Cleanup", Time since last: 15595876042 ns, Reaching safepoint: 25125 ns, Cleanup: 32666 ns, At safepoint: 3000 ns, Total: 60791 ns
[2025-04-17T12:56:09.866+0000][86659][info ][safepoint   ] Safepoint "Cleanup", Time since last: 8027520250 ns, Reaching safepoint: 23959 ns, Cleanup: 32583 ns, At safepoint: 3583 ns, Total: 60125 ns
[2025-04-17T12:56:16.886+0000][86659][info ][safepoint   ] Safepoint "Cleanup", Time since last: 7019002625 ns, Reaching safepoint: 13709 ns, Cleanup: 94833 ns, At safepoint: 2208 ns, Total: 110750 ns
[2025-04-17T12:56:17.887+0000][86659][info ][safepoint   ] Safepoint "Cleanup", Time since last: 1001152709 ns, Reaching safepoint: 25208 ns, Cleanup: 34083 ns, At safepoint: 3584 ns, Total: 62875 ns
[2025-04-17T12:56:19.896+0000][86659][info ][safepoint   ] Safepoint "Cleanup", Time since last: 2008809541 ns, Reaching safepoint: 25000 ns, Cleanup: 31792 ns, At safepoint: 3333 ns, Total: 60125 ns
[2025-04-17T12:56:26.926+0000][86659][info ][safepoint   ] Safepoint "Cleanup", Time since last: 7030002750 ns, Reaching safepoint: 11834 ns, Cleanup: 15250 ns, At safepoint: 1583 ns, Total: 28667 ns
[2025-04-17T12:56:28.934+0000][86659][info ][safepoint   ] Safepoint "Cleanup", Time since last: 2007753667 ns, Reaching safepoint: 25000 ns, Cleanup: 28083 ns, At safepoint: 3125 ns, Total: 56208 ns
[2025-04-17T12:56:29.937+0000][86659][info ][safepoint   ] Safepoint "Cleanup", Time since last: 1003337333 ns, Reaching safepoint: 24709 ns, Cleanup: 33833 ns, At safepoint: 4125 ns, Total: 62667 ns
[2025-04-17T12:56:40.303+0000][86659][info ][safepoint   ] Safepoint "Cleanup", Time since last: 10366337208 ns, Reaching safepoint: 23709 ns, Cleanup: 59291 ns, At safepoint: 3334 ns, Total: 86334 ns
[2025-04-17T12:56:43.317+0000][86659][info ][safepoint   ] Safepoint "Cleanup", Time since last: 3013351125 ns, Reaching safepoint: 24750 ns, Cleanup: 35791 ns, At safepoint: 3500 ns, Total: 64041 ns
[2025-04-17T12:56:54.364+0000][86659][info ][safepoint   ] Safepoint "Cleanup", Time since last: 11046788667 ns, Reaching safepoint: 24708 ns, Cleanup: 32334 ns, At safepoint: 3291 ns, Total: 60333 ns
[2025-04-17T12:57:02.396+0000][86659][info ][safepoint   ] Safepoint "Cleanup", Time since last: 8032202125 ns, Reaching safepoint: 27500 ns, Cleanup: 32250 ns, At safepoint: 3500 ns, Total: 63250 ns
[2025-04-17T12:57:03.399+0000][86659][info ][safepoint   ] Safepoint "Cleanup", Time since last: 1003407417 ns, Reaching safepoint: 16667 ns, Cleanup: 22166 ns, At safepoint: 2042 ns, Total: 40875 ns
[2025-04-17T12:57:10.427+0000][86659][info ][safepoint   ] Safepoint "Cleanup", Time since last: 7027495833 ns, Reaching safepoint: 15000 ns, Cleanup: 32542 ns, At safepoint: 2458 ns, Total: 50000 ns
[2025-04-17T12:57:20.471+0000][86659][info ][safepoint   ] Safepoint "Cleanup", Time since last: 10044197667 ns, Reaching safepoint: 10167 ns, Cleanup: 12083 ns, At safepoint: 1250 ns, Total: 23500 ns
[2025-04-17T12:57:22.481+0000][86659][info ][safepoint   ] Safepoint "Cleanup", Time since last: 2010116083 ns, Reaching safepoint: 25500 ns, Cleanup: 32834 ns, At safepoint: 3166 ns, Total: 61500 ns
[2025-04-17T12:57:29.512+0000][86659][info ][safepoint   ] Safepoint "Cleanup", Time since last: 7030982084 ns, Reaching safepoint: 22583 ns, Cleanup: 34625 ns, At safepoint: 2833 ns, Total: 60041 ns
[2025-04-17T12:57:31.519+0000][86659][info ][safepoint   ] Safepoint "Cleanup", Time since last: 2006152167 ns, Reaching safepoint: 25500 ns, Cleanup: 35250 ns, At safepoint: 3542 ns, Total: 64292 ns
[2025-04-17T12:57:38.463+0000][86659][info ][safepoint   ] Safepoint "Cleanup", Time since last: 6944171791 ns, Reaching safepoint: 5750 ns, Cleanup: 6750 ns, At safepoint: 459 ns, Total: 12959 ns
[2025-04-17T12:57:39.468+0000][86659][info ][safepoint   ] Safepoint "Cleanup", Time since last: 1005067416 ns, Reaching safepoint: 5334 ns, Cleanup: 9083 ns, At safepoint: 833 ns, Total: 15250 ns
[2025-04-17T12:57:40.473+0000][86659][info ][safepoint   ] Safepoint "Cleanup", Time since last: 1005087834 ns, Reaching safepoint: 10916 ns, Cleanup: 26459 ns, At safepoint: 1416 ns, Total: 38791 ns
[2025-04-17T12:57:49.516+0000][86659][info ][safepoint   ] Safepoint "Cleanup", Time since last: 9042495667 ns, Reaching safepoint: 56458 ns, Cleanup: 25917 ns, At safepoint: 11458 ns, Total: 93833 ns
[2025-04-17T12:57:50.521+0000][86659][info ][safepoint   ] Safepoint "Cleanup", Time since last: 1005284375 ns, Reaching safepoint: 25167 ns, Cleanup: 30958 ns, At safepoint: 3084 ns, Total: 59209 ns
[2025-04-17T12:57:54.539+0000][86659][info ][safepoint   ] Safepoint "Cleanup", Time since last: 4018221875 ns, Reaching safepoint: 24833 ns, Cleanup: 33000 ns, At safepoint: 3583 ns, Total: 61416 ns
[2025-04-17T12:57:58.551+0000][86659][info ][safepoint   ] Safepoint "Cleanup", Time since last: 4011400292 ns, Reaching safepoint: 25167 ns, Cleanup: 34708 ns, At safepoint: 3167 ns, Total: 63042 ns
[2025-04-17T12:58:10.595+0000][86659][info ][safepoint   ] Safepoint "Cleanup", Time since last: 12044653541 ns, Reaching safepoint: 24292 ns, Cleanup: 27042 ns, At safepoint: 3291 ns, Total: 54625 ns
[2025-04-17T12:58:12.602+0000][86659][info ][safepoint   ] Safepoint "Cleanup", Time since last: 2006315750 ns, Reaching safepoint: 22500 ns, Cleanup: 27292 ns, At safepoint: 2792 ns, Total: 52584 ns
[2025-04-17T12:58:15.611+0000][86659][info ][safepoint   ] Safepoint "Cleanup", Time since last: 3009621291 ns, Reaching safepoint: 24834 ns, Cleanup: 35916 ns, At safepoint: 3542 ns, Total: 64292 ns
[2025-04-17T12:58:23.635+0000][86659][info ][safepoint   ] Safepoint "Cleanup", Time since last: 8023627000 ns, Reaching safepoint: 14750 ns, Cleanup: 23500 ns, At safepoint: 2375 ns, Total: 40625 ns
[2025-04-17T12:58:40.638+0000][86659][info ][safepoint   ] Safepoint "Cleanup", Time since last: 17002807792 ns, Reaching safepoint: 24250 ns, Cleanup: 36958 ns, At safepoint: 3333 ns, Total: 64541 ns
[2025-04-17T12:58:43.654+0000][86659][info ][safepoint   ] Safepoint "Cleanup", Time since last: 3015437500 ns, Reaching safepoint: 26209 ns, Cleanup: 100375 ns, At safepoint: 3250 ns, Total: 129834 ns
[2025-04-17T12:58:45.664+0000][86659][info ][safepoint   ] Safepoint "Cleanup", Time since last: 2010288041 ns, Reaching safepoint: 26250 ns, Cleanup: 34084 ns, At safepoint: 3291 ns, Total: 63625 ns
[2025-04-17T12:59:10.771+0000][86659][info ][safepoint   ] Safepoint "Cleanup", Time since last: 25107031459 ns, Reaching safepoint: 25666 ns, Cleanup: 34750 ns, At safepoint: 3167 ns, Total: 63583 ns
[2025-04-17T12:59:13.783+0000][86659][info ][safepoint   ] Safepoint "Cleanup", Time since last: 3011812625 ns, Reaching safepoint: 25667 ns, Cleanup: 35708 ns, At safepoint: 3625 ns, Total: 65000 ns
[2025-04-17T12:59:23.825+0000][86659][info ][safepoint   ] Safepoint "Cleanup", Time since last: 10041771292 ns, Reaching safepoint: 26250 ns, Cleanup: 34625 ns, At safepoint: 3333 ns, Total: 64208 ns
[2025-04-17T12:59:26.840+0000][86659][info ][safepoint   ] Safepoint "Cleanup", Time since last: 3015026750 ns, Reaching safepoint: 53875 ns, Cleanup: 22417 ns, At safepoint: 10416 ns, Total: 86708 ns
[2025-04-17T12:59:28.848+0000][86659][info ][safepoint   ] Safepoint "Cleanup", Time since last: 2008562834 ns, Reaching safepoint: 24791 ns, Cleanup: 28125 ns, At safepoint: 7584 ns, Total: 60500 ns
[2025-04-17T12:59:39.783+0000][86659][info ][safepoint   ] Safepoint "Cleanup", Time since last: 10934851000 ns, Reaching safepoint: 24250 ns, Cleanup: 22875 ns, At safepoint: 2375 ns, Total: 49500 ns
[2025-04-17T12:59:40.789+0000][86659][info ][safepoint   ] Safepoint "Cleanup", Time since last: 1005242083 ns, Reaching safepoint: 26542 ns, Cleanup: 78500 ns, At safepoint: 3666 ns, Total: 108708 ns
[2025-04-17T12:59:52.845+0000][86659][info ][safepoint   ] Safepoint "Cleanup", Time since last: 12055977709 ns, Reaching safepoint: 10791 ns, Cleanup: 12875 ns, At safepoint: 1750 ns, Total: 25416 ns
[2025-04-17T12:59:57.868+0000][86659][info ][safepoint   ] Safepoint "Cleanup", Time since last: 5022898417 ns, Reaching safepoint: 19375 ns, Cleanup: 21000 ns, At safepoint: 1875 ns, Total: 42250 ns
[2025-04-17T13:00:06.895+0000][86659][info ][safepoint   ] Safepoint "Cleanup", Time since last: 9026857042 ns, Reaching safepoint: 4958 ns, Cleanup: 10917 ns, At safepoint: 458 ns, Total: 16333 ns
[2025-04-17T13:00:09.910+0000][86659][info ][safepoint   ] Safepoint "Cleanup", Time since last: 3015070792 ns, Reaching safepoint: 4625 ns, Cleanup: 6791 ns, At safepoint: 750 ns, Total: 12166 ns
[2025-04-17T13:00:11.003+0000][86659][info ][safepoint   ] Safepoint "ICBufferFull", Time since last: 1093132167 ns, Reaching safepoint: 4542 ns, Cleanup: 55416 ns, At safepoint: 1709 ns, Total: 61667 ns
[2025-04-17T13:00:12.008+0000][86659][info ][safepoint   ] Safepoint "Cleanup", Time since last: 1005497416 ns, Reaching safepoint: 5584 ns, Cleanup: 8916 ns, At safepoint: 917 ns, Total: 15417 ns
[2025-04-17T13:00:17.027+0000][86659][info ][safepoint   ] Safepoint "Cleanup", Time since last: 5018462292 ns, Reaching safepoint: 25083 ns, Cleanup: 27583 ns, At safepoint: 3084 ns, Total: 55750 ns
[2025-04-17T13:00:34.923+0000][86659][info ][safepoint   ] Safepoint "Cleanup", Time since last: 17895832625 ns, Reaching safepoint: 24291 ns, Cleanup: 52292 ns, At safepoint: 3375 ns, Total: 79958 ns
[2025-04-17T13:00:35.928+0000][86659][info ][safepoint   ] Safepoint "Cleanup", Time since last: 1005302375 ns, Reaching safepoint: 26125 ns, Cleanup: 32167 ns, At safepoint: 3541 ns, Total: 61833 ns
[2025-04-17T13:00:38.937+0000][86659][info ][safepoint   ] Safepoint "Cleanup", Time since last: 3008557542 ns, Reaching safepoint: 25958 ns, Cleanup: 32209 ns, At safepoint: 3500 ns, Total: 61667 ns
[2025-04-17T13:00:39.941+0000][86659][info ][safepoint   ] Safepoint "Cleanup", Time since last: 1004396250 ns, Reaching safepoint: 5625 ns, Cleanup: 9375 ns, At safepoint: 1208 ns, Total: 16208 ns
[2025-04-17T13:00:43.957+0000][86659][info ][safepoint   ] Safepoint "Cleanup", Time since last: 4015396042 ns, Reaching safepoint: 31250 ns, Cleanup: 39750 ns, At safepoint: 3250 ns, Total: 74250 ns
[2025-04-17T13:01:10.062+0000][86659][info ][safepoint   ] Safepoint "Cleanup", Time since last: 26105606666 ns, Reaching safepoint: 34750 ns, Cleanup: 24042 ns, At safepoint: 2667 ns, Total: 61459 ns
[2025-04-17T13:01:55.765+0000][86659][info ][gc,heap,exit] Heap
[2025-04-17T13:01:55.765+0000][86659][info ][gc,heap,exit]  garbage-first heap   total 8388608K, used 552723K [0x0000000600000000, 0x0000000800000000)
[2025-04-17T13:01:55.765+0000][86659][info ][gc,heap,exit]   region size 4096K, 127 young (520192K), 12 survivors (49152K)
[2025-04-17T13:01:55.765+0000][86659][info ][gc,heap,exit]  Metaspace       used 119996K, committed 122048K, reserved 1179648K
[2025-04-17T13:01:55.765+0000][86659][info ][gc,heap,exit]   class space    used 16939K, committed 17856K, reserved 1048576K
