[2025-04-17T13:07:26.459+0000][17261][info][gc] Using G1
[2025-04-17T13:07:27.120+0000][17261][info][gc,init] Version: 17.0.15+0 (release)
[2025-04-17T13:07:27.120+0000][17261][info][gc,init] CPUs: 8 total, 8 available
[2025-04-17T13:07:27.120+0000][17261][info][gc,init] Memory: 16384M
[2025-04-17T13:07:27.120+0000][17261][info][gc,init] Large Page Support: Disabled
[2025-04-17T13:07:27.120+0000][17261][info][gc,init] NUMA Support: Disabled
[2025-04-17T13:07:27.120+0000][17261][info][gc,init] Compressed Oops: Enabled (Zero based)
[2025-04-17T13:07:27.120+0000][17261][info][gc,init] Heap Region Size: 4M
[2025-04-17T13:07:27.120+0000][17261][info][gc,init] Heap Min Capacity: 8G
[2025-04-17T13:07:27.120+0000][17261][info][gc,init] Heap Initial Capacity: 8G
[2025-04-17T13:07:27.120+0000][17261][info][gc,init] Heap Max Capacity: 8G
[2025-04-17T13:07:27.120+0000][17261][info][gc,init] Pre-touch: Enabled
[2025-04-17T13:07:27.120+0000][17261][info][gc,init] Parallel Workers: 8
[2025-04-17T13:07:27.120+0000][17261][info][gc,init] Concurrent Workers: 2
[2025-04-17T13:07:27.120+0000][17261][info][gc,init] Concurrent Refinement Workers: 8
[2025-04-17T13:07:27.120+0000][17261][info][gc,init] Periodic GC: Disabled
[2025-04-17T13:07:27.124+0000][17261][info][gc,metaspace] CDS archive(s) mapped at: [0x0000007000000000-0x0000007000bc0000-0x0000007000bc0000), size 12320768, SharedBaseAddress: 0x0000007000000000, ArchiveRelocationMode: 1.
[2025-04-17T13:07:27.124+0000][17261][info][gc,metaspace] Compressed class space mapped at: 0x0000007001000000-0x0000007041000000, reserved size: 1073741824
[2025-04-17T13:07:27.124+0000][17261][info][gc,metaspace] Narrow klass base: 0x0000007000000000, Narrow klass shift: 0, Narrow klass range: 0x100000000
[2025-04-17T13:07:27.163+0000][17261][info][safepoint   ] Safepoint "ICBufferFull", Time since last: 38052000 ns, Reaching safepoint: 18041 ns, Cleanup: 36292 ns, At safepoint: 2042 ns, Total: 56375 ns
[2025-04-17T13:07:27.234+0000][17261][info][safepoint   ] Safepoint "ICBufferFull", Time since last: 70983291 ns, Reaching safepoint: 1459 ns, Cleanup: 46500 ns, At safepoint: 1583 ns, Total: 49542 ns
[2025-04-17T13:07:27.300+0000][17261][info][safepoint   ] Safepoint "ICBufferFull", Time since last: 65243708 ns, Reaching safepoint: 2209 ns, Cleanup: 59791 ns, At safepoint: 1709 ns, Total: 63709 ns
[2025-04-17T13:07:27.513+0000][17261][info][safepoint   ] Safepoint "ICBufferFull", Time since last: 213751000 ns, Reaching safepoint: 4083 ns, Cleanup: 106375 ns, At safepoint: 4833 ns, Total: 115291 ns
[2025-04-17T13:07:27.594+0000][17261][info][safepoint   ] Safepoint "ICBufferFull", Time since last: 80061792 ns, Reaching safepoint: 2042 ns, Cleanup: 63291 ns, At safepoint: 1584 ns, Total: 66917 ns
[2025-04-17T13:07:27.782+0000][17261][info][safepoint   ] Safepoint "ICBufferFull", Time since last: 188331708 ns, Reaching safepoint: 2083 ns, Cleanup: 52917 ns, At safepoint: 708 ns, Total: 55708 ns
[2025-04-17T13:07:27.843+0000][17261][info][safepoint   ] Safepoint "ICBufferFull", Time since last: 60912250 ns, Reaching safepoint: 1667 ns, Cleanup: 53875 ns, At safepoint: 1667 ns, Total: 57209 ns
[2025-04-17T13:07:28.030+0000][17261][info][safepoint   ] Safepoint "ICBufferFull", Time since last: 187058833 ns, Reaching safepoint: 1500 ns, Cleanup: 68583 ns, At safepoint: 750 ns, Total: 70833 ns
[2025-04-17T13:07:28.133+0000][17261][info][safepoint   ] Safepoint "ICBufferFull", Time since last: 102428334 ns, Reaching safepoint: 1375 ns, Cleanup: 67041 ns, At safepoint: 1042 ns, Total: 69458 ns
[2025-04-17T13:07:28.161+0000][17261][info][safepoint   ] Safepoint "ICBufferFull", Time since last: 28354417 ns, Reaching safepoint: 2041 ns, Cleanup: 65042 ns, At safepoint: 542 ns, Total: 67625 ns
[2025-04-17T13:07:28.248+0000][17261][info][safepoint   ] Safepoint "ICBufferFull", Time since last: 86805958 ns, Reaching safepoint: 1500 ns, Cleanup: 39792 ns, At safepoint: 500 ns, Total: 41792 ns
[2025-04-17T13:07:28.356+0000][17261][info][safepoint   ] Safepoint "ICBufferFull", Time since last: 107599333 ns, Reaching safepoint: 1625 ns, Cleanup: 76167 ns, At safepoint: 583 ns, Total: 78375 ns
[2025-04-17T13:07:28.375+0000][17261][info][gc,start    ] GC(0) Pause Young (Concurrent Start) (Metadata GC Threshold)
[2025-04-17T13:07:28.375+0000][17261][info][gc,task     ] GC(0) Using 8 workers of 8 for evacuation
[2025-04-17T13:07:28.375+0000][17261][debug][gc,age      ] GC(0) Desired survivor size 27262976 bytes, new threshold 15 (max threshold 15)
[2025-04-17T13:07:28.379+0000][17261][info ][gc,phases   ] GC(0)   Pre Evacuate Collection Set: 0.2ms
[2025-04-17T13:07:28.379+0000][17261][info ][gc,phases   ] GC(0)   Merge Heap Roots: 0.0ms
[2025-04-17T13:07:28.379+0000][17261][info ][gc,phases   ] GC(0)   Evacuate Collection Set: 2.7ms
[2025-04-17T13:07:28.379+0000][17261][info ][gc,phases   ] GC(0)   Post Evacuate Collection Set: 1.2ms
[2025-04-17T13:07:28.379+0000][17261][info ][gc,phases   ] GC(0)   Other: 0.1ms
[2025-04-17T13:07:28.379+0000][17261][trace][gc,age      ] GC(0) Age table with threshold 15 (max threshold 15)
[2025-04-17T13:07:28.379+0000][17261][trace][gc,age      ] GC(0) - age   1:   12542576 bytes,   12542576 total
[2025-04-17T13:07:28.379+0000][17261][info ][gc,heap     ] GC(0) Eden regions: 73->0(98)
[2025-04-17T13:07:28.379+0000][17261][info ][gc,heap     ] GC(0) Survivor regions: 0->4(13)
[2025-04-17T13:07:28.379+0000][17261][info ][gc,heap     ] GC(0) Old regions: 0->0
[2025-04-17T13:07:28.379+0000][17261][info ][gc,heap     ] GC(0) Archive regions: 2->2
[2025-04-17T13:07:28.379+0000][17261][info ][gc,heap     ] GC(0) Humongous regions: 0->0
[2025-04-17T13:07:28.379+0000][17261][info ][gc,metaspace] GC(0) Metaspace: 21020K(21504K)->21020K(21504K) NonClass: 18541K(18816K)->18541K(18816K) Class: 2478K(2688K)->2478K(2688K)
[2025-04-17T13:07:28.379+0000][17261][info ][gc          ] GC(0) Pause Young (Concurrent Start) (Metadata GC Threshold) 293M->16M(8192M) 4.290ms
[2025-04-17T13:07:28.379+0000][17261][info ][gc,cpu      ] GC(0) User=0.02s Sys=0.00s Real=0.00s
[2025-04-17T13:07:28.379+0000][17261][info ][gc          ] GC(1) Concurrent Mark Cycle
[2025-04-17T13:07:28.379+0000][17261][info ][safepoint   ] Safepoint "CollectForMetadataAllocation", Time since last: 19566792 ns, Reaching safepoint: 1208 ns, Cleanup: 6333 ns, At safepoint: 4341875 ns, Total: 4349416 ns
[2025-04-17T13:07:28.379+0000][17261][info ][gc,marking  ] GC(1) Concurrent Clear Claimed Marks
[2025-04-17T13:07:28.379+0000][17261][info ][gc,marking  ] GC(1) Concurrent Clear Claimed Marks 0.022ms
[2025-04-17T13:07:28.379+0000][17261][info ][gc,marking  ] GC(1) Concurrent Scan Root Regions
[2025-04-17T13:07:28.381+0000][17261][info ][gc,marking  ] GC(1) Concurrent Scan Root Regions 1.811ms
[2025-04-17T13:07:28.381+0000][17261][info ][gc,marking  ] GC(1) Concurrent Mark
[2025-04-17T13:07:28.381+0000][17261][info ][gc,marking  ] GC(1) Concurrent Mark From Roots
[2025-04-17T13:07:28.381+0000][17261][info ][gc,task     ] GC(1) Using 2 workers of 2 for marking
[2025-04-17T13:07:28.382+0000][17261][info ][gc,marking  ] GC(1) Concurrent Mark From Roots 0.506ms
[2025-04-17T13:07:28.382+0000][17261][info ][gc,marking  ] GC(1) Concurrent Preclean
[2025-04-17T13:07:28.382+0000][17261][info ][gc,marking  ] GC(1) Concurrent Preclean 0.015ms
[2025-04-17T13:07:28.382+0000][17261][info ][gc,start    ] GC(1) Pause Remark
[2025-04-17T13:07:28.383+0000][17261][info ][gc          ] GC(1) Pause Remark 19M->19M(8192M) 0.961ms
[2025-04-17T13:07:28.383+0000][17261][info ][gc,cpu      ] GC(1) User=0.00s Sys=0.00s Real=0.00s
[2025-04-17T13:07:28.383+0000][17261][info ][safepoint   ] Safepoint "G1PauseRemark", Time since last: 2405250 ns, Reaching safepoint: 875 ns, Cleanup: 5959 ns, At safepoint: 983083 ns, Total: 989917 ns
[2025-04-17T13:07:28.383+0000][17261][info ][gc,marking  ] GC(1) Concurrent Mark 1.545ms
[2025-04-17T13:07:28.383+0000][17261][info ][gc,marking  ] GC(1) Concurrent Rebuild Remembered Sets
[2025-04-17T13:07:28.383+0000][17261][info ][gc,marking  ] GC(1) Concurrent Rebuild Remembered Sets 0.005ms
[2025-04-17T13:07:28.383+0000][17261][info ][gc,start    ] GC(1) Pause Cleanup
[2025-04-17T13:07:28.383+0000][17261][info ][gc          ] GC(1) Pause Cleanup 19M->19M(8192M) 0.024ms
[2025-04-17T13:07:28.383+0000][17261][info ][gc,cpu      ] GC(1) User=0.00s Sys=0.00s Real=0.00s
[2025-04-17T13:07:28.383+0000][17261][info ][safepoint   ] Safepoint "G1PauseCleanup", Time since last: 31333 ns, Reaching safepoint: 166000 ns, Cleanup: 542 ns, At safepoint: 39042 ns, Total: 205584 ns
[2025-04-17T13:07:28.383+0000][17261][info ][gc,marking  ] GC(1) Concurrent Cleanup for Next Mark
[2025-04-17T13:07:28.389+0000][17261][info ][gc,marking  ] GC(1) Concurrent Cleanup for Next Mark 5.737ms
[2025-04-17T13:07:28.389+0000][17261][info ][gc          ] GC(1) Concurrent Mark Cycle 9.426ms
[2025-04-17T13:07:28.459+0000][17261][info ][safepoint   ] Safepoint "ICBufferFull", Time since last: 76256750 ns, Reaching safepoint: 1708 ns, Cleanup: 64083 ns, At safepoint: 750 ns, Total: 66541 ns
[2025-04-17T13:07:28.546+0000][17261][info ][safepoint   ] Safepoint "ICBufferFull", Time since last: 86598917 ns, Reaching safepoint: 1333 ns, Cleanup: 69375 ns, At safepoint: 375 ns, Total: 71083 ns
[2025-04-17T13:07:28.680+0000][17261][info ][safepoint   ] Safepoint "ICBufferFull", Time since last: 133765334 ns, Reaching safepoint: 1291 ns, Cleanup: 144459 ns, At safepoint: 1708 ns, Total: 147458 ns
[2025-04-17T13:07:28.784+0000][17261][info ][safepoint   ] Safepoint "ICBufferFull", Time since last: 104230500 ns, Reaching safepoint: 1625 ns, Cleanup: 53458 ns, At safepoint: 542 ns, Total: 55625 ns
[2025-04-17T13:07:28.794+0000][17261][info ][gc,start    ] GC(2) Pause Young (Normal) (G1 Evacuation Pause)
[2025-04-17T13:07:28.794+0000][17261][info ][gc,task     ] GC(2) Using 8 workers of 8 for evacuation
[2025-04-17T13:07:28.794+0000][17261][debug][gc,age      ] GC(2) Desired survivor size 27262976 bytes, new threshold 15 (max threshold 15)
[2025-04-17T13:07:28.801+0000][17261][info ][gc,phases   ] GC(2)   Pre Evacuate Collection Set: 0.1ms
[2025-04-17T13:07:28.801+0000][17261][info ][gc,phases   ] GC(2)   Merge Heap Roots: 0.0ms
[2025-04-17T13:07:28.801+0000][17261][info ][gc,phases   ] GC(2)   Evacuate Collection Set: 6.1ms
[2025-04-17T13:07:28.801+0000][17261][info ][gc,phases   ] GC(2)   Post Evacuate Collection Set: 0.3ms
[2025-04-17T13:07:28.801+0000][17261][info ][gc,phases   ] GC(2)   Other: 0.1ms
[2025-04-17T13:07:28.801+0000][17261][trace][gc,age      ] GC(2) Age table with threshold 15 (max threshold 15)
[2025-04-17T13:07:28.801+0000][17261][trace][gc,age      ] GC(2) - age   1:    9869536 bytes,    9869536 total
[2025-04-17T13:07:28.801+0000][17261][trace][gc,age      ] GC(2) - age   2:   11665208 bytes,   21534744 total
[2025-04-17T13:07:28.801+0000][17261][info ][gc,heap     ] GC(2) Eden regions: 98->0(96)
[2025-04-17T13:07:28.801+0000][17261][info ][gc,heap     ] GC(2) Survivor regions: 4->6(13)
[2025-04-17T13:07:28.801+0000][17261][info ][gc,heap     ] GC(2) Old regions: 0->0
[2025-04-17T13:07:28.801+0000][17261][info ][gc,heap     ] GC(2) Archive regions: 2->2
[2025-04-17T13:07:28.801+0000][17261][info ][gc,heap     ] GC(2) Humongous regions: 0->0
[2025-04-17T13:07:28.801+0000][17261][info ][gc,metaspace] GC(2) Metaspace: 26463K(27072K)->26463K(27072K) NonClass: 23229K(23552K)->23229K(23552K) Class: 3233K(3520K)->3233K(3520K)
[2025-04-17T13:07:28.801+0000][17261][info ][gc          ] GC(2) Pause Young (Normal) (G1 Evacuation Pause) 408M->25M(8192M) 6.881ms
[2025-04-17T13:07:28.801+0000][17261][info ][gc,cpu      ] GC(2) User=0.03s Sys=0.01s Real=0.01s
[2025-04-17T13:07:28.801+0000][17261][info ][safepoint   ] Safepoint "G1CollectForAllocation", Time since last: 9780833 ns, Reaching safepoint: 959 ns, Cleanup: 17833 ns, At safepoint: 6908083 ns, Total: 6926875 ns
[2025-04-17T13:07:28.959+0000][17261][info ][safepoint   ] Safepoint "ICBufferFull", Time since last: 157842625 ns, Reaching safepoint: 1667 ns, Cleanup: 58750 ns, At safepoint: 1542 ns, Total: 61959 ns
[2025-04-17T13:07:28.972+0000][17261][info ][safepoint   ] Safepoint "ICBufferFull", Time since last: 12687791 ns, Reaching safepoint: 20709 ns, Cleanup: 98000 ns, At safepoint: 1333 ns, Total: 120042 ns
[2025-04-17T13:07:29.053+0000][17261][info ][safepoint   ] Safepoint "ICBufferFull", Time since last: 81140917 ns, Reaching safepoint: 1375 ns, Cleanup: 79333 ns, At safepoint: 1167 ns, Total: 81875 ns
[2025-04-17T13:07:29.139+0000][17261][info ][gc,start    ] GC(3) Pause Young (Normal) (G1 Evacuation Pause)
[2025-04-17T13:07:29.139+0000][17261][info ][gc,task     ] GC(3) Using 8 workers of 8 for evacuation
[2025-04-17T13:07:29.139+0000][17261][debug][gc,age      ] GC(3) Desired survivor size 27262976 bytes, new threshold 15 (max threshold 15)
[2025-04-17T13:07:29.142+0000][17261][info ][gc,phases   ] GC(3)   Pre Evacuate Collection Set: 0.1ms
[2025-04-17T13:07:29.142+0000][17261][info ][gc,phases   ] GC(3)   Merge Heap Roots: 0.0ms
[2025-04-17T13:07:29.142+0000][17261][info ][gc,phases   ] GC(3)   Evacuate Collection Set: 3.2ms
[2025-04-17T13:07:29.142+0000][17261][info ][gc,phases   ] GC(3)   Post Evacuate Collection Set: 0.3ms
[2025-04-17T13:07:29.142+0000][17261][info ][gc,phases   ] GC(3)   Other: 0.1ms
[2025-04-17T13:07:29.142+0000][17261][trace][gc,age      ] GC(3) Age table with threshold 15 (max threshold 15)
[2025-04-17T13:07:29.142+0000][17261][trace][gc,age      ] GC(3) - age   1:    7491968 bytes,    7491968 total
[2025-04-17T13:07:29.142+0000][17261][trace][gc,age      ] GC(3) - age   2:    9177200 bytes,   16669168 total
[2025-04-17T13:07:29.142+0000][17261][trace][gc,age      ] GC(3) - age   3:   11663032 bytes,   28332200 total
[2025-04-17T13:07:29.142+0000][17261][info ][gc,heap     ] GC(3) Eden regions: 96->0(94)
[2025-04-17T13:07:29.142+0000][17261][info ][gc,heap     ] GC(3) Survivor regions: 6->8(13)
[2025-04-17T13:07:29.142+0000][17261][info ][gc,heap     ] GC(3) Old regions: 0->0
[2025-04-17T13:07:29.142+0000][17261][info ][gc,heap     ] GC(3) Archive regions: 2->2
[2025-04-17T13:07:29.142+0000][17261][info ][gc,heap     ] GC(3) Humongous regions: 0->0
[2025-04-17T13:07:29.143+0000][17261][info ][gc,metaspace] GC(3) Metaspace: 32025K(32832K)->32025K(32832K) NonClass: 28150K(28608K)->28150K(28608K) Class: 3874K(4224K)->3874K(4224K)
[2025-04-17T13:07:29.143+0000][17261][info ][gc          ] GC(3) Pause Young (Normal) (G1 Evacuation Pause) 409M->32M(8192M) 3.861ms
[2025-04-17T13:07:29.143+0000][17261][info ][gc,cpu      ] GC(3) User=0.03s Sys=0.01s Real=0.01s
[2025-04-17T13:07:29.143+0000][17261][info ][safepoint   ] Safepoint "G1CollectForAllocation", Time since last: 85661583 ns, Reaching safepoint: 1458 ns, Cleanup: 57667 ns, At safepoint: 3890500 ns, Total: 3949625 ns
[2025-04-17T13:07:29.243+0000][17261][info ][safepoint   ] Safepoint "ICBufferFull", Time since last: 100696000 ns, Reaching safepoint: 1333 ns, Cleanup: 58625 ns, At safepoint: 1917 ns, Total: 61875 ns
[2025-04-17T13:07:29.395+0000][17261][info ][gc,start    ] GC(4) Pause Young (Normal) (G1 Evacuation Pause)
[2025-04-17T13:07:29.395+0000][17261][info ][gc,task     ] GC(4) Using 8 workers of 8 for evacuation
[2025-04-17T13:07:29.395+0000][17261][debug][gc,age      ] GC(4) Desired survivor size 27262976 bytes, new threshold 3 (max threshold 15)
[2025-04-17T13:07:29.399+0000][17261][info ][gc,phases   ] GC(4)   Pre Evacuate Collection Set: 0.2ms
[2025-04-17T13:07:29.399+0000][17261][info ][gc,phases   ] GC(4)   Merge Heap Roots: 0.0ms
[2025-04-17T13:07:29.399+0000][17261][info ][gc,phases   ] GC(4)   Evacuate Collection Set: 4.1ms
[2025-04-17T13:07:29.399+0000][17261][info ][gc,phases   ] GC(4)   Post Evacuate Collection Set: 0.3ms
[2025-04-17T13:07:29.399+0000][17261][info ][gc,phases   ] GC(4)   Other: 0.1ms
[2025-04-17T13:07:29.399+0000][17261][trace][gc,age      ] GC(4) Age table with threshold 3 (max threshold 15)
[2025-04-17T13:07:29.399+0000][17261][trace][gc,age      ] GC(4) - age   1:    6442000 bytes,    6442000 total
[2025-04-17T13:07:29.399+0000][17261][trace][gc,age      ] GC(4) - age   2:    5687776 bytes,   12129776 total
[2025-04-17T13:07:29.399+0000][17261][trace][gc,age      ] GC(4) - age   3:    9169728 bytes,   21299504 total
[2025-04-17T13:07:29.399+0000][17261][info ][gc,heap     ] GC(4) Eden regions: 94->0(144)
[2025-04-17T13:07:29.399+0000][17261][info ][gc,heap     ] GC(4) Survivor regions: 8->6(13)
[2025-04-17T13:07:29.399+0000][17261][info ][gc,heap     ] GC(4) Old regions: 0->3
[2025-04-17T13:07:29.399+0000][17261][info ][gc,heap     ] GC(4) Archive regions: 2->2
[2025-04-17T13:07:29.399+0000][17261][info ][gc,heap     ] GC(4) Humongous regions: 0->0
[2025-04-17T13:07:29.399+0000][17261][info ][gc,metaspace] GC(4) Metaspace: 34125K(34944K)->34125K(34944K) NonClass: 29971K(30464K)->29971K(30464K) Class: 4153K(4480K)->4153K(4480K)
[2025-04-17T13:07:29.399+0000][17261][info ][gc          ] GC(4) Pause Young (Normal) (G1 Evacuation Pause) 408M->38M(8192M) 4.857ms
[2025-04-17T13:07:29.399+0000][17261][info ][gc,cpu      ] GC(4) User=0.03s Sys=0.00s Real=0.00s
[2025-04-17T13:07:29.399+0000][17261][info ][safepoint   ] Safepoint "G1CollectForAllocation", Time since last: 151165667 ns, Reaching safepoint: 1500 ns, Cleanup: 32208 ns, At safepoint: 4886750 ns, Total: 4920458 ns
[2025-04-17T13:07:29.540+0000][17261][info ][gc,start    ] GC(5) Pause Young (Concurrent Start) (Metadata GC Threshold)
[2025-04-17T13:07:29.541+0000][17261][info ][gc,task     ] GC(5) Using 8 workers of 8 for evacuation
[2025-04-17T13:07:29.541+0000][17261][debug][gc,age      ] GC(5) Desired survivor size 39845888 bytes, new threshold 15 (max threshold 15)
[2025-04-17T13:07:29.543+0000][17261][info ][gc,phases   ] GC(5)   Pre Evacuate Collection Set: 0.1ms
[2025-04-17T13:07:29.543+0000][17261][info ][gc,phases   ] GC(5)   Merge Heap Roots: 0.0ms
[2025-04-17T13:07:29.543+0000][17261][info ][gc,phases   ] GC(5)   Evacuate Collection Set: 1.8ms
[2025-04-17T13:07:29.543+0000][17261][info ][gc,phases   ] GC(5)   Post Evacuate Collection Set: 0.2ms
[2025-04-17T13:07:29.543+0000][17261][info ][gc,phases   ] GC(5)   Other: 0.1ms
[2025-04-17T13:07:29.543+0000][17261][trace][gc,age      ] GC(5) Age table with threshold 15 (max threshold 15)
[2025-04-17T13:07:29.543+0000][17261][trace][gc,age      ] GC(5) - age   1:    3243568 bytes,    3243568 total
[2025-04-17T13:07:29.543+0000][17261][trace][gc,age      ] GC(5) - age   2:    4322112 bytes,    7565680 total
[2025-04-17T13:07:29.543+0000][17261][trace][gc,age      ] GC(5) - age   3:    5685168 bytes,   13250848 total
[2025-04-17T13:07:29.543+0000][17261][trace][gc,age      ] GC(5) - age   4:    9165056 bytes,   22415904 total
[2025-04-17T13:07:29.543+0000][17261][info ][gc,heap     ] GC(5) Eden regions: 49->0(244)
[2025-04-17T13:07:29.543+0000][17261][info ][gc,heap     ] GC(5) Survivor regions: 6->6(19)
[2025-04-17T13:07:29.543+0000][17261][info ][gc,heap     ] GC(5) Old regions: 3->3
[2025-04-17T13:07:29.543+0000][17261][info ][gc,heap     ] GC(5) Archive regions: 2->2
[2025-04-17T13:07:29.543+0000][17261][info ][gc,heap     ] GC(5) Humongous regions: 0->0
[2025-04-17T13:07:29.543+0000][17261][info ][gc,metaspace] GC(5) Metaspace: 35236K(36160K)->35236K(36160K) NonClass: 30956K(31488K)->30956K(31488K) Class: 4279K(4672K)->4279K(4672K)
[2025-04-17T13:07:29.543+0000][17261][info ][gc          ] GC(5) Pause Young (Concurrent Start) (Metadata GC Threshold) 234M->38M(8192M) 2.329ms
[2025-04-17T13:07:29.543+0000][17261][info ][gc,cpu      ] GC(5) User=0.02s Sys=0.00s Real=0.00s
[2025-04-17T13:07:29.543+0000][17261][info ][gc          ] GC(6) Concurrent Mark Cycle
[2025-04-17T13:07:29.543+0000][17261][info ][gc,marking  ] GC(6) Concurrent Clear Claimed Marks
[2025-04-17T13:07:29.543+0000][17261][info ][safepoint   ] Safepoint "CollectForMetadataAllocation", Time since last: 141038500 ns, Reaching safepoint: 1125 ns, Cleanup: 54042 ns, At safepoint: 2367125 ns, Total: 2422292 ns
[2025-04-17T13:07:29.543+0000][17261][info ][gc,marking  ] GC(6) Concurrent Clear Claimed Marks 0.010ms
[2025-04-17T13:07:29.543+0000][17261][info ][gc,marking  ] GC(6) Concurrent Scan Root Regions
[2025-04-17T13:07:29.545+0000][17261][info ][gc,marking  ] GC(6) Concurrent Scan Root Regions 2.339ms
[2025-04-17T13:07:29.545+0000][17261][info ][gc,marking  ] GC(6) Concurrent Mark
[2025-04-17T13:07:29.545+0000][17261][info ][gc,marking  ] GC(6) Concurrent Mark From Roots
[2025-04-17T13:07:29.545+0000][17261][info ][gc,task     ] GC(6) Using 2 workers of 2 for marking
[2025-04-17T13:07:29.550+0000][17261][info ][gc,marking  ] GC(6) Concurrent Mark From Roots 4.678ms
[2025-04-17T13:07:29.550+0000][17261][info ][gc,marking  ] GC(6) Concurrent Preclean
[2025-04-17T13:07:29.550+0000][17261][info ][gc,marking  ] GC(6) Concurrent Preclean 0.047ms
[2025-04-17T13:07:29.550+0000][17261][info ][gc,start    ] GC(6) Pause Remark
[2025-04-17T13:07:29.551+0000][17261][info ][gc          ] GC(6) Pause Remark 40M->40M(8192M) 1.026ms
[2025-04-17T13:07:29.551+0000][17261][info ][gc,cpu      ] GC(6) User=0.00s Sys=0.00s Real=0.00s
[2025-04-17T13:07:29.551+0000][17261][info ][safepoint   ] Safepoint "G1PauseRemark", Time since last: 7145500 ns, Reaching safepoint: 38916 ns, Cleanup: 9000 ns, At safepoint: 1050375 ns, Total: 1098291 ns
[2025-04-17T13:07:29.551+0000][17261][info ][gc,marking  ] GC(6) Concurrent Mark 5.897ms
[2025-04-17T13:07:29.551+0000][17261][info ][gc,marking  ] GC(6) Concurrent Rebuild Remembered Sets
[2025-04-17T13:07:29.554+0000][17261][info ][gc,marking  ] GC(6) Concurrent Rebuild Remembered Sets 2.797ms
[2025-04-17T13:07:29.554+0000][17261][info ][gc,start    ] GC(6) Pause Cleanup
[2025-04-17T13:07:29.554+0000][17261][info ][gc          ] GC(6) Pause Cleanup 40M->40M(8192M) 0.087ms
[2025-04-17T13:07:29.554+0000][17261][info ][gc,cpu      ] GC(6) User=0.00s Sys=0.00s Real=0.00s
[2025-04-17T13:07:29.554+0000][17261][info ][safepoint   ] Safepoint "G1PauseCleanup", Time since last: 2939334 ns, Reaching safepoint: 31208 ns, Cleanup: 2417 ns, At safepoint: 113958 ns, Total: 147583 ns
[2025-04-17T13:07:29.554+0000][17261][info ][gc,marking  ] GC(6) Concurrent Cleanup for Next Mark
[2025-04-17T13:07:29.560+0000][17261][info ][gc,marking  ] GC(6) Concurrent Cleanup for Next Mark 5.699ms
[2025-04-17T13:07:29.560+0000][17261][info ][gc          ] GC(6) Concurrent Mark Cycle 17.082ms
[2025-04-17T13:07:29.668+0000][17261][info ][safepoint   ] Safepoint "ICBufferFull", Time since last: 113591208 ns, Reaching safepoint: 1334 ns, Cleanup: 62916 ns, At safepoint: 1167 ns, Total: 65417 ns
[2025-04-17T13:07:29.749+0000][17261][info ][safepoint   ] Safepoint "ICBufferFull", Time since last: 81374750 ns, Reaching safepoint: 1375 ns, Cleanup: 51625 ns, At safepoint: 1542 ns, Total: 54542 ns
[2025-04-17T13:07:29.818+0000][17261][info ][safepoint   ] Safepoint "ICBufferFull", Time since last: 68488500 ns, Reaching safepoint: 1291 ns, Cleanup: 64875 ns, At safepoint: 334 ns, Total: 66500 ns
[2025-04-17T13:07:29.855+0000][17261][info ][safepoint   ] Safepoint "ICBufferFull", Time since last: 37103083 ns, Reaching safepoint: 32333 ns, Cleanup: 84250 ns, At safepoint: 1500 ns, Total: 118083 ns
[2025-04-17T13:07:29.983+0000][17261][info ][safepoint   ] Safepoint "ICBufferFull", Time since last: 128119500 ns, Reaching safepoint: 18167 ns, Cleanup: 121208 ns, At safepoint: 1709 ns, Total: 141084 ns
[2025-04-17T13:07:30.421+0000][17261][info ][safepoint   ] Safepoint "ICBufferFull", Time since last: 437807000 ns, Reaching safepoint: 1541 ns, Cleanup: 60209 ns, At safepoint: 666 ns, Total: 62416 ns
[2025-04-17T13:07:30.522+0000][17261][info ][safepoint   ] Safepoint "ICBufferFull", Time since last: 100387792 ns, Reaching safepoint: 17292 ns, Cleanup: 58666 ns, At safepoint: 2500 ns, Total: 78458 ns
[2025-04-17T13:07:30.620+0000][17261][info ][safepoint   ] Safepoint "ICBufferFull", Time since last: 98457042 ns, Reaching safepoint: 1625 ns, Cleanup: 57958 ns, At safepoint: 750 ns, Total: 60333 ns
[2025-04-17T13:07:30.687+0000][17261][info ][safepoint   ] Safepoint "ICBufferFull", Time since last: 66966042 ns, Reaching safepoint: 1292 ns, Cleanup: 63083 ns, At safepoint: 500 ns, Total: 64875 ns
[2025-04-17T13:07:30.800+0000][17261][info ][gc,start    ] GC(7) Pause Young (Concurrent Start) (Metadata GC Threshold)
[2025-04-17T13:07:30.800+0000][17261][info ][gc,task     ] GC(7) Using 8 workers of 8 for evacuation
[2025-04-17T13:07:30.800+0000][17261][debug][gc,age      ] GC(7) Desired survivor size 77594624 bytes, new threshold 15 (max threshold 15)
[2025-04-17T13:07:30.812+0000][17261][info ][gc,phases   ] GC(7)   Pre Evacuate Collection Set: 0.3ms
[2025-04-17T13:07:30.812+0000][17261][info ][gc,phases   ] GC(7)   Merge Heap Roots: 0.0ms
[2025-04-17T13:07:30.812+0000][17261][info ][gc,phases   ] GC(7)   Evacuate Collection Set: 11.1ms
[2025-04-17T13:07:30.812+0000][17261][info ][gc,phases   ] GC(7)   Post Evacuate Collection Set: 0.7ms
[2025-04-17T13:07:30.812+0000][17261][info ][gc,phases   ] GC(7)   Other: 0.1ms
[2025-04-17T13:07:30.812+0000][17261][trace][gc,age      ] GC(7) Age table with threshold 15 (max threshold 15)
[2025-04-17T13:07:30.812+0000][17261][trace][gc,age      ] GC(7) - age   1:   25130240 bytes,   25130240 total
[2025-04-17T13:07:30.812+0000][17261][trace][gc,age      ] GC(7) - age   2:    3169328 bytes,   28299568 total
[2025-04-17T13:07:30.812+0000][17261][trace][gc,age      ] GC(7) - age   3:    4275488 bytes,   32575056 total
[2025-04-17T13:07:30.812+0000][17261][trace][gc,age      ] GC(7) - age   4:    5658960 bytes,   38234016 total
[2025-04-17T13:07:30.812+0000][17261][trace][gc,age      ] GC(7) - age   5:    9127584 bytes,   47361600 total
[2025-04-17T13:07:30.812+0000][17261][info ][gc,heap     ] GC(7) Eden regions: 117->0(125)
[2025-04-17T13:07:30.812+0000][17261][info ][gc,heap     ] GC(7) Survivor regions: 6->12(37)
[2025-04-17T13:07:30.812+0000][17261][info ][gc,heap     ] GC(7) Old regions: 3->3
[2025-04-17T13:07:30.812+0000][17261][info ][gc,heap     ] GC(7) Archive regions: 2->2
[2025-04-17T13:07:30.812+0000][17261][info ][gc,heap     ] GC(7) Humongous regions: 0->0
[2025-04-17T13:07:30.812+0000][17261][info ][gc,metaspace] GC(7) Metaspace: 59009K(60480K)->59009K(60480K) NonClass: 51333K(52160K)->51333K(52160K) Class: 7675K(8320K)->7675K(8320K)
[2025-04-17T13:07:30.812+0000][17261][info ][gc          ] GC(7) Pause Young (Concurrent Start) (Metadata GC Threshold) 504M->63M(8192M) 12.454ms
[2025-04-17T13:07:30.812+0000][17261][info ][gc,cpu      ] GC(7) User=0.07s Sys=0.01s Real=0.01s
[2025-04-17T13:07:30.812+0000][17261][info ][gc          ] GC(8) Concurrent Mark Cycle
[2025-04-17T13:07:30.812+0000][17261][info ][safepoint   ] Safepoint "CollectForMetadataAllocation", Time since last: 112454875 ns, Reaching safepoint: 1375 ns, Cleanup: 27917 ns, At safepoint: 12501333 ns, Total: 12530625 ns
[2025-04-17T13:07:30.812+0000][17261][info ][gc,marking  ] GC(8) Concurrent Clear Claimed Marks
[2025-04-17T13:07:30.812+0000][17261][info ][gc,marking  ] GC(8) Concurrent Clear Claimed Marks 0.057ms
[2025-04-17T13:07:30.812+0000][17261][info ][gc,marking  ] GC(8) Concurrent Scan Root Regions
[2025-04-17T13:07:30.820+0000][17261][info ][safepoint   ] Safepoint "CollectForMetadataAllocation", Time since last: 7596917 ns, Reaching safepoint: 17375 ns, Cleanup: 3333 ns, At safepoint: 9167 ns, Total: 29875 ns
[2025-04-17T13:07:30.820+0000][17261][info ][gc,marking  ] GC(8) Concurrent Scan Root Regions 7.904ms
[2025-04-17T13:07:30.820+0000][17261][info ][gc,marking  ] GC(8) Concurrent Mark
[2025-04-17T13:07:30.820+0000][17261][info ][gc,marking  ] GC(8) Concurrent Mark From Roots
[2025-04-17T13:07:30.820+0000][17261][info ][gc,task     ] GC(8) Using 2 workers of 2 for marking
[2025-04-17T13:07:30.823+0000][17261][info ][gc,marking  ] GC(8) Concurrent Mark From Roots 3.317ms
[2025-04-17T13:07:30.824+0000][17261][info ][gc,marking  ] GC(8) Concurrent Preclean
[2025-04-17T13:07:30.824+0000][17261][info ][gc,marking  ] GC(8) Concurrent Preclean 0.039ms
[2025-04-17T13:07:30.824+0000][17261][info ][gc,start    ] GC(8) Pause Remark
[2025-04-17T13:07:30.825+0000][17261][info ][gc          ] GC(8) Pause Remark 67M->67M(8192M) 1.538ms
[2025-04-17T13:07:30.825+0000][17261][info ][gc,cpu      ] GC(8) User=0.01s Sys=0.00s Real=0.00s
[2025-04-17T13:07:30.825+0000][17261][info ][safepoint   ] Safepoint "G1PauseRemark", Time since last: 3772750 ns, Reaching safepoint: 164750 ns, Cleanup: 916 ns, At safepoint: 1566084 ns, Total: 1731750 ns
[2025-04-17T13:07:30.825+0000][17261][info ][gc,marking  ] GC(8) Concurrent Mark 5.148ms
[2025-04-17T13:07:30.825+0000][17261][info ][gc,marking  ] GC(8) Concurrent Rebuild Remembered Sets
[2025-04-17T13:07:30.828+0000][17261][info ][gc,marking  ] GC(8) Concurrent Rebuild Remembered Sets 2.496ms
[2025-04-17T13:07:30.828+0000][17261][info ][gc,start    ] GC(8) Pause Cleanup
[2025-04-17T13:07:30.828+0000][17261][info ][gc          ] GC(8) Pause Cleanup 67M->67M(8192M) 0.116ms
[2025-04-17T13:07:30.828+0000][17261][info ][gc,cpu      ] GC(8) User=0.00s Sys=0.00s Real=0.00s
[2025-04-17T13:07:30.828+0000][17261][info ][safepoint   ] Safepoint "G1PauseCleanup", Time since last: 2554875 ns, Reaching safepoint: 48708 ns, Cleanup: 3250 ns, At safepoint: 139458 ns, Total: 191416 ns
[2025-04-17T13:07:30.828+0000][17261][info ][gc,marking  ] GC(8) Concurrent Cleanup for Next Mark
[2025-04-17T13:07:30.831+0000][17261][info ][gc,marking  ] GC(8) Concurrent Cleanup for Next Mark 3.216ms
[2025-04-17T13:07:30.831+0000][17261][info ][gc          ] GC(8) Concurrent Mark Cycle 19.138ms
[2025-04-17T13:07:30.991+0000][17261][info ][safepoint   ] Safepoint "ICBufferFull", Time since last: 162466875 ns, Reaching safepoint: 1542 ns, Cleanup: 64292 ns, At safepoint: 1916 ns, Total: 67750 ns
[2025-04-17T13:07:31.540+0000][17261][info ][safepoint   ] Safepoint "ICBufferFull", Time since last: 549648417 ns, Reaching safepoint: 1500 ns, Cleanup: 119167 ns, At safepoint: 625 ns, Total: 121292 ns
[2025-04-17T13:07:31.761+0000][17261][info ][safepoint   ] Safepoint "ICBufferFull", Time since last: 220616541 ns, Reaching safepoint: 1667 ns, Cleanup: 84458 ns, At safepoint: 792 ns, Total: 86917 ns
[2025-04-17T13:07:31.944+0000][17261][info ][safepoint   ] Safepoint "ICBufferFull", Time since last: 183115333 ns, Reaching safepoint: 2042 ns, Cleanup: 59083 ns, At safepoint: 1584 ns, Total: 62709 ns
[2025-04-17T13:07:32.015+0000][17261][info ][safepoint   ] Safepoint "ICBufferFull", Time since last: 70797791 ns, Reaching safepoint: 1250 ns, Cleanup: 55584 ns, At safepoint: 375 ns, Total: 57209 ns
[2025-04-17T13:07:32.098+0000][17261][info ][safepoint   ] Safepoint "ICBufferFull", Time since last: 82882958 ns, Reaching safepoint: 1500 ns, Cleanup: 45458 ns, At safepoint: 584 ns, Total: 47542 ns
[2025-04-17T13:07:32.162+0000][17261][info ][gc,start    ] GC(9) Pause Young (Concurrent Start) (G1 Evacuation Pause)
[2025-04-17T13:07:32.162+0000][17261][info ][gc,task     ] GC(9) Using 8 workers of 8 for evacuation
[2025-04-17T13:07:32.162+0000][17261][debug][gc,age      ] GC(9) Desired survivor size 39845888 bytes, new threshold 5 (max threshold 15)
[2025-04-17T13:07:32.179+0000][17261][info ][gc,phases   ] GC(9)   Pre Evacuate Collection Set: 0.1ms
[2025-04-17T13:07:32.179+0000][17261][info ][gc,phases   ] GC(9)   Merge Heap Roots: 0.0ms
[2025-04-17T13:07:32.179+0000][17261][info ][gc,phases   ] GC(9)   Evacuate Collection Set: 16.2ms
[2025-04-17T13:07:32.179+0000][17261][info ][gc,phases   ] GC(9)   Post Evacuate Collection Set: 0.8ms
[2025-04-17T13:07:32.179+0000][17261][info ][gc,phases   ] GC(9)   Other: 0.1ms
[2025-04-17T13:07:32.179+0000][17261][trace][gc,age      ] GC(9) Age table with threshold 5 (max threshold 15)
[2025-04-17T13:07:32.179+0000][17261][trace][gc,age      ] GC(9) - age   1:   15717088 bytes,   15717088 total
[2025-04-17T13:07:32.179+0000][17261][trace][gc,age      ] GC(9) - age   2:   24668864 bytes,   40385952 total
[2025-04-17T13:07:32.179+0000][17261][trace][gc,age      ] GC(9) - age   3:    3157120 bytes,   43543072 total
[2025-04-17T13:07:32.179+0000][17261][trace][gc,age      ] GC(9) - age   4:    4222160 bytes,   47765232 total
[2025-04-17T13:07:32.179+0000][17261][trace][gc,age      ] GC(9) - age   5:    5625296 bytes,   53390528 total
[2025-04-17T13:07:32.179+0000][17261][info ][gc,heap     ] GC(9) Eden regions: 137->0(143)
[2025-04-17T13:07:32.179+0000][17261][info ][gc,heap     ] GC(9) Survivor regions: 12->14(19)
[2025-04-17T13:07:32.179+0000][17261][info ][gc,heap     ] GC(9) Old regions: 3->5
[2025-04-17T13:07:32.179+0000][17261][info ][gc,heap     ] GC(9) Archive regions: 2->2
[2025-04-17T13:07:32.179+0000][17261][info ][gc,heap     ] GC(9) Humongous regions: 0->0
[2025-04-17T13:07:32.179+0000][17261][info ][gc,metaspace] GC(9) Metaspace: 98375K(100160K)->98375K(100160K) NonClass: 84777K(85760K)->84777K(85760K) Class: 13598K(14400K)->13598K(14400K)
[2025-04-17T13:07:32.179+0000][17261][info ][gc          ] GC(9) Pause Young (Concurrent Start) (G1 Evacuation Pause) 611M->78M(8192M) 17.406ms
[2025-04-17T13:07:32.179+0000][17261][info ][gc,cpu      ] GC(9) User=0.08s Sys=0.01s Real=0.01s
[2025-04-17T13:07:32.179+0000][17261][info ][safepoint   ] Safepoint "G1CollectForAllocation", Time since last: 63647500 ns, Reaching safepoint: 1458 ns, Cleanup: 28667 ns, At safepoint: 17444750 ns, Total: 17474875 ns
[2025-04-17T13:07:32.179+0000][17261][info ][gc          ] GC(10) Concurrent Mark Cycle
[2025-04-17T13:07:32.179+0000][17261][info ][gc,marking  ] GC(10) Concurrent Clear Claimed Marks
[2025-04-17T13:07:32.179+0000][17261][info ][gc,marking  ] GC(10) Concurrent Clear Claimed Marks 0.076ms
[2025-04-17T13:07:32.179+0000][17261][info ][gc,marking  ] GC(10) Concurrent Scan Root Regions
[2025-04-17T13:07:32.191+0000][17261][info ][gc,marking  ] GC(10) Concurrent Scan Root Regions 11.833ms
[2025-04-17T13:07:32.191+0000][17261][info ][gc,marking  ] GC(10) Concurrent Mark
[2025-04-17T13:07:32.191+0000][17261][info ][gc,marking  ] GC(10) Concurrent Mark From Roots
[2025-04-17T13:07:32.191+0000][17261][info ][gc,task     ] GC(10) Using 2 workers of 2 for marking
[2025-04-17T13:07:32.194+0000][17261][info ][gc,marking  ] GC(10) Concurrent Mark From Roots 3.295ms
[2025-04-17T13:07:32.195+0000][17261][info ][gc,marking  ] GC(10) Concurrent Preclean
[2025-04-17T13:07:32.195+0000][17261][info ][gc,marking  ] GC(10) Concurrent Preclean 0.049ms
[2025-04-17T13:07:32.195+0000][17261][info ][gc,start    ] GC(10) Pause Remark
[2025-04-17T13:07:32.196+0000][17261][info ][gc          ] GC(10) Pause Remark 82M->82M(8192M) 1.546ms
[2025-04-17T13:07:32.196+0000][17261][info ][gc,cpu      ] GC(10) User=0.00s Sys=0.00s Real=0.00s
[2025-04-17T13:07:32.196+0000][17261][info ][safepoint   ] Safepoint "G1PauseRemark", Time since last: 15457083 ns, Reaching safepoint: 16542 ns, Cleanup: 1208 ns, At safepoint: 1575833 ns, Total: 1593583 ns
[2025-04-17T13:07:32.196+0000][17261][info ][gc,marking  ] GC(10) Concurrent Mark 5.002ms
[2025-04-17T13:07:32.196+0000][17261][info ][gc,marking  ] GC(10) Concurrent Rebuild Remembered Sets
[2025-04-17T13:07:32.196+0000][17261][info ][gc,marking  ] GC(10) Concurrent Rebuild Remembered Sets 0.007ms
[2025-04-17T13:07:32.196+0000][17261][info ][gc,start    ] GC(10) Pause Cleanup
[2025-04-17T13:07:32.196+0000][17261][info ][gc          ] GC(10) Pause Cleanup 82M->82M(8192M) 0.009ms
[2025-04-17T13:07:32.196+0000][17261][info ][gc,cpu      ] GC(10) User=0.00s Sys=0.00s Real=0.00s
[2025-04-17T13:07:32.196+0000][17261][info ][safepoint   ] Safepoint "G1PauseCleanup", Time since last: 38167 ns, Reaching safepoint: 1083 ns, Cleanup: 792 ns, At safepoint: 22833 ns, Total: 24708 ns
[2025-04-17T13:07:32.196+0000][17261][info ][gc,marking  ] GC(10) Concurrent Cleanup for Next Mark
[2025-04-17T13:07:32.199+0000][17261][info ][gc,marking  ] GC(10) Concurrent Cleanup for Next Mark 3.211ms
[2025-04-17T13:07:32.199+0000][17261][info ][gc          ] GC(10) Concurrent Mark Cycle 20.353ms
[2025-04-17T13:07:32.247+0000][17261][info ][safepoint   ] Safepoint "ICBufferFull", Time since last: 50757542 ns, Reaching safepoint: 1792 ns, Cleanup: 58291 ns, At safepoint: 875 ns, Total: 60958 ns
[2025-04-17T13:07:32.280+0000][17261][info ][safepoint   ] Safepoint "ICBufferFull", Time since last: 32821125 ns, Reaching safepoint: 2167 ns, Cleanup: 48625 ns, At safepoint: 1375 ns, Total: 52167 ns
[2025-04-17T13:07:32.395+0000][17261][info ][safepoint   ] Safepoint "ICBufferFull", Time since last: 115118042 ns, Reaching safepoint: 18250 ns, Cleanup: 68916 ns, At safepoint: 1459 ns, Total: 88625 ns
[2025-04-17T13:07:32.395+0000][17261][info ][safepoint   ] Safepoint "ICBufferFull", Time since last: 98666 ns, Reaching safepoint: 14667 ns, Cleanup: 1500 ns, At safepoint: 1667 ns, Total: 17834 ns
[2025-04-17T13:07:32.598+0000][17261][info ][safepoint   ] Safepoint "ICBufferFull", Time since last: 202680541 ns, Reaching safepoint: 3709 ns, Cleanup: 84125 ns, At safepoint: 791 ns, Total: 88625 ns
[2025-04-17T13:07:32.645+0000][17261][info ][safepoint   ] Safepoint "ICBufferFull", Time since last: 47228750 ns, Reaching safepoint: 2875 ns, Cleanup: 58209 ns, At safepoint: 416 ns, Total: 61500 ns
[2025-04-17T13:07:32.673+0000][17261][info ][safepoint   ] Safepoint "ICBufferFull", Time since last: 27524875 ns, Reaching safepoint: 19125 ns, Cleanup: 61417 ns, At safepoint: 2208 ns, Total: 82750 ns
[2025-04-17T13:07:33.674+0000][17261][info ][safepoint   ] Safepoint "Cleanup", Time since last: 1000534042 ns, Reaching safepoint: 15250 ns, Cleanup: 105542 ns, At safepoint: 1208 ns, Total: 122000 ns
[2025-04-17T13:07:35.684+0000][17261][info ][safepoint   ] Safepoint "Cleanup", Time since last: 2010198375 ns, Reaching safepoint: 25375 ns, Cleanup: 51458 ns, At safepoint: 3750 ns, Total: 80583 ns
[2025-04-17T13:07:36.688+0000][17261][info ][safepoint   ] Safepoint "Cleanup", Time since last: 1003674500 ns, Reaching safepoint: 24917 ns, Cleanup: 28875 ns, At safepoint: 3875 ns, Total: 57667 ns
[2025-04-17T13:07:38.691+0000][17261][info ][safepoint   ] Safepoint "Cleanup", Time since last: 2003170792 ns, Reaching safepoint: 36875 ns, Cleanup: 35250 ns, At safepoint: 3791 ns, Total: 75916 ns
[2025-04-17T13:07:54.761+0000][17261][info ][safepoint   ] Safepoint "Cleanup", Time since last: 16070406125 ns, Reaching safepoint: 24875 ns, Cleanup: 44000 ns, At safepoint: 4000 ns, Total: 72875 ns
[2025-04-17T13:07:56.773+0000][17261][info ][safepoint   ] Safepoint "Cleanup", Time since last: 2011479792 ns, Reaching safepoint: 27542 ns, Cleanup: 34000 ns, At safepoint: 2791 ns, Total: 64333 ns
[2025-04-17T13:08:02.794+0000][17261][info ][safepoint   ] Safepoint "Cleanup", Time since last: 6021224709 ns, Reaching safepoint: 23958 ns, Cleanup: 135500 ns, At safepoint: 5750 ns, Total: 165208 ns
[2025-04-17T13:08:27.694+0000][17261][info ][safepoint   ] Safepoint "Cleanup", Time since last: 24899412167 ns, Reaching safepoint: 27333 ns, Cleanup: 57583 ns, At safepoint: 4084 ns, Total: 89000 ns
[2025-04-17T13:08:32.708+0000][17261][info ][safepoint   ] Safepoint "Cleanup", Time since last: 5014647125 ns, Reaching safepoint: 16125 ns, Cleanup: 21916 ns, At safepoint: 2667 ns, Total: 40708 ns
[2025-04-17T13:08:38.727+0000][17261][info ][safepoint   ] Safepoint "Cleanup", Time since last: 6018384292 ns, Reaching safepoint: 23333 ns, Cleanup: 33917 ns, At safepoint: 4250 ns, Total: 61500 ns
[2025-04-17T13:08:42.743+0000][17261][info ][safepoint   ] Safepoint "Cleanup", Time since last: 4015965416 ns, Reaching safepoint: 23792 ns, Cleanup: 38500 ns, At safepoint: 3667 ns, Total: 65959 ns
[2025-04-17T13:08:47.761+0000][17261][info ][safepoint   ] Safepoint "Cleanup", Time since last: 5018103666 ns, Reaching safepoint: 24125 ns, Cleanup: 32167 ns, At safepoint: 3792 ns, Total: 60084 ns
[2025-04-17T13:08:48.767+0000][17261][info ][safepoint   ] Safepoint "Cleanup", Time since last: 1005360708 ns, Reaching safepoint: 22833 ns, Cleanup: 31667 ns, At safepoint: 3792 ns, Total: 58292 ns
[2025-04-17T13:08:50.777+0000][17261][info ][safepoint   ] Safepoint "Cleanup", Time since last: 2010208583 ns, Reaching safepoint: 22000 ns, Cleanup: 26125 ns, At safepoint: 3083 ns, Total: 51208 ns
[2025-04-17T13:08:52.786+0000][17261][info ][safepoint   ] Safepoint "Cleanup", Time since last: 2009070000 ns, Reaching safepoint: 23709 ns, Cleanup: 38416 ns, At safepoint: 4000 ns, Total: 66125 ns
[2025-04-17T13:08:53.791+0000][17261][info ][safepoint   ] Safepoint "Cleanup", Time since last: 1005300250 ns, Reaching safepoint: 23959 ns, Cleanup: 33416 ns, At safepoint: 3542 ns, Total: 60917 ns
[2025-04-17T13:09:02.822+0000][17261][info ][safepoint   ] Safepoint "Cleanup", Time since last: 9030195208 ns, Reaching safepoint: 22209 ns, Cleanup: 37000 ns, At safepoint: 3541 ns, Total: 62750 ns
[2025-04-17T13:09:16.870+0000][17261][info ][safepoint   ] Safepoint "Cleanup", Time since last: 14048366959 ns, Reaching safepoint: 23250 ns, Cleanup: 37791 ns, At safepoint: 3667 ns, Total: 64708 ns
[2025-04-17T13:09:32.870+0000][17261][info ][safepoint   ] Safepoint "Cleanup", Time since last: 16000002000 ns, Reaching safepoint: 23167 ns, Cleanup: 47625 ns, At safepoint: 3875 ns, Total: 74667 ns
[2025-04-17T13:09:37.887+0000][17261][info ][safepoint   ] Safepoint "Cleanup", Time since last: 5016647625 ns, Reaching safepoint: 25041 ns, Cleanup: 34792 ns, At safepoint: 3792 ns, Total: 63625 ns
[2025-04-17T13:09:38.892+0000][17261][info ][safepoint   ] Safepoint "Cleanup", Time since last: 1005295125 ns, Reaching safepoint: 23125 ns, Cleanup: 35666 ns, At safepoint: 3750 ns, Total: 62541 ns
[2025-04-17T13:09:44.923+0000][17261][info ][safepoint   ] Safepoint "Cleanup", Time since last: 6030419334 ns, Reaching safepoint: 24250 ns, Cleanup: 32791 ns, At safepoint: 4167 ns, Total: 61208 ns
[2025-04-17T13:09:51.948+0000][17261][info ][safepoint   ] Safepoint "Cleanup", Time since last: 7024929125 ns, Reaching safepoint: 13750 ns, Cleanup: 20750 ns, At safepoint: 2667 ns, Total: 37167 ns
[2025-04-17T13:09:53.953+0000][17261][info ][safepoint   ] Safepoint "Cleanup", Time since last: 2004808208 ns, Reaching safepoint: 24625 ns, Cleanup: 29708 ns, At safepoint: 2709 ns, Total: 57042 ns
[2025-04-17T13:10:08.998+0000][17261][info ][safepoint   ] Safepoint "Cleanup", Time since last: 15045800500 ns, Reaching safepoint: 35583 ns, Cleanup: 109792 ns, At safepoint: 12208 ns, Total: 157583 ns
[2025-04-17T13:10:25.060+0000][17261][info ][safepoint   ] Safepoint "Cleanup", Time since last: 16061266917 ns, Reaching safepoint: 23625 ns, Cleanup: 32291 ns, At safepoint: 3834 ns, Total: 59750 ns
[2025-04-17T13:10:32.088+0000][17261][info ][safepoint   ] Safepoint "Cleanup", Time since last: 7028158500 ns, Reaching safepoint: 23375 ns, Cleanup: 31500 ns, At safepoint: 4500 ns, Total: 59375 ns
[2025-04-17T13:10:36.108+0000][17261][info ][safepoint   ] Safepoint "Cleanup", Time since last: 4019413625 ns, Reaching safepoint: 22791 ns, Cleanup: 29125 ns, At safepoint: 3875 ns, Total: 55791 ns
[2025-04-17T13:11:03.205+0000][17261][info ][safepoint   ] Safepoint "Cleanup", Time since last: 27097186959 ns, Reaching safepoint: 5083 ns, Cleanup: 6792 ns, At safepoint: 708 ns, Total: 12583 ns
[2025-04-17T13:11:08.220+0000][17261][info ][safepoint   ] Safepoint "Cleanup", Time since last: 5015527375 ns, Reaching safepoint: 27417 ns, Cleanup: 41791 ns, At safepoint: 3542 ns, Total: 72750 ns
[2025-04-17T13:11:12.241+0000][17261][info ][safepoint   ] Safepoint "Cleanup", Time since last: 4020357583 ns, Reaching safepoint: 24000 ns, Cleanup: 31084 ns, At safepoint: 3708 ns, Total: 58792 ns
[2025-04-17T13:11:20.270+0000][17261][info ][safepoint   ] Safepoint "Cleanup", Time since last: 8029041500 ns, Reaching safepoint: 24375 ns, Cleanup: 49875 ns, At safepoint: 3583 ns, Total: 77833 ns
[2025-04-17T13:11:33.331+0000][17261][info ][safepoint   ] Safepoint "Cleanup", Time since last: 13061093959 ns, Reaching safepoint: 23916 ns, Cleanup: 30834 ns, At safepoint: 3291 ns, Total: 58041 ns
[2025-04-17T13:11:40.360+0000][17261][info ][safepoint   ] Safepoint "Cleanup", Time since last: 7028890084 ns, Reaching safepoint: 23625 ns, Cleanup: 30666 ns, At safepoint: 3959 ns, Total: 58250 ns
[2025-04-17T13:11:50.402+0000][17261][info ][safepoint   ] Safepoint "Cleanup", Time since last: 10042014291 ns, Reaching safepoint: 21917 ns, Cleanup: 75542 ns, At safepoint: 4208 ns, Total: 101667 ns
[2025-04-17T13:11:55.414+0000][17261][info ][safepoint   ] Safepoint "Cleanup", Time since last: 5011815167 ns, Reaching safepoint: 23041 ns, Cleanup: 30334 ns, At safepoint: 2750 ns, Total: 56125 ns
[2025-04-17T13:12:15.497+0000][17261][info ][safepoint   ] Safepoint "Cleanup", Time since last: 20083301416 ns, Reaching safepoint: 23250 ns, Cleanup: 32250 ns, At safepoint: 3959 ns, Total: 59459 ns
[2025-04-17T13:12:18.507+0000][17261][info ][safepoint   ] Safepoint "Cleanup", Time since last: 3009603625 ns, Reaching safepoint: 23000 ns, Cleanup: 20958 ns, At safepoint: 3958 ns, Total: 47916 ns
[2025-04-17T13:12:28.546+0000][17261][info ][safepoint   ] Safepoint "Cleanup", Time since last: 10039189500 ns, Reaching safepoint: 23209 ns, Cleanup: 30791 ns, At safepoint: 3459 ns, Total: 57459 ns
[2025-04-17T13:12:33.568+0000][17261][info ][safepoint   ] Safepoint "Cleanup", Time since last: 5021600166 ns, Reaching safepoint: 23667 ns, Cleanup: 27292 ns, At safepoint: 4000 ns, Total: 54959 ns
[2025-04-17T13:12:40.602+0000][17261][info ][safepoint   ] Safepoint "Cleanup", Time since last: 7033617916 ns, Reaching safepoint: 25542 ns, Cleanup: 32792 ns, At safepoint: 3875 ns, Total: 62209 ns
[2025-04-17T13:12:45.626+0000][17261][info ][safepoint   ] Safepoint "Cleanup", Time since last: 5024186500 ns, Reaching safepoint: 49166 ns, Cleanup: 27709 ns, At safepoint: 9083 ns, Total: 85958 ns
[2025-04-17T13:12:47.633+0000][17261][info ][safepoint   ] Safepoint "Cleanup", Time since last: 2007262458 ns, Reaching safepoint: 24000 ns, Cleanup: 31542 ns, At safepoint: 3750 ns, Total: 59292 ns
[2025-04-17T13:12:50.643+0000][17261][info ][safepoint   ] Safepoint "Cleanup", Time since last: 3009458542 ns, Reaching safepoint: 21875 ns, Cleanup: 30125 ns, At safepoint: 3958 ns, Total: 55958 ns
[2025-04-17T13:13:02.689+0000][17261][info ][safepoint   ] Safepoint "Cleanup", Time since last: 12046276000 ns, Reaching safepoint: 23333 ns, Cleanup: 23209 ns, At safepoint: 4000 ns, Total: 50542 ns
[2025-04-17T13:13:10.720+0000][17261][info ][safepoint   ] Safepoint "Cleanup", Time since last: 8031293083 ns, Reaching safepoint: 12583 ns, Cleanup: 21209 ns, At safepoint: 2375 ns, Total: 36167 ns
[2025-04-17T13:13:16.740+0000][17261][info ][safepoint   ] Safepoint "Cleanup", Time since last: 6019357333 ns, Reaching safepoint: 10208 ns, Cleanup: 61334 ns, At safepoint: 1291 ns, Total: 72833 ns
[2025-04-17T13:13:17.745+0000][17261][info ][safepoint   ] Safepoint "Cleanup", Time since last: 1005120459 ns, Reaching safepoint: 24708 ns, Cleanup: 33417 ns, At safepoint: 3583 ns, Total: 61708 ns
[2025-04-17T13:13:25.778+0000][17261][info ][safepoint   ] Safepoint "Cleanup", Time since last: 8032671292 ns, Reaching safepoint: 46250 ns, Cleanup: 21625 ns, At safepoint: 3916 ns, Total: 71791 ns
[2025-04-17T13:13:27.786+0000][17261][info ][safepoint   ] Safepoint "Cleanup", Time since last: 2007701167 ns, Reaching safepoint: 23417 ns, Cleanup: 46083 ns, At safepoint: 3333 ns, Total: 72833 ns
[2025-04-17T13:13:32.806+0000][17261][info ][safepoint   ] Safepoint "Cleanup", Time since last: 5020049875 ns, Reaching safepoint: 23625 ns, Cleanup: 37125 ns, At safepoint: 3709 ns, Total: 64459 ns
[2025-04-17T13:14:02.917+0000][17261][info ][safepoint   ] Safepoint "Cleanup", Time since last: 30110949458 ns, Reaching safepoint: 17167 ns, Cleanup: 45791 ns, At safepoint: 3000 ns, Total: 65958 ns
[2025-04-17T13:14:32.032+0000][17261][info ][safepoint   ] Safepoint "Cleanup", Time since last: 29115685875 ns, Reaching safepoint: 24709 ns, Cleanup: 29250 ns, At safepoint: 3833 ns, Total: 57792 ns
[2025-04-17T13:14:43.068+0000][17261][info ][safepoint   ] Safepoint "Cleanup", Time since last: 11035936083 ns, Reaching safepoint: 26084 ns, Cleanup: 63875 ns, At safepoint: 4458 ns, Total: 94417 ns
[2025-04-17T13:14:47.078+0000][17261][info ][safepoint   ] Safepoint "Cleanup", Time since last: 4009100000 ns, Reaching safepoint: 24542 ns, Cleanup: 29333 ns, At safepoint: 3750 ns, Total: 57625 ns
[2025-04-17T13:15:14.171+0000][17261][info ][safepoint   ] Safepoint "Cleanup", Time since last: 27093278333 ns, Reaching safepoint: 13750 ns, Cleanup: 43209 ns, At safepoint: 2416 ns, Total: 59375 ns
[2025-04-17T13:15:15.176+0000][17261][info ][safepoint   ] Safepoint "Cleanup", Time since last: 1005118917 ns, Reaching safepoint: 11458 ns, Cleanup: 38875 ns, At safepoint: 1750 ns, Total: 52083 ns
[2025-04-17T13:15:19.185+0000][17261][info ][safepoint   ] Safepoint "Cleanup", Time since last: 4008772417 ns, Reaching safepoint: 25750 ns, Cleanup: 32292 ns, At safepoint: 3416 ns, Total: 61458 ns
[2025-04-17T13:15:28.224+0000][17261][info ][safepoint   ] Safepoint "Cleanup", Time since last: 9039097917 ns, Reaching safepoint: 31417 ns, Cleanup: 288583 ns, At safepoint: 5042 ns, Total: 325042 ns
[2025-04-17T13:15:32.245+0000][17261][info ][safepoint   ] Safepoint "Cleanup", Time since last: 4020271000 ns, Reaching safepoint: 27416 ns, Cleanup: 31000 ns, At safepoint: 3459 ns, Total: 61875 ns
[2025-04-17T13:15:33.250+0000][17261][info ][safepoint   ] Safepoint "Cleanup", Time since last: 1004890916 ns, Reaching safepoint: 26042 ns, Cleanup: 35542 ns, At safepoint: 3833 ns, Total: 65417 ns
[2025-04-17T13:16:15.407+0000][17261][info ][safepoint   ] Safepoint "Cleanup", Time since last: 42156864708 ns, Reaching safepoint: 25167 ns, Cleanup: 30917 ns, At safepoint: 3666 ns, Total: 59750 ns
[2025-04-17T13:17:03.591+0000][17261][info ][safepoint   ] Safepoint "Cleanup", Time since last: 48184060375 ns, Reaching safepoint: 21125 ns, Cleanup: 25500 ns, At safepoint: 3084 ns, Total: 49709 ns
[2025-04-17T13:17:32.707+0000][17261][info ][safepoint   ] Safepoint "Cleanup", Time since last: 29115886000 ns, Reaching safepoint: 12375 ns, Cleanup: 24166 ns, At safepoint: 2042 ns, Total: 38583 ns
[2025-04-17T13:17:35.719+0000][17261][info ][safepoint   ] Safepoint "Cleanup", Time since last: 3011741000 ns, Reaching safepoint: 22750 ns, Cleanup: 30292 ns, At safepoint: 4958 ns, Total: 58000 ns
[2025-04-17T13:17:49.775+0000][17261][info ][safepoint   ] Safepoint "Cleanup", Time since last: 14056805042 ns, Reaching safepoint: 25958 ns, Cleanup: 34833 ns, At safepoint: 3625 ns, Total: 64416 ns
[2025-04-17T13:17:50.781+0000][17261][info ][safepoint   ] Safepoint "Cleanup", Time since last: 1005258625 ns, Reaching safepoint: 14167 ns, Cleanup: 20792 ns, At safepoint: 1333 ns, Total: 36292 ns
[2025-04-17T13:17:51.781+0000][17261][info ][safepoint   ] Safepoint "Cleanup", Time since last: 1000556917 ns, Reaching safepoint: 16375 ns, Cleanup: 20666 ns, At safepoint: 2542 ns, Total: 39583 ns
[2025-04-17T13:18:02.829+0000][17261][info ][safepoint   ] Safepoint "Cleanup", Time since last: 11048001458 ns, Reaching safepoint: 18834 ns, Cleanup: 21375 ns, At safepoint: 1833 ns, Total: 42042 ns
[2025-04-17T13:18:07.853+0000][17261][info ][safepoint   ] Safepoint "Cleanup", Time since last: 5023541708 ns, Reaching safepoint: 25542 ns, Cleanup: 35750 ns, At safepoint: 3917 ns, Total: 65209 ns
[2025-04-17T13:18:17.900+0000][17261][info ][safepoint   ] Safepoint "Cleanup", Time since last: 10047340833 ns, Reaching safepoint: 26208 ns, Cleanup: 26917 ns, At safepoint: 4333 ns, Total: 57458 ns
[2025-04-17T13:19:27.385+0000][17261][info ][safepoint   ] Safepoint "Cleanup", Time since last: 69484601834 ns, Reaching safepoint: 25083 ns, Cleanup: 27708 ns, At safepoint: 3584 ns, Total: 56375 ns
[2025-04-17T13:19:28.391+0000][17261][info ][safepoint   ] Safepoint "Cleanup", Time since last: 1006154208 ns, Reaching safepoint: 26833 ns, Cleanup: 35000 ns, At safepoint: 4125 ns, Total: 65958 ns
[2025-04-17T13:19:33.416+0000][17261][info ][safepoint   ] Safepoint "Cleanup", Time since last: 5024615042 ns, Reaching safepoint: 25000 ns, Cleanup: 33333 ns, At safepoint: 2834 ns, Total: 61167 ns
[2025-04-17T13:20:15.562+0000][17261][info ][safepoint   ] Safepoint "Cleanup", Time since last: 42145768875 ns, Reaching safepoint: 26458 ns, Cleanup: 28125 ns, At safepoint: 3042 ns, Total: 57625 ns
[2025-04-17T13:20:38.640+0000][17261][info ][safepoint   ] Safepoint "Cleanup", Time since last: 23078064458 ns, Reaching safepoint: 23833 ns, Cleanup: 31750 ns, At safepoint: 2417 ns, Total: 58000 ns
[2025-04-17T13:21:00.585+0000][17261][info ][safepoint   ] Safepoint "Cleanup", Time since last: 21945048083 ns, Reaching safepoint: 26459 ns, Cleanup: 387333 ns, At safepoint: 4542 ns, Total: 418334 ns
[2025-04-17T13:21:07.794+0000][17261][info ][safepoint   ] Safepoint "Cleanup", Time since last: 7208201791 ns, Reaching safepoint: 25584 ns, Cleanup: 35791 ns, At safepoint: 2459 ns, Total: 63834 ns
[2025-04-17T13:21:13.813+0000][17261][info ][safepoint   ] Safepoint "Cleanup", Time since last: 6019416833 ns, Reaching safepoint: 26958 ns, Cleanup: 41542 ns, At safepoint: 3500 ns, Total: 72000 ns
[2025-04-17T13:21:20.834+0000][17261][info ][safepoint   ] Safepoint "Cleanup", Time since last: 7020453583 ns, Reaching safepoint: 26334 ns, Cleanup: 27541 ns, At safepoint: 3084 ns, Total: 56959 ns
[2025-04-17T13:21:22.843+0000][17261][info ][safepoint   ] Safepoint "Cleanup", Time since last: 2009433166 ns, Reaching safepoint: 25959 ns, Cleanup: 33458 ns, At safepoint: 3708 ns, Total: 63125 ns
[2025-04-17T13:21:23.849+0000][17261][info ][safepoint   ] Safepoint "Cleanup", Time since last: 1005267792 ns, Reaching safepoint: 26833 ns, Cleanup: 35167 ns, At safepoint: 4583 ns, Total: 66583 ns
[2025-04-17T13:21:25.857+0000][17261][info ][safepoint   ] Safepoint "Cleanup", Time since last: 2008204584 ns, Reaching safepoint: 26958 ns, Cleanup: 38125 ns, At safepoint: 3667 ns, Total: 68750 ns
[2025-04-17T13:21:30.879+0000][17261][info ][safepoint   ] Safepoint "Cleanup", Time since last: 5021644208 ns, Reaching safepoint: 26292 ns, Cleanup: 33375 ns, At safepoint: 3458 ns, Total: 63125 ns
[2025-04-17T13:21:32.886+0000][17261][info ][safepoint   ] Safepoint "Cleanup", Time since last: 2007188000 ns, Reaching safepoint: 14708 ns, Cleanup: 24084 ns, At safepoint: 1833 ns, Total: 40625 ns
[2025-04-17T13:21:45.928+0000][17261][info ][safepoint   ] Safepoint "Cleanup", Time since last: 13042234042 ns, Reaching safepoint: 16833 ns, Cleanup: 17917 ns, At safepoint: 2083 ns, Total: 36833 ns
[2025-04-17T13:22:02.999+0000][17261][info ][safepoint   ] Safepoint "Cleanup", Time since last: 17070363458 ns, Reaching safepoint: 169375 ns, Cleanup: 32959 ns, At safepoint: 4541 ns, Total: 206875 ns
[2025-04-17T13:22:06.009+0000][17261][info ][safepoint   ] Safepoint "Cleanup", Time since last: 3010172000 ns, Reaching safepoint: 24750 ns, Cleanup: 30334 ns, At safepoint: 3916 ns, Total: 59000 ns
[2025-04-17T13:22:22.071+0000][17261][info ][safepoint   ] Safepoint "Cleanup", Time since last: 16062098334 ns, Reaching safepoint: 26958 ns, Cleanup: 46583 ns, At safepoint: 3917 ns, Total: 77458 ns
[2025-04-17T13:22:39.136+0000][17261][info ][safepoint   ] Safepoint "Cleanup", Time since last: 17064424417 ns, Reaching safepoint: 30083 ns, Cleanup: 39625 ns, At safepoint: 4250 ns, Total: 73958 ns
[2025-04-17T13:22:42.144+0000][17261][info ][safepoint   ] Safepoint "Cleanup", Time since last: 3008821750 ns, Reaching safepoint: 24833 ns, Cleanup: 26417 ns, At safepoint: 2667 ns, Total: 53917 ns
[2025-04-17T13:22:49.170+0000][17261][info ][safepoint   ] Safepoint "Cleanup", Time since last: 7025619916 ns, Reaching safepoint: 11209 ns, Cleanup: 15625 ns, At safepoint: 2166 ns, Total: 29000 ns
[2025-04-17T13:23:03.216+0000][17261][info ][safepoint   ] Safepoint "Cleanup", Time since last: 14045644459 ns, Reaching safepoint: 14375 ns, Cleanup: 19708 ns, At safepoint: 2542 ns, Total: 36625 ns
[2025-04-17T13:23:06.230+0000][17261][info ][safepoint   ] Safepoint "Cleanup", Time since last: 3013747791 ns, Reaching safepoint: 13250 ns, Cleanup: 14875 ns, At safepoint: 2125 ns, Total: 30250 ns
[2025-04-17T13:23:13.257+0000][17261][info ][safepoint   ] Safepoint "Cleanup", Time since last: 7026986792 ns, Reaching safepoint: 28667 ns, Cleanup: 33416 ns, At safepoint: 3750 ns, Total: 65833 ns
[2025-04-17T13:23:27.304+0000][17261][info ][safepoint   ] Safepoint "Cleanup", Time since last: 14046977209 ns, Reaching safepoint: 27500 ns, Cleanup: 36791 ns, At safepoint: 3459 ns, Total: 67750 ns
[2025-04-17T13:23:42.335+0000][17261][info ][safepoint   ] Safepoint "Cleanup", Time since last: 15031019500 ns, Reaching safepoint: 42791 ns, Cleanup: 34584 ns, At safepoint: 5375 ns, Total: 82750 ns
[2025-04-17T13:23:42.601+0000][17261][info ][safepoint   ] Safepoint "ICBufferFull", Time since last: 265821250 ns, Reaching safepoint: 5166 ns, Cleanup: 63542 ns, At safepoint: 917 ns, Total: 69625 ns
[2025-04-17T13:23:43.630+0000][17261][info ][safepoint   ] Safepoint "Cleanup", Time since last: 1029197208 ns, Reaching safepoint: 30208 ns, Cleanup: 149125 ns, At safepoint: 3542 ns, Total: 182875 ns
[2025-04-17T13:23:52.655+0000][17261][info ][safepoint   ] Safepoint "Cleanup", Time since last: 9025377167 ns, Reaching safepoint: 17083 ns, Cleanup: 16333 ns, At safepoint: 1750 ns, Total: 35166 ns
[2025-04-17T13:24:02.696+0000][17261][info ][safepoint   ] Safepoint "Cleanup", Time since last: 10040514250 ns, Reaching safepoint: 26584 ns, Cleanup: 29000 ns, At safepoint: 4750 ns, Total: 60334 ns
[2025-04-17T13:24:03.701+0000][17261][info ][safepoint   ] Safepoint "Cleanup", Time since last: 1005193791 ns, Reaching safepoint: 11250 ns, Cleanup: 23125 ns, At safepoint: 1542 ns, Total: 35917 ns
[2025-04-17T13:24:07.720+0000][17261][info ][safepoint   ] Safepoint "Cleanup", Time since last: 4019097583 ns, Reaching safepoint: 28209 ns, Cleanup: 29333 ns, At safepoint: 3667 ns, Total: 61209 ns
[2025-04-17T13:24:12.740+0000][17261][info ][safepoint   ] Safepoint "Cleanup", Time since last: 5019524250 ns, Reaching safepoint: 27041 ns, Cleanup: 66334 ns, At safepoint: 3791 ns, Total: 97166 ns
[2025-04-17T13:24:25.793+0000][17261][info ][safepoint   ] Safepoint "Cleanup", Time since last: 13052844667 ns, Reaching safepoint: 18000 ns, Cleanup: 49750 ns, At safepoint: 2917 ns, Total: 70667 ns
[2025-04-17T13:24:31.028+0000][17261][info ][safepoint   ] Safepoint "Cleanup", Time since last: 5235077958 ns, Reaching safepoint: 12417 ns, Cleanup: 20250 ns, At safepoint: 2583 ns, Total: 35250 ns
[2025-04-17T13:24:32.033+0000][17261][info ][safepoint   ] Safepoint "Cleanup", Time since last: 1005122625 ns, Reaching safepoint: 32125 ns, Cleanup: 36083 ns, At safepoint: 4042 ns, Total: 72250 ns
[2025-04-17T13:24:33.037+0000][17261][info ][safepoint   ] Safepoint "Cleanup", Time since last: 1003799667 ns, Reaching safepoint: 59791 ns, Cleanup: 48542 ns, At safepoint: 8292 ns, Total: 116625 ns
[2025-04-17T13:24:46.090+0000][17261][info ][safepoint   ] Safepoint "Cleanup", Time since last: 13052340625 ns, Reaching safepoint: 13958 ns, Cleanup: 27333 ns, At safepoint: 1625 ns, Total: 42916 ns
[2025-04-17T13:25:00.142+0000][17261][info ][safepoint   ] Safepoint "Cleanup", Time since last: 14052233459 ns, Reaching safepoint: 28458 ns, Cleanup: 34958 ns, At safepoint: 4167 ns, Total: 67583 ns
[2025-04-17T13:25:03.154+0000][17261][info ][safepoint   ] Safepoint "Cleanup", Time since last: 3011513083 ns, Reaching safepoint: 26959 ns, Cleanup: 32791 ns, At safepoint: 3584 ns, Total: 63334 ns
[2025-04-17T13:25:07.168+0000][17261][info ][safepoint   ] Safepoint "Cleanup", Time since last: 4014704791 ns, Reaching safepoint: 27084 ns, Cleanup: 26041 ns, At safepoint: 3042 ns, Total: 56167 ns
[2025-04-17T13:25:16.196+0000][17261][info ][safepoint   ] Safepoint "Cleanup", Time since last: 9027359583 ns, Reaching safepoint: 27917 ns, Cleanup: 28250 ns, At safepoint: 3125 ns, Total: 59292 ns
[2025-04-17T13:25:18.203+0000][17261][info ][safepoint   ] Safepoint "Cleanup", Time since last: 2007218917 ns, Reaching safepoint: 7958 ns, Cleanup: 10375 ns, At safepoint: 1167 ns, Total: 19500 ns
[2025-04-17T13:25:21.216+0000][17261][info ][safepoint   ] Safepoint "Cleanup", Time since last: 3012514750 ns, Reaching safepoint: 26291 ns, Cleanup: 28250 ns, At safepoint: 3417 ns, Total: 57958 ns
[2025-04-17T13:25:25.236+0000][17261][info ][safepoint   ] Safepoint "Cleanup", Time since last: 4020381333 ns, Reaching safepoint: 29250 ns, Cleanup: 32542 ns, At safepoint: 3833 ns, Total: 65625 ns
[2025-04-17T13:25:33.133+0000][17261][info ][safepoint   ] Safepoint "Cleanup", Time since last: 7896846834 ns, Reaching safepoint: 29041 ns, Cleanup: 31375 ns, At safepoint: 3875 ns, Total: 64291 ns
[2025-04-17T13:25:48.190+0000][17261][info ][safepoint   ] Safepoint "Cleanup", Time since last: 15056931125 ns, Reaching safepoint: 27750 ns, Cleanup: 31084 ns, At safepoint: 4083 ns, Total: 62917 ns
[2025-04-17T13:25:51.198+0000][17261][info ][safepoint   ] Safepoint "Cleanup", Time since last: 3008140792 ns, Reaching safepoint: 28500 ns, Cleanup: 30166 ns, At safepoint: 3917 ns, Total: 62583 ns
[2025-04-17T13:26:17.290+0000][17261][info ][safepoint   ] Safepoint "Cleanup", Time since last: 26091338208 ns, Reaching safepoint: 32084 ns, Cleanup: 32375 ns, At safepoint: 3375 ns, Total: 67834 ns
[2025-04-17T13:26:21.304+0000][17261][info ][safepoint   ] Safepoint "Cleanup", Time since last: 4014446125 ns, Reaching safepoint: 17333 ns, Cleanup: 21417 ns, At safepoint: 3041 ns, Total: 41791 ns
[2025-04-17T13:26:22.306+0000][17261][info ][safepoint   ] Safepoint "Cleanup", Time since last: 1002154875 ns, Reaching safepoint: 28125 ns, Cleanup: 32584 ns, At safepoint: 4125 ns, Total: 64834 ns
[2025-04-17T13:26:40.234+0000][17261][info ][safepoint   ] Safepoint "Cleanup", Time since last: 17928175208 ns, Reaching safepoint: 27625 ns, Cleanup: 32458 ns, At safepoint: 3459 ns, Total: 63542 ns
[2025-04-17T13:26:52.278+0000][17261][info ][safepoint   ] Safepoint "Cleanup", Time since last: 12043726000 ns, Reaching safepoint: 26916 ns, Cleanup: 31292 ns, At safepoint: 3250 ns, Total: 61458 ns
[2025-04-17T13:26:57.297+0000][17261][info ][safepoint   ] Safepoint "Cleanup", Time since last: 5018325167 ns, Reaching safepoint: 34041 ns, Cleanup: 33375 ns, At safepoint: 3542 ns, Total: 70958 ns
[2025-04-17T13:27:09.339+0000][17261][info ][safepoint   ] Safepoint "Cleanup", Time since last: 12042762750 ns, Reaching safepoint: 28125 ns, Cleanup: 30917 ns, At safepoint: 4416 ns, Total: 63458 ns
[2025-04-17T13:27:13.360+0000][17261][info ][safepoint   ] Safepoint "Cleanup", Time since last: 4020595875 ns, Reaching safepoint: 27459 ns, Cleanup: 39208 ns, At safepoint: 4542 ns, Total: 71209 ns
[2025-04-17T13:27:47.372+0000][17261][info ][safepoint   ] Safepoint "Cleanup", Time since last: 34011699291 ns, Reaching safepoint: 29459 ns, Cleanup: 29375 ns, At safepoint: 4125 ns, Total: 62959 ns
[2025-04-17T13:27:48.379+0000][17261][info ][safepoint   ] Safepoint "Cleanup", Time since last: 1006821458 ns, Reaching safepoint: 28500 ns, Cleanup: 29500 ns, At safepoint: 4458 ns, Total: 62458 ns
[2025-04-17T13:27:55.404+0000][17261][info ][safepoint   ] Safepoint "Cleanup", Time since last: 7025290959 ns, Reaching safepoint: 29458 ns, Cleanup: 34125 ns, At safepoint: 3750 ns, Total: 67333 ns
[2025-04-17T13:27:56.405+0000][17261][info ][safepoint   ] Safepoint "Cleanup", Time since last: 1000647750 ns, Reaching safepoint: 27500 ns, Cleanup: 32042 ns, At safepoint: 4583 ns, Total: 64125 ns
[2025-04-17T13:28:01.428+0000][17261][info ][safepoint   ] Safepoint "Cleanup", Time since last: 5022944417 ns, Reaching safepoint: 28750 ns, Cleanup: 35291 ns, At safepoint: 3917 ns, Total: 67958 ns
[2025-04-17T13:28:47.537+0000][17261][info ][safepoint   ] Safepoint "Cleanup", Time since last: 46108965542 ns, Reaching safepoint: 26458 ns, Cleanup: 38917 ns, At safepoint: 4291 ns, Total: 69666 ns
[2025-04-17T13:28:48.544+0000][17261][info ][safepoint   ] Safepoint "Cleanup", Time since last: 1006614875 ns, Reaching safepoint: 29000 ns, Cleanup: 62917 ns, At safepoint: 4208 ns, Total: 96125 ns
[2025-04-17T13:28:57.570+0000][17261][info ][safepoint   ] Safepoint "Cleanup", Time since last: 9026479584 ns, Reaching safepoint: 27750 ns, Cleanup: 28791 ns, At safepoint: 5042 ns, Total: 61583 ns
[2025-04-17T13:29:06.600+0000][17261][info ][safepoint   ] Safepoint "Cleanup", Time since last: 9029597083 ns, Reaching safepoint: 27209 ns, Cleanup: 29750 ns, At safepoint: 3666 ns, Total: 60625 ns
[2025-04-17T13:29:21.625+0000][17261][info ][safepoint   ] Safepoint "Cleanup", Time since last: 8053038375 ns, Reaching safepoint: 35584 ns, Cleanup: 50125 ns, At safepoint: 2541 ns, Total: 88250 ns
[2025-04-17T13:30:10.757+0000][17261][info ][safepoint   ] Safepoint "Cleanup", Time since last: 49158789292 ns, Reaching safepoint: 36625 ns, Cleanup: 27708 ns, At safepoint: 2750 ns, Total: 67083 ns
[2025-04-17T13:30:11.758+0000][17261][info ][safepoint   ] Safepoint "Cleanup", Time since last: 1000941042 ns, Reaching safepoint: 25583 ns, Cleanup: 29125 ns, At safepoint: 3042 ns, Total: 57750 ns
[2025-04-17T13:30:16.774+0000][17261][info ][safepoint   ] Safepoint "Cleanup", Time since last: 5016461458 ns, Reaching safepoint: 25667 ns, Cleanup: 36833 ns, At safepoint: 3084 ns, Total: 65584 ns
[2025-04-17T13:30:40.743+0000][17261][info ][safepoint   ] Safepoint "Cleanup", Time since last: 23969084500 ns, Reaching safepoint: 39541 ns, Cleanup: 42375 ns, At safepoint: 3875 ns, Total: 85791 ns
[2025-04-17T13:31:41.853+0000][17261][info ][safepoint   ] Safepoint "Cleanup", Time since last: 61110341792 ns, Reaching safepoint: 28042 ns, Cleanup: 60166 ns, At safepoint: 5500 ns, Total: 93708 ns
[2025-04-17T13:31:49.886+0000][17261][info ][safepoint   ] Safepoint "Cleanup", Time since last: 8033635625 ns, Reaching safepoint: 27584 ns, Cleanup: 53000 ns, At safepoint: 3958 ns, Total: 84542 ns
[2025-04-17T13:31:58.926+0000][17261][info ][safepoint   ] Safepoint "Cleanup", Time since last: 9039093667 ns, Reaching safepoint: 30458 ns, Cleanup: 32750 ns, At safepoint: 4167 ns, Total: 67375 ns
[2025-04-17T13:31:59.930+0000][17261][info ][safepoint   ] Safepoint "Cleanup", Time since last: 1003982208 ns, Reaching safepoint: 28875 ns, Cleanup: 31583 ns, At safepoint: 4250 ns, Total: 64708 ns
[2025-04-17T13:32:09.973+0000][17261][info ][safepoint   ] Safepoint "Cleanup", Time since last: 10043509250 ns, Reaching safepoint: 29959 ns, Cleanup: 45708 ns, At safepoint: 3625 ns, Total: 79292 ns
[2025-04-17T13:32:25.033+0000][17261][info ][safepoint   ] Safepoint "Cleanup", Time since last: 15059747750 ns, Reaching safepoint: 30042 ns, Cleanup: 36208 ns, At safepoint: 3750 ns, Total: 70000 ns
[2025-04-17T13:32:32.062+0000][17261][info ][safepoint   ] Safepoint "Cleanup", Time since last: 7029598167 ns, Reaching safepoint: 29916 ns, Cleanup: 31292 ns, At safepoint: 4167 ns, Total: 65375 ns
[2025-04-17T13:32:49.971+0000][17261][info ][safepoint   ] Safepoint "Cleanup", Time since last: 17908746875 ns, Reaching safepoint: 41625 ns, Cleanup: 30958 ns, At safepoint: 3750 ns, Total: 76333 ns
[2025-04-17T13:33:10.047+0000][17261][info ][safepoint   ] Safepoint "Cleanup", Time since last: 20075509333 ns, Reaching safepoint: 29875 ns, Cleanup: 41042 ns, At safepoint: 4000 ns, Total: 74917 ns
[2025-04-17T13:33:20.082+0000][17261][info ][safepoint   ] Safepoint "Cleanup", Time since last: 10035507417 ns, Reaching safepoint: 31708 ns, Cleanup: 30750 ns, At safepoint: 3667 ns, Total: 66125 ns
[2025-04-17T13:33:40.020+0000][17261][info ][safepoint   ] Safepoint "Cleanup", Time since last: 19938009916 ns, Reaching safepoint: 28625 ns, Cleanup: 38250 ns, At safepoint: 3750 ns, Total: 70625 ns
[2025-04-17T13:34:12.149+0000][17261][info ][safepoint   ] Safepoint "Cleanup", Time since last: 32129231167 ns, Reaching safepoint: 34625 ns, Cleanup: 29833 ns, At safepoint: 3250 ns, Total: 67708 ns
[2025-04-17T13:34:15.163+0000][17261][info ][safepoint   ] Safepoint "Cleanup", Time since last: 3014220209 ns, Reaching safepoint: 29541 ns, Cleanup: 37084 ns, At safepoint: 3791 ns, Total: 70416 ns
[2025-04-17T13:34:40.218+0000][17261][info ][safepoint   ] Safepoint "Cleanup", Time since last: 25055091125 ns, Reaching safepoint: 18542 ns, Cleanup: 19375 ns, At safepoint: 2625 ns, Total: 40542 ns
[2025-04-17T13:35:45.314+0000][17261][info ][safepoint   ] Safepoint "Cleanup", Time since last: 65095590042 ns, Reaching safepoint: 30000 ns, Cleanup: 33375 ns, At safepoint: 3916 ns, Total: 67291 ns
[2025-04-17T13:36:50.352+0000][17261][info ][safepoint   ] Safepoint "Cleanup", Time since last: 65038800667 ns, Reaching safepoint: 40750 ns, Cleanup: 34125 ns, At safepoint: 4042 ns, Total: 78917 ns
[2025-04-17T13:37:17.526+0000][17261][info ][safepoint   ] Safepoint "Cleanup", Time since last: 27173711375 ns, Reaching safepoint: 30041 ns, Cleanup: 34625 ns, At safepoint: 4542 ns, Total: 69208 ns
[2025-04-17T13:37:18.535+0000][17261][info ][safepoint   ] Safepoint "Cleanup", Time since last: 1009606417 ns, Reaching safepoint: 29416 ns, Cleanup: 32667 ns, At safepoint: 3792 ns, Total: 65875 ns
[2025-04-17T13:37:20.552+0000][17261][info ][safepoint   ] Safepoint "Cleanup", Time since last: 2016871333 ns, Reaching safepoint: 28417 ns, Cleanup: 29166 ns, At safepoint: 3834 ns, Total: 61417 ns
[2025-04-17T13:37:40.373+0000][17261][info ][safepoint   ] Safepoint "Cleanup", Time since last: 19820759666 ns, Reaching safepoint: 30875 ns, Cleanup: 40709 ns, At safepoint: 4083 ns, Total: 75667 ns
[2025-04-17T13:37:42.383+0000][17261][info ][safepoint   ] Safepoint "Cleanup", Time since last: 2009992500 ns, Reaching safepoint: 30208 ns, Cleanup: 33750 ns, At safepoint: 4042 ns, Total: 68000 ns
[2025-04-17T13:38:00.475+0000][17261][info ][safepoint   ] Safepoint "Cleanup", Time since last: 18091757000 ns, Reaching safepoint: 33458 ns, Cleanup: 41167 ns, At safepoint: 4375 ns, Total: 79000 ns
[2025-04-17T13:38:10.539+0000][17261][info ][safepoint   ] Safepoint "Cleanup", Time since last: 10064546917 ns, Reaching safepoint: 58250 ns, Cleanup: 93583 ns, At safepoint: 6417 ns, Total: 158250 ns
[2025-04-17T13:38:19.610+0000][17261][info ][safepoint   ] Safepoint "Cleanup", Time since last: 9070075291 ns, Reaching safepoint: 27125 ns, Cleanup: 28709 ns, At safepoint: 3833 ns, Total: 59667 ns
[2025-04-17T13:38:20.612+0000][17261][info ][safepoint   ] Safepoint "Cleanup", Time since last: 1002787708 ns, Reaching safepoint: 31042 ns, Cleanup: 31833 ns, At safepoint: 4792 ns, Total: 67667 ns
[2025-04-17T13:38:51.489+0000][17261][info ][safepoint   ] Safepoint "Cleanup", Time since last: 30877056250 ns, Reaching safepoint: 19083 ns, Cleanup: 20250 ns, At safepoint: 2875 ns, Total: 42208 ns
[2025-04-17T13:39:10.614+0000][17261][info ][safepoint   ] Safepoint "Cleanup", Time since last: 19124554792 ns, Reaching safepoint: 16042 ns, Cleanup: 16958 ns, At safepoint: 1917 ns, Total: 34917 ns
[2025-04-17T13:39:38.447+0000][17261][info ][safepoint   ] Safepoint "Cleanup", Time since last: 27833589541 ns, Reaching safepoint: 27625 ns, Cleanup: 65917 ns, At safepoint: 4292 ns, Total: 97834 ns
[2025-04-17T13:39:45.479+0000][17261][info ][safepoint   ] Safepoint "Cleanup", Time since last: 7031586500 ns, Reaching safepoint: 29791 ns, Cleanup: 31750 ns, At safepoint: 3792 ns, Total: 65333 ns
[2025-04-17T13:39:50.504+0000][17261][info ][safepoint   ] Safepoint "Cleanup", Time since last: 5025140167 ns, Reaching safepoint: 30083 ns, Cleanup: 42667 ns, At safepoint: 2958 ns, Total: 75708 ns
[2025-04-17T13:40:49.659+0000][17261][info ][safepoint   ] Safepoint "Cleanup", Time since last: 59155450000 ns, Reaching safepoint: 27042 ns, Cleanup: 26125 ns, At safepoint: 3208 ns, Total: 56375 ns
[2025-04-17T13:41:40.726+0000][17261][info ][safepoint   ] Safepoint "Cleanup", Time since last: 51067163792 ns, Reaching safepoint: 28500 ns, Cleanup: 32250 ns, At safepoint: 3708 ns, Total: 64458 ns
[2025-04-17T13:42:14.869+0000][17261][info ][safepoint   ] Safepoint "Cleanup", Time since last: 34143160500 ns, Reaching safepoint: 29542 ns, Cleanup: 31500 ns, At safepoint: 4041 ns, Total: 65083 ns
[2025-04-17T13:42:15.872+0000][17261][info ][safepoint   ] Safepoint "Cleanup", Time since last: 1003258584 ns, Reaching safepoint: 29250 ns, Cleanup: 32666 ns, At safepoint: 4500 ns, Total: 66416 ns
[2025-04-17T13:42:19.888+0000][17261][info ][safepoint   ] Safepoint "Cleanup", Time since last: 4015646625 ns, Reaching safepoint: 27084 ns, Cleanup: 28625 ns, At safepoint: 3458 ns, Total: 59167 ns
[2025-04-17T13:42:40.827+0000][17261][info ][safepoint   ] Safepoint "Cleanup", Time since last: 20939025042 ns, Reaching safepoint: 31125 ns, Cleanup: 35541 ns, At safepoint: 4167 ns, Total: 70833 ns
[2025-04-17T13:43:28.999+0000][17261][info ][safepoint   ] Safepoint "Cleanup", Time since last: 48172375333 ns, Reaching safepoint: 29042 ns, Cleanup: 27167 ns, At safepoint: 3250 ns, Total: 59459 ns
[2025-04-17T13:43:50.037+0000][17261][info ][safepoint   ] Safepoint "Cleanup", Time since last: 21037520625 ns, Reaching safepoint: 30125 ns, Cleanup: 30791 ns, At safepoint: 4625 ns, Total: 65541 ns
[2025-04-17T13:44:03.080+0000][17261][info ][safepoint   ] Safepoint "Cleanup", Time since last: 13043059542 ns, Reaching safepoint: 29042 ns, Cleanup: 21875 ns, At safepoint: 4250 ns, Total: 55167 ns
[2025-04-17T13:44:10.109+0000][17261][info ][safepoint   ] Safepoint "Cleanup", Time since last: 7029629166 ns, Reaching safepoint: 28459 ns, Cleanup: 32541 ns, At safepoint: 4167 ns, Total: 65167 ns
[2025-04-17T13:44:33.202+0000][17261][info ][safepoint   ] Safepoint "Cleanup", Time since last: 23092389125 ns, Reaching safepoint: 5875 ns, Cleanup: 8958 ns, At safepoint: 959 ns, Total: 15792 ns
[2025-04-17T13:44:39.123+0000][17261][info ][safepoint   ] Safepoint "Cleanup", Time since last: 5921686875 ns, Reaching safepoint: 9166 ns, Cleanup: 12459 ns, At safepoint: 958 ns, Total: 22583 ns
[2025-04-17T13:45:15.273+0000][17261][info ][safepoint   ] Safepoint "Cleanup", Time since last: 36149898083 ns, Reaching safepoint: 51750 ns, Cleanup: 41250 ns, At safepoint: 4292 ns, Total: 97292 ns
[2025-04-17T13:45:50.341+0000][17261][info ][safepoint   ] Safepoint "Cleanup", Time since last: 35067955042 ns, Reaching safepoint: 29500 ns, Cleanup: 42208 ns, At safepoint: 3667 ns, Total: 75375 ns
[2025-04-17T13:46:10.418+0000][17261][info ][safepoint   ] Safepoint "Cleanup", Time since last: 20077681000 ns, Reaching safepoint: 30625 ns, Cleanup: 49125 ns, At safepoint: 4125 ns, Total: 83875 ns
[2025-04-17T13:46:59.468+0000][17261][info ][safepoint   ] Safepoint "Cleanup", Time since last: 49049620291 ns, Reaching safepoint: 63209 ns, Cleanup: 45875 ns, At safepoint: 3583 ns, Total: 112667 ns
[2025-04-17T13:47:17.543+0000][17261][info ][safepoint   ] Safepoint "Cleanup", Time since last: 18075353042 ns, Reaching safepoint: 34458 ns, Cleanup: 41250 ns, At safepoint: 3292 ns, Total: 79000 ns
[2025-04-17T13:47:40.524+0000][17261][info ][safepoint   ] Safepoint "Cleanup", Time since last: 22980918625 ns, Reaching safepoint: 33791 ns, Cleanup: 36959 ns, At safepoint: 14541 ns, Total: 85291 ns
[2025-04-17T13:47:52.575+0000][17261][info ][safepoint   ] Safepoint "Cleanup", Time since last: 12051244250 ns, Reaching safepoint: 12959 ns, Cleanup: 28333 ns, At safepoint: 2125 ns, Total: 43417 ns
[2025-04-17T13:47:56.591+0000][17261][info ][safepoint   ] Safepoint "Cleanup", Time since last: 4015258708 ns, Reaching safepoint: 27625 ns, Cleanup: 31959 ns, At safepoint: 3458 ns, Total: 63042 ns
[2025-04-17T13:48:10.641+0000][17261][info ][safepoint   ] Safepoint "Cleanup", Time since last: 14050255875 ns, Reaching safepoint: 29750 ns, Cleanup: 37000 ns, At safepoint: 4000 ns, Total: 70750 ns
[2025-04-17T13:48:33.955+0000][17261][info ][safepoint   ] Safepoint "ICBufferFull", Time since last: 23313850500 ns, Reaching safepoint: 7542 ns, Cleanup: 84458 ns, At safepoint: 1042 ns, Total: 93042 ns
[2025-04-17T13:48:34.960+0000][17261][info ][safepoint   ] Safepoint "Cleanup", Time since last: 1005070583 ns, Reaching safepoint: 32125 ns, Cleanup: 102292 ns, At safepoint: 4458 ns, Total: 138875 ns
[2025-04-17T13:48:39.091+0000][17261][info ][safepoint   ] Safepoint "ICBufferFull", Time since last: 4131305750 ns, Reaching safepoint: 21042 ns, Cleanup: 69625 ns, At safepoint: 2041 ns, Total: 92708 ns
[2025-04-17T13:48:39.236+0000][17261][info ][safepoint   ] Safepoint "ICBufferFull", Time since last: 145096250 ns, Reaching safepoint: 5167 ns, Cleanup: 55833 ns, At safepoint: 2125 ns, Total: 63125 ns
[2025-04-17T13:48:40.138+0000][17261][info ][safepoint   ] Safepoint "ICBufferFull", Time since last: 901936042 ns, Reaching safepoint: 6167 ns, Cleanup: 155916 ns, At safepoint: 1459 ns, Total: 163542 ns
[2025-04-17T13:48:41.144+0000][17261][info ][safepoint   ] Safepoint "Cleanup", Time since last: 1005084500 ns, Reaching safepoint: 30125 ns, Cleanup: 56916 ns, At safepoint: 4542 ns, Total: 91583 ns
[2025-04-17T13:48:44.162+0000][17261][info ][safepoint   ] Safepoint "Cleanup", Time since last: 3015670083 ns, Reaching safepoint: 2780209 ns, Cleanup: 34541 ns, At safepoint: 32917 ns, Total: 2847667 ns
[2025-04-17T13:48:44.523+0000][17261][info ][safepoint   ] Safepoint "ICBufferFull", Time since last: 361037458 ns, Reaching safepoint: 8667 ns, Cleanup: 86250 ns, At safepoint: 1250 ns, Total: 96167 ns
[2025-04-17T13:48:45.528+0000][17261][info ][safepoint   ] Safepoint "Cleanup", Time since last: 1005077000 ns, Reaching safepoint: 33917 ns, Cleanup: 105916 ns, At safepoint: 5334 ns, Total: 145167 ns
[2025-04-17T13:48:49.540+0000][17261][info ][safepoint   ] Safepoint "Cleanup", Time since last: 4011452250 ns, Reaching safepoint: 18708 ns, Cleanup: 41792 ns, At safepoint: 2916 ns, Total: 63416 ns
[2025-04-17T13:48:54.557+0000][17261][info ][safepoint   ] Safepoint "Cleanup", Time since last: 5016915292 ns, Reaching safepoint: 20583 ns, Cleanup: 42084 ns, At safepoint: 2541 ns, Total: 65208 ns
[2025-04-17T13:49:04.595+0000][17261][info ][safepoint   ] Safepoint "Cleanup", Time since last: 10038256459 ns, Reaching safepoint: 40125 ns, Cleanup: 36500 ns, At safepoint: 3875 ns, Total: 80500 ns
[2025-04-17T13:49:08.608+0000][17261][info ][safepoint   ] Safepoint "Cleanup", Time since last: 4013184583 ns, Reaching safepoint: 24542 ns, Cleanup: 62375 ns, At safepoint: 3500 ns, Total: 90417 ns
[2025-04-17T13:49:09.610+0000][17261][info ][safepoint   ] Safepoint "Cleanup", Time since last: 1001261000 ns, Reaching safepoint: 46416 ns, Cleanup: 33625 ns, At safepoint: 2834 ns, Total: 82875 ns
[2025-04-17T13:49:10.611+0000][17261][info ][safepoint   ] Safepoint "Cleanup", Time since last: 1001633625 ns, Reaching safepoint: 32208 ns, Cleanup: 32208 ns, At safepoint: 3709 ns, Total: 68125 ns
[2025-04-17T13:49:39.742+0000][17261][info ][safepoint   ] Safepoint "Cleanup", Time since last: 29130189458 ns, Reaching safepoint: 32333 ns, Cleanup: 31000 ns, At safepoint: 4084 ns, Total: 67417 ns
[2025-04-17T13:49:51.795+0000][17261][info ][safepoint   ] Safepoint "Cleanup", Time since last: 12053148250 ns, Reaching safepoint: 33875 ns, Cleanup: 29250 ns, At safepoint: 4666 ns, Total: 67791 ns
[2025-04-17T13:49:55.810+0000][17261][info ][safepoint   ] Safepoint "Cleanup", Time since last: 4015570125 ns, Reaching safepoint: 31834 ns, Cleanup: 33458 ns, At safepoint: 3750 ns, Total: 69042 ns
[2025-04-17T13:50:00.832+0000][17261][info ][safepoint   ] Safepoint "Cleanup", Time since last: 5021686500 ns, Reaching safepoint: 31917 ns, Cleanup: 34416 ns, At safepoint: 3542 ns, Total: 69875 ns
[2025-04-17T13:50:10.863+0000][17261][info ][safepoint   ] Safepoint "Cleanup", Time since last: 10031334625 ns, Reaching safepoint: 32125 ns, Cleanup: 29750 ns, At safepoint: 3500 ns, Total: 65375 ns
[2025-04-17T13:50:30.933+0000][17261][info ][safepoint   ] Safepoint "Cleanup", Time since last: 20069572208 ns, Reaching safepoint: 31042 ns, Cleanup: 50167 ns, At safepoint: 4375 ns, Total: 85584 ns
[2025-04-17T13:50:44.927+0000][17261][info ][safepoint   ] Safepoint "Cleanup", Time since last: 13993681875 ns, Reaching safepoint: 29083 ns, Cleanup: 36833 ns, At safepoint: 4250 ns, Total: 70166 ns
[2025-04-17T13:50:45.707+0000][17261][info ][safepoint   ] Safepoint "ICBufferFull", Time since last: 780558084 ns, Reaching safepoint: 9000 ns, Cleanup: 79625 ns, At safepoint: 2875 ns, Total: 91500 ns
[2025-04-17T13:50:46.712+0000][17261][info ][safepoint   ] Safepoint "Cleanup", Time since last: 1005052583 ns, Reaching safepoint: 16417 ns, Cleanup: 234750 ns, At safepoint: 2958 ns, Total: 254125 ns
[2025-04-17T13:50:49.723+0000][17261][info ][safepoint   ] Safepoint "Cleanup", Time since last: 3010490917 ns, Reaching safepoint: 31916 ns, Cleanup: 23167 ns, At safepoint: 3292 ns, Total: 58375 ns
[2025-04-17T13:50:51.655+0000][17261][info ][safepoint   ] Safepoint "Cleanup", Time since last: 1931902791 ns, Reaching safepoint: 19167 ns, Cleanup: 9792 ns, At safepoint: 1541 ns, Total: 30500 ns
[2025-04-17T13:50:52.660+0000][17261][info ][safepoint   ] Safepoint "Cleanup", Time since last: 1005102959 ns, Reaching safepoint: 33541 ns, Cleanup: 63917 ns, At safepoint: 3333 ns, Total: 100791 ns
[2025-04-17T13:50:56.674+0000][17261][info ][safepoint   ] Safepoint "Cleanup", Time since last: 4014081500 ns, Reaching safepoint: 16459 ns, Cleanup: 42708 ns, At safepoint: 2083 ns, Total: 61250 ns
[2025-04-17T13:51:25.782+0000][17261][info ][safepoint   ] Safepoint "Cleanup", Time since last: 29108276584 ns, Reaching safepoint: 34416 ns, Cleanup: 30584 ns, At safepoint: 3583 ns, Total: 68583 ns
[2025-04-17T13:51:29.799+0000][17261][info ][safepoint   ] Safepoint "Cleanup", Time since last: 4016665667 ns, Reaching safepoint: 68125 ns, Cleanup: 26458 ns, At safepoint: 11708 ns, Total: 106291 ns
[2025-04-17T13:51:30.805+0000][17261][info ][safepoint   ] Safepoint "Cleanup", Time since last: 1005296375 ns, Reaching safepoint: 33917 ns, Cleanup: 33917 ns, At safepoint: 3875 ns, Total: 71709 ns
[2025-04-17T13:51:35.822+0000][17261][info ][safepoint   ] Safepoint "Cleanup", Time since last: 5017502708 ns, Reaching safepoint: 34917 ns, Cleanup: 31958 ns, At safepoint: 4125 ns, Total: 71000 ns
[2025-04-17T13:51:41.042+0000][17261][info ][safepoint   ] Safepoint "Cleanup", Time since last: 5220348292 ns, Reaching safepoint: 31875 ns, Cleanup: 28625 ns, At safepoint: 4500 ns, Total: 65000 ns
[2025-04-17T13:52:16.185+0000][17261][info ][safepoint   ] Safepoint "Cleanup", Time since last: 35142375083 ns, Reaching safepoint: 32375 ns, Cleanup: 30167 ns, At safepoint: 4333 ns, Total: 66875 ns
[2025-04-17T13:52:28.228+0000][17261][info ][safepoint   ] Safepoint "Cleanup", Time since last: 12043795208 ns, Reaching safepoint: 32917 ns, Cleanup: 33542 ns, At safepoint: 4166 ns, Total: 70625 ns
[2025-04-17T13:52:35.252+0000][17261][info ][safepoint   ] Safepoint "Cleanup", Time since last: 7023791917 ns, Reaching safepoint: 31500 ns, Cleanup: 28292 ns, At safepoint: 4250 ns, Total: 64042 ns
[2025-04-17T13:52:40.223+0000][17261][info ][safepoint   ] Safepoint "Cleanup", Time since last: 4970737583 ns, Reaching safepoint: 34292 ns, Cleanup: 33666 ns, At safepoint: 3875 ns, Total: 71833 ns
[2025-04-17T13:52:48.252+0000][17261][info ][safepoint   ] Safepoint "Cleanup", Time since last: 8028500750 ns, Reaching safepoint: 30000 ns, Cleanup: 28042 ns, At safepoint: 4208 ns, Total: 62250 ns
[2025-04-17T13:52:56.285+0000][17261][info ][safepoint   ] Safepoint "Cleanup", Time since last: 8033053334 ns, Reaching safepoint: 31416 ns, Cleanup: 28292 ns, At safepoint: 4375 ns, Total: 64083 ns
[2025-04-17T13:53:33.448+0000][17261][info ][safepoint   ] Safepoint "Cleanup", Time since last: 37163947958 ns, Reaching safepoint: 31834 ns, Cleanup: 67750 ns, At safepoint: 3958 ns, Total: 103542 ns
[2025-04-17T13:53:40.389+0000][17261][info ][safepoint   ] Safepoint "Cleanup", Time since last: 6940146750 ns, Reaching safepoint: 32083 ns, Cleanup: 66875 ns, At safepoint: 4542 ns, Total: 103500 ns
[2025-04-17T13:53:41.391+0000][17261][info ][safepoint   ] Safepoint "Cleanup", Time since last: 1001932125 ns, Reaching safepoint: 33708 ns, Cleanup: 36334 ns, At safepoint: 3416 ns, Total: 73458 ns
[2025-04-17T13:54:40.548+0000][17261][info ][safepoint   ] Safepoint "Cleanup", Time since last: 59157761584 ns, Reaching safepoint: 32333 ns, Cleanup: 32833 ns, At safepoint: 4292 ns, Total: 69458 ns
[2025-04-17T13:54:53.606+0000][17261][info ][safepoint   ] Safepoint "Cleanup", Time since last: 13058255292 ns, Reaching safepoint: 15583 ns, Cleanup: 13708 ns, At safepoint: 1542 ns, Total: 30833 ns
[2025-04-17T13:55:08.667+0000][17261][info ][safepoint   ] Safepoint "Cleanup", Time since last: 15060425750 ns, Reaching safepoint: 32458 ns, Cleanup: 50375 ns, At safepoint: 4542 ns, Total: 87375 ns
[2025-04-17T13:55:10.678+0000][17261][info ][safepoint   ] Safepoint "Cleanup", Time since last: 2011184167 ns, Reaching safepoint: 31916 ns, Cleanup: 26250 ns, At safepoint: 3542 ns, Total: 61708 ns
[2025-04-17T13:55:31.756+0000][17261][info ][safepoint   ] Safepoint "Cleanup", Time since last: 21078421792 ns, Reaching safepoint: 17166 ns, Cleanup: 26250 ns, At safepoint: 2500 ns, Total: 45916 ns
[2025-04-17T13:55:40.709+0000][17261][info ][safepoint   ] Safepoint "Cleanup", Time since last: 8952650084 ns, Reaching safepoint: 31125 ns, Cleanup: 28750 ns, At safepoint: 3333 ns, Total: 63208 ns
[2025-04-17T13:55:50.749+0000][17261][info ][safepoint   ] Safepoint "Cleanup", Time since last: 10040450542 ns, Reaching safepoint: 32375 ns, Cleanup: 18000 ns, At safepoint: 3708 ns, Total: 54083 ns
[2025-04-17T13:56:04.798+0000][17261][info ][safepoint   ] Safepoint "Cleanup", Time since last: 14048426000 ns, Reaching safepoint: 33500 ns, Cleanup: 36458 ns, At safepoint: 3750 ns, Total: 73708 ns
[2025-04-17T13:56:15.839+0000][17261][info ][safepoint   ] Safepoint "Cleanup", Time since last: 11041544167 ns, Reaching safepoint: 33125 ns, Cleanup: 40250 ns, At safepoint: 3750 ns, Total: 77125 ns
[2025-04-17T13:56:19.853+0000][17261][info ][safepoint   ] Safepoint "Cleanup", Time since last: 4013844750 ns, Reaching safepoint: 32750 ns, Cleanup: 39417 ns, At safepoint: 4041 ns, Total: 76208 ns
[2025-04-17T13:56:34.914+0000][17261][info ][safepoint   ] Safepoint "Cleanup", Time since last: 15060547292 ns, Reaching safepoint: 34292 ns, Cleanup: 37166 ns, At safepoint: 4167 ns, Total: 75625 ns
[2025-04-17T13:56:40.799+0000][17261][info ][safepoint   ] Safepoint "Cleanup", Time since last: 5884826292 ns, Reaching safepoint: 31666 ns, Cleanup: 31875 ns, At safepoint: 4334 ns, Total: 67875 ns
[2025-04-17T13:56:45.824+0000][17261][info ][safepoint   ] Safepoint "Cleanup", Time since last: 5025399416 ns, Reaching safepoint: 32500 ns, Cleanup: 32625 ns, At safepoint: 4084 ns, Total: 69209 ns
[2025-04-17T13:57:00.876+0000][17261][info ][safepoint   ] Safepoint "Cleanup", Time since last: 15051772750 ns, Reaching safepoint: 31875 ns, Cleanup: 30000 ns, At safepoint: 4416 ns, Total: 66291 ns
[2025-04-17T13:57:15.936+0000][17261][info ][safepoint   ] Safepoint "Cleanup", Time since last: 15059886417 ns, Reaching safepoint: 33500 ns, Cleanup: 35125 ns, At safepoint: 4000 ns, Total: 72625 ns
[2025-04-17T13:57:19.949+0000][17261][info ][safepoint   ] Safepoint "Cleanup", Time since last: 4013585417 ns, Reaching safepoint: 32916 ns, Cleanup: 31917 ns, At safepoint: 4083 ns, Total: 68916 ns
[2025-04-17T13:57:33.005+0000][17261][info ][safepoint   ] Safepoint "Cleanup", Time since last: 13055547750 ns, Reaching safepoint: 32875 ns, Cleanup: 148709 ns, At safepoint: 5125 ns, Total: 186709 ns
[2025-04-17T13:57:34.010+0000][17261][info ][safepoint   ] Safepoint "Cleanup", Time since last: 1005293250 ns, Reaching safepoint: 33250 ns, Cleanup: 60208 ns, At safepoint: 4417 ns, Total: 97875 ns
[2025-04-17T13:57:36.019+0000][17261][info ][safepoint   ] Safepoint "Cleanup", Time since last: 2008882708 ns, Reaching safepoint: 33667 ns, Cleanup: 65166 ns, At safepoint: 3917 ns, Total: 102750 ns
[2025-04-17T13:57:40.967+0000][17261][info ][safepoint   ] Safepoint "Cleanup", Time since last: 4947447875 ns, Reaching safepoint: 34417 ns, Cleanup: 32416 ns, At safepoint: 4250 ns, Total: 71083 ns
[2025-04-17T13:57:50.996+0000][17261][info ][safepoint   ] Safepoint "Cleanup", Time since last: 10029513334 ns, Reaching safepoint: 37458 ns, Cleanup: 27125 ns, At safepoint: 3750 ns, Total: 68333 ns
[2025-04-17T13:58:04.055+0000][17261][info ][safepoint   ] Safepoint "Cleanup", Time since last: 13058569125 ns, Reaching safepoint: 39792 ns, Cleanup: 32500 ns, At safepoint: 4250 ns, Total: 76542 ns
[2025-04-17T13:58:11.072+0000][17261][info ][safepoint   ] Safepoint "Cleanup", Time since last: 7016809166 ns, Reaching safepoint: 33250 ns, Cleanup: 30667 ns, At safepoint: 3458 ns, Total: 67375 ns
[2025-04-17T13:58:25.079+0000][17261][info ][safepoint   ] Safepoint "Cleanup", Time since last: 14007106584 ns, Reaching safepoint: 17958 ns, Cleanup: 16958 ns, At safepoint: 2667 ns, Total: 37583 ns
[2025-04-17T13:58:31.109+0000][17261][info ][safepoint   ] Safepoint "Cleanup", Time since last: 6030422333 ns, Reaching safepoint: 33625 ns, Cleanup: 35625 ns, At safepoint: 4167 ns, Total: 73417 ns
[2025-04-17T13:58:56.143+0000][17261][info ][safepoint   ] Safepoint "Cleanup", Time since last: 25034199250 ns, Reaching safepoint: 33750 ns, Cleanup: 37958 ns, At safepoint: 4084 ns, Total: 75792 ns
[2025-04-17T13:59:02.153+0000][17261][info ][safepoint   ] Safepoint "Cleanup", Time since last: 6010026041 ns, Reaching safepoint: 7167 ns, Cleanup: 43875 ns, At safepoint: 3000 ns, Total: 54042 ns
[2025-04-17T13:59:03.277+0000][17261][info ][safepoint   ] Safepoint "Cleanup", Time since last: 1123524167 ns, Reaching safepoint: 33875 ns, Cleanup: 171333 ns, At safepoint: 4792 ns, Total: 210000 ns
[2025-04-17T13:59:04.283+0000][17261][info ][safepoint   ] Safepoint "Cleanup", Time since last: 1006189500 ns, Reaching safepoint: 32833 ns, Cleanup: 38750 ns, At safepoint: 3833 ns, Total: 75416 ns
[2025-04-17T13:59:10.165+0000][17261][info ][safepoint   ] Safepoint "Cleanup", Time since last: 5881577292 ns, Reaching safepoint: 10208 ns, Cleanup: 25792 ns, At safepoint: 5458 ns, Total: 41458 ns
[2025-04-17T13:59:15.181+0000][17261][info ][safepoint   ] Safepoint "Cleanup", Time since last: 5015791417 ns, Reaching safepoint: 33458 ns, Cleanup: 49375 ns, At safepoint: 4375 ns, Total: 87208 ns
[2025-04-17T13:59:23.212+0000][17261][info ][safepoint   ] Safepoint "Cleanup", Time since last: 8031145125 ns, Reaching safepoint: 34000 ns, Cleanup: 56917 ns, At safepoint: 3375 ns, Total: 94292 ns
[2025-04-17T13:59:40.213+0000][17261][info ][safepoint   ] Safepoint "Cleanup", Time since last: 17000922292 ns, Reaching safepoint: 15375 ns, Cleanup: 40875 ns, At safepoint: 6666 ns, Total: 62916 ns
[2025-04-17T14:00:06.312+0000][17261][info ][safepoint   ] Safepoint "Cleanup", Time since last: 26099300750 ns, Reaching safepoint: 33250 ns, Cleanup: 32584 ns, At safepoint: 3875 ns, Total: 69709 ns
[2025-04-17T14:00:10.326+0000][17261][info ][safepoint   ] Safepoint "Cleanup", Time since last: 4013975666 ns, Reaching safepoint: 33250 ns, Cleanup: 49375 ns, At safepoint: 4209 ns, Total: 86834 ns
[2025-04-17T14:00:15.349+0000][17261][info ][safepoint   ] Safepoint "Cleanup", Time since last: 5023062166 ns, Reaching safepoint: 32584 ns, Cleanup: 35458 ns, At safepoint: 3833 ns, Total: 71875 ns
[2025-04-17T14:00:34.409+0000][17261][info ][safepoint   ] Safepoint "Cleanup", Time since last: 19059606334 ns, Reaching safepoint: 33958 ns, Cleanup: 35500 ns, At safepoint: 4125 ns, Total: 73583 ns
[2025-04-17T14:00:39.428+0000][17261][info ][safepoint   ] Safepoint "Cleanup", Time since last: 5019392042 ns, Reaching safepoint: 33166 ns, Cleanup: 42334 ns, At safepoint: 4166 ns, Total: 79666 ns
[2025-04-17T14:00:59.374+0000][17261][info ][safepoint   ] Safepoint "Cleanup", Time since last: 19945869334 ns, Reaching safepoint: 33333 ns, Cleanup: 31500 ns, At safepoint: 4333 ns, Total: 69166 ns
[2025-04-17T14:01:38.518+0000][17261][info ][safepoint   ] Safepoint "Cleanup", Time since last: 39143758917 ns, Reaching safepoint: 31417 ns, Cleanup: 70000 ns, At safepoint: 4000 ns, Total: 105417 ns
[2025-04-17T14:01:40.385+0000][17261][info ][safepoint   ] Safepoint "Cleanup", Time since last: 1867705333 ns, Reaching safepoint: 15917 ns, Cleanup: 58333 ns, At safepoint: 6917 ns, Total: 81167 ns
[2025-04-17T14:02:10.497+0000][17261][info ][safepoint   ] Safepoint "Cleanup", Time since last: 30111799958 ns, Reaching safepoint: 32792 ns, Cleanup: 29750 ns, At safepoint: 4208 ns, Total: 66750 ns
[2025-04-17T14:02:17.530+0000][17261][info ][safepoint   ] Safepoint "Cleanup", Time since last: 7032741208 ns, Reaching safepoint: 72000 ns, Cleanup: 37209 ns, At safepoint: 4333 ns, Total: 113542 ns
[2025-04-17T14:02:36.600+0000][17261][info ][safepoint   ] Safepoint "Cleanup", Time since last: 19070398375 ns, Reaching safepoint: 15792 ns, Cleanup: 15250 ns, At safepoint: 2041 ns, Total: 33083 ns
[2025-04-17T14:02:49.587+0000][17261][info ][safepoint   ] Safepoint "Cleanup", Time since last: 12987147042 ns, Reaching safepoint: 32875 ns, Cleanup: 30375 ns, At safepoint: 4250 ns, Total: 67500 ns
[2025-04-17T14:03:01.636+0000][17261][info ][safepoint   ] Safepoint "Cleanup", Time since last: 12048620708 ns, Reaching safepoint: 17292 ns, Cleanup: 17208 ns, At safepoint: 2625 ns, Total: 37125 ns
[2025-04-17T14:03:08.664+0000][17261][info ][safepoint   ] Safepoint "Cleanup", Time since last: 7028446125 ns, Reaching safepoint: 24417 ns, Cleanup: 8292 ns, At safepoint: 2583 ns, Total: 35292 ns
[2025-04-17T14:03:09.670+0000][17261][info ][safepoint   ] Safepoint "Cleanup", Time since last: 1005236542 ns, Reaching safepoint: 34791 ns, Cleanup: 30209 ns, At safepoint: 4166 ns, Total: 69166 ns
[2025-04-17T14:03:58.770+0000][17261][info ][safepoint   ] Safepoint "Cleanup", Time since last: 49100560334 ns, Reaching safepoint: 48000 ns, Cleanup: 25000 ns, At safepoint: 3666 ns, Total: 76666 ns
[2025-04-17T14:05:15.000+0000][17261][info ][safepoint   ] Safepoint "Cleanup", Time since last: 76230432709 ns, Reaching safepoint: 33583 ns, Cleanup: 42875 ns, At safepoint: 4375 ns, Total: 80833 ns
[2025-04-17T14:05:41.039+0000][17261][info ][safepoint   ] Safepoint "Cleanup", Time since last: 26038822708 ns, Reaching safepoint: 17459 ns, Cleanup: 23916 ns, At safepoint: 6959 ns, Total: 48334 ns
[2025-04-17T14:06:14.679+0000][17261][info ][safepoint   ] Safepoint "Cleanup", Time since last: 9051824041 ns, Reaching safepoint: 231459 ns, Cleanup: 33208 ns, At safepoint: 5167 ns, Total: 269834 ns
[2025-04-17T14:06:34.758+0000][17261][info ][safepoint   ] Safepoint "Cleanup", Time since last: 20067134625 ns, Reaching safepoint: 33875 ns, Cleanup: 31083 ns, At safepoint: 3417 ns, Total: 68375 ns
[2025-04-17T14:07:01.900+0000][17261][info ][safepoint   ] Safepoint "Cleanup", Time since last: 27118310000 ns, Reaching safepoint: 50958 ns, Cleanup: 31292 ns, At safepoint: 4000 ns, Total: 86250 ns
[2025-04-17T14:07:15.898+0000][17261][info ][safepoint   ] Safepoint "Cleanup", Time since last: 13995162958 ns, Reaching safepoint: 34208 ns, Cleanup: 30250 ns, At safepoint: 3834 ns, Total: 68292 ns
[2025-04-17T14:07:58.055+0000][17261][info ][safepoint   ] Safepoint "Cleanup", Time since last: 42155541291 ns, Reaching safepoint: 55000 ns, Cleanup: 42792 ns, At safepoint: 3292 ns, Total: 101084 ns
[2025-04-17T14:08:09.967+0000][17261][info ][safepoint   ] Safepoint "Cleanup", Time since last: 11911255250 ns, Reaching safepoint: 34000 ns, Cleanup: 57041 ns, At safepoint: 4209 ns, Total: 95250 ns
[2025-04-17T14:08:35.056+0000][17261][info ][safepoint   ] Safepoint "Cleanup", Time since last: 25088709916 ns, Reaching safepoint: 36125 ns, Cleanup: 33917 ns, At safepoint: 3625 ns, Total: 73667 ns
[2025-04-17T14:08:56.137+0000][17261][info ][safepoint   ] Safepoint "Cleanup", Time since last: 21080945208 ns, Reaching safepoint: 31584 ns, Cleanup: 31708 ns, At safepoint: 3792 ns, Total: 67084 ns
[2025-04-17T14:08:57.143+0000][17261][info ][safepoint   ] Safepoint "Cleanup", Time since last: 1006160833 ns, Reaching safepoint: 15042 ns, Cleanup: 20916 ns, At safepoint: 1792 ns, Total: 37750 ns
[2025-04-17T14:09:35.159+0000][17261][info ][safepoint   ] Safepoint "Cleanup", Time since last: 38016095083 ns, Reaching safepoint: 40292 ns, Cleanup: 34208 ns, At safepoint: 4417 ns, Total: 78917 ns
[2025-04-17T14:09:36.160+0000][17261][info ][safepoint   ] Safepoint "Cleanup", Time since last: 1000536750 ns, Reaching safepoint: 33750 ns, Cleanup: 124833 ns, At safepoint: 3917 ns, Total: 162500 ns
[2025-04-17T14:09:45.196+0000][17261][info ][safepoint   ] Safepoint "Cleanup", Time since last: 9036409583 ns, Reaching safepoint: 18334 ns, Cleanup: 16291 ns, At safepoint: 2042 ns, Total: 36667 ns
[2025-04-17T14:09:50.217+0000][17261][info ][safepoint   ] Safepoint "Cleanup", Time since last: 5021252042 ns, Reaching safepoint: 6666 ns, Cleanup: 7792 ns, At safepoint: 917 ns, Total: 15375 ns
[2025-04-17T14:10:06.191+0000][17261][info ][safepoint   ] Safepoint "Cleanup", Time since last: 15973791833 ns, Reaching safepoint: 9458 ns, Cleanup: 15042 ns, At safepoint: 5083 ns, Total: 29583 ns
[2025-04-17T14:10:31.279+0000][17261][info ][safepoint   ] Safepoint "Cleanup", Time since last: 25087868209 ns, Reaching safepoint: 15375 ns, Cleanup: 86666 ns, At safepoint: 1375 ns, Total: 103416 ns
[2025-04-17T14:10:52.374+0000][17261][info ][safepoint   ] Safepoint "Cleanup", Time since last: 21094249834 ns, Reaching safepoint: 34500 ns, Cleanup: 30083 ns, At safepoint: 2875 ns, Total: 67458 ns
[2025-04-17T14:12:03.570+0000][17261][info ][safepoint   ] Safepoint "Cleanup", Time since last: 71195876042 ns, Reaching safepoint: 36250 ns, Cleanup: 45541 ns, At safepoint: 4500 ns, Total: 86291 ns
[2025-04-17T14:12:05.580+0000][17261][info ][safepoint   ] Safepoint "Cleanup", Time since last: 2010570125 ns, Reaching safepoint: 36667 ns, Cleanup: 33417 ns, At safepoint: 3750 ns, Total: 73834 ns
[2025-04-17T14:13:24.654+0000][17261][info ][safepoint   ] Safepoint "Cleanup", Time since last: 79073995458 ns, Reaching safepoint: 34875 ns, Cleanup: 40417 ns, At safepoint: 3625 ns, Total: 78917 ns
[2025-04-17T14:13:35.704+0000][17261][info ][safepoint   ] Safepoint "Cleanup", Time since last: 11049136875 ns, Reaching safepoint: 34125 ns, Cleanup: 30666 ns, At safepoint: 4000 ns, Total: 68791 ns
[2025-04-17T14:13:36.707+0000][17261][info ][safepoint   ] Safepoint "Cleanup", Time since last: 1002849209 ns, Reaching safepoint: 7083 ns, Cleanup: 16958 ns, At safepoint: 3250 ns, Total: 27291 ns
[2025-04-17T14:14:04.823+0000][17261][info ][safepoint   ] Safepoint "Cleanup", Time since last: 28116759625 ns, Reaching safepoint: 35667 ns, Cleanup: 29083 ns, At safepoint: 4250 ns, Total: 69000 ns
[2025-04-17T14:14:31.825+0000][17261][info ][safepoint   ] Safepoint "Cleanup", Time since last: 27001684292 ns, Reaching safepoint: 36042 ns, Cleanup: 45291 ns, At safepoint: 4167 ns, Total: 85500 ns
[2025-04-17T14:15:03.952+0000][17261][info ][safepoint   ] Safepoint "Cleanup", Time since last: 32126602208 ns, Reaching safepoint: 9250 ns, Cleanup: 25417 ns, At safepoint: 1375 ns, Total: 36042 ns
[2025-04-17T14:15:05.961+0000][17261][info ][safepoint   ] Safepoint "Cleanup", Time since last: 2008983000 ns, Reaching safepoint: 35583 ns, Cleanup: 41625 ns, At safepoint: 4209 ns, Total: 81417 ns
[2025-04-17T14:15:31.981+0000][17261][info ][safepoint   ] Safepoint "Cleanup", Time since last: 26020391416 ns, Reaching safepoint: 35750 ns, Cleanup: 49084 ns, At safepoint: 4291 ns, Total: 89125 ns
[2025-04-17T14:15:34.990+0000][17261][info ][safepoint   ] Safepoint "Cleanup", Time since last: 3008285792 ns, Reaching safepoint: 34583 ns, Cleanup: 29000 ns, At safepoint: 3709 ns, Total: 67292 ns
[2025-04-17T14:17:04.234+0000][17261][info ][safepoint   ] Safepoint "Cleanup", Time since last: 89244424291 ns, Reaching safepoint: 42084 ns, Cleanup: 31333 ns, At safepoint: 4167 ns, Total: 77584 ns
[2025-04-17T14:17:33.164+0000][17261][info ][safepoint   ] Safepoint "Cleanup", Time since last: 28929092458 ns, Reaching safepoint: 56583 ns, Cleanup: 34334 ns, At safepoint: 5000 ns, Total: 95917 ns
[2025-04-17T14:18:35.316+0000][17261][info ][safepoint   ] Safepoint "Cleanup", Time since last: 62151837375 ns, Reaching safepoint: 23208 ns, Cleanup: 21417 ns, At safepoint: 2708 ns, Total: 47333 ns
[2025-04-17T14:18:42.343+0000][17261][info ][safepoint   ] Safepoint "Cleanup", Time since last: 7027375042 ns, Reaching safepoint: 21916 ns, Cleanup: 24667 ns, At safepoint: 2708 ns, Total: 49291 ns
[2025-04-17T14:19:04.422+0000][17261][info ][safepoint   ] Safepoint "Cleanup", Time since last: 22079166667 ns, Reaching safepoint: 37208 ns, Cleanup: 50625 ns, At safepoint: 4042 ns, Total: 91875 ns
[2025-04-17T14:19:28.446+0000][17261][info ][safepoint   ] Safepoint "Cleanup", Time since last: 24023492542 ns, Reaching safepoint: 36333 ns, Cleanup: 34792 ns, At safepoint: 3916 ns, Total: 75041 ns
[2025-04-17T14:19:35.471+0000][17261][info ][safepoint   ] Safepoint "Cleanup", Time since last: 7024664125 ns, Reaching safepoint: 38584 ns, Cleanup: 35375 ns, At safepoint: 5625 ns, Total: 79584 ns
[2025-04-17T14:20:32.607+0000][17261][info ][safepoint   ] Safepoint "Cleanup", Time since last: 57136596333 ns, Reaching safepoint: 36292 ns, Cleanup: 29416 ns, At safepoint: 3750 ns, Total: 69458 ns
[2025-04-17T14:21:04.731+0000][17261][info ][safepoint   ] Safepoint "Cleanup", Time since last: 32123958959 ns, Reaching safepoint: 57333 ns, Cleanup: 31458 ns, At safepoint: 5500 ns, Total: 94291 ns
[2025-04-17T14:22:05.854+0000][17261][info ][safepoint   ] Safepoint "Cleanup", Time since last: 61122443042 ns, Reaching safepoint: 52417 ns, Cleanup: 33958 ns, At safepoint: 4042 ns, Total: 90417 ns
[2025-04-17T14:22:09.795+0000][17261][info ][safepoint   ] Safepoint "Cleanup", Time since last: 3941331500 ns, Reaching safepoint: 16916 ns, Cleanup: 18375 ns, At safepoint: 1792 ns, Total: 37083 ns
[2025-04-17T14:22:39.920+0000][17261][info ][safepoint   ] Safepoint "Cleanup", Time since last: 30124036708 ns, Reaching safepoint: 37209 ns, Cleanup: 32166 ns, At safepoint: 4084 ns, Total: 73459 ns
[2025-04-17T14:23:56.131+0000][17261][info ][safepoint   ] Safepoint "Cleanup", Time since last: 76211272375 ns, Reaching safepoint: 14666 ns, Cleanup: 17459 ns, At safepoint: 2041 ns, Total: 34166 ns
[2025-04-17T14:25:05.299+0000][17261][info ][safepoint   ] Safepoint "Cleanup", Time since last: 69168433334 ns, Reaching safepoint: 16250 ns, Cleanup: 12208 ns, At safepoint: 958 ns, Total: 29416 ns
[2025-04-17T14:28:17.619+0000][17261][info ][safepoint   ] Safepoint "Cleanup", Time since last: 192319181959 ns, Reaching safepoint: 38666 ns, Cleanup: 30750 ns, At safepoint: 4000 ns, Total: 73416 ns
[2025-04-17T14:28:35.694+0000][17261][info ][safepoint   ] Safepoint "Cleanup", Time since last: 18075212625 ns, Reaching safepoint: 46584 ns, Cleanup: 30083 ns, At safepoint: 4250 ns, Total: 80917 ns
[2025-04-17T14:29:33.815+0000][17261][info ][safepoint   ] Safepoint "Cleanup", Time since last: 58120679625 ns, Reaching safepoint: 13875 ns, Cleanup: 30042 ns, At safepoint: 2083 ns, Total: 46000 ns
[2025-04-17T14:31:23.005+0000][17261][info ][safepoint   ] Safepoint "Cleanup", Time since last: 109190006167 ns, Reaching safepoint: 35750 ns, Cleanup: 34333 ns, At safepoint: 4458 ns, Total: 74541 ns
[2025-04-17T14:31:32.031+0000][17261][info ][safepoint   ] Safepoint "Cleanup", Time since last: 9025464542 ns, Reaching safepoint: 51167 ns, Cleanup: 48583 ns, At safepoint: 7542 ns, Total: 107292 ns
[2025-04-17T14:34:59.547+0000][17261][info ][safepoint   ] Safepoint "Cleanup", Time since last: 207516213875 ns, Reaching safepoint: 36583 ns, Cleanup: 37333 ns, At safepoint: 4625 ns, Total: 78541 ns
[2025-04-17T14:35:35.593+0000][17261][info ][safepoint   ] Safepoint "Cleanup", Time since last: 36045301042 ns, Reaching safepoint: 36708 ns, Cleanup: 32542 ns, At safepoint: 4417 ns, Total: 73667 ns
[2025-04-17T14:36:19.685+0000][17261][info ][safepoint   ] Safepoint "Cleanup", Time since last: 44092300416 ns, Reaching safepoint: 31209 ns, Cleanup: 69958 ns, At safepoint: 3042 ns, Total: 104209 ns
[2025-04-17T14:36:29.713+0000][17261][info ][safepoint   ] Safepoint "Cleanup", Time since last: 10027905125 ns, Reaching safepoint: 37708 ns, Cleanup: 34625 ns, At safepoint: 4792 ns, Total: 77125 ns
[2025-04-17T14:36:45.775+0000][17261][info ][safepoint   ] Safepoint "Cleanup", Time since last: 16062045166 ns, Reaching safepoint: 20042 ns, Cleanup: 17375 ns, At safepoint: 2583 ns, Total: 40000 ns
[2025-04-17T14:36:59.822+0000][17261][info ][safepoint   ] Safepoint "Cleanup", Time since last: 14046809584 ns, Reaching safepoint: 37625 ns, Cleanup: 32916 ns, At safepoint: 4334 ns, Total: 74875 ns
[2025-04-17T14:37:05.844+0000][17261][info ][safepoint   ] Safepoint "Cleanup", Time since last: 6022167625 ns, Reaching safepoint: 37583 ns, Cleanup: 38125 ns, At safepoint: 4792 ns, Total: 80500 ns
[2025-04-17T14:37:32.912+0000][17261][info ][safepoint   ] Safepoint "Cleanup", Time since last: 27067531333 ns, Reaching safepoint: 38250 ns, Cleanup: 99833 ns, At safepoint: 4084 ns, Total: 142167 ns
[2025-04-17T14:38:04.049+0000][17261][info ][safepoint   ] Safepoint "Cleanup", Time since last: 31136936625 ns, Reaching safepoint: 40291 ns, Cleanup: 45959 ns, At safepoint: 3875 ns, Total: 90125 ns
[2025-04-17T14:38:05.055+0000][17261][info ][safepoint   ] Safepoint "Cleanup", Time since last: 1006160958 ns, Reaching safepoint: 37292 ns, Cleanup: 31125 ns, At safepoint: 4833 ns, Total: 73250 ns
[2025-04-17T14:39:22.174+0000][17261][info ][safepoint   ] Safepoint "Cleanup", Time since last: 77118175417 ns, Reaching safepoint: 35708 ns, Cleanup: 31958 ns, At safepoint: 3334 ns, Total: 71000 ns
[2025-04-17T14:50:34.546+0000][17261][info ][safepoint   ] Safepoint "Cleanup", Time since last: 104337022375 ns, Reaching safepoint: 52125 ns, Cleanup: 31500 ns, At safepoint: 4458 ns, Total: 88083 ns
[2025-04-17T14:51:09.622+0000][17261][info ][safepoint   ] Safepoint "Cleanup", Time since last: 35074128292 ns, Reaching safepoint: 56291 ns, Cleanup: 31750 ns, At safepoint: 4334 ns, Total: 92375 ns
[2025-04-17T14:51:36.708+0000][17261][info ][safepoint   ] Safepoint "Cleanup", Time since last: 27085539625 ns, Reaching safepoint: 23791 ns, Cleanup: 26834 ns, At safepoint: 3333 ns, Total: 53958 ns
[2025-04-17T14:53:33.884+0000][17261][info ][safepoint   ] Safepoint "Cleanup", Time since last: 117175007875 ns, Reaching safepoint: 36917 ns, Cleanup: 37083 ns, At safepoint: 3875 ns, Total: 77875 ns
[2025-04-17T14:55:01.094+0000][17261][info ][safepoint   ] Safepoint "Cleanup", Time since last: 87210318667 ns, Reaching safepoint: 38333 ns, Cleanup: 36167 ns, At safepoint: 3916 ns, Total: 78416 ns
[2025-04-17T14:56:33.388+0000][17261][info ][safepoint   ] Safepoint "Cleanup", Time since last: 92293271334 ns, Reaching safepoint: 35708 ns, Cleanup: 28250 ns, At safepoint: 3875 ns, Total: 67833 ns
[2025-04-17T14:57:01.450+0000][17261][info ][safepoint   ] Safepoint "Cleanup", Time since last: 28062395000 ns, Reaching safepoint: 37833 ns, Cleanup: 44375 ns, At safepoint: 4334 ns, Total: 86542 ns
[2025-04-17T14:57:09.483+0000][17261][info ][safepoint   ] Safepoint "Cleanup", Time since last: 8032440250 ns, Reaching safepoint: 36750 ns, Cleanup: 52500 ns, At safepoint: 4291 ns, Total: 93541 ns
[2025-04-17T14:57:33.584+0000][17261][info ][safepoint   ] Safepoint "Cleanup", Time since last: 24100405209 ns, Reaching safepoint: 38041 ns, Cleanup: 36292 ns, At safepoint: 3583 ns, Total: 77916 ns
[2025-04-17T14:58:13.656+0000][17261][info ][safepoint   ] Safepoint "Cleanup", Time since last: 40072403334 ns, Reaching safepoint: 38375 ns, Cleanup: 30000 ns, At safepoint: 3958 ns, Total: 72333 ns
[2025-04-17T14:58:16.327+0000][17261][info ][safepoint   ] Safepoint "ICBufferFull", Time since last: 2670613250 ns, Reaching safepoint: 195917 ns, Cleanup: 74875 ns, At safepoint: 3916 ns, Total: 274708 ns
[2025-04-17T14:58:17.333+0000][17261][info ][safepoint   ] Safepoint "Cleanup", Time since last: 1005898125 ns, Reaching safepoint: 36250 ns, Cleanup: 318125 ns, At safepoint: 5000 ns, Total: 359375 ns
[2025-04-17T14:58:42.626+0000][17261][info ][safepoint   ] Safepoint "Cleanup", Time since last: 25292509250 ns, Reaching safepoint: 37709 ns, Cleanup: 98625 ns, At safepoint: 4458 ns, Total: 140792 ns
[2025-04-17T14:58:58.684+0000][17261][info ][safepoint   ] Safepoint "Cleanup", Time since last: 16057376125 ns, Reaching safepoint: 35500 ns, Cleanup: 53417 ns, At safepoint: 4000 ns, Total: 92917 ns
[2025-04-17T15:00:02.920+0000][17261][info ][safepoint   ] Safepoint "Cleanup", Time since last: 64235739750 ns, Reaching safepoint: 27458 ns, Cleanup: 23167 ns, At safepoint: 1208 ns, Total: 51833 ns
[2025-04-17T15:00:23.996+0000][17261][info ][safepoint   ] Safepoint "Cleanup", Time since last: 21075999958 ns, Reaching safepoint: 38500 ns, Cleanup: 56917 ns, At safepoint: 5042 ns, Total: 100459 ns
[2025-04-17T15:01:25.052+0000][17261][info ][safepoint   ] Safepoint "Cleanup", Time since last: 61056439291 ns, Reaching safepoint: 36542 ns, Cleanup: 42750 ns, At safepoint: 4250 ns, Total: 83542 ns
[2025-04-17T15:01:32.070+0000][17261][info ][safepoint   ] Safepoint "Cleanup", Time since last: 7017519500 ns, Reaching safepoint: 26125 ns, Cleanup: 23417 ns, At safepoint: 3041 ns, Total: 52583 ns
[2025-04-17T15:01:33.071+0000][17261][info ][safepoint   ] Safepoint "Cleanup", Time since last: 1000510709 ns, Reaching safepoint: 25958 ns, Cleanup: 29125 ns, At safepoint: 3583 ns, Total: 58666 ns
[2025-04-17T15:01:48.111+0000][17261][info ][safepoint   ] Safepoint "Cleanup", Time since last: 15040545000 ns, Reaching safepoint: 12375 ns, Cleanup: 11042 ns, At safepoint: 1792 ns, Total: 25209 ns
[2025-04-17T15:02:26.233+0000][17261][info ][safepoint   ] Safepoint "Cleanup", Time since last: 38121465083 ns, Reaching safepoint: 23125 ns, Cleanup: 30000 ns, At safepoint: 3042 ns, Total: 56167 ns
[2025-04-17T15:02:47.144+0000][17261][info ][gc,start    ] GC(11) Pause Young (Normal) (G1 Evacuation Pause)
[2025-04-17T15:02:47.145+0000][17261][info ][gc,task     ] GC(11) Using 8 workers of 8 for evacuation
[2025-04-17T15:02:47.145+0000][17261][debug][gc,age      ] GC(11) Desired survivor size 41943040 bytes, new threshold 3 (max threshold 15)
[2025-04-17T15:02:47.211+0000][17261][info ][gc,phases   ] GC(11)   Pre Evacuate Collection Set: 0.9ms
[2025-04-17T15:02:47.211+0000][17261][info ][gc,phases   ] GC(11)   Merge Heap Roots: 0.3ms
[2025-04-17T15:02:47.211+0000][17261][info ][gc,phases   ] GC(11)   Evacuate Collection Set: 63.7ms
[2025-04-17T15:02:47.211+0000][17261][info ][gc,phases   ] GC(11)   Post Evacuate Collection Set: 1.2ms
[2025-04-17T15:02:47.211+0000][17261][info ][gc,phases   ] GC(11)   Other: 1.2ms
[2025-04-17T15:02:47.211+0000][17261][trace][gc,age      ] GC(11) Age table with threshold 3 (max threshold 15)
[2025-04-17T15:02:47.211+0000][17261][trace][gc,age      ] GC(11) - age   1:   22024856 bytes,   22024856 total
[2025-04-17T15:02:47.211+0000][17261][trace][gc,age      ] GC(11) - age   2:   15257944 bytes,   37282800 total
[2025-04-17T15:02:47.211+0000][17261][trace][gc,age      ] GC(11) - age   3:   24536856 bytes,   61819656 total
[2025-04-17T15:02:47.211+0000][17261][info ][gc,heap     ] GC(11) Eden regions: 143->0(169)
[2025-04-17T15:02:47.211+0000][17261][info ][gc,heap     ] GC(11) Survivor regions: 14->17(20)
[2025-04-17T15:02:47.211+0000][17261][info ][gc,heap     ] GC(11) Old regions: 5->9
[2025-04-17T15:02:47.211+0000][17261][info ][gc,heap     ] GC(11) Archive regions: 2->2
[2025-04-17T15:02:47.211+0000][17261][info ][gc,heap     ] GC(11) Humongous regions: 2->2
[2025-04-17T15:02:47.211+0000][17261][info ][gc,metaspace] GC(11) Metaspace: 120273K(122432K)->120273K(122432K) NonClass: 103389K(104576K)->103389K(104576K) Class: 16883K(17856K)->16883K(17856K)
[2025-04-17T15:02:47.211+0000][17261][info ][gc          ] GC(11) Pause Young (Normal) (G1 Evacuation Pause) 658M->111M(8192M) 67.590ms
[2025-04-17T15:02:47.211+0000][17261][info ][gc,cpu      ] GC(11) User=0.13s Sys=0.19s Real=0.07s
[2025-04-17T15:02:47.211+0000][17261][info ][safepoint   ] Safepoint "G1CollectForAllocation", Time since last: 20910772000 ns, Reaching safepoint: 37458 ns, Cleanup: 10250 ns, At safepoint: 67768292 ns, Total: 67816000 ns
[2025-04-17T15:03:04.263+0000][17261][info ][safepoint   ] Safepoint "Cleanup", Time since last: 17051579791 ns, Reaching safepoint: 37334 ns, Cleanup: 32083 ns, At safepoint: 4000 ns, Total: 73417 ns
[2025-04-17T15:05:35.546+0000][17261][info ][safepoint   ] Safepoint "Cleanup", Time since last: 135338371458 ns, Reaching safepoint: 34834 ns, Cleanup: 46000 ns, At safepoint: 3708 ns, Total: 84542 ns
[2025-04-17T15:06:25.708+0000][17261][info ][safepoint   ] Safepoint "Cleanup", Time since last: 50161940125 ns, Reaching safepoint: 16667 ns, Cleanup: 27791 ns, At safepoint: 2709 ns, Total: 47167 ns
[2025-04-17T15:06:49.768+0000][17261][info ][safepoint   ] Safepoint "Cleanup", Time since last: 24060467375 ns, Reaching safepoint: 39291 ns, Cleanup: 46834 ns, At safepoint: 4416 ns, Total: 90541 ns
[2025-04-17T15:06:53.776+0000][17261][info ][safepoint   ] Safepoint "Cleanup", Time since last: 4007138750 ns, Reaching safepoint: 38209 ns, Cleanup: 44041 ns, At safepoint: 3750 ns, Total: 86000 ns
[2025-04-17T15:07:49.008+0000][17261][info ][safepoint   ] Safepoint "Cleanup", Time since last: 55232566917 ns, Reaching safepoint: 37417 ns, Cleanup: 51833 ns, At safepoint: 4042 ns, Total: 93292 ns
[2025-04-17T15:08:29.150+0000][17261][info ][safepoint   ] Safepoint "Cleanup", Time since last: 40140885166 ns, Reaching safepoint: 17792 ns, Cleanup: 27000 ns, At safepoint: 1917 ns, Total: 46709 ns
[2025-04-17T15:09:17.404+0000][17261][info ][safepoint   ] Safepoint "Cleanup", Time since last: 48254469500 ns, Reaching safepoint: 19416 ns, Cleanup: 4042 ns, At safepoint: 2250 ns, Total: 25708 ns
[2025-04-17T15:09:18.409+0000][17261][info ][safepoint   ] Safepoint "Cleanup", Time since last: 1005281375 ns, Reaching safepoint: 33042 ns, Cleanup: 26791 ns, At safepoint: 3000 ns, Total: 62833 ns
[2025-04-17T15:09:19.415+0000][17261][info ][safepoint   ] Safepoint "Cleanup", Time since last: 1005217709 ns, Reaching safepoint: 18875 ns, Cleanup: 31541 ns, At safepoint: 2709 ns, Total: 53125 ns
[2025-04-17T15:09:35.458+0000][17261][info ][safepoint   ] Safepoint "Cleanup", Time since last: 16043259041 ns, Reaching safepoint: 36250 ns, Cleanup: 35667 ns, At safepoint: 3542 ns, Total: 75459 ns
[2025-04-17T15:09:43.483+0000][17261][info ][safepoint   ] Safepoint "Cleanup", Time since last: 8025230750 ns, Reaching safepoint: 32833 ns, Cleanup: 42167 ns, At safepoint: 3666 ns, Total: 78666 ns
[2025-04-17T15:10:02.148+0000][17261][info ][safepoint   ] Safepoint "Cleanup", Time since last: 18664202125 ns, Reaching safepoint: 35375 ns, Cleanup: 28334 ns, At safepoint: 2750 ns, Total: 66459 ns
[2025-04-17T15:10:20.217+0000][17261][info ][safepoint   ] Safepoint "Cleanup", Time since last: 18068937000 ns, Reaching safepoint: 22125 ns, Cleanup: 28875 ns, At safepoint: 2125 ns, Total: 53125 ns
[2025-04-17T15:11:49.553+0000][17261][info ][safepoint   ] Safepoint "Cleanup", Time since last: 89336011541 ns, Reaching safepoint: 35834 ns, Cleanup: 29250 ns, At safepoint: 3875 ns, Total: 68959 ns
[2025-04-17T15:12:12.628+0000][17261][info ][safepoint   ] Safepoint "Cleanup", Time since last: 23074652000 ns, Reaching safepoint: 28833 ns, Cleanup: 35500 ns, At safepoint: 4208 ns, Total: 68541 ns
[2025-04-17T15:12:19.645+0000][17261][info ][safepoint   ] Safepoint "Cleanup", Time since last: 7017441209 ns, Reaching safepoint: 27750 ns, Cleanup: 32291 ns, At safepoint: 3500 ns, Total: 63541 ns
[2025-04-17T15:14:04.051+0000][17261][info ][safepoint   ] Safepoint "Cleanup", Time since last: 104404736209 ns, Reaching safepoint: 35250 ns, Cleanup: 39125 ns, At safepoint: 3541 ns, Total: 77916 ns
[2025-04-17T15:14:10.077+0000][17261][info ][safepoint   ] Safepoint "Cleanup", Time since last: 6026139042 ns, Reaching safepoint: 42500 ns, Cleanup: 185542 ns, At safepoint: 3791 ns, Total: 231833 ns
[2025-04-17T15:14:50.210+0000][17261][info ][safepoint   ] Safepoint "Cleanup", Time since last: 40132580375 ns, Reaching safepoint: 62584 ns, Cleanup: 71083 ns, At safepoint: 7208 ns, Total: 140875 ns
[2025-04-17T15:16:19.144+0000][17261][info ][safepoint   ] Safepoint "Cleanup", Time since last: 88933645750 ns, Reaching safepoint: 72084 ns, Cleanup: 28250 ns, At safepoint: 4541 ns, Total: 104875 ns
[2025-04-17T15:16:20.150+0000][17261][info ][safepoint   ] Safepoint "Cleanup", Time since last: 1006184250 ns, Reaching safepoint: 36792 ns, Cleanup: 29208 ns, At safepoint: 5042 ns, Total: 71042 ns
[2025-04-17T15:18:19.601+0000][17261][info ][safepoint   ] Safepoint "Cleanup", Time since last: 119450517625 ns, Reaching safepoint: 38083 ns, Cleanup: 34334 ns, At safepoint: 4291 ns, Total: 76708 ns
[2025-04-17T15:21:44.092+0000][17261][info ][safepoint   ] Safepoint "Cleanup", Time since last: 204490012417 ns, Reaching safepoint: 60208 ns, Cleanup: 32750 ns, At safepoint: 3875 ns, Total: 96833 ns
[2025-04-17T15:23:14.459+0000][17261][info ][safepoint   ] Safepoint "Cleanup", Time since last: 90367069875 ns, Reaching safepoint: 40875 ns, Cleanup: 41375 ns, At safepoint: 4209 ns, Total: 86459 ns
[2025-04-17T15:23:25.498+0000][17261][info ][safepoint   ] Safepoint "Cleanup", Time since last: 11038573333 ns, Reaching safepoint: 38667 ns, Cleanup: 36458 ns, At safepoint: 4625 ns, Total: 79750 ns
[2025-04-17T15:24:25.746+0000][17261][info ][safepoint   ] Safepoint "Cleanup", Time since last: 60248210542 ns, Reaching safepoint: 37958 ns, Cleanup: 36458 ns, At safepoint: 4834 ns, Total: 79250 ns
[2025-04-17T15:24:49.817+0000][17261][info ][safepoint   ] Safepoint "Cleanup", Time since last: 24070287333 ns, Reaching safepoint: 39167 ns, Cleanup: 98291 ns, At safepoint: 5042 ns, Total: 142500 ns
[2025-04-17T15:25:19.751+0000][17261][info ][safepoint   ] Safepoint "Cleanup", Time since last: 29934081875 ns, Reaching safepoint: 35708 ns, Cleanup: 26834 ns, At safepoint: 4583 ns, Total: 67125 ns
[2025-04-17T15:26:27.996+0000][17261][info ][safepoint   ] Safepoint "Cleanup", Time since last: 68244518500 ns, Reaching safepoint: 36042 ns, Cleanup: 41916 ns, At safepoint: 3417 ns, Total: 81375 ns
[2025-04-17T15:27:23.195+0000][17261][info ][safepoint   ] Safepoint "Cleanup", Time since last: 55198789875 ns, Reaching safepoint: 13958 ns, Cleanup: 15250 ns, At safepoint: 1250 ns, Total: 30458 ns
[2025-04-17T15:27:24.200+0000][17261][info ][safepoint   ] Safepoint "Cleanup", Time since last: 1005241709 ns, Reaching safepoint: 37750 ns, Cleanup: 110916 ns, At safepoint: 4334 ns, Total: 153000 ns
[2025-04-17T15:27:30.216+0000][17261][info ][safepoint   ] Safepoint "Cleanup", Time since last: 6015682750 ns, Reaching safepoint: 49583 ns, Cleanup: 81458 ns, At safepoint: 4042 ns, Total: 135083 ns
[2025-04-17T15:27:47.277+0000][17261][info ][safepoint   ] Safepoint "Cleanup", Time since last: 17061141292 ns, Reaching safepoint: 34833 ns, Cleanup: 26958 ns, At safepoint: 3292 ns, Total: 65083 ns
[2025-04-17T15:27:48.283+0000][17261][info ][safepoint   ] Safepoint "Cleanup", Time since last: 1005248083 ns, Reaching safepoint: 37417 ns, Cleanup: 30000 ns, At safepoint: 3917 ns, Total: 71334 ns
[2025-04-17T15:27:53.297+0000][17261][info ][safepoint   ] Safepoint "Cleanup", Time since last: 5014098208 ns, Reaching safepoint: 36208 ns, Cleanup: 35167 ns, At safepoint: 4208 ns, Total: 75583 ns
[2025-04-17T15:28:33.477+0000][17261][info ][safepoint   ] Safepoint "Cleanup", Time since last: 40180159417 ns, Reaching safepoint: 37125 ns, Cleanup: 29125 ns, At safepoint: 3875 ns, Total: 70125 ns
[2025-04-17T15:28:48.532+0000][17261][info ][safepoint   ] Safepoint "Cleanup", Time since last: 15054769750 ns, Reaching safepoint: 37708 ns, Cleanup: 47209 ns, At safepoint: 5333 ns, Total: 90250 ns
[2025-04-17T15:28:57.563+0000][17261][info ][safepoint   ] Safepoint "Cleanup", Time since last: 9031372833 ns, Reaching safepoint: 14250 ns, Cleanup: 94959 ns, At safepoint: 1833 ns, Total: 111042 ns
[2025-04-17T15:29:02.571+0000][17261][info ][safepoint   ] Safepoint "Cleanup", Time since last: 5007404417 ns, Reaching safepoint: 38708 ns, Cleanup: 116125 ns, At safepoint: 4458 ns, Total: 159291 ns
[2025-04-17T15:29:03.574+0000][17261][info ][safepoint   ] Safepoint "Cleanup", Time since last: 1003092834 ns, Reaching safepoint: 36750 ns, Cleanup: 43833 ns, At safepoint: 4250 ns, Total: 84833 ns
[2025-04-17T15:29:11.595+0000][17261][info ][safepoint   ] Safepoint "Cleanup", Time since last: 8020917042 ns, Reaching safepoint: 38000 ns, Cleanup: 32833 ns, At safepoint: 4167 ns, Total: 75000 ns
[2025-04-17T15:29:18.621+0000][17261][info ][safepoint   ] Safepoint "Cleanup", Time since last: 7025207958 ns, Reaching safepoint: 37958 ns, Cleanup: 32209 ns, At safepoint: 3833 ns, Total: 74000 ns
[2025-04-17T15:29:20.626+0000][17261][info ][safepoint   ] Safepoint "Cleanup", Time since last: 2005405333 ns, Reaching safepoint: 15500 ns, Cleanup: 8834 ns, At safepoint: 1541 ns, Total: 25875 ns
[2025-04-17T15:29:29.660+0000][17261][info ][safepoint   ] Safepoint "Cleanup", Time since last: 9033484667 ns, Reaching safepoint: 37250 ns, Cleanup: 83458 ns, At safepoint: 4375 ns, Total: 125083 ns
[2025-04-17T15:29:42.699+0000][17261][info ][safepoint   ] Safepoint "Cleanup", Time since last: 13038784292 ns, Reaching safepoint: 36083 ns, Cleanup: 29250 ns, At safepoint: 3084 ns, Total: 68417 ns
[2025-04-17T15:29:49.718+0000][17261][info ][safepoint   ] Safepoint "Cleanup", Time since last: 7019665583 ns, Reaching safepoint: 37833 ns, Cleanup: 32250 ns, At safepoint: 3875 ns, Total: 73958 ns
[2025-04-17T15:30:38.667+0000][17261][info ][safepoint   ] Safepoint "Cleanup", Time since last: 48948312917 ns, Reaching safepoint: 36458 ns, Cleanup: 50917 ns, At safepoint: 4083 ns, Total: 91458 ns
[2025-04-17T15:32:28.075+0000][17261][info ][safepoint   ] Safepoint "Cleanup", Time since last: 109407685042 ns, Reaching safepoint: 85042 ns, Cleanup: 41458 ns, At safepoint: 5125 ns, Total: 131625 ns
[2025-04-17T15:32:44.130+0000][17261][info ][safepoint   ] Safepoint "Cleanup", Time since last: 16054428375 ns, Reaching safepoint: 38958 ns, Cleanup: 34459 ns, At safepoint: 4208 ns, Total: 77625 ns
[2025-04-17T15:32:58.165+0000][17261][info ][safepoint   ] Safepoint "Cleanup", Time since last: 14035837208 ns, Reaching safepoint: 18500 ns, Cleanup: 16584 ns, At safepoint: 2291 ns, Total: 37375 ns
[2025-04-17T15:33:13.252+0000][17261][info ][safepoint   ] Safepoint "Cleanup", Time since last: 15086423167 ns, Reaching safepoint: 42542 ns, Cleanup: 48666 ns, At safepoint: 5500 ns, Total: 96708 ns
[2025-04-17T15:33:20.273+0000][17261][info ][safepoint   ] Safepoint "Cleanup", Time since last: 7021080250 ns, Reaching safepoint: 39375 ns, Cleanup: 36667 ns, At safepoint: 4458 ns, Total: 80500 ns
[2025-04-17T15:34:03.402+0000][17261][info ][safepoint   ] Safepoint "Cleanup", Time since last: 43128936792 ns, Reaching safepoint: 38000 ns, Cleanup: 40833 ns, At safepoint: 4292 ns, Total: 83125 ns
[2025-04-17T15:35:46.764+0000][17261][info ][safepoint   ] Safepoint "Cleanup", Time since last: 103361104750 ns, Reaching safepoint: 35625 ns, Cleanup: 20833 ns, At safepoint: 2792 ns, Total: 59250 ns
[2025-04-17T15:35:50.777+0000][17261][info ][safepoint   ] Safepoint "Cleanup", Time since last: 4012702958 ns, Reaching safepoint: 36125 ns, Cleanup: 28959 ns, At safepoint: 4291 ns, Total: 69375 ns
[2025-04-17T15:37:33.122+0000][17261][info ][safepoint   ] Safepoint "Cleanup", Time since last: 102344683250 ns, Reaching safepoint: 32917 ns, Cleanup: 23292 ns, At safepoint: 3791 ns, Total: 60000 ns
[2025-04-17T15:37:50.165+0000][17261][info ][safepoint   ] Safepoint "Cleanup", Time since last: 17043248209 ns, Reaching safepoint: 38875 ns, Cleanup: 27708 ns, At safepoint: 3417 ns, Total: 70000 ns
[2025-04-17T15:39:45.569+0000][17261][info ][safepoint   ] Safepoint "Cleanup", Time since last: 115403915208 ns, Reaching safepoint: 64125 ns, Cleanup: 240750 ns, At safepoint: 13208 ns, Total: 318083 ns
[2025-04-17T15:39:54.604+0000][17261][info ][safepoint   ] Safepoint "Cleanup", Time since last: 9034758834 ns, Reaching safepoint: 17000 ns, Cleanup: 16958 ns, At safepoint: 1875 ns, Total: 35833 ns
[2025-04-17T15:40:19.751+0000][17261][info ][safepoint   ] Safepoint "Cleanup", Time since last: 25146462292 ns, Reaching safepoint: 43000 ns, Cleanup: 26750 ns, At safepoint: 3500 ns, Total: 73250 ns
[2025-04-17T21:15:01.152+0000][17261][info ][safepoint   ] Safepoint "Cleanup", Time since last: 277766483041 ns, Reaching safepoint: 86417 ns, Cleanup: 32167 ns, At safepoint: 4041 ns, Total: 122625 ns
[2025-04-17T22:02:16.940+0000][17261][info ][safepoint   ] Safepoint "Cleanup", Time since last: 32706997875 ns, Reaching safepoint: 2959 ns, Cleanup: 26416 ns, At safepoint: 1125 ns, Total: 30500 ns
[2025-04-17T22:02:17.950+0000][17261][info ][safepoint   ] Safepoint "Cleanup", Time since last: 1010231375 ns, Reaching safepoint: 39209 ns, Cleanup: 319166 ns, At safepoint: 5542 ns, Total: 363917 ns
[2025-04-17T22:18:05.680+0000][17261][info ][safepoint   ] Safepoint "Cleanup", Time since last: 11068295500 ns, Reaching safepoint: 50500 ns, Cleanup: 28042 ns, At safepoint: 4083 ns, Total: 82625 ns
[2025-04-17T22:18:11.717+0000][17261][info ][safepoint   ] Safepoint "Cleanup", Time since last: 6036118708 ns, Reaching safepoint: 35292 ns, Cleanup: 28250 ns, At safepoint: 4000 ns, Total: 67542 ns
[2025-04-17T22:18:12.720+0000][17261][info ][safepoint   ] Safepoint "Cleanup", Time since last: 1003650542 ns, Reaching safepoint: 36875 ns, Cleanup: 39458 ns, At safepoint: 8375 ns, Total: 84708 ns
[2025-04-17T23:08:15.297+0000][17261][info ][safepoint   ] Safepoint "Cleanup", Time since last: 26306396500 ns, Reaching safepoint: 38875 ns, Cleanup: 34625 ns, At safepoint: 3750 ns, Total: 77250 ns
[2025-04-17T23:08:16.306+0000][17261][info ][safepoint   ] Safepoint "Cleanup", Time since last: 1008644667 ns, Reaching safepoint: 91875 ns, Cleanup: 23125 ns, At safepoint: 3291 ns, Total: 118291 ns
[2025-04-17T23:24:40.764+0000][17261][info ][safepoint   ] Safepoint "Cleanup", Time since last: 10055903042 ns, Reaching safepoint: 37458 ns, Cleanup: 31000 ns, At safepoint: 3917 ns, Total: 72375 ns
[2025-04-17T23:58:05.884+0000][17261][info ][safepoint   ] Safepoint "Cleanup", Time since last: 21102949708 ns, Reaching safepoint: 15709 ns, Cleanup: 12291 ns, At safepoint: 1834 ns, Total: 29834 ns
[2025-04-18T01:04:03.671+0000][17261][info ][safepoint   ] Safepoint "Cleanup", Time since last: 44122093500 ns, Reaching safepoint: 37000 ns, Cleanup: 29541 ns, At safepoint: 3792 ns, Total: 70333 ns
[2025-04-18T01:04:04.675+0000][17261][info ][safepoint   ] Safepoint "Cleanup", Time since last: 1003076000 ns, Reaching safepoint: 40833 ns, Cleanup: 31459 ns, At safepoint: 3958 ns, Total: 76250 ns
[2025-04-18T01:22:04.056+0000][17261][info ][safepoint   ] Safepoint "Cleanup", Time since last: 21126443333 ns, Reaching safepoint: 36709 ns, Cleanup: 25375 ns, At safepoint: 3875 ns, Total: 65959 ns
[2025-04-18T02:04:52.209+0000][17261][info ][safepoint   ] Safepoint "Cleanup", Time since last: 31865670541 ns, Reaching safepoint: 58584 ns, Cleanup: 36708 ns, At safepoint: 4708 ns, Total: 100000 ns
[2025-04-18T02:38:50.545+0000][17261][info ][safepoint   ] Safepoint "Cleanup", Time since last: 18102182125 ns, Reaching safepoint: 36917 ns, Cleanup: 32875 ns, At safepoint: 4167 ns, Total: 73959 ns
[2025-04-18T04:32:41.062+0000][17261][info ][safepoint   ] Safepoint "Cleanup", Time since last: 61192264375 ns, Reaching safepoint: 33333 ns, Cleanup: 25750 ns, At safepoint: 2500 ns, Total: 61583 ns
[2025-04-18T04:50:42.226+0000][17261][info ][safepoint   ] Safepoint "Cleanup", Time since last: 11062395333 ns, Reaching safepoint: 21917 ns, Cleanup: 17917 ns, At safepoint: 1875 ns, Total: 41709 ns
[2025-04-18T06:50:15.573+0000][17261][info ][safepoint   ] Safepoint "Cleanup", Time since last: 65102427958 ns, Reaching safepoint: 37083 ns, Cleanup: 38459 ns, At safepoint: 4333 ns, Total: 79875 ns
[2025-04-18T07:22:25.606+0000][17261][info ][safepoint   ] Safepoint "Cleanup", Time since last: 10743146667 ns, Reaching safepoint: 36041 ns, Cleanup: 28250 ns, At safepoint: 3750 ns, Total: 68041 ns
[2025-04-18T07:24:45.616+0000][17261][info ][safepoint   ] Safepoint "Cleanup", Time since last: 142380357709 ns, Reaching safepoint: 55916 ns, Cleanup: 17625 ns, At safepoint: 2417 ns, Total: 75958 ns
[2025-04-18T07:25:21.743+0000][17261][info ][safepoint   ] Safepoint "Cleanup", Time since last: 36128610375 ns, Reaching safepoint: 13917 ns, Cleanup: 39625 ns, At safepoint: 2083 ns, Total: 55625 ns
[2025-04-18T07:25:31.774+0000][17261][info ][safepoint   ] Safepoint "Cleanup", Time since last: 10031843458 ns, Reaching safepoint: 38334 ns, Cleanup: 33291 ns, At safepoint: 4334 ns, Total: 75959 ns
[2025-04-18T07:25:59.868+0000][17261][info ][safepoint   ] Safepoint "Cleanup", Time since last: 28095024791 ns, Reaching safepoint: 37959 ns, Cleanup: 32458 ns, At safepoint: 4292 ns, Total: 74709 ns
[2025-04-18T07:26:01.873+0000][17261][info ][safepoint   ] Safepoint "Cleanup", Time since last: 2005726083 ns, Reaching safepoint: 37750 ns, Cleanup: 33625 ns, At safepoint: 3667 ns, Total: 75042 ns
[2025-04-18T07:26:45.083+0000][17261][info ][safepoint   ] Safepoint "Cleanup", Time since last: 43211683541 ns, Reaching safepoint: 38334 ns, Cleanup: 30500 ns, At safepoint: 4416 ns, Total: 73250 ns
[2025-04-18T07:27:16.173+0000][17261][info ][safepoint   ] Safepoint "Cleanup", Time since last: 31091823459 ns, Reaching safepoint: 42333 ns, Cleanup: 24875 ns, At safepoint: 3875 ns, Total: 71083 ns
[2025-04-18T07:33:44.748+0000][17261][info ][safepoint   ] Safepoint "ICBufferFull", Time since last: 388595609792 ns, Reaching safepoint: 6041 ns, Cleanup: 145625 ns, At safepoint: 5209 ns, Total: 156875 ns
[2025-04-18T07:33:45.754+0000][17261][info ][safepoint   ] Safepoint "Cleanup", Time since last: 1005349083 ns, Reaching safepoint: 37292 ns, Cleanup: 100750 ns, At safepoint: 4541 ns, Total: 142583 ns
[2025-04-18T07:34:01.803+0000][17261][info ][safepoint   ] Safepoint "Cleanup", Time since last: 16049740584 ns, Reaching safepoint: 43541 ns, Cleanup: 128084 ns, At safepoint: 11125 ns, Total: 182750 ns
[2025-04-18T07:37:33.029+0000][17261][info ][safepoint   ] Safepoint "Cleanup", Time since last: 211237439833 ns, Reaching safepoint: 37917 ns, Cleanup: 30583 ns, At safepoint: 4167 ns, Total: 72667 ns
[2025-04-18T07:40:01.439+0000][17261][info ][safepoint   ] Safepoint "Cleanup", Time since last: 148417909125 ns, Reaching safepoint: 37291 ns, Cleanup: 42584 ns, At safepoint: 4666 ns, Total: 84541 ns
[2025-04-18T07:40:31.345+0000][17261][info ][safepoint   ] Safepoint "Cleanup", Time since last: 29907429375 ns, Reaching safepoint: 36625 ns, Cleanup: 46167 ns, At safepoint: 4583 ns, Total: 87375 ns
[2025-04-18T07:45:44.969+0000][17261][info ][safepoint   ] Safepoint "Cleanup", Time since last: 313640357667 ns, Reaching safepoint: 50750 ns, Cleanup: 42375 ns, At safepoint: 5458 ns, Total: 98583 ns
[2025-04-18T07:48:12.999+0000][17261][info ][safepoint   ] Safepoint "Cleanup", Time since last: 148037606750 ns, Reaching safepoint: 36917 ns, Cleanup: 27042 ns, At safepoint: 3916 ns, Total: 67875 ns
[2025-04-18T07:50:49.361+0000][17261][info ][safepoint   ] Safepoint "Cleanup", Time since last: 156370391917 ns, Reaching safepoint: 46875 ns, Cleanup: 31667 ns, At safepoint: 3958 ns, Total: 82500 ns
[2025-04-18T07:51:45.563+0000][17261][info ][safepoint   ] Safepoint "Cleanup", Time since last: 56205130500 ns, Reaching safepoint: 25708 ns, Cleanup: 18292 ns, At safepoint: 2750 ns, Total: 46750 ns
[2025-04-18T07:55:06.934+0000][17261][info ][safepoint   ] Safepoint "Cleanup", Time since last: 201380974083 ns, Reaching safepoint: 79209 ns, Cleanup: 31250 ns, At safepoint: 5750 ns, Total: 116209 ns
[2025-04-18T07:55:38.886+0000][17261][info ][safepoint   ] Safepoint "Cleanup", Time since last: 31953504041 ns, Reaching safepoint: 31250 ns, Cleanup: 25792 ns, At safepoint: 1667 ns, Total: 58709 ns
[2025-04-18T07:57:31.315+0000][17261][info ][safepoint   ] Safepoint "Cleanup", Time since last: 112434713416 ns, Reaching safepoint: 40125 ns, Cleanup: 42959 ns, At safepoint: 5041 ns, Total: 88125 ns
[2025-04-18T07:57:49.380+0000][17261][info ][safepoint   ] Safepoint "Cleanup", Time since last: 18066398292 ns, Reaching safepoint: 36458 ns, Cleanup: 30084 ns, At safepoint: 4041 ns, Total: 70583 ns
[2025-04-18T07:57:55.405+0000][17261][info ][safepoint   ] Safepoint "Cleanup", Time since last: 6025040709 ns, Reaching safepoint: 35208 ns, Cleanup: 32917 ns, At safepoint: 3041 ns, Total: 71166 ns
[2025-04-18T07:58:01.427+0000][17261][info ][safepoint   ] Safepoint "Cleanup", Time since last: 6021844209 ns, Reaching safepoint: 37166 ns, Cleanup: 33750 ns, At safepoint: 3792 ns, Total: 74708 ns
[2025-04-18T07:58:36.380+0000][17261][info ][safepoint   ] Safepoint "Cleanup", Time since last: 34954687708 ns, Reaching safepoint: 45834 ns, Cleanup: 27041 ns, At safepoint: 10375 ns, Total: 83250 ns
[2025-04-18T07:58:59.447+0000][17261][info ][safepoint   ] Safepoint "Cleanup", Time since last: 23068121625 ns, Reaching safepoint: 38209 ns, Cleanup: 30333 ns, At safepoint: 4042 ns, Total: 72584 ns
[2025-04-18T07:59:05.470+0000][17261][info ][safepoint   ] Safepoint "Cleanup", Time since last: 6023690666 ns, Reaching safepoint: 38584 ns, Cleanup: 25000 ns, At safepoint: 3750 ns, Total: 67334 ns
[2025-04-18T07:59:08.476+0000][17261][info ][safepoint   ] Safepoint "Cleanup", Time since last: 3006411750 ns, Reaching safepoint: 37125 ns, Cleanup: 26583 ns, At safepoint: 3458 ns, Total: 67166 ns
[2025-04-18T07:59:15.501+0000][17261][info ][safepoint   ] Safepoint "Cleanup", Time since last: 7024608584 ns, Reaching safepoint: 19541 ns, Cleanup: 27667 ns, At safepoint: 2875 ns, Total: 50083 ns
[2025-04-18T08:00:01.625+0000][17261][info ][safepoint   ] Safepoint "Cleanup", Time since last: 46126684417 ns, Reaching safepoint: 27041 ns, Cleanup: 26334 ns, At safepoint: 3208 ns, Total: 56583 ns
[2025-04-18T08:00:31.549+0000][17261][info ][safepoint   ] Safepoint "Cleanup", Time since last: 29925234042 ns, Reaching safepoint: 37125 ns, Cleanup: 36625 ns, At safepoint: 3041 ns, Total: 76791 ns
[2025-04-18T08:01:24.744+0000][17261][info ][safepoint   ] Safepoint "Cleanup", Time since last: 53198516917 ns, Reaching safepoint: 35750 ns, Cleanup: 28958 ns, At safepoint: 2709 ns, Total: 67417 ns
[2025-04-18T08:05:59.682+0000][17261][info ][safepoint   ] Safepoint "Cleanup", Time since last: 274952425208 ns, Reaching safepoint: 75667 ns, Cleanup: 34750 ns, At safepoint: 4916 ns, Total: 115333 ns
[2025-04-18T08:06:01.687+0000][17261][info ][safepoint   ] Safepoint "Cleanup", Time since last: 2004944542 ns, Reaching safepoint: 38833 ns, Cleanup: 33042 ns, At safepoint: 3875 ns, Total: 75750 ns
[2025-04-18T08:07:33.005+0000][17261][info ][safepoint   ] Safepoint "Cleanup", Time since last: 91322250292 ns, Reaching safepoint: 38791 ns, Cleanup: 37750 ns, At safepoint: 4500 ns, Total: 81041 ns
[2025-04-18T08:08:05.095+0000][17261][info ][safepoint   ] Safepoint "Cleanup", Time since last: 32091510542 ns, Reaching safepoint: 36542 ns, Cleanup: 35208 ns, At safepoint: 3458 ns, Total: 75208 ns
[2025-04-18T08:12:00.666+0000][17261][info ][safepoint   ] Safepoint "Cleanup", Time since last: 235583847042 ns, Reaching safepoint: 37333 ns, Cleanup: 35875 ns, At safepoint: 3959 ns, Total: 77167 ns
[2025-04-18T08:17:15.652+0000][17261][info ][safepoint   ] Safepoint "Cleanup", Time since last: 315002482666 ns, Reaching safepoint: 39584 ns, Cleanup: 103666 ns, At safepoint: 4917 ns, Total: 148167 ns
[2025-04-18T09:08:18.548+0000][17261][info ][safepoint   ] Safepoint "Cleanup", Time since last: 249739470375 ns, Reaching safepoint: 15292 ns, Cleanup: 16166 ns, At safepoint: 1500 ns, Total: 32958 ns
[2025-04-18T10:14:44.366+0000][17261][info ][safepoint   ] Safepoint "Cleanup", Time since last: 25115702334 ns, Reaching safepoint: 23750 ns, Cleanup: 16791 ns, At safepoint: 2834 ns, Total: 43375 ns
[2025-04-18T10:21:37.127+0000][17261][info ][safepoint   ] Safepoint "Cleanup", Time since last: 5020798000 ns, Reaching safepoint: 20166 ns, Cleanup: 19584 ns, At safepoint: 2666 ns, Total: 42416 ns
[2025-04-18T10:53:03.076+0000][17261][info ][safepoint   ] Safepoint "Cleanup", Time since last: 12058602875 ns, Reaching safepoint: 19292 ns, Cleanup: 29500 ns, At safepoint: 2958 ns, Total: 51750 ns
[2025-04-18T17:33:17.253+0000][17261][info ][safepoint   ] Safepoint "Cleanup", Time since last: 202371089750 ns, Reaching safepoint: 36084 ns, Cleanup: 36916 ns, At safepoint: 3959 ns, Total: 76959 ns
[2025-04-18T19:49:51.562+0000][17261][info ][safepoint   ] Safepoint "Cleanup", Time since last: 71117216750 ns, Reaching safepoint: 25083 ns, Cleanup: 14792 ns, At safepoint: 1541 ns, Total: 41416 ns
[2025-04-18T19:49:55.572+0000][17261][info ][safepoint   ] Safepoint "Cleanup", Time since last: 4010005084 ns, Reaching safepoint: 43916 ns, Cleanup: 29542 ns, At safepoint: 4333 ns, Total: 77791 ns
[2025-04-18T20:06:15.277+0000][17261][info ][safepoint   ] Safepoint "Cleanup", Time since last: 5032071959 ns, Reaching safepoint: 38750 ns, Cleanup: 38875 ns, At safepoint: 3541 ns, Total: 81166 ns
[2025-04-18T20:23:31.074+0000][17261][info ][safepoint   ] Safepoint "Cleanup", Time since last: 12067564542 ns, Reaching safepoint: 33042 ns, Cleanup: 26250 ns, At safepoint: 2958 ns, Total: 62250 ns
[2025-04-18T20:23:34.081+0000][17261][info ][safepoint   ] Safepoint "Cleanup", Time since last: 3007464125 ns, Reaching safepoint: 31250 ns, Cleanup: 15458 ns, At safepoint: 3084 ns, Total: 49792 ns
[2025-04-18T22:11:46.007+0000][17261][info ][safepoint   ] Safepoint "Cleanup", Time since last: 67127664583 ns, Reaching safepoint: 38292 ns, Cleanup: 45250 ns, At safepoint: 3291 ns, Total: 86833 ns
[2025-04-18T22:46:08.239+0000][17261][info ][safepoint   ] Safepoint "Cleanup", Time since last: 22992035292 ns, Reaching safepoint: 38792 ns, Cleanup: 37875 ns, At safepoint: 4375 ns, Total: 81042 ns
[2025-04-18T23:19:28.796+0000][17261][info ][safepoint   ] Safepoint "Cleanup", Time since last: 23109305833 ns, Reaching safepoint: 40958 ns, Cleanup: 40209 ns, At safepoint: 2916 ns, Total: 84083 ns
[2025-04-19T00:33:30.854+0000][17261][info ][safepoint   ] Safepoint "Cleanup", Time since last: 61040520250 ns, Reaching safepoint: 37125 ns, Cleanup: 31250 ns, At safepoint: 4209 ns, Total: 72584 ns
[2025-04-19T07:10:14.634+0000][17261][info ][safepoint   ] Safepoint "Cleanup", Time since last: 214455226916 ns, Reaching safepoint: 37542 ns, Cleanup: 30375 ns, At safepoint: 4042 ns, Total: 71959 ns
[2025-04-19T07:55:08.543+0000][17261][info ][safepoint   ] Safepoint "Cleanup", Time since last: 28146767833 ns, Reaching safepoint: 35167 ns, Cleanup: 25000 ns, At safepoint: 3083 ns, Total: 63250 ns
[2025-04-19T09:26:36.847+0000][17261][info ][safepoint   ] Safepoint "Cleanup", Time since last: 59182636917 ns, Reaching safepoint: 19375 ns, Cleanup: 18333 ns, At safepoint: 2625 ns, Total: 40333 ns
[2025-04-19T09:26:37.856+0000][17261][info ][safepoint   ] Safepoint "Cleanup", Time since last: 1009135208 ns, Reaching safepoint: 19084 ns, Cleanup: 17416 ns, At safepoint: 2750 ns, Total: 39250 ns
[2025-04-19T14:36:56.032+0000][17261][info ][safepoint   ] Safepoint "Cleanup", Time since last: 179425194834 ns, Reaching safepoint: 14375 ns, Cleanup: 17208 ns, At safepoint: 1500 ns, Total: 33083 ns
[2025-04-19T18:57:00.441+0000][17261][info ][safepoint   ] Safepoint "Cleanup", Time since last: 175568506417 ns, Reaching safepoint: 39583 ns, Cleanup: 42042 ns, At safepoint: 4291 ns, Total: 85916 ns
[2025-04-19T21:08:15.824+0000][17261][info ][safepoint   ] Safepoint "Cleanup", Time since last: 95068231250 ns, Reaching safepoint: 37125 ns, Cleanup: 25542 ns, At safepoint: 3917 ns, Total: 66584 ns
[2025-04-19T21:25:03.810+0000][17261][info ][safepoint   ] Safepoint "Cleanup", Time since last: 29145879333 ns, Reaching safepoint: 33833 ns, Cleanup: 32834 ns, At safepoint: 3708 ns, Total: 70375 ns
[2025-04-19T22:13:19.664+0000][17261][info ][safepoint   ] Safepoint "Cleanup", Time since last: 33903902875 ns, Reaching safepoint: 37875 ns, Cleanup: 65625 ns, At safepoint: 4375 ns, Total: 107875 ns
[2025-04-20T00:44:45.203+0000][17261][info ][safepoint   ] Safepoint "Cleanup", Time since last: 115061452583 ns, Reaching safepoint: 33250 ns, Cleanup: 18959 ns, At safepoint: 3666 ns, Total: 55875 ns
[2025-04-20T02:30:38.496+0000][17261][info ][safepoint   ] Safepoint "Cleanup", Time since last: 79378310459 ns, Reaching safepoint: 25208 ns, Cleanup: 19833 ns, At safepoint: 2375 ns, Total: 47416 ns
[2025-04-20T05:17:24.147+0000][17261][info ][safepoint   ] Safepoint "Cleanup", Time since last: 107127326542 ns, Reaching safepoint: 21833 ns, Cleanup: 19834 ns, At safepoint: 1958 ns, Total: 43625 ns
[2025-04-20T05:32:44.210+0000][17261][info ][safepoint   ] Safepoint "Cleanup", Time since last: 13075016500 ns, Reaching safepoint: 19958 ns, Cleanup: 40042 ns, At safepoint: 2792 ns, Total: 62792 ns
[2025-04-20T05:32:54.240+0000][17261][info ][safepoint   ] Safepoint "Cleanup", Time since last: 10030845458 ns, Reaching safepoint: 36042 ns, Cleanup: 30083 ns, At safepoint: 3375 ns, Total: 69500 ns
[2025-04-20T09:49:07.482+0000][17261][info ][safepoint   ] Safepoint "Cleanup", Time since last: 179444664583 ns, Reaching safepoint: 17875 ns, Cleanup: 15542 ns, At safepoint: 2583 ns, Total: 36000 ns
[2025-04-20T10:06:13.614+0000][17261][info ][safepoint   ] Safepoint "Cleanup", Time since last: 2016983584 ns, Reaching safepoint: 18333 ns, Cleanup: 20500 ns, At safepoint: 2750 ns, Total: 41583 ns
[2025-04-20T10:39:33.649+0000][17261][info ][safepoint   ] Safepoint "Cleanup", Time since last: 31037942417 ns, Reaching safepoint: 19208 ns, Cleanup: 15792 ns, At safepoint: 2833 ns, Total: 37833 ns
[2025-04-20T11:44:26.500+0000][17261][info ][safepoint   ] Safepoint "Cleanup", Time since last: 34170237000 ns, Reaching safepoint: 28292 ns, Cleanup: 33000 ns, At safepoint: 3333 ns, Total: 64625 ns
[2025-04-20T12:34:48.670+0000][17261][info ][safepoint   ] Safepoint "Cleanup", Time since last: 39010370917 ns, Reaching safepoint: 22000 ns, Cleanup: 16875 ns, At safepoint: 2708 ns, Total: 41583 ns
[2025-04-20T15:13:38.147+0000][17261][info ][safepoint   ] Safepoint "Cleanup", Time since last: 106239002875 ns, Reaching safepoint: 37708 ns, Cleanup: 35459 ns, At safepoint: 3791 ns, Total: 76958 ns
[2025-04-20T17:14:50.580+0000][17261][info ][safepoint   ] Safepoint "Cleanup", Time since last: 83293910000 ns, Reaching safepoint: 22375 ns, Cleanup: 25584 ns, At safepoint: 2416 ns, Total: 50375 ns
[2025-04-20T18:05:32.722+0000][17261][info ][safepoint   ] Safepoint "Cleanup", Time since last: 37086261709 ns, Reaching safepoint: 39083 ns, Cleanup: 42167 ns, At safepoint: 4333 ns, Total: 85583 ns
[2025-04-20T22:03:54.985+0000][17261][info ][safepoint   ] Safepoint "Cleanup", Time since last: 188590388750 ns, Reaching safepoint: 38208 ns, Cleanup: 41875 ns, At safepoint: 4542 ns, Total: 84625 ns
[2025-04-21T00:07:39.738+0000][17261][info ][safepoint   ] Safepoint "Cleanup", Time since last: 111300467625 ns, Reaching safepoint: 35917 ns, Cleanup: 26916 ns, At safepoint: 4000 ns, Total: 66833 ns
[2025-04-21T02:12:40.295+0000][17261][info ][safepoint   ] Safepoint "Cleanup", Time since last: 94340552875 ns, Reaching safepoint: 37834 ns, Cleanup: 31625 ns, At safepoint: 3875 ns, Total: 73334 ns
[2025-04-21T02:27:37.351+0000][17261][info ][safepoint   ] Safepoint "Cleanup", Time since last: 6033631458 ns, Reaching safepoint: 34708 ns, Cleanup: 25417 ns, At safepoint: 3042 ns, Total: 63167 ns
[2025-04-21T02:50:54.996+0000][17261][info ][safepoint   ] Safepoint "Cleanup", Time since last: 19992455125 ns, Reaching safepoint: 38375 ns, Cleanup: 29708 ns, At safepoint: 4000 ns, Total: 72083 ns
[2025-04-21T03:34:29.510+0000][17261][info ][safepoint   ] Safepoint "Cleanup", Time since last: 29134532417 ns, Reaching safepoint: 26916 ns, Cleanup: 24250 ns, At safepoint: 3125 ns, Total: 54291 ns
[2025-04-21T04:50:21.240+0000][17261][info ][safepoint   ] Safepoint "Cleanup", Time since last: 44099060042 ns, Reaching safepoint: 37875 ns, Cleanup: 29958 ns, At safepoint: 4042 ns, Total: 71875 ns
[2025-04-21T05:36:02.940+0000][17261][info ][safepoint   ] Safepoint "Cleanup", Time since last: 40229808542 ns, Reaching safepoint: 52625 ns, Cleanup: 28000 ns, At safepoint: 16833 ns, Total: 97458 ns
[2025-04-21T13:42:07.862+0000][17261][info ][safepoint   ] Safepoint "Cleanup", Time since last: 300371377542 ns, Reaching safepoint: 20125 ns, Cleanup: 15000 ns, At safepoint: 2041 ns, Total: 37166 ns
[2025-04-21T13:57:22.441+0000][17261][info ][safepoint   ] Safepoint "Cleanup", Time since last: 8130516209 ns, Reaching safepoint: 19416 ns, Cleanup: 25459 ns, At safepoint: 2958 ns, Total: 47833 ns
[2025-04-21T15:58:29.549+0000][17261][info ][safepoint   ] Safepoint "Cleanup", Time since last: 96026633375 ns, Reaching safepoint: 18250 ns, Cleanup: 15208 ns, At safepoint: 2292 ns, Total: 35750 ns
[2025-04-21T18:13:10.004+0000][17261][info ][safepoint   ] Safepoint "Cleanup", Time since last: 93060973792 ns, Reaching safepoint: 38166 ns, Cleanup: 34875 ns, At safepoint: 4125 ns, Total: 77166 ns
[2025-04-21T23:18:19.360+0000][17261][info ][safepoint   ] Safepoint "Cleanup", Time since last: 255517225084 ns, Reaching safepoint: 35916 ns, Cleanup: 31334 ns, At safepoint: 4375 ns, Total: 71625 ns
[2025-04-22T00:53:09.890+0000][17261][info ][safepoint   ] Safepoint "Cleanup", Time since last: 77291034208 ns, Reaching safepoint: 33125 ns, Cleanup: 25917 ns, At safepoint: 2750 ns, Total: 61792 ns
[2025-04-22T05:48:59.617+0000][17261][info ][safepoint   ] Safepoint "Cleanup", Time since last: 315604544500 ns, Reaching safepoint: 34000 ns, Cleanup: 43958 ns, At safepoint: 4833 ns, Total: 82791 ns
[2025-04-22T05:57:17.795+0000][17261][info ][safepoint   ] Safepoint "Cleanup", Time since last: 208169811000 ns, Reaching safepoint: 79334 ns, Cleanup: 32458 ns, At safepoint: 5167 ns, Total: 116959 ns
[2025-04-22T06:05:42.051+0000][17261][info ][safepoint   ] Safepoint "Cleanup", Time since last: 504241560708 ns, Reaching safepoint: 39292 ns, Cleanup: 47041 ns, At safepoint: 4834 ns, Total: 91167 ns
[2025-04-22T06:06:04.162+0000][17261][info ][safepoint   ] Safepoint "Cleanup", Time since last: 22110097750 ns, Reaching safepoint: 37500 ns, Cleanup: 33666 ns, At safepoint: 3792 ns, Total: 74958 ns
[2025-04-22T06:07:33.290+0000][17261][info ][safepoint   ] Safepoint "Cleanup", Time since last: 89125234042 ns, Reaching safepoint: 39125 ns, Cleanup: 37041 ns, At safepoint: 4709 ns, Total: 80875 ns
[2025-04-22T06:08:50.340+0000][17261][info ][safepoint   ] Safepoint "Cleanup", Time since last: 77048302166 ns, Reaching safepoint: 15542 ns, Cleanup: 15292 ns, At safepoint: 2708 ns, Total: 33542 ns
[2025-04-22T06:11:53.768+0000][17261][info ][safepoint   ] Safepoint "Cleanup", Time since last: 183479143875 ns, Reaching safepoint: 37750 ns, Cleanup: 34167 ns, At safepoint: 3958 ns, Total: 75875 ns
[2025-04-22T06:20:03.342+0000][17261][info ][safepoint   ] Safepoint "Cleanup", Time since last: 489571498167 ns, Reaching safepoint: 39333 ns, Cleanup: 25375 ns, At safepoint: 5167 ns, Total: 69875 ns
[2025-04-22T06:20:20.398+0000][17261][info ][safepoint   ] Safepoint "Cleanup", Time since last: 17055687125 ns, Reaching safepoint: 38208 ns, Cleanup: 37000 ns, At safepoint: 4500 ns, Total: 79708 ns
[2025-04-22T06:25:26.694+0000][17261][info ][safepoint   ] Safepoint "Cleanup", Time since last: 65130871250 ns, Reaching safepoint: 87000 ns, Cleanup: 37833 ns, At safepoint: 3542 ns, Total: 128375 ns
[2025-04-22T06:27:21.128+0000][17261][info ][safepoint   ] Safepoint "Cleanup", Time since last: 114438762750 ns, Reaching safepoint: 33958 ns, Cleanup: 21875 ns, At safepoint: 4084 ns, Total: 59917 ns
[2025-04-22T06:27:51.216+0000][17261][info ][safepoint   ] Safepoint "Cleanup", Time since last: 30087874833 ns, Reaching safepoint: 38208 ns, Cleanup: 33167 ns, At safepoint: 4125 ns, Total: 75500 ns
[2025-04-22T06:28:21.361+0000][17261][info ][safepoint   ] Safepoint "Cleanup", Time since last: 30146162583 ns, Reaching safepoint: 37792 ns, Cleanup: 35708 ns, At safepoint: 4500 ns, Total: 78000 ns
[2025-04-22T06:29:49.712+0000][17261][info ][safepoint   ] Safepoint "Cleanup", Time since last: 88353107292 ns, Reaching safepoint: 25792 ns, Cleanup: 42125 ns, At safepoint: 4083 ns, Total: 72000 ns
[2025-04-22T06:33:22.197+0000][17261][info ][safepoint   ] Safepoint "Cleanup", Time since last: 121245326333 ns, Reaching safepoint: 37417 ns, Cleanup: 44292 ns, At safepoint: 4333 ns, Total: 86042 ns
[2025-04-22T06:33:53.049+0000][17261][info ][safepoint   ] Safepoint "Cleanup", Time since last: 30853182333 ns, Reaching safepoint: 61459 ns, Cleanup: 49333 ns, At safepoint: 6125 ns, Total: 116917 ns
[2025-04-22T06:39:04.021+0000][17261][info ][safepoint   ] Safepoint "Cleanup", Time since last: 305668090375 ns, Reaching safepoint: 54000 ns, Cleanup: 32417 ns, At safepoint: 4166 ns, Total: 90583 ns
[2025-04-22T06:40:28.301+0000][17261][info ][safepoint   ] Safepoint "Cleanup", Time since last: 84282257709 ns, Reaching safepoint: 37583 ns, Cleanup: 74583 ns, At safepoint: 5334 ns, Total: 117500 ns
[2025-04-22T06:41:57.593+0000][17261][info ][safepoint   ] Safepoint "Cleanup", Time since last: 89294937083 ns, Reaching safepoint: 37458 ns, Cleanup: 28500 ns, At safepoint: 3959 ns, Total: 69917 ns
[2025-04-22T06:42:27.698+0000][17261][info ][safepoint   ] Safepoint "Cleanup", Time since last: 30105624416 ns, Reaching safepoint: 61792 ns, Cleanup: 33583 ns, At safepoint: 5042 ns, Total: 100417 ns
[2025-04-22T06:42:57.839+0000][17261][info ][safepoint   ] Safepoint "Cleanup", Time since last: 30140946083 ns, Reaching safepoint: 37875 ns, Cleanup: 97500 ns, At safepoint: 4250 ns, Total: 139625 ns
[2025-04-22T06:48:16.435+0000][17261][info ][safepoint   ] Safepoint "Cleanup", Time since last: 275656026625 ns, Reaching safepoint: 42584 ns, Cleanup: 37166 ns, At safepoint: 3792 ns, Total: 83542 ns
[2025-04-22T06:50:10.679+0000][17261][info ][safepoint   ] Safepoint "Cleanup", Time since last: 114247254833 ns, Reaching safepoint: 38584 ns, Cleanup: 35333 ns, At safepoint: 4250 ns, Total: 78167 ns
[2025-04-22T06:50:26.724+0000][17261][info ][safepoint   ] Safepoint "Cleanup", Time since last: 16046262792 ns, Reaching safepoint: 39000 ns, Cleanup: 34708 ns, At safepoint: 4083 ns, Total: 77791 ns
[2025-04-22T06:53:25.029+0000][17261][info ][safepoint   ] Safepoint "Cleanup", Time since last: 178310490334 ns, Reaching safepoint: 126333 ns, Cleanup: 36917 ns, At safepoint: 4416 ns, Total: 167666 ns
[2025-04-22T07:12:14.996+0000][17261][info ][safepoint   ] Safepoint "Cleanup", Time since last: 1130002118125 ns, Reaching safepoint: 38125 ns, Cleanup: 34417 ns, At safepoint: 4875 ns, Total: 77417 ns
[2025-04-22T07:19:11.099+0000][17261][info ][safepoint   ] Safepoint "Cleanup", Time since last: 416116365958 ns, Reaching safepoint: 24084 ns, Cleanup: 21583 ns, At safepoint: 3292 ns, Total: 48959 ns
[2025-04-22T07:21:43.489+0000][17261][info ][safepoint   ] Safepoint "Cleanup", Time since last: 152394066625 ns, Reaching safepoint: 38833 ns, Cleanup: 35250 ns, At safepoint: 4083 ns, Total: 78166 ns
[2025-04-22T07:30:38.209+0000][17261][info ][gc,start    ] GC(12) Pause Young (Normal) (G1 Evacuation Pause)
[2025-04-22T07:30:38.209+0000][17261][info ][gc,task     ] GC(12) Using 8 workers of 8 for evacuation
[2025-04-22T07:30:38.210+0000][17261][debug][gc,age      ] GC(12) Desired survivor size 50331648 bytes, new threshold 3 (max threshold 15)
[2025-04-22T07:30:38.248+0000][17261][info ][gc,phases   ] GC(12)   Pre Evacuate Collection Set: 0.8ms
[2025-04-22T07:30:38.248+0000][17261][info ][gc,phases   ] GC(12)   Merge Heap Roots: 0.3ms
[2025-04-22T07:30:38.248+0000][17261][info ][gc,phases   ] GC(12)   Evacuate Collection Set: 34.2ms
[2025-04-22T07:30:38.248+0000][17261][info ][gc,phases   ] GC(12)   Post Evacuate Collection Set: 2.6ms
[2025-04-22T07:30:38.249+0000][17261][info ][gc,phases   ] GC(12)   Other: 2.7ms
[2025-04-22T07:30:38.249+0000][17261][trace][gc,age      ] GC(12) Age table with threshold 3 (max threshold 15)
[2025-04-22T07:30:38.249+0000][17261][trace][gc,age      ] GC(12) - age   1:     821304 bytes,     821304 total
[2025-04-22T07:30:38.249+0000][17261][trace][gc,age      ] GC(12) - age   2:   20884928 bytes,   21706232 total
[2025-04-22T07:30:38.249+0000][17261][trace][gc,age      ] GC(12) - age   3:   15257488 bytes,   36963720 total
[2025-04-22T07:30:38.249+0000][17261][info ][gc,heap     ] GC(12) Eden regions: 169->0(1218)
[2025-04-22T07:30:38.249+0000][17261][info ][gc,heap     ] GC(12) Survivor regions: 17->10(24)
[2025-04-22T07:30:38.249+0000][17261][info ][gc,heap     ] GC(12) Old regions: 9->15
[2025-04-22T07:30:38.249+0000][17261][info ][gc,heap     ] GC(12) Archive regions: 2->2
[2025-04-22T07:30:38.249+0000][17261][info ][gc,heap     ] GC(12) Humongous regions: 2->2
[2025-04-22T07:30:38.249+0000][17261][info ][gc,metaspace] GC(12) Metaspace: 121511K(123648K)->121511K(123648K) NonClass: 104543K(105728K)->104543K(105728K) Class: 16967K(17920K)->16967K(17920K)
[2025-04-22T07:30:38.249+0000][17261][info ][gc          ] GC(12) Pause Young (Normal) (G1 Evacuation Pause) 787M->108M(8192M) 40.480ms
[2025-04-22T07:30:38.249+0000][17261][info ][gc,cpu      ] GC(12) User=0.10s Sys=0.11s Real=0.04s
[2025-04-22T07:30:38.249+0000][17261][info ][safepoint   ] Safepoint "G1CollectForAllocation", Time since last: 534732735667 ns, Reaching safepoint: 84625 ns, Cleanup: 9667 ns, At safepoint: 44143791 ns, Total: 44238083 ns
[2025-04-22T07:30:41.260+0000][17261][info ][safepoint   ] Safepoint "Cleanup", Time since last: 3011197542 ns, Reaching safepoint: 36125 ns, Cleanup: 28667 ns, At safepoint: 9500 ns, Total: 74292 ns
[2025-04-22T07:42:41.663+0000][17261][info ][safepoint   ] Safepoint "Cleanup", Time since last: 720425905041 ns, Reaching safepoint: 100667 ns, Cleanup: 31083 ns, At safepoint: 4292 ns, Total: 136042 ns
[2025-04-22T07:47:41.758+0000][17261][info ][safepoint   ] Safepoint "Cleanup", Time since last: 300104572167 ns, Reaching safepoint: 16958 ns, Cleanup: 19125 ns, At safepoint: 1833 ns, Total: 37916 ns
[2025-04-22T07:53:37.615+0000][17261][info ][safepoint   ] Safepoint "Cleanup", Time since last: 355867587125 ns, Reaching safepoint: 38417 ns, Cleanup: 31542 ns, At safepoint: 4041 ns, Total: 74000 ns
[2025-04-22T07:57:33.115+0000][17261][info ][safepoint   ] Safepoint "Cleanup", Time since last: 235507103375 ns, Reaching safepoint: 39542 ns, Cleanup: 42500 ns, At safepoint: 4250 ns, Total: 86292 ns
[2025-04-22T07:58:10.221+0000][17261][info ][safepoint   ] Safepoint "Cleanup", Time since last: 37107634792 ns, Reaching safepoint: 94583 ns, Cleanup: 34875 ns, At safepoint: 4750 ns, Total: 134208 ns
[2025-04-22T08:02:41.138+0000][17261][info ][safepoint   ] Safepoint "Cleanup", Time since last: 270925647625 ns, Reaching safepoint: 59958 ns, Cleanup: 27042 ns, At safepoint: 5208 ns, Total: 92208 ns
[2025-04-22T08:03:11.223+0000][17261][info ][safepoint   ] Safepoint "Cleanup", Time since last: 30085722042 ns, Reaching safepoint: 38292 ns, Cleanup: 48458 ns, At safepoint: 4875 ns, Total: 91625 ns
[2025-04-22T08:04:11.437+0000][17261][info ][safepoint   ] Safepoint "Cleanup", Time since last: 60215668125 ns, Reaching safepoint: 56208 ns, Cleanup: 30750 ns, At safepoint: 4167 ns, Total: 91125 ns
[2025-04-22T08:07:33.239+0000][17261][info ][safepoint   ] Safepoint "Cleanup", Time since last: 201807984167 ns, Reaching safepoint: 38708 ns, Cleanup: 31125 ns, At safepoint: 4125 ns, Total: 73958 ns
[2025-04-22T08:11:45.069+0000][17261][info ][safepoint   ] Safepoint "Cleanup", Time since last: 251838475417 ns, Reaching safepoint: 37958 ns, Cleanup: 35292 ns, At safepoint: 3833 ns, Total: 77083 ns
[2025-04-22T08:12:05.124+0000][17261][info ][safepoint   ] Safepoint "Cleanup", Time since last: 20054710833 ns, Reaching safepoint: 38250 ns, Cleanup: 31542 ns, At safepoint: 4583 ns, Total: 74375 ns
[2025-04-22T08:12:11.140+0000][17261][info ][safepoint   ] Safepoint "Cleanup", Time since last: 6016601834 ns, Reaching safepoint: 37958 ns, Cleanup: 68833 ns, At safepoint: 4459 ns, Total: 111250 ns
[2025-04-22T08:16:40.955+0000][17261][info ][safepoint   ] Safepoint "Cleanup", Time since last: 269822854208 ns, Reaching safepoint: 34458 ns, Cleanup: 20250 ns, At safepoint: 4209 ns, Total: 58917 ns
[2025-04-22T08:20:41.220+0000][17261][info ][safepoint   ] Safepoint "Cleanup", Time since last: 240272687291 ns, Reaching safepoint: 38292 ns, Cleanup: 32958 ns, At safepoint: 5125 ns, Total: 76375 ns
[2025-04-22T08:32:11.179+0000][17261][info ][safepoint   ] Safepoint "Cleanup", Time since last: 689980438750 ns, Reaching safepoint: 44459 ns, Cleanup: 34375 ns, At safepoint: 3916 ns, Total: 82750 ns
[2025-04-22T08:32:33.245+0000][17261][info ][safepoint   ] Safepoint "Cleanup", Time since last: 22067556417 ns, Reaching safepoint: 38625 ns, Cleanup: 31625 ns, At safepoint: 4417 ns, Total: 74667 ns
[2025-04-22T08:40:41.609+0000][17261][info ][safepoint   ] Safepoint "Cleanup", Time since last: 488378437625 ns, Reaching safepoint: 38083 ns, Cleanup: 30833 ns, At safepoint: 3959 ns, Total: 72875 ns
[2025-04-22T08:42:11.959+0000][17261][info ][safepoint   ] Safepoint "Cleanup", Time since last: 90353431541 ns, Reaching safepoint: 48834 ns, Cleanup: 17041 ns, At safepoint: 4500 ns, Total: 70375 ns
[2025-04-22T08:52:11.320+0000][17261][info ][safepoint   ] Safepoint "Cleanup", Time since last: 599379825625 ns, Reaching safepoint: 38917 ns, Cleanup: 66333 ns, At safepoint: 4167 ns, Total: 109417 ns
[2025-04-22T09:15:31.507+0000][17261][info ][safepoint   ] Safepoint "Cleanup", Time since last: 870370873667 ns, Reaching safepoint: 141500 ns, Cleanup: 979916 ns, At safepoint: 11500 ns, Total: 1132916 ns
[2025-04-22T09:17:34.012+0000][17261][info ][safepoint   ] Safepoint "Cleanup", Time since last: 122504575334 ns, Reaching safepoint: 25958 ns, Cleanup: 42000 ns, At safepoint: 3625 ns, Total: 71583 ns
[2025-04-22T09:32:27.320+0000][17261][info ][safepoint   ] Safepoint "Cleanup", Time since last: 893300204542 ns, Reaching safepoint: 39166 ns, Cleanup: 30417 ns, At safepoint: 4792 ns, Total: 74375 ns
[2025-04-22T09:37:33.314+0000][17261][info ][safepoint   ] Safepoint "Cleanup", Time since last: 305991355916 ns, Reaching safepoint: 38042 ns, Cleanup: 34958 ns, At safepoint: 4709 ns, Total: 77709 ns
[2025-04-22T09:47:01.947+0000][17261][info ][safepoint   ] Safepoint "Cleanup", Time since last: 568627239541 ns, Reaching safepoint: 37292 ns, Cleanup: 37625 ns, At safepoint: 4833 ns, Total: 79750 ns
[2025-04-22T09:48:01.955+0000][17261][info ][safepoint   ] Safepoint "Cleanup", Time since last: 60008036542 ns, Reaching safepoint: 38750 ns, Cleanup: 38042 ns, At safepoint: 4333 ns, Total: 81125 ns
[2025-04-22T09:52:27.959+0000][17261][info ][safepoint   ] Safepoint "Cleanup", Time since last: 266000914750 ns, Reaching safepoint: 39042 ns, Cleanup: 38000 ns, At safepoint: 4041 ns, Total: 81083 ns
[2025-04-22T09:53:02.082+0000][17261][info ][safepoint   ] Safepoint "Cleanup", Time since last: 34123324334 ns, Reaching safepoint: 39875 ns, Cleanup: 34875 ns, At safepoint: 4500 ns, Total: 79250 ns
[2025-04-22T10:00:02.032+0000][17261][info ][safepoint   ] Safepoint "Cleanup", Time since last: 419946058500 ns, Reaching safepoint: 38958 ns, Cleanup: 32042 ns, At safepoint: 4583 ns, Total: 75583 ns
[2025-04-22T10:04:31.810+0000][17261][info ][safepoint   ] Safepoint "Cleanup", Time since last: 269775166750 ns, Reaching safepoint: 38458 ns, Cleanup: 62542 ns, At safepoint: 4167 ns, Total: 105167 ns
[2025-04-22T10:06:56.125+0000][17261][info ][safepoint   ] Safepoint "Cleanup", Time since last: 144313642958 ns, Reaching safepoint: 34167 ns, Cleanup: 26958 ns, At safepoint: 4250 ns, Total: 65375 ns
[2025-04-22T10:07:01.133+0000][17261][info ][safepoint   ] Safepoint "Cleanup", Time since last: 5008675917 ns, Reaching safepoint: 38208 ns, Cleanup: 33417 ns, At safepoint: 4458 ns, Total: 76083 ns
[2025-04-22T10:07:06.151+0000][17261][info ][safepoint   ] Safepoint "Cleanup", Time since last: 5017275458 ns, Reaching safepoint: 23042 ns, Cleanup: 20208 ns, At safepoint: 2042 ns, Total: 45292 ns
[2025-04-22T10:07:28.216+0000][17261][info ][safepoint   ] Safepoint "Cleanup", Time since last: 22065196417 ns, Reaching safepoint: 60541 ns, Cleanup: 168209 ns, At safepoint: 3000 ns, Total: 231750 ns
[2025-04-22T10:21:00.576+0000][17261][info ][safepoint   ] Safepoint "Cleanup", Time since last: 812352118958 ns, Reaching safepoint: 39250 ns, Cleanup: 34583 ns, At safepoint: 3959 ns, Total: 77792 ns
[2025-04-22T10:22:27.904+0000][17261][info ][safepoint   ] Safepoint "Cleanup", Time since last: 87328006458 ns, Reaching safepoint: 23167 ns, Cleanup: 21375 ns, At safepoint: 2541 ns, Total: 47083 ns
[2025-04-22T10:27:33.570+0000][17261][info ][safepoint   ] Safepoint "Cleanup", Time since last: 305663145292 ns, Reaching safepoint: 50417 ns, Cleanup: 33958 ns, At safepoint: 3917 ns, Total: 88292 ns
[2025-04-22T10:32:27.349+0000][17261][info ][safepoint   ] Safepoint "Cleanup", Time since last: 293776064666 ns, Reaching safepoint: 34667 ns, Cleanup: 25750 ns, At safepoint: 3125 ns, Total: 63542 ns
[2025-04-22T10:42:31.674+0000][17261][info ][safepoint   ] Safepoint "Cleanup", Time since last: 604319225375 ns, Reaching safepoint: 38667 ns, Cleanup: 33291 ns, At safepoint: 4000 ns, Total: 75958 ns
[2025-04-22T10:44:01.834+0000][17261][info ][safepoint   ] Safepoint "Cleanup", Time since last: 90159152667 ns, Reaching safepoint: 36833 ns, Cleanup: 36834 ns, At safepoint: 4083 ns, Total: 77750 ns
[2025-04-22T10:53:23.430+0000][17261][info ][safepoint   ] Safepoint "Cleanup", Time since last: 561591221000 ns, Reaching safepoint: 74708 ns, Cleanup: 32042 ns, At safepoint: 4542 ns, Total: 111292 ns
[2025-04-22T11:06:30.970+0000][17261][info ][safepoint   ] Safepoint "Cleanup", Time since last: 787570773916 ns, Reaching safepoint: 38209 ns, Cleanup: 31375 ns, At safepoint: 4208 ns, Total: 73792 ns
[2025-04-22T11:06:35.993+0000][17261][info ][safepoint   ] Safepoint "Cleanup", Time since last: 5022809583 ns, Reaching safepoint: 16417 ns, Cleanup: 12292 ns, At safepoint: 1541 ns, Total: 30250 ns
[2025-04-22T11:12:28.069+0000][17261][info ][safepoint   ] Safepoint "Cleanup", Time since last: 352075001834 ns, Reaching safepoint: 37500 ns, Cleanup: 31375 ns, At safepoint: 4125 ns, Total: 73000 ns
[2025-04-22T11:20:02.523+0000][17261][info ][safepoint   ] Safepoint "Cleanup", Time since last: 454516142833 ns, Reaching safepoint: 22542 ns, Cleanup: 19750 ns, At safepoint: 2875 ns, Total: 45167 ns
[2025-04-22T11:20:32.650+0000][17261][info ][safepoint   ] Safepoint "Cleanup", Time since last: 30126555000 ns, Reaching safepoint: 24958 ns, Cleanup: 19833 ns, At safepoint: 2209 ns, Total: 47000 ns
[2025-04-22T11:24:54.398+0000][17261][info ][safepoint   ] Safepoint "Cleanup", Time since last: 261750966333 ns, Reaching safepoint: 36042 ns, Cleanup: 76791 ns, At safepoint: 4709 ns, Total: 117542 ns
[2025-04-22T11:27:27.859+0000][17261][info ][safepoint   ] Safepoint "Cleanup", Time since last: 153461959083 ns, Reaching safepoint: 37833 ns, Cleanup: 35042 ns, At safepoint: 4583 ns, Total: 77458 ns
[2025-04-22T11:32:27.709+0000][17261][info ][safepoint   ] Safepoint "Cleanup", Time since last: 299852939542 ns, Reaching safepoint: 38083 ns, Cleanup: 40334 ns, At safepoint: 4625 ns, Total: 83042 ns
[2025-04-22T11:32:55.823+0000][17261][info ][safepoint   ] Safepoint "Cleanup", Time since last: 28114205208 ns, Reaching safepoint: 38042 ns, Cleanup: 26750 ns, At safepoint: 4125 ns, Total: 68917 ns
[2025-04-22T11:33:00.845+0000][17261][info ][safepoint   ] Safepoint "Cleanup", Time since last: 5021854041 ns, Reaching safepoint: 38959 ns, Cleanup: 39750 ns, At safepoint: 3958 ns, Total: 82667 ns
[2025-04-22T11:33:02.856+0000][17261][info ][safepoint   ] Safepoint "Cleanup", Time since last: 2010584333 ns, Reaching safepoint: 37834 ns, Cleanup: 28125 ns, At safepoint: 4791 ns, Total: 70750 ns
[2025-04-22T11:33:32.987+0000][17261][info ][safepoint   ] Safepoint "Cleanup", Time since last: 30131854625 ns, Reaching safepoint: 37500 ns, Cleanup: 62959 ns, At safepoint: 4750 ns, Total: 105209 ns
[2025-04-22T11:34:22.093+0000][17261][info ][safepoint   ] Safepoint "Cleanup", Time since last: 49105999625 ns, Reaching safepoint: 24250 ns, Cleanup: 35000 ns, At safepoint: 3416 ns, Total: 62666 ns
[2025-04-22T11:35:24.218+0000][17261][info ][safepoint   ] Safepoint "Cleanup", Time since last: 62125580084 ns, Reaching safepoint: 38625 ns, Cleanup: 30458 ns, At safepoint: 4833 ns, Total: 73916 ns
[2025-04-22T11:37:27.557+0000][17261][info ][safepoint   ] Safepoint "Cleanup", Time since last: 123340365917 ns, Reaching safepoint: 68958 ns, Cleanup: 32584 ns, At safepoint: 4208 ns, Total: 105750 ns
[2025-04-22T12:03:32.701+0000][17261][info ][safepoint   ] Safepoint "Cleanup", Time since last: 1565158314792 ns, Reaching safepoint: 40708 ns, Cleanup: 31458 ns, At safepoint: 4500 ns, Total: 76666 ns
[2025-04-22T12:07:27.383+0000][17261][info ][safepoint   ] Safepoint "Cleanup", Time since last: 234651140959 ns, Reaching safepoint: 37708 ns, Cleanup: 37708 ns, At safepoint: 4625 ns, Total: 80041 ns
[2025-04-22T12:17:32.881+0000][17261][info ][safepoint   ] Safepoint "Cleanup", Time since last: 605498914000 ns, Reaching safepoint: 35209 ns, Cleanup: 41458 ns, At safepoint: 4750 ns, Total: 81417 ns
[2025-04-22T12:27:02.898+0000][17261][info ][safepoint   ] Safepoint "Cleanup", Time since last: 570013074250 ns, Reaching safepoint: 72083 ns, Cleanup: 37084 ns, At safepoint: 4500 ns, Total: 113667 ns
[2025-04-22T12:27:33.311+0000][17261][info ][safepoint   ] Safepoint "Cleanup", Time since last: 30413631833 ns, Reaching safepoint: 39125 ns, Cleanup: 31250 ns, At safepoint: 4583 ns, Total: 74958 ns
[2025-04-22T12:31:28.605+0000][17261][info ][safepoint   ] Safepoint "Cleanup", Time since last: 235294168292 ns, Reaching safepoint: 21458 ns, Cleanup: 20125 ns, At safepoint: 2125 ns, Total: 43708 ns
[2025-04-22T12:32:27.793+0000][17261][info ][safepoint   ] Safepoint "Cleanup", Time since last: 59187946167 ns, Reaching safepoint: 41083 ns, Cleanup: 28417 ns, At safepoint: 2917 ns, Total: 72417 ns
[2025-04-22T12:57:27.966+0000][17261][info ][safepoint   ] Safepoint "Cleanup", Time since last: 1500199335875 ns, Reaching safepoint: 74875 ns, Cleanup: 31333 ns, At safepoint: 4917 ns, Total: 111125 ns
[2025-04-22T13:07:27.760+0000][17261][info ][safepoint   ] Safepoint "Cleanup", Time since last: 599797750458 ns, Reaching safepoint: 36708 ns, Cleanup: 25959 ns, At safepoint: 4250 ns, Total: 66917 ns
[2025-04-22T13:17:41.809+0000][17261][info ][safepoint   ] Safepoint "Cleanup", Time since last: 608934057458 ns, Reaching safepoint: 37917 ns, Cleanup: 36958 ns, At safepoint: 4292 ns, Total: 79167 ns
[2025-04-22T13:28:38.565+0000][17261][info ][safepoint   ] Safepoint "Cleanup", Time since last: 656753227250 ns, Reaching safepoint: 33208 ns, Cleanup: 30500 ns, At safepoint: 2917 ns, Total: 66625 ns
[2025-04-22T13:32:32.145+0000][17261][info ][safepoint   ] Safepoint "Cleanup", Time since last: 233580718625 ns, Reaching safepoint: 38458 ns, Cleanup: 34958 ns, At safepoint: 4417 ns, Total: 77833 ns
[2025-04-22T13:33:08.277+0000][17261][info ][safepoint   ] Safepoint "Cleanup", Time since last: 36131724208 ns, Reaching safepoint: 38709 ns, Cleanup: 34083 ns, At safepoint: 4375 ns, Total: 77167 ns
[2025-04-22T13:43:39.324+0000][17261][info ][safepoint   ] Safepoint "Cleanup", Time since last: 631046755750 ns, Reaching safepoint: 115833 ns, Cleanup: 317209 ns, At safepoint: 5708 ns, Total: 438750 ns
[2025-04-22T13:47:38.543+0000][17261][info ][safepoint   ] Safepoint "Cleanup", Time since last: 239184669167 ns, Reaching safepoint: 38333 ns, Cleanup: 64292 ns, At safepoint: 4375 ns, Total: 107000 ns
[2025-04-22T13:54:59.912+0000][17261][info ][safepoint   ] Safepoint "Cleanup", Time since last: 441365625333 ns, Reaching safepoint: 109000 ns, Cleanup: 29917 ns, At safepoint: 2291 ns, Total: 141208 ns
[2025-04-22T13:57:33.037+0000][17261][info ][safepoint   ] Safepoint "Cleanup", Time since last: 153123658292 ns, Reaching safepoint: 37917 ns, Cleanup: 32375 ns, At safepoint: 4583 ns, Total: 74875 ns
[2025-04-22T13:58:39.301+0000][17261][info ][safepoint   ] Safepoint "Cleanup", Time since last: 66262738958 ns, Reaching safepoint: 38375 ns, Cleanup: 36167 ns, At safepoint: 4458 ns, Total: 79000 ns
[2025-04-22T14:07:32.904+0000][17261][info ][safepoint   ] Safepoint "Cleanup", Time since last: 533599213000 ns, Reaching safepoint: 36084 ns, Cleanup: 23500 ns, At safepoint: 4250 ns, Total: 63834 ns
[2025-04-22T14:27:33.084+0000][17261][info ][safepoint   ] Safepoint "Cleanup", Time since last: 1200169007833 ns, Reaching safepoint: 38958 ns, Cleanup: 43792 ns, At safepoint: 4958 ns, Total: 87708 ns
[2025-04-22T14:41:09.777+0000][17261][info ][safepoint   ] Safepoint "Cleanup", Time since last: 816685944250 ns, Reaching safepoint: 39209 ns, Cleanup: 53166 ns, At safepoint: 4625 ns, Total: 97000 ns
[2025-04-22T14:42:32.972+0000][17261][info ][safepoint   ] Safepoint "Cleanup", Time since last: 83194616250 ns, Reaching safepoint: 38042 ns, Cleanup: 31792 ns, At safepoint: 4500 ns, Total: 74334 ns
[2025-04-22T14:47:32.907+0000][17261][info ][safepoint   ] Safepoint "Cleanup", Time since last: 300000333333 ns, Reaching safepoint: 37792 ns, Cleanup: 69375 ns, At safepoint: 5583 ns, Total: 112750 ns
[2025-04-22T14:51:09.688+0000][17261][info ][safepoint   ] Safepoint "Cleanup", Time since last: 216781604125 ns, Reaching safepoint: 44458 ns, Cleanup: 32084 ns, At safepoint: 3875 ns, Total: 80417 ns
[2025-04-22T14:57:32.679+0000][17261][info ][safepoint   ] Safepoint "Cleanup", Time since last: 382993597000 ns, Reaching safepoint: 29916 ns, Cleanup: 12500 ns, At safepoint: 7542 ns, Total: 49958 ns
[2025-04-22T14:58:02.798+0000][17261][info ][safepoint   ] Safepoint "Cleanup", Time since last: 30119900042 ns, Reaching safepoint: 37916 ns, Cleanup: 35625 ns, At safepoint: 4334 ns, Total: 77875 ns
[2025-04-22T15:05:39.083+0000][17261][info ][safepoint   ] Safepoint "Cleanup", Time since last: 456288313583 ns, Reaching safepoint: 39750 ns, Cleanup: 57250 ns, At safepoint: 3208 ns, Total: 100208 ns
[2025-04-22T19:36:45.582+0000][17261][info ][safepoint   ] Safepoint "Cleanup", Time since last: 153484416209 ns, Reaching safepoint: 16041 ns, Cleanup: 11709 ns, At safepoint: 1458 ns, Total: 29208 ns
[2025-04-22T22:06:35.595+0000][17261][info ][safepoint   ] Safepoint "Cleanup", Time since last: 49742947292 ns, Reaching safepoint: 12666 ns, Cleanup: 17959 ns, At safepoint: 6291 ns, Total: 36916 ns
[2025-04-22T22:06:36.606+0000][17261][info ][safepoint   ] Safepoint "Cleanup", Time since last: 1010353375 ns, Reaching safepoint: 35334 ns, Cleanup: 47666 ns, At safepoint: 3625 ns, Total: 86625 ns
[2025-04-23T01:08:37.610+0000][17261][info ][safepoint   ] Safepoint "Cleanup", Time since last: 67550284209 ns, Reaching safepoint: 38208 ns, Cleanup: 30458 ns, At safepoint: 3000 ns, Total: 71666 ns
[2025-04-23T03:09:44.569+0000][17261][info ][safepoint   ] Safepoint "Cleanup", Time since last: 50034371334 ns, Reaching safepoint: 36250 ns, Cleanup: 29500 ns, At safepoint: 4083 ns, Total: 69833 ns
[2025-04-23T06:12:35.324+0000][17261][info ][safepoint   ] Safepoint "Cleanup", Time since last: 67225168083 ns, Reaching safepoint: 26709 ns, Cleanup: 22000 ns, At safepoint: 3083 ns, Total: 51792 ns
[2025-04-23T06:51:06.811+0000][17261][info ][safepoint   ] Safepoint "Cleanup", Time since last: 30940828000 ns, Reaching safepoint: 39542 ns, Cleanup: 30208 ns, At safepoint: 3958 ns, Total: 73708 ns
[2025-04-23T06:53:05.324+0000][17261][info ][safepoint   ] Safepoint "Cleanup", Time since last: 120301887542 ns, Reaching safepoint: 25708 ns, Cleanup: 19125 ns, At safepoint: 2750 ns, Total: 47583 ns
[2025-04-23T07:09:05.609+0000][17261][info ][safepoint   ] Safepoint "Cleanup", Time since last: 960333859459 ns, Reaching safepoint: 105583 ns, Cleanup: 52417 ns, At safepoint: 4666 ns, Total: 162666 ns
[2025-04-23T07:15:57.752+0000][17261][info ][safepoint   ] Safepoint "Cleanup", Time since last: 412164019500 ns, Reaching safepoint: 130792 ns, Cleanup: 37250 ns, At safepoint: 4542 ns, Total: 172584 ns
[2025-04-23T07:29:05.960+0000][17261][info ][safepoint   ] Safepoint "Cleanup", Time since last: 788249147791 ns, Reaching safepoint: 74959 ns, Cleanup: 50541 ns, At safepoint: 5917 ns, Total: 131417 ns
[2025-04-23T07:33:13.428+0000][17261][info ][safepoint   ] Safepoint "Cleanup", Time since last: 247480843417 ns, Reaching safepoint: 64791 ns, Cleanup: 40834 ns, At safepoint: 4708 ns, Total: 110333 ns
[2025-04-23T07:58:00.151+0000][17261][info ][safepoint   ] Safepoint "Cleanup", Time since last: 1459636013458 ns, Reaching safepoint: 64750 ns, Cleanup: 23667 ns, At safepoint: 2750 ns, Total: 91167 ns
[2025-04-23T08:01:11.500+0000][17261][info ][safepoint   ] Safepoint "Cleanup", Time since last: 191358582542 ns, Reaching safepoint: 45458 ns, Cleanup: 14667 ns, At safepoint: 1125 ns, Total: 61250 ns
[2025-04-23T08:01:33.602+0000][17261][info ][safepoint   ] Safepoint "Cleanup", Time since last: 22103166875 ns, Reaching safepoint: 8166 ns, Cleanup: 9209 ns, At safepoint: 1000 ns, Total: 18375 ns
[2025-04-23T08:11:05.293+0000][17261][info ][safepoint   ] Safepoint "Cleanup", Time since last: 569391651458 ns, Reaching safepoint: 68667 ns, Cleanup: 53041 ns, At safepoint: 5334 ns, Total: 127042 ns
