[2025-04-17T12:53:11.867+0000][85883][info][gc] Using G1
[2025-04-17T12:53:12.695+0000][85883][info][gc,init] Version: 17.0.15+0 (release)
[2025-04-17T12:53:12.695+0000][85883][info][gc,init] CPUs: 8 total, 8 available
[2025-04-17T12:53:12.695+0000][85883][info][gc,init] Memory: 16384M
[2025-04-17T12:53:12.695+0000][85883][info][gc,init] Large Page Support: Disabled
[2025-04-17T12:53:12.695+0000][85883][info][gc,init] NUMA Support: Disabled
[2025-04-17T12:53:12.695+0000][85883][info][gc,init] Compressed Oops: Enabled (Zero based)
[2025-04-17T12:53:12.695+0000][85883][info][gc,init] Heap Region Size: 4M
[2025-04-17T12:53:12.695+0000][85883][info][gc,init] Heap Min Capacity: 8G
[2025-04-17T12:53:12.695+0000][85883][info][gc,init] Heap Initial Capacity: 8G
[2025-04-17T12:53:12.695+0000][85883][info][gc,init] Heap Max Capacity: 8G
[2025-04-17T12:53:12.695+0000][85883][info][gc,init] Pre-touch: Enabled
[2025-04-17T12:53:12.695+0000][85883][info][gc,init] Parallel Workers: 8
[2025-04-17T12:53:12.695+0000][85883][info][gc,init] Concurrent Workers: 2
[2025-04-17T12:53:12.695+0000][85883][info][gc,init] Concurrent Refinement Workers: 8
[2025-04-17T12:53:12.695+0000][85883][info][gc,init] Periodic GC: Disabled
[2025-04-17T12:53:12.697+0000][85883][info][gc,metaspace] CDS archive(s) mapped at: [0x000000d800000000-0x000000d800bc0000-0x000000d800bc0000), size 12320768, SharedBaseAddress: 0x000000d800000000, ArchiveRelocationMode: 1.
[2025-04-17T12:53:12.697+0000][85883][info][gc,metaspace] Compressed class space mapped at: 0x000000d801000000-0x000000d841000000, reserved size: 1073741824
[2025-04-17T12:53:12.697+0000][85883][info][gc,metaspace] Narrow klass base: 0x000000d800000000, Narrow klass shift: 0, Narrow klass range: 0x100000000
[2025-04-17T12:53:12.737+0000][85883][info][safepoint   ] Safepoint "ICBufferFull", Time since last: 38401583 ns, Reaching safepoint: 1250 ns, Cleanup: 41959 ns, At safepoint: 958 ns, Total: 44167 ns
[2025-04-17T12:53:12.825+0000][85883][info][safepoint   ] Safepoint "ICBufferFull", Time since last: 87988625 ns, Reaching safepoint: 1250 ns, Cleanup: 46917 ns, At safepoint: 1291 ns, Total: 49458 ns
[2025-04-17T12:53:12.904+0000][85883][info][safepoint   ] Safepoint "ICBufferFull", Time since last: 78511667 ns, Reaching safepoint: 1500 ns, Cleanup: 50458 ns, At safepoint: 459 ns, Total: 52417 ns
[2025-04-17T12:53:13.197+0000][85883][info][safepoint   ] Safepoint "ICBufferFull", Time since last: 293319208 ns, Reaching safepoint: 1333 ns, Cleanup: 54459 ns, At safepoint: 250 ns, Total: 56042 ns
[2025-04-17T12:53:13.258+0000][85883][info][safepoint   ] Safepoint "ICBufferFull", Time since last: 60929125 ns, Reaching safepoint: 1875 ns, Cleanup: 58208 ns, At safepoint: 708 ns, Total: 60791 ns
[2025-04-17T12:53:13.710+0000][85883][info][safepoint   ] Safepoint "ICBufferFull", Time since last: 452014000 ns, Reaching safepoint: 18667 ns, Cleanup: 73667 ns, At safepoint: 1583 ns, Total: 93917 ns
[2025-04-17T12:53:13.754+0000][85883][info][safepoint   ] Safepoint "ICBufferFull", Time since last: 43718417 ns, Reaching safepoint: 2708 ns, Cleanup: 52167 ns, At safepoint: 1833 ns, Total: 56708 ns
[2025-04-17T12:53:13.947+0000][85883][info][safepoint   ] Safepoint "ICBufferFull", Time since last: 192793583 ns, Reaching safepoint: 1917 ns, Cleanup: 68417 ns, At safepoint: 2250 ns, Total: 72584 ns
[2025-04-17T12:53:14.084+0000][85883][info][safepoint   ] Safepoint "ICBufferFull", Time since last: 136677541 ns, Reaching safepoint: 38459 ns, Cleanup: 84791 ns, At safepoint: 2667 ns, Total: 125917 ns
[2025-04-17T12:53:14.201+0000][85883][info][safepoint   ] Safepoint "ICBufferFull", Time since last: 117420792 ns, Reaching safepoint: 1250 ns, Cleanup: 64000 ns, At safepoint: 1166 ns, Total: 66416 ns
[2025-04-17T12:53:14.318+0000][85883][info][safepoint   ] Safepoint "ICBufferFull", Time since last: 116502542 ns, Reaching safepoint: 1708 ns, Cleanup: 44042 ns, At safepoint: 1833 ns, Total: 47583 ns
[2025-04-17T12:53:14.537+0000][85883][info][safepoint   ] Safepoint "ICBufferFull", Time since last: 219306875 ns, Reaching safepoint: 1125 ns, Cleanup: 72417 ns, At safepoint: 1708 ns, Total: 75250 ns
[2025-04-17T12:53:14.583+0000][85883][info][gc,start    ] GC(0) Pause Young (Concurrent Start) (Metadata GC Threshold)
[2025-04-17T12:53:14.583+0000][85883][info][gc,task     ] GC(0) Using 8 workers of 8 for evacuation
[2025-04-17T12:53:14.583+0000][85883][debug][gc,age      ] GC(0) Desired survivor size 27262976 bytes, new threshold 15 (max threshold 15)
[2025-04-17T12:53:14.586+0000][85883][info ][gc,phases   ] GC(0)   Pre Evacuate Collection Set: 0.1ms
[2025-04-17T12:53:14.586+0000][85883][info ][gc,phases   ] GC(0)   Merge Heap Roots: 0.0ms
[2025-04-17T12:53:14.586+0000][85883][info ][gc,phases   ] GC(0)   Evacuate Collection Set: 3.3ms
[2025-04-17T12:53:14.587+0000][85883][info ][gc,phases   ] GC(0)   Post Evacuate Collection Set: 0.4ms
[2025-04-17T12:53:14.587+0000][85883][info ][gc,phases   ] GC(0)   Other: 0.1ms
[2025-04-17T12:53:14.587+0000][85883][trace][gc,age      ] GC(0) Age table with threshold 15 (max threshold 15)
[2025-04-17T12:53:14.587+0000][85883][trace][gc,age      ] GC(0) - age   1:   12528648 bytes,   12528648 total
[2025-04-17T12:53:14.587+0000][85883][info ][gc,heap     ] GC(0) Eden regions: 73->0(98)
[2025-04-17T12:53:14.587+0000][85883][info ][gc,heap     ] GC(0) Survivor regions: 0->4(13)
[2025-04-17T12:53:14.587+0000][85883][info ][gc,heap     ] GC(0) Old regions: 0->0
[2025-04-17T12:53:14.587+0000][85883][info ][gc,heap     ] GC(0) Archive regions: 2->2
[2025-04-17T12:53:14.587+0000][85883][info ][gc,heap     ] GC(0) Humongous regions: 0->0
[2025-04-17T12:53:14.587+0000][85883][info ][gc,metaspace] GC(0) Metaspace: 21036K(21504K)->21036K(21504K) NonClass: 18563K(18816K)->18563K(18816K) Class: 2472K(2688K)->2472K(2688K)
[2025-04-17T12:53:14.587+0000][85883][info ][gc          ] GC(0) Pause Young (Concurrent Start) (Metadata GC Threshold) 293M->16M(8192M) 4.056ms
[2025-04-17T12:53:14.587+0000][85883][info ][gc,cpu      ] GC(0) User=0.02s Sys=0.01s Real=0.00s
[2025-04-17T12:53:14.587+0000][85883][info ][gc          ] GC(1) Concurrent Mark Cycle
[2025-04-17T12:53:14.587+0000][85883][info ][gc,marking  ] GC(1) Concurrent Clear Claimed Marks
[2025-04-17T12:53:14.587+0000][85883][info ][safepoint   ] Safepoint "CollectForMetadataAllocation", Time since last: 45236959 ns, Reaching safepoint: 1333 ns, Cleanup: 40958 ns, At safepoint: 4109792 ns, Total: 4152083 ns
[2025-04-17T12:53:14.587+0000][85883][info ][gc,marking  ] GC(1) Concurrent Clear Claimed Marks 0.013ms
[2025-04-17T12:53:14.587+0000][85883][info ][gc,marking  ] GC(1) Concurrent Scan Root Regions
[2025-04-17T12:53:14.589+0000][85883][info ][gc,marking  ] GC(1) Concurrent Scan Root Regions 2.204ms
[2025-04-17T12:53:14.589+0000][85883][info ][gc,marking  ] GC(1) Concurrent Mark
[2025-04-17T12:53:14.589+0000][85883][info ][gc,marking  ] GC(1) Concurrent Mark From Roots
[2025-04-17T12:53:14.589+0000][85883][info ][gc,task     ] GC(1) Using 2 workers of 2 for marking
[2025-04-17T12:53:14.589+0000][85883][info ][gc,marking  ] GC(1) Concurrent Mark From Roots 0.512ms
[2025-04-17T12:53:14.589+0000][85883][info ][gc,marking  ] GC(1) Concurrent Preclean
[2025-04-17T12:53:14.589+0000][85883][info ][gc,marking  ] GC(1) Concurrent Preclean 0.016ms
[2025-04-17T12:53:14.590+0000][85883][info ][gc,start    ] GC(1) Pause Remark
[2025-04-17T12:53:14.591+0000][85883][info ][gc          ] GC(1) Pause Remark 19M->19M(8192M) 1.065ms
[2025-04-17T12:53:14.591+0000][85883][info ][gc,cpu      ] GC(1) User=0.01s Sys=0.00s Real=0.00s
[2025-04-17T12:53:14.591+0000][85883][info ][safepoint   ] Safepoint "G1PauseRemark", Time since last: 2803250 ns, Reaching safepoint: 89750 ns, Cleanup: 6833 ns, At safepoint: 1086959 ns, Total: 1183542 ns
[2025-04-17T12:53:14.591+0000][85883][info ][gc,marking  ] GC(1) Concurrent Mark 1.758ms
[2025-04-17T12:53:14.591+0000][85883][info ][gc,marking  ] GC(1) Concurrent Rebuild Remembered Sets
[2025-04-17T12:53:14.591+0000][85883][info ][gc,marking  ] GC(1) Concurrent Rebuild Remembered Sets 0.006ms
[2025-04-17T12:53:14.591+0000][85883][info ][gc,start    ] GC(1) Pause Cleanup
[2025-04-17T12:53:14.591+0000][85883][info ][gc          ] GC(1) Pause Cleanup 19M->19M(8192M) 0.015ms
[2025-04-17T12:53:14.591+0000][85883][info ][gc,cpu      ] GC(1) User=0.00s Sys=0.00s Real=0.00s
[2025-04-17T12:53:14.591+0000][85883][info ][safepoint   ] Safepoint "G1PauseCleanup", Time since last: 32750 ns, Reaching safepoint: 15083 ns, Cleanup: 583 ns, At safepoint: 27750 ns, Total: 43416 ns
[2025-04-17T12:53:14.591+0000][85883][info ][gc,marking  ] GC(1) Concurrent Cleanup for Next Mark
[2025-04-17T12:53:14.596+0000][85883][info ][gc,marking  ] GC(1) Concurrent Cleanup for Next Mark 5.681ms
[2025-04-17T12:53:14.596+0000][85883][info ][gc          ] GC(1) Concurrent Mark Cycle 9.799ms
[2025-04-17T12:53:14.736+0000][85883][info ][safepoint   ] Safepoint "ICBufferFull", Time since last: 145472167 ns, Reaching safepoint: 1583 ns, Cleanup: 59334 ns, At safepoint: 500 ns, Total: 61417 ns
[2025-04-17T12:53:14.853+0000][85883][info ][safepoint   ] Safepoint "ICBufferFull", Time since last: 116380041 ns, Reaching safepoint: 1542 ns, Cleanup: 77500 ns, At safepoint: 1583 ns, Total: 80625 ns
[2025-04-17T12:53:14.993+0000][85883][info ][safepoint   ] Safepoint "ICBufferFull", Time since last: 140069000 ns, Reaching safepoint: 1584 ns, Cleanup: 48583 ns, At safepoint: 500 ns, Total: 50667 ns
[2025-04-17T12:53:15.165+0000][85883][info ][safepoint   ] Safepoint "ICBufferFull", Time since last: 171679083 ns, Reaching safepoint: 19917 ns, Cleanup: 112083 ns, At safepoint: 1834 ns, Total: 133834 ns
[2025-04-17T12:53:15.265+0000][85883][info ][safepoint   ] Safepoint "ICBufferFull", Time since last: 99851083 ns, Reaching safepoint: 19625 ns, Cleanup: 86750 ns, At safepoint: 2083 ns, Total: 108458 ns
[2025-04-17T12:53:15.378+0000][85883][info ][safepoint   ] Safepoint "ICBufferFull", Time since last: 113247875 ns, Reaching safepoint: 1042 ns, Cleanup: 46708 ns, At safepoint: 1209 ns, Total: 48959 ns
[2025-04-17T12:53:15.391+0000][85883][info ][gc,start    ] GC(2) Pause Young (Normal) (G1 Evacuation Pause)
[2025-04-17T12:53:15.391+0000][85883][info ][gc,task     ] GC(2) Using 8 workers of 8 for evacuation
[2025-04-17T12:53:15.391+0000][85883][debug][gc,age      ] GC(2) Desired survivor size 27262976 bytes, new threshold 15 (max threshold 15)
[2025-04-17T12:53:15.396+0000][85883][info ][gc,phases   ] GC(2)   Pre Evacuate Collection Set: 0.1ms
[2025-04-17T12:53:15.396+0000][85883][info ][gc,phases   ] GC(2)   Merge Heap Roots: 0.0ms
[2025-04-17T12:53:15.396+0000][85883][info ][gc,phases   ] GC(2)   Evacuate Collection Set: 5.2ms
[2025-04-17T12:53:15.396+0000][85883][info ][gc,phases   ] GC(2)   Post Evacuate Collection Set: 0.3ms
[2025-04-17T12:53:15.396+0000][85883][info ][gc,phases   ] GC(2)   Other: 0.1ms
[2025-04-17T12:53:15.396+0000][85883][trace][gc,age      ] GC(2) Age table with threshold 15 (max threshold 15)
[2025-04-17T12:53:15.396+0000][85883][trace][gc,age      ] GC(2) - age   1:    9280560 bytes,    9280560 total
[2025-04-17T12:53:15.396+0000][85883][trace][gc,age      ] GC(2) - age   2:   11650904 bytes,   20931464 total
[2025-04-17T12:53:15.396+0000][85883][info ][gc,heap     ] GC(2) Eden regions: 98->0(96)
[2025-04-17T12:53:15.396+0000][85883][info ][gc,heap     ] GC(2) Survivor regions: 4->6(13)
[2025-04-17T12:53:15.396+0000][85883][info ][gc,heap     ] GC(2) Old regions: 0->0
[2025-04-17T12:53:15.396+0000][85883][info ][gc,heap     ] GC(2) Archive regions: 2->2
[2025-04-17T12:53:15.396+0000][85883][info ][gc,heap     ] GC(2) Humongous regions: 0->0
[2025-04-17T12:53:15.396+0000][85883][info ][gc,metaspace] GC(2) Metaspace: 25979K(26688K)->25979K(26688K) NonClass: 22816K(23232K)->22816K(23232K) Class: 3163K(3456K)->3163K(3456K)
[2025-04-17T12:53:15.396+0000][85883][info ][gc          ] GC(2) Pause Young (Normal) (G1 Evacuation Pause) 408M->24M(8192M) 5.949ms
[2025-04-17T12:53:15.396+0000][85883][info ][gc,cpu      ] GC(2) User=0.02s Sys=0.00s Real=0.00s
[2025-04-17T12:53:15.396+0000][85883][info ][safepoint   ] Safepoint "G1CollectForAllocation", Time since last: 12639833 ns, Reaching safepoint: 750 ns, Cleanup: 10417 ns, At safepoint: 5976208 ns, Total: 5987375 ns
[2025-04-17T12:53:15.705+0000][85883][info ][safepoint   ] Safepoint "ICBufferFull", Time since last: 308394542 ns, Reaching safepoint: 1500 ns, Cleanup: 54416 ns, At safepoint: 1334 ns, Total: 57250 ns
[2025-04-17T12:53:16.092+0000][85883][info ][gc,start    ] GC(3) Pause Young (Normal) (G1 Evacuation Pause)
[2025-04-17T12:53:16.092+0000][85883][info ][gc,task     ] GC(3) Using 8 workers of 8 for evacuation
[2025-04-17T12:53:16.092+0000][85883][debug][gc,age      ] GC(3) Desired survivor size 27262976 bytes, new threshold 15 (max threshold 15)
[2025-04-17T12:53:16.098+0000][85883][info ][gc,phases   ] GC(3)   Pre Evacuate Collection Set: 0.2ms
[2025-04-17T12:53:16.098+0000][85883][info ][gc,phases   ] GC(3)   Merge Heap Roots: 0.0ms
[2025-04-17T12:53:16.098+0000][85883][info ][gc,phases   ] GC(3)   Evacuate Collection Set: 5.0ms
[2025-04-17T12:53:16.098+0000][85883][info ][gc,phases   ] GC(3)   Post Evacuate Collection Set: 0.4ms
[2025-04-17T12:53:16.098+0000][85883][info ][gc,phases   ] GC(3)   Other: 0.1ms
[2025-04-17T12:53:16.098+0000][85883][trace][gc,age      ] GC(3) Age table with threshold 15 (max threshold 15)
[2025-04-17T12:53:16.098+0000][85883][trace][gc,age      ] GC(3) - age   1:    7678624 bytes,    7678624 total
[2025-04-17T12:53:16.098+0000][85883][trace][gc,age      ] GC(3) - age   2:    9013552 bytes,   16692176 total
[2025-04-17T12:53:16.098+0000][85883][trace][gc,age      ] GC(3) - age   3:   11649304 bytes,   28341480 total
[2025-04-17T12:53:16.098+0000][85883][info ][gc,heap     ] GC(3) Eden regions: 96->0(95)
[2025-04-17T12:53:16.098+0000][85883][info ][gc,heap     ] GC(3) Survivor regions: 6->7(13)
[2025-04-17T12:53:16.098+0000][85883][info ][gc,heap     ] GC(3) Old regions: 0->0
[2025-04-17T12:53:16.098+0000][85883][info ][gc,heap     ] GC(3) Archive regions: 2->2
[2025-04-17T12:53:16.098+0000][85883][info ][gc,heap     ] GC(3) Humongous regions: 0->0
[2025-04-17T12:53:16.098+0000][85883][info ][gc,metaspace] GC(3) Metaspace: 31601K(32384K)->31601K(32384K) NonClass: 27795K(28224K)->27795K(28224K) Class: 3805K(4160K)->3805K(4160K)
[2025-04-17T12:53:16.098+0000][85883][info ][gc          ] GC(3) Pause Young (Normal) (G1 Evacuation Pause) 408M->31M(8192M) 5.925ms
[2025-04-17T12:53:16.098+0000][85883][info ][gc,cpu      ] GC(3) User=0.03s Sys=0.00s Real=0.00s
[2025-04-17T12:53:16.098+0000][85883][info ][safepoint   ] Safepoint "G1CollectForAllocation", Time since last: 386688583 ns, Reaching safepoint: 1625 ns, Cleanup: 109583 ns, At safepoint: 5957584 ns, Total: 6068792 ns
[2025-04-17T12:53:16.517+0000][85883][info ][safepoint   ] Safepoint "ICBufferFull", Time since last: 419355208 ns, Reaching safepoint: 17500 ns, Cleanup: 80583 ns, At safepoint: 1500 ns, Total: 99583 ns
[2025-04-17T12:53:16.784+0000][85883][info ][gc,start    ] GC(4) Pause Young (Normal) (G1 Evacuation Pause)
[2025-04-17T12:53:16.784+0000][85883][info ][gc,task     ] GC(4) Using 8 workers of 8 for evacuation
[2025-04-17T12:53:16.785+0000][85883][debug][gc,age      ] GC(4) Desired survivor size 27262976 bytes, new threshold 3 (max threshold 15)
[2025-04-17T12:53:16.791+0000][85883][info ][gc,phases   ] GC(4)   Pre Evacuate Collection Set: 0.1ms
[2025-04-17T12:53:16.791+0000][85883][info ][gc,phases   ] GC(4)   Merge Heap Roots: 0.0ms
[2025-04-17T12:53:16.791+0000][85883][info ][gc,phases   ] GC(4)   Evacuate Collection Set: 6.0ms
[2025-04-17T12:53:16.791+0000][85883][info ][gc,phases   ] GC(4)   Post Evacuate Collection Set: 0.4ms
[2025-04-17T12:53:16.791+0000][85883][info ][gc,phases   ] GC(4)   Other: 0.1ms
[2025-04-17T12:53:16.791+0000][85883][trace][gc,age      ] GC(4) Age table with threshold 3 (max threshold 15)
[2025-04-17T12:53:16.791+0000][85883][trace][gc,age      ] GC(4) - age   1:    4906312 bytes,    4906312 total
[2025-04-17T12:53:16.791+0000][85883][trace][gc,age      ] GC(4) - age   2:    5687640 bytes,   10593952 total
[2025-04-17T12:53:16.791+0000][85883][trace][gc,age      ] GC(4) - age   3:    9006272 bytes,   19600224 total
[2025-04-17T12:53:16.791+0000][85883][info ][gc,heap     ] GC(4) Eden regions: 95->0(148)
[2025-04-17T12:53:16.791+0000][85883][info ][gc,heap     ] GC(4) Survivor regions: 7->6(13)
[2025-04-17T12:53:16.791+0000][85883][info ][gc,heap     ] GC(4) Old regions: 0->3
[2025-04-17T12:53:16.791+0000][85883][info ][gc,heap     ] GC(4) Archive regions: 2->2
[2025-04-17T12:53:16.791+0000][85883][info ][gc,heap     ] GC(4) Humongous regions: 0->0
[2025-04-17T12:53:16.791+0000][85883][info ][gc,metaspace] GC(4) Metaspace: 33951K(34880K)->33951K(34880K) NonClass: 29820K(30400K)->29820K(30400K) Class: 4130K(4480K)->4130K(4480K)
[2025-04-17T12:53:16.791+0000][85883][info ][gc          ] GC(4) Pause Young (Normal) (G1 Evacuation Pause) 411M->35M(8192M) 6.764ms
[2025-04-17T12:53:16.791+0000][85883][info ][gc,cpu      ] GC(4) User=0.04s Sys=0.01s Real=0.01s
[2025-04-17T12:53:16.791+0000][85883][info ][safepoint   ] Safepoint "G1CollectForAllocation", Time since last: 267244417 ns, Reaching safepoint: 1208 ns, Cleanup: 48250 ns, At safepoint: 6794584 ns, Total: 6844042 ns
[2025-04-17T12:53:17.217+0000][85883][info ][gc,start    ] GC(5) Pause Young (Concurrent Start) (Metadata GC Threshold)
[2025-04-17T12:53:17.217+0000][85883][info ][gc,task     ] GC(5) Using 8 workers of 8 for evacuation
[2025-04-17T12:53:17.217+0000][85883][debug][gc,age      ] GC(5) Desired survivor size 41943040 bytes, new threshold 15 (max threshold 15)
[2025-04-17T12:53:17.220+0000][85883][info ][gc,phases   ] GC(5)   Pre Evacuate Collection Set: 0.2ms
[2025-04-17T12:53:17.220+0000][85883][info ][gc,phases   ] GC(5)   Merge Heap Roots: 0.0ms
[2025-04-17T12:53:17.220+0000][85883][info ][gc,phases   ] GC(5)   Evacuate Collection Set: 2.3ms
[2025-04-17T12:53:17.220+0000][85883][info ][gc,phases   ] GC(5)   Post Evacuate Collection Set: 0.2ms
[2025-04-17T12:53:17.220+0000][85883][info ][gc,phases   ] GC(5)   Other: 0.1ms
[2025-04-17T12:53:17.220+0000][85883][trace][gc,age      ] GC(5) Age table with threshold 15 (max threshold 15)
[2025-04-17T12:53:17.220+0000][85883][trace][gc,age      ] GC(5) - age   1:    3236808 bytes,    3236808 total
[2025-04-17T12:53:17.220+0000][85883][trace][gc,age      ] GC(5) - age   2:    4505320 bytes,    7742128 total
[2025-04-17T12:53:17.220+0000][85883][trace][gc,age      ] GC(5) - age   3:    5685032 bytes,   13427160 total
[2025-04-17T12:53:17.220+0000][85883][trace][gc,age      ] GC(5) - age   4:    9001728 bytes,   22428888 total
[2025-04-17T12:53:17.220+0000][85883][info ][gc,heap     ] GC(5) Eden regions: 49->0(245)
[2025-04-17T12:53:17.220+0000][85883][info ][gc,heap     ] GC(5) Survivor regions: 6->6(20)
[2025-04-17T12:53:17.220+0000][85883][info ][gc,heap     ] GC(5) Old regions: 3->3
[2025-04-17T12:53:17.220+0000][85883][info ][gc,heap     ] GC(5) Archive regions: 2->2
[2025-04-17T12:53:17.220+0000][85883][info ][gc,heap     ] GC(5) Humongous regions: 0->0
[2025-04-17T12:53:17.220+0000][85883][info ][gc,metaspace] GC(5) Metaspace: 35337K(36160K)->35337K(36160K) NonClass: 31048K(31552K)->31048K(31552K) Class: 4289K(4608K)->4289K(4608K)
[2025-04-17T12:53:17.220+0000][85883][info ][gc          ] GC(5) Pause Young (Concurrent Start) (Metadata GC Threshold) 229M->38M(8192M) 3.049ms
[2025-04-17T12:53:17.220+0000][85883][info ][gc,cpu      ] GC(5) User=0.02s Sys=0.00s Real=0.01s
[2025-04-17T12:53:17.220+0000][85883][info ][gc          ] GC(6) Concurrent Mark Cycle
[2025-04-17T12:53:17.220+0000][85883][info ][gc,marking  ] GC(6) Concurrent Clear Claimed Marks
[2025-04-17T12:53:17.220+0000][85883][info ][safepoint   ] Safepoint "CollectForMetadataAllocation", Time since last: 425793791 ns, Reaching safepoint: 1875 ns, Cleanup: 53417 ns, At safepoint: 3099625 ns, Total: 3154917 ns
[2025-04-17T12:53:17.220+0000][85883][info ][gc,marking  ] GC(6) Concurrent Clear Claimed Marks 0.020ms
[2025-04-17T12:53:17.220+0000][85883][info ][gc,marking  ] GC(6) Concurrent Scan Root Regions
[2025-04-17T12:53:17.223+0000][85883][info ][gc,marking  ] GC(6) Concurrent Scan Root Regions 2.333ms
[2025-04-17T12:53:17.223+0000][85883][info ][gc,marking  ] GC(6) Concurrent Mark
[2025-04-17T12:53:17.223+0000][85883][info ][gc,marking  ] GC(6) Concurrent Mark From Roots
[2025-04-17T12:53:17.223+0000][85883][info ][gc,task     ] GC(6) Using 2 workers of 2 for marking
[2025-04-17T12:53:17.227+0000][85883][info ][gc,marking  ] GC(6) Concurrent Mark From Roots 3.954ms
[2025-04-17T12:53:17.227+0000][85883][info ][gc,marking  ] GC(6) Concurrent Preclean
[2025-04-17T12:53:17.227+0000][85883][info ][gc,marking  ] GC(6) Concurrent Preclean 0.053ms
[2025-04-17T12:53:17.227+0000][85883][info ][gc,start    ] GC(6) Pause Remark
[2025-04-17T12:53:17.228+0000][85883][info ][gc          ] GC(6) Pause Remark 40M->40M(8192M) 1.214ms
[2025-04-17T12:53:17.228+0000][85883][info ][gc,cpu      ] GC(6) User=0.00s Sys=0.01s Real=0.00s
[2025-04-17T12:53:17.228+0000][85883][info ][safepoint   ] Safepoint "G1PauseRemark", Time since last: 6471417 ns, Reaching safepoint: 139458 ns, Cleanup: 5708 ns, At safepoint: 1248000 ns, Total: 1393166 ns
[2025-04-17T12:53:17.228+0000][85883][info ][gc,marking  ] GC(6) Concurrent Mark 5.510ms
[2025-04-17T12:53:17.228+0000][85883][info ][gc,marking  ] GC(6) Concurrent Rebuild Remembered Sets
[2025-04-17T12:53:17.231+0000][85883][info ][gc,marking  ] GC(6) Concurrent Rebuild Remembered Sets 2.992ms
[2025-04-17T12:53:17.231+0000][85883][info ][gc,start    ] GC(6) Pause Cleanup
[2025-04-17T12:53:17.231+0000][85883][info ][gc          ] GC(6) Pause Cleanup 40M->40M(8192M) 0.141ms
[2025-04-17T12:53:17.231+0000][85883][info ][gc,cpu      ] GC(6) User=0.00s Sys=0.00s Real=0.00s
[2025-04-17T12:53:17.231+0000][85883][info ][safepoint   ] Safepoint "G1PauseCleanup", Time since last: 3127792 ns, Reaching safepoint: 1333 ns, Cleanup: 709 ns, At safepoint: 174958 ns, Total: 177000 ns
[2025-04-17T12:53:17.231+0000][85883][info ][gc,marking  ] GC(6) Concurrent Cleanup for Next Mark
[2025-04-17T12:53:17.239+0000][85883][info ][gc,marking  ] GC(6) Concurrent Cleanup for Next Mark 7.945ms
[2025-04-17T12:53:17.239+0000][85883][info ][gc          ] GC(6) Concurrent Mark Cycle 19.225ms
[2025-04-17T12:53:17.349+0000][85883][info ][safepoint   ] Safepoint "ICBufferFull", Time since last: 118030250 ns, Reaching safepoint: 1458 ns, Cleanup: 61000 ns, At safepoint: 1292 ns, Total: 63750 ns
[2025-04-17T12:53:17.457+0000][85883][info ][safepoint   ] Safepoint "ICBufferFull", Time since last: 107295542 ns, Reaching safepoint: 1375 ns, Cleanup: 63916 ns, At safepoint: 334 ns, Total: 65625 ns
[2025-04-17T12:53:17.486+0000][85883][info ][safepoint   ] Safepoint "ICBufferFull", Time since last: 29454708 ns, Reaching safepoint: 1625 ns, Cleanup: 138458 ns, At safepoint: 459 ns, Total: 140542 ns
[2025-04-17T12:53:17.550+0000][85883][info ][safepoint   ] Safepoint "ICBufferFull", Time since last: 63642125 ns, Reaching safepoint: 1541 ns, Cleanup: 75292 ns, At safepoint: 1458 ns, Total: 78291 ns
[2025-04-17T12:53:17.760+0000][85883][info ][safepoint   ] Safepoint "ICBufferFull", Time since last: 209723417 ns, Reaching safepoint: 21250 ns, Cleanup: 83333 ns, At safepoint: 1542 ns, Total: 106125 ns
[2025-04-17T12:53:18.293+0000][85883][info ][safepoint   ] Safepoint "ICBufferFull", Time since last: 532759875 ns, Reaching safepoint: 3875 ns, Cleanup: 94958 ns, At safepoint: 1584 ns, Total: 100417 ns
[2025-04-17T12:53:18.330+0000][85883][info ][gc,heap,exit] Heap
[2025-04-17T12:53:18.330+0000][85883][info ][gc,heap,exit]  garbage-first heap   total 8388608K, used 462985K [0x0000000600000000, 0x0000000800000000)
[2025-04-17T12:53:18.330+0000][85883][info ][gc,heap,exit]   region size 4096K, 110 young (450560K), 6 survivors (24576K)
[2025-04-17T12:53:18.330+0000][85883][info ][gc,heap,exit]  Metaspace       used 50882K, committed 52352K, reserved 1114112K
[2025-04-17T12:53:18.330+0000][85883][info ][gc,heap,exit]   class space    used 6512K, committed 7104K, reserved 1048576K
