[2025-04-17T12:39:32.480+0000][55653][info][gc] Using G1
[2025-04-17T12:39:33.285+0000][55653][info][gc,init] Version: 17.0.15+0 (release)
[2025-04-17T12:39:33.285+0000][55653][info][gc,init] CPUs: 8 total, 8 available
[2025-04-17T12:39:33.285+0000][55653][info][gc,init] Memory: 16384M
[2025-04-17T12:39:33.285+0000][55653][info][gc,init] Large Page Support: Disabled
[2025-04-17T12:39:33.285+0000][55653][info][gc,init] NUMA Support: Disabled
[2025-04-17T12:39:33.285+0000][55653][info][gc,init] Compressed Oops: Enabled (Zero based)
[2025-04-17T12:39:33.285+0000][55653][info][gc,init] Heap Region Size: 4M
[2025-04-17T12:39:33.285+0000][55653][info][gc,init] Heap Min Capacity: 8G
[2025-04-17T12:39:33.285+0000][55653][info][gc,init] Heap Initial Capacity: 8G
[2025-04-17T12:39:33.285+0000][55653][info][gc,init] Heap Max Capacity: 8G
[2025-04-17T12:39:33.285+0000][55653][info][gc,init] Pre-touch: Enabled
[2025-04-17T12:39:33.285+0000][55653][info][gc,init] Parallel Workers: 8
[2025-04-17T12:39:33.285+0000][55653][info][gc,init] Concurrent Workers: 2
[2025-04-17T12:39:33.286+0000][55653][info][gc,init] Concurrent Refinement Workers: 8
[2025-04-17T12:39:33.286+0000][55653][info][gc,init] Periodic GC: Disabled
[2025-04-17T12:39:33.288+0000][55653][info][gc,metaspace] CDS archive(s) mapped at: [0x000000d800000000-0x000000d800bc0000-0x000000d800bc0000), size 12320768, SharedBaseAddress: 0x000000d800000000, ArchiveRelocationMode: 1.
[2025-04-17T12:39:33.288+0000][55653][info][gc,metaspace] Compressed class space mapped at: 0x000000d801000000-0x000000d841000000, reserved size: 1073741824
[2025-04-17T12:39:33.288+0000][55653][info][gc,metaspace] Narrow klass base: 0x000000d800000000, Narrow klass shift: 0, Narrow klass range: 0x100000000
[2025-04-17T12:39:33.329+0000][55653][info][safepoint   ] Safepoint "ICBufferFull", Time since last: 38257958 ns, Reaching safepoint: 1375 ns, Cleanup: 37750 ns, At safepoint: 459 ns, Total: 39584 ns
[2025-04-17T12:39:33.403+0000][55653][info][safepoint   ] Safepoint "ICBufferFull", Time since last: 74565833 ns, Reaching safepoint: 2000 ns, Cleanup: 51917 ns, At safepoint: 375 ns, Total: 54292 ns
[2025-04-17T12:39:33.479+0000][55653][info][safepoint   ] Safepoint "ICBufferFull", Time since last: 75520708 ns, Reaching safepoint: 1375 ns, Cleanup: 52083 ns, At safepoint: 584 ns, Total: 54042 ns
[2025-04-17T12:39:33.893+0000][55653][info][safepoint   ] Safepoint "ICBufferFull", Time since last: 413676333 ns, Reaching safepoint: 2875 ns, Cleanup: 71625 ns, At safepoint: 2333 ns, Total: 76833 ns
[2025-04-17T12:39:33.957+0000][55653][info][safepoint   ] Safepoint "ICBufferFull", Time since last: 63917542 ns, Reaching safepoint: 1708 ns, Cleanup: 66542 ns, At safepoint: 833 ns, Total: 69083 ns
[2025-04-17T12:39:34.438+0000][55653][info][safepoint   ] Safepoint "ICBufferFull", Time since last: 480911459 ns, Reaching safepoint: 2125 ns, Cleanup: 62416 ns, At safepoint: 709 ns, Total: 65250 ns
[2025-04-17T12:39:34.481+0000][55653][info][safepoint   ] Safepoint "ICBufferFull", Time since last: 43354500 ns, Reaching safepoint: 1791 ns, Cleanup: 50542 ns, At safepoint: 1542 ns, Total: 53875 ns
[2025-04-17T12:39:34.661+0000][55653][info][safepoint   ] Safepoint "ICBufferFull", Time since last: 179862583 ns, Reaching safepoint: 1583 ns, Cleanup: 58417 ns, At safepoint: 1667 ns, Total: 61667 ns
[2025-04-17T12:39:34.846+0000][55653][info][safepoint   ] Safepoint "ICBufferFull", Time since last: 184923750 ns, Reaching safepoint: 1250 ns, Cleanup: 65416 ns, At safepoint: 375 ns, Total: 67041 ns
[2025-04-17T12:39:34.877+0000][55653][info][safepoint   ] Safepoint "ICBufferFull", Time since last: 30597542 ns, Reaching safepoint: 16917 ns, Cleanup: 101541 ns, At safepoint: 2500 ns, Total: 120958 ns
[2025-04-17T12:39:35.045+0000][55653][info][safepoint   ] Safepoint "ICBufferFull", Time since last: 168884500 ns, Reaching safepoint: 1959 ns, Cleanup: 52000 ns, At safepoint: 1958 ns, Total: 55917 ns
[2025-04-17T12:39:35.149+0000][55653][info][safepoint   ] Safepoint "ICBufferFull", Time since last: 103840875 ns, Reaching safepoint: 1625 ns, Cleanup: 75333 ns, At safepoint: 1250 ns, Total: 78208 ns
[2025-04-17T12:39:35.312+0000][55653][info][gc,start    ] GC(0) Pause Young (Concurrent Start) (Metadata GC Threshold)
[2025-04-17T12:39:35.312+0000][55653][info][gc,task     ] GC(0) Using 8 workers of 8 for evacuation
[2025-04-17T12:39:35.312+0000][55653][debug][gc,age      ] GC(0) Desired survivor size 27262976 bytes, new threshold 15 (max threshold 15)
[2025-04-17T12:39:35.316+0000][55653][info ][gc,phases   ] GC(0)   Pre Evacuate Collection Set: 0.2ms
[2025-04-17T12:39:35.316+0000][55653][info ][gc,phases   ] GC(0)   Merge Heap Roots: 0.0ms
[2025-04-17T12:39:35.316+0000][55653][info ][gc,phases   ] GC(0)   Evacuate Collection Set: 3.6ms
[2025-04-17T12:39:35.316+0000][55653][info ][gc,phases   ] GC(0)   Post Evacuate Collection Set: 0.4ms
[2025-04-17T12:39:35.316+0000][55653][info ][gc,phases   ] GC(0)   Other: 0.1ms
[2025-04-17T12:39:35.317+0000][55653][trace][gc,age      ] GC(0) Age table with threshold 15 (max threshold 15)
[2025-04-17T12:39:35.317+0000][55653][trace][gc,age      ] GC(0) - age   1:   12524376 bytes,   12524376 total
[2025-04-17T12:39:35.317+0000][55653][info ][gc,heap     ] GC(0) Eden regions: 72->0(98)
[2025-04-17T12:39:35.317+0000][55653][info ][gc,heap     ] GC(0) Survivor regions: 0->4(13)
[2025-04-17T12:39:35.317+0000][55653][info ][gc,heap     ] GC(0) Old regions: 0->0
[2025-04-17T12:39:35.317+0000][55653][info ][gc,heap     ] GC(0) Archive regions: 2->2
[2025-04-17T12:39:35.317+0000][55653][info ][gc,heap     ] GC(0) Humongous regions: 0->0
[2025-04-17T12:39:35.317+0000][55653][info ][gc,metaspace] GC(0) Metaspace: 21041K(21504K)->21041K(21504K) NonClass: 18568K(18816K)->18568K(18816K) Class: 2473K(2688K)->2473K(2688K)
[2025-04-17T12:39:35.317+0000][55653][info ][gc          ] GC(0) Pause Young (Concurrent Start) (Metadata GC Threshold) 291M->16M(8192M) 4.495ms
[2025-04-17T12:39:35.317+0000][55653][info ][gc,cpu      ] GC(0) User=0.02s Sys=0.00s Real=0.00s
[2025-04-17T12:39:35.317+0000][55653][info ][gc          ] GC(1) Concurrent Mark Cycle
[2025-04-17T12:39:35.317+0000][55653][info ][safepoint   ] Safepoint "CollectForMetadataAllocation", Time since last: 162573375 ns, Reaching safepoint: 1667 ns, Cleanup: 54292 ns, At safepoint: 4547416 ns, Total: 4603375 ns
[2025-04-17T12:39:35.317+0000][55653][info ][gc,marking  ] GC(1) Concurrent Clear Claimed Marks
[2025-04-17T12:39:35.317+0000][55653][info ][gc,marking  ] GC(1) Concurrent Clear Claimed Marks 0.027ms
[2025-04-17T12:39:35.317+0000][55653][info ][gc,marking  ] GC(1) Concurrent Scan Root Regions
[2025-04-17T12:39:35.319+0000][55653][info ][gc,marking  ] GC(1) Concurrent Scan Root Regions 2.152ms
[2025-04-17T12:39:35.319+0000][55653][info ][gc,marking  ] GC(1) Concurrent Mark
[2025-04-17T12:39:35.319+0000][55653][info ][gc,marking  ] GC(1) Concurrent Mark From Roots
[2025-04-17T12:39:35.319+0000][55653][info ][gc,task     ] GC(1) Using 2 workers of 2 for marking
[2025-04-17T12:39:35.319+0000][55653][info ][gc,marking  ] GC(1) Concurrent Mark From Roots 0.503ms
[2025-04-17T12:39:35.319+0000][55653][info ][gc,marking  ] GC(1) Concurrent Preclean
[2025-04-17T12:39:35.319+0000][55653][info ][gc,marking  ] GC(1) Concurrent Preclean 0.016ms
[2025-04-17T12:39:35.319+0000][55653][info ][gc,start    ] GC(1) Pause Remark
[2025-04-17T12:39:35.320+0000][55653][info ][gc          ] GC(1) Pause Remark 19M->19M(8192M) 0.968ms
[2025-04-17T12:39:35.320+0000][55653][info ][gc,cpu      ] GC(1) User=0.00s Sys=0.00s Real=0.01s
[2025-04-17T12:39:35.320+0000][55653][info ][safepoint   ] Safepoint "G1PauseRemark", Time since last: 2782875 ns, Reaching safepoint: 18625 ns, Cleanup: 12000 ns, At safepoint: 993917 ns, Total: 1024542 ns
[2025-04-17T12:39:35.320+0000][55653][info ][gc,marking  ] GC(1) Concurrent Mark 1.592ms
[2025-04-17T12:39:35.320+0000][55653][info ][gc,marking  ] GC(1) Concurrent Rebuild Remembered Sets
[2025-04-17T12:39:35.320+0000][55653][info ][gc,marking  ] GC(1) Concurrent Rebuild Remembered Sets 0.006ms
[2025-04-17T12:39:35.320+0000][55653][info ][gc,start    ] GC(1) Pause Cleanup
[2025-04-17T12:39:35.320+0000][55653][info ][gc          ] GC(1) Pause Cleanup 19M->19M(8192M) 0.016ms
[2025-04-17T12:39:35.320+0000][55653][info ][gc,cpu      ] GC(1) User=0.00s Sys=0.00s Real=0.00s
[2025-04-17T12:39:35.320+0000][55653][info ][safepoint   ] Safepoint "G1PauseCleanup", Time since last: 33625 ns, Reaching safepoint: 15042 ns, Cleanup: 750 ns, At safepoint: 30041 ns, Total: 45833 ns
[2025-04-17T12:39:35.320+0000][55653][info ][gc,marking  ] GC(1) Concurrent Cleanup for Next Mark
[2025-04-17T12:39:35.326+0000][55653][info ][gc,marking  ] GC(1) Concurrent Cleanup for Next Mark 5.860ms
[2025-04-17T12:39:35.326+0000][55653][info ][gc          ] GC(1) Concurrent Mark Cycle 9.815ms
[2025-04-17T12:39:35.480+0000][55653][info ][safepoint   ] Safepoint "ICBufferFull", Time since last: 159630500 ns, Reaching safepoint: 1542 ns, Cleanup: 71125 ns, At safepoint: 333 ns, Total: 73000 ns
[2025-04-17T12:39:35.667+0000][55653][info ][safepoint   ] Safepoint "ICBufferFull", Time since last: 186684542 ns, Reaching safepoint: 1958 ns, Cleanup: 79667 ns, At safepoint: 750 ns, Total: 82375 ns
[2025-04-17T12:39:35.799+0000][55653][info ][safepoint   ] Safepoint "ICBufferFull", Time since last: 132313833 ns, Reaching safepoint: 1834 ns, Cleanup: 64916 ns, At safepoint: 667 ns, Total: 67417 ns
[2025-04-17T12:39:36.050+0000][55653][info ][safepoint   ] Safepoint "ICBufferFull", Time since last: 250559708 ns, Reaching safepoint: 1834 ns, Cleanup: 111041 ns, At safepoint: 2084 ns, Total: 114959 ns
[2025-04-17T12:39:36.172+0000][55653][info ][gc,start    ] GC(2) Pause Young (Normal) (G1 Evacuation Pause)
[2025-04-17T12:39:36.172+0000][55653][info ][gc,task     ] GC(2) Using 8 workers of 8 for evacuation
[2025-04-17T12:39:36.172+0000][55653][debug][gc,age      ] GC(2) Desired survivor size 27262976 bytes, new threshold 15 (max threshold 15)
[2025-04-17T12:39:36.177+0000][55653][info ][gc,phases   ] GC(2)   Pre Evacuate Collection Set: 0.2ms
[2025-04-17T12:39:36.177+0000][55653][info ][gc,phases   ] GC(2)   Merge Heap Roots: 0.0ms
[2025-04-17T12:39:36.177+0000][55653][info ][gc,phases   ] GC(2)   Evacuate Collection Set: 5.2ms
[2025-04-17T12:39:36.177+0000][55653][info ][gc,phases   ] GC(2)   Post Evacuate Collection Set: 0.3ms
[2025-04-17T12:39:36.177+0000][55653][info ][gc,phases   ] GC(2)   Other: 0.1ms
[2025-04-17T12:39:36.177+0000][55653][trace][gc,age      ] GC(2) Age table with threshold 15 (max threshold 15)
[2025-04-17T12:39:36.177+0000][55653][trace][gc,age      ] GC(2) - age   1:    9486440 bytes,    9486440 total
[2025-04-17T12:39:36.177+0000][55653][trace][gc,age      ] GC(2) - age   2:   11646536 bytes,   21132976 total
[2025-04-17T12:39:36.178+0000][55653][info ][gc,heap     ] GC(2) Eden regions: 98->0(96)
[2025-04-17T12:39:36.178+0000][55653][info ][gc,heap     ] GC(2) Survivor regions: 4->6(13)
[2025-04-17T12:39:36.178+0000][55653][info ][gc,heap     ] GC(2) Old regions: 0->0
[2025-04-17T12:39:36.178+0000][55653][info ][gc,heap     ] GC(2) Archive regions: 2->2
[2025-04-17T12:39:36.178+0000][55653][info ][gc,heap     ] GC(2) Humongous regions: 0->0
[2025-04-17T12:39:36.178+0000][55653][info ][gc,metaspace] GC(2) Metaspace: 26081K(26752K)->26081K(26752K) NonClass: 22909K(23296K)->22909K(23296K) Class: 3172K(3456K)->3172K(3456K)
[2025-04-17T12:39:36.178+0000][55653][info ][gc          ] GC(2) Pause Young (Normal) (G1 Evacuation Pause) 408M->25M(8192M) 5.970ms
[2025-04-17T12:39:36.178+0000][55653][info ][gc,cpu      ] GC(2) User=0.02s Sys=0.01s Real=0.00s
[2025-04-17T12:39:36.178+0000][55653][info ][safepoint   ] Safepoint "G1CollectForAllocation", Time since last: 121506250 ns, Reaching safepoint: 1166 ns, Cleanup: 52334 ns, At safepoint: 5999125 ns, Total: 6052625 ns
[2025-04-17T12:39:36.240+0000][55653][info ][safepoint   ] Safepoint "ICBufferFull", Time since last: 62054125 ns, Reaching safepoint: 1583 ns, Cleanup: 64958 ns, At safepoint: 625 ns, Total: 67166 ns
[2025-04-17T12:39:36.727+0000][55653][info ][safepoint   ] Safepoint "ICBufferFull", Time since last: 487379042 ns, Reaching safepoint: 1750 ns, Cleanup: 75542 ns, At safepoint: 416 ns, Total: 77708 ns
[2025-04-17T12:39:37.133+0000][55653][info ][gc,start    ] GC(3) Pause Young (Normal) (G1 Evacuation Pause)
[2025-04-17T12:39:37.133+0000][55653][info ][gc,task     ] GC(3) Using 8 workers of 8 for evacuation
[2025-04-17T12:39:37.133+0000][55653][debug][gc,age      ] GC(3) Desired survivor size 27262976 bytes, new threshold 15 (max threshold 15)
[2025-04-17T12:39:37.139+0000][55653][info ][gc,phases   ] GC(3)   Pre Evacuate Collection Set: 0.2ms
[2025-04-17T12:39:37.139+0000][55653][info ][gc,phases   ] GC(3)   Merge Heap Roots: 0.0ms
[2025-04-17T12:39:37.139+0000][55653][info ][gc,phases   ] GC(3)   Evacuate Collection Set: 5.1ms
[2025-04-17T12:39:37.139+0000][55653][info ][gc,phases   ] GC(3)   Post Evacuate Collection Set: 0.5ms
[2025-04-17T12:39:37.139+0000][55653][info ][gc,phases   ] GC(3)   Other: 0.1ms
[2025-04-17T12:39:37.139+0000][55653][trace][gc,age      ] GC(3) Age table with threshold 15 (max threshold 15)
[2025-04-17T12:39:37.139+0000][55653][trace][gc,age      ] GC(3) - age   1:    7928616 bytes,    7928616 total
[2025-04-17T12:39:37.139+0000][55653][trace][gc,age      ] GC(3) - age   2:    9066784 bytes,   16995400 total
[2025-04-17T12:39:37.139+0000][55653][trace][gc,age      ] GC(3) - age   3:   11644936 bytes,   28640336 total
[2025-04-17T12:39:37.139+0000][55653][info ][gc,heap     ] GC(3) Eden regions: 96->0(94)
[2025-04-17T12:39:37.139+0000][55653][info ][gc,heap     ] GC(3) Survivor regions: 6->8(13)
[2025-04-17T12:39:37.139+0000][55653][info ][gc,heap     ] GC(3) Old regions: 0->0
[2025-04-17T12:39:37.139+0000][55653][info ][gc,heap     ] GC(3) Archive regions: 2->2
[2025-04-17T12:39:37.139+0000][55653][info ][gc,heap     ] GC(3) Humongous regions: 0->0
[2025-04-17T12:39:37.139+0000][55653][info ][gc,metaspace] GC(3) Metaspace: 31717K(32384K)->31717K(32384K) NonClass: 27900K(28288K)->27900K(28288K) Class: 3817K(4096K)->3817K(4096K)
[2025-04-17T12:39:37.139+0000][55653][info ][gc          ] GC(3) Pause Young (Normal) (G1 Evacuation Pause) 409M->33M(8192M) 6.064ms
[2025-04-17T12:39:37.139+0000][55653][info ][gc,cpu      ] GC(3) User=0.03s Sys=0.00s Real=0.00s
[2025-04-17T12:39:37.139+0000][55653][info ][safepoint   ] Safepoint "G1CollectForAllocation", Time since last: 406137834 ns, Reaching safepoint: 2291 ns, Cleanup: 104334 ns, At safepoint: 6097375 ns, Total: 6204000 ns
[2025-04-17T12:39:37.329+0000][55653][info ][safepoint   ] Safepoint "ICBufferFull", Time since last: 188933333 ns, Reaching safepoint: 1958 ns, Cleanup: 107250 ns, At safepoint: 1042 ns, Total: 110250 ns
[2025-04-17T12:39:37.640+0000][55653][info ][gc,start    ] GC(4) Pause Young (Normal) (G1 Evacuation Pause)
[2025-04-17T12:39:37.640+0000][55653][info ][gc,task     ] GC(4) Using 8 workers of 8 for evacuation
[2025-04-17T12:39:37.640+0000][55653][debug][gc,age      ] GC(4) Desired survivor size 27262976 bytes, new threshold 3 (max threshold 15)
[2025-04-17T12:39:37.646+0000][55653][info ][gc,phases   ] GC(4)   Pre Evacuate Collection Set: 0.1ms
[2025-04-17T12:39:37.646+0000][55653][info ][gc,phases   ] GC(4)   Merge Heap Roots: 0.0ms
[2025-04-17T12:39:37.646+0000][55653][info ][gc,phases   ] GC(4)   Evacuate Collection Set: 5.4ms
[2025-04-17T12:39:37.646+0000][55653][info ][gc,phases   ] GC(4)   Post Evacuate Collection Set: 0.4ms
[2025-04-17T12:39:37.646+0000][55653][info ][gc,phases   ] GC(4)   Other: 0.1ms
[2025-04-17T12:39:37.646+0000][55653][trace][gc,age      ] GC(4) Age table with threshold 3 (max threshold 15)
[2025-04-17T12:39:37.646+0000][55653][trace][gc,age      ] GC(4) - age   1:    4519776 bytes,    4519776 total
[2025-04-17T12:39:37.646+0000][55653][trace][gc,age      ] GC(4) - age   2:    5687808 bytes,   10207584 total
[2025-04-17T12:39:37.646+0000][55653][trace][gc,age      ] GC(4) - age   3:    9059472 bytes,   19267056 total
[2025-04-17T12:39:37.646+0000][55653][info ][gc,heap     ] GC(4) Eden regions: 94->0(146)
[2025-04-17T12:39:37.646+0000][55653][info ][gc,heap     ] GC(4) Survivor regions: 8->6(13)
[2025-04-17T12:39:37.646+0000][55653][info ][gc,heap     ] GC(4) Old regions: 0->3
[2025-04-17T12:39:37.646+0000][55653][info ][gc,heap     ] GC(4) Archive regions: 2->2
[2025-04-17T12:39:37.646+0000][55653][info ][gc,heap     ] GC(4) Humongous regions: 0->0
[2025-04-17T12:39:37.646+0000][55653][info ][gc,metaspace] GC(4) Metaspace: 34064K(34880K)->34064K(34880K) NonClass: 29923K(30400K)->29923K(30400K) Class: 4140K(4480K)->4140K(4480K)
[2025-04-17T12:39:37.646+0000][55653][info ][gc          ] GC(4) Pause Young (Normal) (G1 Evacuation Pause) 409M->36M(8192M) 6.174ms
[2025-04-17T12:39:37.646+0000][55653][info ][gc,cpu      ] GC(4) User=0.03s Sys=0.01s Real=0.00s
[2025-04-17T12:39:37.646+0000][55653][info ][safepoint   ] Safepoint "G1CollectForAllocation", Time since last: 311116375 ns, Reaching safepoint: 1833 ns, Cleanup: 48625 ns, At safepoint: 6204417 ns, Total: 6254875 ns
[2025-04-17T12:39:38.118+0000][55653][info ][gc,start    ] GC(5) Pause Young (Concurrent Start) (Metadata GC Threshold)
[2025-04-17T12:39:38.118+0000][55653][info ][gc,task     ] GC(5) Using 8 workers of 8 for evacuation
[2025-04-17T12:39:38.118+0000][55653][debug][gc,age      ] GC(5) Desired survivor size 39845888 bytes, new threshold 15 (max threshold 15)
[2025-04-17T12:39:38.120+0000][55653][info ][gc,phases   ] GC(5)   Pre Evacuate Collection Set: 0.1ms
[2025-04-17T12:39:38.120+0000][55653][info ][gc,phases   ] GC(5)   Merge Heap Roots: 0.0ms
[2025-04-17T12:39:38.120+0000][55653][info ][gc,phases   ] GC(5)   Evacuate Collection Set: 2.3ms
[2025-04-17T12:39:38.120+0000][55653][info ][gc,phases   ] GC(5)   Post Evacuate Collection Set: 0.2ms
[2025-04-17T12:39:38.120+0000][55653][info ][gc,phases   ] GC(5)   Other: 0.1ms
[2025-04-17T12:39:38.120+0000][55653][trace][gc,age      ] GC(5) Age table with threshold 15 (max threshold 15)
[2025-04-17T12:39:38.120+0000][55653][trace][gc,age      ] GC(5) - age   1:    3213496 bytes,    3213496 total
[2025-04-17T12:39:38.120+0000][55653][trace][gc,age      ] GC(5) - age   2:    4499264 bytes,    7712760 total
[2025-04-17T12:39:38.120+0000][55653][trace][gc,age      ] GC(5) - age   3:    5685232 bytes,   13397992 total
[2025-04-17T12:39:38.120+0000][55653][trace][gc,age      ] GC(5) - age   4:    9054832 bytes,   22452824 total
[2025-04-17T12:39:38.120+0000][55653][info ][gc,heap     ] GC(5) Eden regions: 49->0(243)
[2025-04-17T12:39:38.120+0000][55653][info ][gc,heap     ] GC(5) Survivor regions: 6->6(19)
[2025-04-17T12:39:38.120+0000][55653][info ][gc,heap     ] GC(5) Old regions: 3->3
[2025-04-17T12:39:38.120+0000][55653][info ][gc,heap     ] GC(5) Archive regions: 2->2
[2025-04-17T12:39:38.121+0000][55653][info ][gc,heap     ] GC(5) Humongous regions: 0->0
[2025-04-17T12:39:38.121+0000][55653][info ][gc,metaspace] GC(5) Metaspace: 35309K(36160K)->35309K(36160K) NonClass: 31033K(31552K)->31033K(31552K) Class: 4275K(4608K)->4275K(4608K)
[2025-04-17T12:39:38.121+0000][55653][info ][gc          ] GC(5) Pause Young (Concurrent Start) (Metadata GC Threshold) 230M->39M(8192M) 2.852ms
[2025-04-17T12:39:38.121+0000][55653][info ][gc,cpu      ] GC(5) User=0.02s Sys=0.00s Real=0.01s
[2025-04-17T12:39:38.121+0000][55653][info ][gc          ] GC(6) Concurrent Mark Cycle
[2025-04-17T12:39:38.121+0000][55653][info ][safepoint   ] Safepoint "CollectForMetadataAllocation", Time since last: 471706542 ns, Reaching safepoint: 1958 ns, Cleanup: 51958 ns, At safepoint: 2893209 ns, Total: 2947125 ns
[2025-04-17T12:39:38.121+0000][55653][info ][gc,marking  ] GC(6) Concurrent Clear Claimed Marks
[2025-04-17T12:39:38.121+0000][55653][info ][gc,marking  ] GC(6) Concurrent Clear Claimed Marks 0.023ms
[2025-04-17T12:39:38.121+0000][55653][info ][gc,marking  ] GC(6) Concurrent Scan Root Regions
[2025-04-17T12:39:38.123+0000][55653][info ][gc,marking  ] GC(6) Concurrent Scan Root Regions 2.203ms
[2025-04-17T12:39:38.123+0000][55653][info ][gc,marking  ] GC(6) Concurrent Mark
[2025-04-17T12:39:38.123+0000][55653][info ][gc,marking  ] GC(6) Concurrent Mark From Roots
[2025-04-17T12:39:38.123+0000][55653][info ][gc,task     ] GC(6) Using 2 workers of 2 for marking
[2025-04-17T12:39:38.126+0000][55653][info ][gc,marking  ] GC(6) Concurrent Mark From Roots 3.195ms
[2025-04-17T12:39:38.126+0000][55653][info ][gc,marking  ] GC(6) Concurrent Preclean
[2025-04-17T12:39:38.126+0000][55653][info ][gc,marking  ] GC(6) Concurrent Preclean 0.034ms
[2025-04-17T12:39:38.126+0000][55653][info ][gc,start    ] GC(6) Pause Remark
[2025-04-17T12:39:38.127+0000][55653][info ][gc          ] GC(6) Pause Remark 41M->41M(8192M) 0.957ms
[2025-04-17T12:39:38.127+0000][55653][info ][gc,cpu      ] GC(6) User=0.01s Sys=0.00s Real=0.00s
[2025-04-17T12:39:38.127+0000][55653][info ][safepoint   ] Safepoint "G1PauseRemark", Time since last: 5543208 ns, Reaching safepoint: 1375 ns, Cleanup: 3667 ns, At safepoint: 983250 ns, Total: 988292 ns
[2025-04-17T12:39:38.127+0000][55653][info ][gc,marking  ] GC(6) Concurrent Mark 4.281ms
[2025-04-17T12:39:38.127+0000][55653][info ][gc,marking  ] GC(6) Concurrent Rebuild Remembered Sets
[2025-04-17T12:39:38.130+0000][55653][info ][gc,marking  ] GC(6) Concurrent Rebuild Remembered Sets 2.549ms
[2025-04-17T12:39:38.130+0000][55653][info ][gc,start    ] GC(6) Pause Cleanup
[2025-04-17T12:39:38.130+0000][55653][info ][gc          ] GC(6) Pause Cleanup 41M->41M(8192M) 0.084ms
[2025-04-17T12:39:38.130+0000][55653][info ][gc,cpu      ] GC(6) User=0.00s Sys=0.00s Real=0.00s
[2025-04-17T12:39:38.130+0000][55653][info ][safepoint   ] Safepoint "G1PauseCleanup", Time since last: 2608250 ns, Reaching safepoint: 21375 ns, Cleanup: 1500 ns, At safepoint: 108208 ns, Total: 131083 ns
[2025-04-17T12:39:38.130+0000][55653][info ][gc,marking  ] GC(6) Concurrent Cleanup for Next Mark
[2025-04-17T12:39:38.138+0000][55653][info ][gc,marking  ] GC(6) Concurrent Cleanup for Next Mark 7.665ms
[2025-04-17T12:39:38.138+0000][55653][info ][gc          ] GC(6) Concurrent Mark Cycle 17.014ms
[2025-04-17T12:39:38.282+0000][55653][info ][safepoint   ] Safepoint "ICBufferFull", Time since last: 152505292 ns, Reaching safepoint: 1666 ns, Cleanup: 69084 ns, At safepoint: 875 ns, Total: 71625 ns
[2025-04-17T12:39:38.383+0000][55653][info ][safepoint   ] Safepoint "ICBufferFull", Time since last: 100105666 ns, Reaching safepoint: 1417 ns, Cleanup: 94375 ns, At safepoint: 292 ns, Total: 96084 ns
[2025-04-17T12:39:38.517+0000][55653][info ][safepoint   ] Safepoint "ICBufferFull", Time since last: 133895083 ns, Reaching safepoint: 32667 ns, Cleanup: 83875 ns, At safepoint: 1791 ns, Total: 118333 ns
[2025-04-17T12:39:38.566+0000][55653][info ][safepoint   ] Safepoint "ICBufferFull", Time since last: 49427084 ns, Reaching safepoint: 1708 ns, Cleanup: 135542 ns, At safepoint: 1416 ns, Total: 138666 ns
[2025-04-17T12:39:39.060+0000][55653][info ][safepoint   ] Safepoint "ICBufferFull", Time since last: 494156209 ns, Reaching safepoint: 2000 ns, Cleanup: 62791 ns, At safepoint: 1125 ns, Total: 65916 ns
[2025-04-17T12:39:39.203+0000][55653][info ][safepoint   ] Safepoint "ICBufferFull", Time since last: 142370750 ns, Reaching safepoint: 2334 ns, Cleanup: 57333 ns, At safepoint: 1875 ns, Total: 61542 ns
[2025-04-17T12:39:39.310+0000][55653][info ][safepoint   ] Safepoint "ICBufferFull", Time since last: 106811250 ns, Reaching safepoint: 3917 ns, Cleanup: 98416 ns, At safepoint: 3250 ns, Total: 105583 ns
[2025-04-17T12:39:39.505+0000][55653][info ][gc,start    ] GC(7) Pause Young (Concurrent Start) (Metadata GC Threshold)
[2025-04-17T12:39:39.505+0000][55653][info ][gc,task     ] GC(7) Using 8 workers of 8 for evacuation
[2025-04-17T12:39:39.505+0000][55653][debug][gc,age      ] GC(7) Desired survivor size 77594624 bytes, new threshold 15 (max threshold 15)
[2025-04-17T12:39:39.519+0000][55653][info ][gc,phases   ] GC(7)   Pre Evacuate Collection Set: 0.2ms
[2025-04-17T12:39:39.519+0000][55653][info ][gc,phases   ] GC(7)   Merge Heap Roots: 0.1ms
[2025-04-17T12:39:39.519+0000][55653][info ][gc,phases   ] GC(7)   Evacuate Collection Set: 12.6ms
[2025-04-17T12:39:39.519+0000][55653][info ][gc,phases   ] GC(7)   Post Evacuate Collection Set: 0.8ms
[2025-04-17T12:39:39.519+0000][55653][info ][gc,phases   ] GC(7)   Other: 0.3ms
[2025-04-17T12:39:39.519+0000][55653][trace][gc,age      ] GC(7) Age table with threshold 15 (max threshold 15)
[2025-04-17T12:39:39.519+0000][55653][trace][gc,age      ] GC(7) - age   1:   25319496 bytes,   25319496 total
[2025-04-17T12:39:39.519+0000][55653][trace][gc,age      ] GC(7) - age   2:    3168568 bytes,   28488064 total
[2025-04-17T12:39:39.519+0000][55653][trace][gc,age      ] GC(7) - age   3:    4441984 bytes,   32930048 total
[2025-04-17T12:39:39.519+0000][55653][trace][gc,age      ] GC(7) - age   4:    5655416 bytes,   38585464 total
[2025-04-17T12:39:39.519+0000][55653][trace][gc,age      ] GC(7) - age   5:    9014520 bytes,   47599984 total
[2025-04-17T12:39:39.519+0000][55653][info ][gc,heap     ] GC(7) Eden regions: 117->0(125)
[2025-04-17T12:39:39.519+0000][55653][info ][gc,heap     ] GC(7) Survivor regions: 6->12(37)
[2025-04-17T12:39:39.519+0000][55653][info ][gc,heap     ] GC(7) Old regions: 3->3
[2025-04-17T12:39:39.519+0000][55653][info ][gc,heap     ] GC(7) Archive regions: 2->2
[2025-04-17T12:39:39.519+0000][55653][info ][gc,heap     ] GC(7) Humongous regions: 0->0
[2025-04-17T12:39:39.519+0000][55653][info ][gc,metaspace] GC(7) Metaspace: 59301K(60736K)->59301K(60736K) NonClass: 51520K(52352K)->51520K(52352K) Class: 7780K(8384K)->7780K(8384K)
[2025-04-17T12:39:39.519+0000][55653][info ][gc          ] GC(7) Pause Young (Concurrent Start) (Metadata GC Threshold) 505M->62M(8192M) 14.152ms
[2025-04-17T12:39:39.519+0000][55653][info ][gc,cpu      ] GC(7) User=0.05s Sys=0.00s Real=0.01s
[2025-04-17T12:39:39.519+0000][55653][info ][gc          ] GC(8) Concurrent Mark Cycle
[2025-04-17T12:39:39.519+0000][55653][info ][safepoint   ] Safepoint "CollectForMetadataAllocation", Time since last: 195238292 ns, Reaching safepoint: 19125 ns, Cleanup: 60042 ns, At safepoint: 14204000 ns, Total: 14283167 ns
[2025-04-17T12:39:39.519+0000][55653][info ][gc,marking  ] GC(8) Concurrent Clear Claimed Marks
[2025-04-17T12:39:39.519+0000][55653][info ][gc,marking  ] GC(8) Concurrent Clear Claimed Marks 0.065ms
[2025-04-17T12:39:39.519+0000][55653][info ][gc,marking  ] GC(8) Concurrent Scan Root Regions
[2025-04-17T12:39:39.530+0000][55653][info ][safepoint   ] Safepoint "CollectForMetadataAllocation", Time since last: 10396166 ns, Reaching safepoint: 20209 ns, Cleanup: 6791 ns, At safepoint: 12875 ns, Total: 39875 ns
[2025-04-17T12:39:39.530+0000][55653][info ][gc,marking  ] GC(8) Concurrent Scan Root Regions 10.795ms
[2025-04-17T12:39:39.530+0000][55653][info ][gc,marking  ] GC(8) Concurrent Mark
[2025-04-17T12:39:39.530+0000][55653][info ][gc,marking  ] GC(8) Concurrent Mark From Roots
[2025-04-17T12:39:39.530+0000][55653][info ][gc,task     ] GC(8) Using 2 workers of 2 for marking
[2025-04-17T12:39:39.536+0000][55653][info ][gc,marking  ] GC(8) Concurrent Mark From Roots 5.705ms
[2025-04-17T12:39:39.536+0000][55653][info ][gc,marking  ] GC(8) Concurrent Preclean
[2025-04-17T12:39:39.536+0000][55653][info ][gc,marking  ] GC(8) Concurrent Preclean 0.076ms
[2025-04-17T12:39:39.536+0000][55653][info ][gc,start    ] GC(8) Pause Remark
[2025-04-17T12:39:39.538+0000][55653][info ][gc          ] GC(8) Pause Remark 66M->66M(8192M) 1.942ms
[2025-04-17T12:39:39.538+0000][55653][info ][gc,cpu      ] GC(8) User=0.01s Sys=0.00s Real=0.00s
[2025-04-17T12:39:39.538+0000][55653][info ][safepoint   ] Safepoint "G1PauseRemark", Time since last: 6378042 ns, Reaching safepoint: 18417 ns, Cleanup: 1958 ns, At safepoint: 2000375 ns, Total: 2020750 ns
[2025-04-17T12:39:39.538+0000][55653][info ][gc,marking  ] GC(8) Concurrent Mark 7.900ms
[2025-04-17T12:39:39.538+0000][55653][info ][gc,marking  ] GC(8) Concurrent Rebuild Remembered Sets
[2025-04-17T12:39:39.540+0000][55653][info ][gc,marking  ] GC(8) Concurrent Rebuild Remembered Sets 2.358ms
[2025-04-17T12:39:39.541+0000][55653][info ][gc,start    ] GC(8) Pause Cleanup
[2025-04-17T12:39:39.541+0000][55653][info ][gc          ] GC(8) Pause Cleanup 66M->66M(8192M) 0.116ms
[2025-04-17T12:39:39.541+0000][55653][info ][gc,cpu      ] GC(8) User=0.00s Sys=0.00s Real=0.00s
[2025-04-17T12:39:39.541+0000][55653][info ][safepoint   ] Safepoint "G1PauseCleanup", Time since last: 2462625 ns, Reaching safepoint: 507000 ns, Cleanup: 1708 ns, At safepoint: 147959 ns, Total: 656667 ns
[2025-04-17T12:39:39.542+0000][55653][info ][gc,marking  ] GC(8) Concurrent Cleanup for Next Mark
[2025-04-17T12:39:39.546+0000][55653][info ][gc,marking  ] GC(8) Concurrent Cleanup for Next Mark 4.353ms
[2025-04-17T12:39:39.546+0000][55653][info ][gc          ] GC(8) Concurrent Mark Cycle 26.865ms
[2025-04-17T12:39:39.823+0000][55653][info ][safepoint   ] Safepoint "ICBufferFull", Time since last: 282002875 ns, Reaching safepoint: 20000 ns, Cleanup: 59708 ns, At safepoint: 1625 ns, Total: 81333 ns
[2025-04-17T12:39:40.248+0000][55653][info ][safepoint   ] Safepoint "ICBufferFull", Time since last: 424474458 ns, Reaching safepoint: 1584 ns, Cleanup: 112791 ns, At safepoint: 792 ns, Total: 115167 ns
[2025-04-17T12:39:41.258+0000][55653][info ][safepoint   ] Safepoint "Cleanup", Time since last: 1009358792 ns, Reaching safepoint: 9708 ns, Cleanup: 232750 ns, At safepoint: 4708 ns, Total: 247166 ns
[2025-04-17T12:39:42.263+0000][55653][info ][safepoint   ] Safepoint "Cleanup", Time since last: 1005218792 ns, Reaching safepoint: 10458 ns, Cleanup: 32042 ns, At safepoint: 3583 ns, Total: 46083 ns
[2025-04-17T12:39:43.264+0000][55653][info ][safepoint   ] Safepoint "Cleanup", Time since last: 1000955375 ns, Reaching safepoint: 30375 ns, Cleanup: 26792 ns, At safepoint: 3958 ns, Total: 61125 ns
[2025-04-17T12:39:44.268+0000][55653][info ][safepoint   ] Safepoint "Cleanup", Time since last: 1004080334 ns, Reaching safepoint: 5458 ns, Cleanup: 16292 ns, At safepoint: 2083 ns, Total: 23833 ns
[2025-04-17T12:39:45.273+0000][55653][info ][safepoint   ] Safepoint "Cleanup", Time since last: 1005159458 ns, Reaching safepoint: 10250 ns, Cleanup: 46042 ns, At safepoint: 3250 ns, Total: 59542 ns
[2025-04-17T12:39:46.274+0000][55653][info ][safepoint   ] Safepoint "Cleanup", Time since last: 1000421292 ns, Reaching safepoint: 9041 ns, Cleanup: 20750 ns, At safepoint: 2792 ns, Total: 32583 ns
[2025-04-17T12:39:52.493+0000][55653][info ][gc,heap,exit] Heap
[2025-04-17T12:39:52.494+0000][55653][info ][gc,heap,exit]  garbage-first heap   total 8388608K, used 468611K [0x0000000600000000, 0x0000000800000000)
[2025-04-17T12:39:52.494+0000][55653][info ][gc,heap,exit]   region size 4096K, 111 young (454656K), 12 survivors (49152K)
[2025-04-17T12:39:52.494+0000][55653][info ][gc,heap,exit]  Metaspace       used 73127K, committed 74816K, reserved 1114112K
[2025-04-17T12:39:52.494+0000][55653][info ][gc,heap,exit]   class space    used 9941K, committed 10688K, reserved 1048576K
