[2025-04-17T12:40:47.109+0000][58337][info][gc] Using G1
[2025-04-17T12:40:47.113+0000][58337][info][gc,init] Version: 17.0.15+0 (release)
[2025-04-17T12:40:47.113+0000][58337][info][gc,init] CPUs: 8 total, 8 available
[2025-04-17T12:40:47.113+0000][58337][info][gc,init] Memory: 16384M
[2025-04-17T12:40:47.113+0000][58337][info][gc,init] Large Page Support: Disabled
[2025-04-17T12:40:47.113+0000][58337][info][gc,init] NUMA Support: Disabled
[2025-04-17T12:40:47.113+0000][58337][info][gc,init] Compressed Oops: Enabled (Zero based)
[2025-04-17T12:40:47.113+0000][58337][info][gc,init] Heap Region Size: 4M
[2025-04-17T12:40:47.113+0000][58337][info][gc,init] Heap Min Capacity: 8G
[2025-04-17T12:40:47.113+0000][58337][info][gc,init] Heap Initial Capacity: 8G
[2025-04-17T12:40:47.113+0000][58337][info][gc,init] Heap Max Capacity: 8G
[2025-04-17T12:40:47.113+0000][58337][info][gc,init] Pre-touch: Disabled
[2025-04-17T12:40:47.113+0000][58337][info][gc,init] Parallel Workers: 8
[2025-04-17T12:40:47.114+0000][58337][info][gc,init] Concurrent Workers: 2
[2025-04-17T12:40:47.114+0000][58337][info][gc,init] Concurrent Refinement Workers: 8
[2025-04-17T12:40:47.114+0000][58337][info][gc,init] Periodic GC: Disabled
[2025-04-17T12:40:47.116+0000][58337][info][gc,metaspace] CDS archive(s) mapped at: [0x0000000300000000-0x0000000300bc0000-0x0000000300bc0000), size 12320768, SharedBaseAddress: 0x0000000300000000, ArchiveRelocationMode: 1.
[2025-04-17T12:40:47.116+0000][58337][info][gc,metaspace] Compressed class space mapped at: 0x0000000301000000-0x0000000341000000, reserved size: 1073741824
[2025-04-17T12:40:47.116+0000][58337][info][gc,metaspace] Narrow klass base: 0x0000000300000000, Narrow klass shift: 0, Narrow klass range: 0x100000000
[2025-04-17T12:40:47.131+0000][58337][info][gc,heap,exit] Heap
[2025-04-17T12:40:47.131+0000][58337][info][gc,heap,exit]  garbage-first heap   total 8388608K, used 10144K [0x0000000600000000, 0x0000000800000000)
[2025-04-17T12:40:47.131+0000][58337][info][gc,heap,exit]   region size 4096K, 2 young (8192K), 0 survivors (0K)
[2025-04-17T12:40:47.131+0000][58337][info][gc,heap,exit]  Metaspace       used 52K, committed 128K, reserved 1114112K
[2025-04-17T12:40:47.131+0000][58337][info][gc,heap,exit]   class space    used 1K, committed 64K, reserved 1048576K
