[2025-04-17T12:44:05.038+0000][65563][info][gc] Using G1
[2025-04-17T12:44:05.770+0000][65563][info][gc,init] Version: 17.0.15+0 (release)
[2025-04-17T12:44:05.770+0000][65563][info][gc,init] CPUs: 8 total, 8 available
[2025-04-17T12:44:05.770+0000][65563][info][gc,init] Memory: 16384M
[2025-04-17T12:44:05.770+0000][65563][info][gc,init] Large Page Support: Disabled
[2025-04-17T12:44:05.770+0000][65563][info][gc,init] NUMA Support: Disabled
[2025-04-17T12:44:05.770+0000][65563][info][gc,init] Compressed Oops: Enabled (Zero based)
[2025-04-17T12:44:05.770+0000][65563][info][gc,init] Heap Region Size: 4M
[2025-04-17T12:44:05.770+0000][65563][info][gc,init] Heap Min Capacity: 8G
[2025-04-17T12:44:05.770+0000][65563][info][gc,init] Heap Initial Capacity: 8G
[2025-04-17T12:44:05.770+0000][65563][info][gc,init] Heap Max Capacity: 8G
[2025-04-17T12:44:05.770+0000][65563][info][gc,init] Pre-touch: Enabled
[2025-04-17T12:44:05.770+0000][65563][info][gc,init] Parallel Workers: 8
[2025-04-17T12:44:05.770+0000][65563][info][gc,init] Concurrent Workers: 2
[2025-04-17T12:44:05.770+0000][65563][info][gc,init] Concurrent Refinement Workers: 8
[2025-04-17T12:44:05.770+0000][65563][info][gc,init] Periodic GC: Disabled
[2025-04-17T12:44:05.772+0000][65563][info][gc,metaspace] CDS archive(s) mapped at: [0x000000a000000000-0x000000a000bc0000-0x000000a000bc0000), size 12320768, SharedBaseAddress: 0x000000a000000000, ArchiveRelocationMode: 1.
[2025-04-17T12:44:05.772+0000][65563][info][gc,metaspace] Compressed class space mapped at: 0x000000a001000000-0x000000a041000000, reserved size: 1073741824
[2025-04-17T12:44:05.772+0000][65563][info][gc,metaspace] Narrow klass base: 0x000000a000000000, Narrow klass shift: 0, Narrow klass range: 0x100000000
[2025-04-17T12:44:05.816+0000][65563][info][safepoint   ] Safepoint "ICBufferFull", Time since last: 41557167 ns, Reaching safepoint: 1958 ns, Cleanup: 40458 ns, At safepoint: 1292 ns, Total: 43708 ns
[2025-04-17T12:44:05.875+0000][65563][info][safepoint   ] Safepoint "ICBufferFull", Time since last: 59623542 ns, Reaching safepoint: 1250 ns, Cleanup: 45500 ns, At safepoint: 375 ns, Total: 47125 ns
[2025-04-17T12:44:05.935+0000][65563][info][safepoint   ] Safepoint "ICBufferFull", Time since last: 59476333 ns, Reaching safepoint: 1792 ns, Cleanup: 48000 ns, At safepoint: 1666 ns, Total: 51458 ns
[2025-04-17T12:44:06.205+0000][65563][info][safepoint   ] Safepoint "ICBufferFull", Time since last: 269711500 ns, Reaching safepoint: 1334 ns, Cleanup: 54125 ns, At safepoint: 250 ns, Total: 55709 ns
[2025-04-17T12:44:06.434+0000][65563][info][safepoint   ] Safepoint "ICBufferFull", Time since last: 229570583 ns, Reaching safepoint: 1958 ns, Cleanup: 78917 ns, At safepoint: 625 ns, Total: 81500 ns
[2025-04-17T12:44:06.497+0000][65563][info][safepoint   ] Safepoint "ICBufferFull", Time since last: 62978875 ns, Reaching safepoint: 2458 ns, Cleanup: 56917 ns, At safepoint: 708 ns, Total: 60083 ns
[2025-04-17T12:44:06.552+0000][65563][info][safepoint   ] Safepoint "ICBufferFull", Time since last: 54145209 ns, Reaching safepoint: 1416 ns, Cleanup: 58625 ns, At safepoint: 1750 ns, Total: 61791 ns
[2025-04-17T12:44:06.725+0000][65563][info][safepoint   ] Safepoint "ICBufferFull", Time since last: 173087084 ns, Reaching safepoint: 1375 ns, Cleanup: 60791 ns, At safepoint: 542 ns, Total: 62708 ns
[2025-04-17T12:44:06.839+0000][65563][info][safepoint   ] Safepoint "ICBufferFull", Time since last: 114495375 ns, Reaching safepoint: 1542 ns, Cleanup: 55625 ns, At safepoint: 1541 ns, Total: 58708 ns
[2025-04-17T12:44:06.883+0000][65563][info][safepoint   ] Safepoint "ICBufferFull", Time since last: 43302125 ns, Reaching safepoint: 17542 ns, Cleanup: 61250 ns, At safepoint: 1708 ns, Total: 80500 ns
[2025-04-17T12:44:06.959+0000][65563][info][safepoint   ] Safepoint "ICBufferFull", Time since last: 76279792 ns, Reaching safepoint: 2042 ns, Cleanup: 42458 ns, At safepoint: 1958 ns, Total: 46458 ns
[2025-04-17T12:44:07.018+0000][65563][info][safepoint   ] Safepoint "ICBufferFull", Time since last: 58607542 ns, Reaching safepoint: 17708 ns, Cleanup: 68792 ns, At safepoint: 1542 ns, Total: 88042 ns
[2025-04-17T12:44:07.106+0000][65563][info][gc,start    ] GC(0) Pause Young (Concurrent Start) (Metadata GC Threshold)
[2025-04-17T12:44:07.106+0000][65563][info][gc,task     ] GC(0) Using 8 workers of 8 for evacuation
[2025-04-17T12:44:07.106+0000][65563][debug][gc,age      ] GC(0) Desired survivor size 27262976 bytes, new threshold 15 (max threshold 15)
[2025-04-17T12:44:07.109+0000][65563][info ][gc,phases   ] GC(0)   Pre Evacuate Collection Set: 0.2ms
[2025-04-17T12:44:07.109+0000][65563][info ][gc,phases   ] GC(0)   Merge Heap Roots: 0.0ms
[2025-04-17T12:44:07.109+0000][65563][info ][gc,phases   ] GC(0)   Evacuate Collection Set: 2.7ms
[2025-04-17T12:44:07.109+0000][65563][info ][gc,phases   ] GC(0)   Post Evacuate Collection Set: 0.4ms
[2025-04-17T12:44:07.109+0000][65563][info ][gc,phases   ] GC(0)   Other: 0.1ms
[2025-04-17T12:44:07.109+0000][65563][trace][gc,age      ] GC(0) Age table with threshold 15 (max threshold 15)
[2025-04-17T12:44:07.109+0000][65563][trace][gc,age      ] GC(0) - age   1:   12568384 bytes,   12568384 total
[2025-04-17T12:44:07.109+0000][65563][info ][gc,heap     ] GC(0) Eden regions: 73->0(98)
[2025-04-17T12:44:07.109+0000][65563][info ][gc,heap     ] GC(0) Survivor regions: 0->4(13)
[2025-04-17T12:44:07.109+0000][65563][info ][gc,heap     ] GC(0) Old regions: 0->0
[2025-04-17T12:44:07.109+0000][65563][info ][gc,heap     ] GC(0) Archive regions: 2->2
[2025-04-17T12:44:07.109+0000][65563][info ][gc,heap     ] GC(0) Humongous regions: 0->0
[2025-04-17T12:44:07.109+0000][65563][info ][gc,metaspace] GC(0) Metaspace: 21085K(21504K)->21085K(21504K) NonClass: 18603K(18816K)->18603K(18816K) Class: 2482K(2688K)->2482K(2688K)
[2025-04-17T12:44:07.109+0000][65563][info ][gc          ] GC(0) Pause Young (Concurrent Start) (Metadata GC Threshold) 295M->16M(8192M) 3.594ms
[2025-04-17T12:44:07.109+0000][65563][info ][gc,cpu      ] GC(0) User=0.02s Sys=0.01s Real=0.00s
[2025-04-17T12:44:07.109+0000][65563][info ][gc          ] GC(1) Concurrent Mark Cycle
[2025-04-17T12:44:07.109+0000][65563][info ][safepoint   ] Safepoint "CollectForMetadataAllocation", Time since last: 88070000 ns, Reaching safepoint: 1208 ns, Cleanup: 41583 ns, At safepoint: 3648459 ns, Total: 3691250 ns
[2025-04-17T12:44:07.109+0000][65563][info ][gc,marking  ] GC(1) Concurrent Clear Claimed Marks
[2025-04-17T12:44:07.109+0000][65563][info ][gc,marking  ] GC(1) Concurrent Clear Claimed Marks 0.022ms
[2025-04-17T12:44:07.109+0000][65563][info ][gc,marking  ] GC(1) Concurrent Scan Root Regions
[2025-04-17T12:44:07.112+0000][65563][info ][gc,marking  ] GC(1) Concurrent Scan Root Regions 2.403ms
[2025-04-17T12:44:07.112+0000][65563][info ][gc,marking  ] GC(1) Concurrent Mark
[2025-04-17T12:44:07.112+0000][65563][info ][gc,marking  ] GC(1) Concurrent Mark From Roots
[2025-04-17T12:44:07.112+0000][65563][info ][gc,task     ] GC(1) Using 2 workers of 2 for marking
[2025-04-17T12:44:07.112+0000][65563][info ][gc,marking  ] GC(1) Concurrent Mark From Roots 0.505ms
[2025-04-17T12:44:07.112+0000][65563][info ][gc,marking  ] GC(1) Concurrent Preclean
[2025-04-17T12:44:07.112+0000][65563][info ][gc,marking  ] GC(1) Concurrent Preclean 0.016ms
[2025-04-17T12:44:07.112+0000][65563][info ][gc,start    ] GC(1) Pause Remark
[2025-04-17T12:44:07.113+0000][65563][info ][gc          ] GC(1) Pause Remark 19M->19M(8192M) 0.967ms
[2025-04-17T12:44:07.113+0000][65563][info ][gc,cpu      ] GC(1) User=0.00s Sys=0.00s Real=0.00s
[2025-04-17T12:44:07.113+0000][65563][info ][safepoint   ] Safepoint "G1PauseRemark", Time since last: 3018708 ns, Reaching safepoint: 17083 ns, Cleanup: 4542 ns, At safepoint: 989500 ns, Total: 1011125 ns
[2025-04-17T12:44:07.113+0000][65563][info ][gc,marking  ] GC(1) Concurrent Mark 1.580ms
[2025-04-17T12:44:07.113+0000][65563][info ][gc,marking  ] GC(1) Concurrent Rebuild Remembered Sets
[2025-04-17T12:44:07.113+0000][65563][info ][gc,marking  ] GC(1) Concurrent Rebuild Remembered Sets 0.005ms
[2025-04-17T12:44:07.113+0000][65563][info ][gc,start    ] GC(1) Pause Cleanup
[2025-04-17T12:44:07.113+0000][65563][info ][gc          ] GC(1) Pause Cleanup 19M->19M(8192M) 0.016ms
[2025-04-17T12:44:07.113+0000][65563][info ][gc,cpu      ] GC(1) User=0.00s Sys=0.00s Real=0.00s
[2025-04-17T12:44:07.113+0000][65563][info ][safepoint   ] Safepoint "G1PauseCleanup", Time since last: 35042 ns, Reaching safepoint: 15250 ns, Cleanup: 625 ns, At safepoint: 31000 ns, Total: 46875 ns
[2025-04-17T12:44:07.113+0000][65563][info ][gc,marking  ] GC(1) Concurrent Cleanup for Next Mark
[2025-04-17T12:44:07.119+0000][65563][info ][gc,marking  ] GC(1) Concurrent Cleanup for Next Mark 5.845ms
[2025-04-17T12:44:07.119+0000][65563][info ][gc          ] GC(1) Concurrent Mark Cycle 10.025ms
[2025-04-17T12:44:07.187+0000][65563][info ][safepoint   ] Safepoint "ICBufferFull", Time since last: 73749666 ns, Reaching safepoint: 1292 ns, Cleanup: 54083 ns, At safepoint: 625 ns, Total: 56000 ns
[2025-04-17T12:44:07.293+0000][65563][info ][safepoint   ] Safepoint "ICBufferFull", Time since last: 105683209 ns, Reaching safepoint: 1916 ns, Cleanup: 70375 ns, At safepoint: 625 ns, Total: 72916 ns
[2025-04-17T12:44:07.414+0000][65563][info ][safepoint   ] Safepoint "ICBufferFull", Time since last: 120631750 ns, Reaching safepoint: 18250 ns, Cleanup: 152375 ns, At safepoint: 2084 ns, Total: 172709 ns
[2025-04-17T12:44:07.515+0000][65563][info ][safepoint   ] Safepoint "ICBufferFull", Time since last: 101089166 ns, Reaching safepoint: 1250 ns, Cleanup: 76875 ns, At safepoint: 417 ns, Total: 78542 ns
[2025-04-17T12:44:07.529+0000][65563][info ][gc,start    ] GC(2) Pause Young (Normal) (G1 Evacuation Pause)
[2025-04-17T12:44:07.529+0000][65563][info ][gc,task     ] GC(2) Using 8 workers of 8 for evacuation
[2025-04-17T12:44:07.529+0000][65563][debug][gc,age      ] GC(2) Desired survivor size 27262976 bytes, new threshold 15 (max threshold 15)
[2025-04-17T12:44:07.536+0000][65563][info ][gc,phases   ] GC(2)   Pre Evacuate Collection Set: 0.1ms
[2025-04-17T12:44:07.536+0000][65563][info ][gc,phases   ] GC(2)   Merge Heap Roots: 0.0ms
[2025-04-17T12:44:07.536+0000][65563][info ][gc,phases   ] GC(2)   Evacuate Collection Set: 6.1ms
[2025-04-17T12:44:07.536+0000][65563][info ][gc,phases   ] GC(2)   Post Evacuate Collection Set: 0.3ms
[2025-04-17T12:44:07.536+0000][65563][info ][gc,phases   ] GC(2)   Other: 0.2ms
[2025-04-17T12:44:07.536+0000][65563][trace][gc,age      ] GC(2) Age table with threshold 15 (max threshold 15)
[2025-04-17T12:44:07.536+0000][65563][trace][gc,age      ] GC(2) - age   1:    9496280 bytes,    9496280 total
[2025-04-17T12:44:07.536+0000][65563][trace][gc,age      ] GC(2) - age   2:   11669896 bytes,   21166176 total
[2025-04-17T12:44:07.536+0000][65563][info ][gc,heap     ] GC(2) Eden regions: 98->0(96)
[2025-04-17T12:44:07.536+0000][65563][info ][gc,heap     ] GC(2) Survivor regions: 4->6(13)
[2025-04-17T12:44:07.536+0000][65563][info ][gc,heap     ] GC(2) Old regions: 0->0
[2025-04-17T12:44:07.536+0000][65563][info ][gc,heap     ] GC(2) Archive regions: 2->2
[2025-04-17T12:44:07.536+0000][65563][info ][gc,heap     ] GC(2) Humongous regions: 0->0
[2025-04-17T12:44:07.536+0000][65563][info ][gc,metaspace] GC(2) Metaspace: 26083K(26752K)->26083K(26752K) NonClass: 22906K(23296K)->22906K(23296K) Class: 3177K(3456K)->3177K(3456K)
[2025-04-17T12:44:07.536+0000][65563][info ][gc          ] GC(2) Pause Young (Normal) (G1 Evacuation Pause) 408M->25M(8192M) 6.892ms
[2025-04-17T12:44:07.536+0000][65563][info ][gc,cpu      ] GC(2) User=0.02s Sys=0.01s Real=0.01s
[2025-04-17T12:44:07.536+0000][65563][info ][safepoint   ] Safepoint "G1CollectForAllocation", Time since last: 9263292 ns, Reaching safepoint: 4779208 ns, Cleanup: 42958 ns, At safepoint: 6941417 ns, Total: 11763583 ns
[2025-04-17T12:44:07.613+0000][65563][info ][safepoint   ] Safepoint "ICBufferFull", Time since last: 76524917 ns, Reaching safepoint: 17541 ns, Cleanup: 66125 ns, At safepoint: 2167 ns, Total: 85833 ns
[2025-04-17T12:44:07.708+0000][65563][info ][safepoint   ] Safepoint "ICBufferFull", Time since last: 95244042 ns, Reaching safepoint: 1375 ns, Cleanup: 87875 ns, At safepoint: 375 ns, Total: 89625 ns
[2025-04-17T12:44:07.861+0000][65563][info ][safepoint   ] Safepoint "ICBufferFull", Time since last: 152943375 ns, Reaching safepoint: 1375 ns, Cleanup: 73583 ns, At safepoint: 708 ns, Total: 75666 ns
[2025-04-17T12:44:07.866+0000][65563][info ][gc,start    ] GC(3) Pause Young (Normal) (G1 Evacuation Pause)
[2025-04-17T12:44:07.866+0000][65563][info ][gc,task     ] GC(3) Using 8 workers of 8 for evacuation
[2025-04-17T12:44:07.866+0000][65563][debug][gc,age      ] GC(3) Desired survivor size 27262976 bytes, new threshold 15 (max threshold 15)
[2025-04-17T12:44:07.870+0000][65563][info ][gc,phases   ] GC(3)   Pre Evacuate Collection Set: 0.1ms
[2025-04-17T12:44:07.870+0000][65563][info ][gc,phases   ] GC(3)   Merge Heap Roots: 0.0ms
[2025-04-17T12:44:07.870+0000][65563][info ][gc,phases   ] GC(3)   Evacuate Collection Set: 3.1ms
[2025-04-17T12:44:07.870+0000][65563][info ][gc,phases   ] GC(3)   Post Evacuate Collection Set: 0.3ms
[2025-04-17T12:44:07.870+0000][65563][info ][gc,phases   ] GC(3)   Other: 0.1ms
[2025-04-17T12:44:07.870+0000][65563][trace][gc,age      ] GC(3) Age table with threshold 15 (max threshold 15)
[2025-04-17T12:44:07.870+0000][65563][trace][gc,age      ] GC(3) - age   1:    7936216 bytes,    7936216 total
[2025-04-17T12:44:07.870+0000][65563][trace][gc,age      ] GC(3) - age   2:    9076576 bytes,   17012792 total
[2025-04-17T12:44:07.870+0000][65563][trace][gc,age      ] GC(3) - age   3:   11668296 bytes,   28681088 total
[2025-04-17T12:44:07.870+0000][65563][info ][gc,heap     ] GC(3) Eden regions: 96->0(95)
[2025-04-17T12:44:07.870+0000][65563][info ][gc,heap     ] GC(3) Survivor regions: 6->7(13)
[2025-04-17T12:44:07.870+0000][65563][info ][gc,heap     ] GC(3) Old regions: 0->0
[2025-04-17T12:44:07.870+0000][65563][info ][gc,heap     ] GC(3) Archive regions: 2->2
[2025-04-17T12:44:07.870+0000][65563][info ][gc,heap     ] GC(3) Humongous regions: 0->0
[2025-04-17T12:44:07.870+0000][65563][info ][gc,metaspace] GC(3) Metaspace: 31702K(32384K)->31702K(32384K) NonClass: 27881K(28288K)->27881K(28288K) Class: 3821K(4096K)->3821K(4096K)
[2025-04-17T12:44:07.870+0000][65563][info ][gc          ] GC(3) Pause Young (Normal) (G1 Evacuation Pause) 409M->31M(8192M) 3.812ms
[2025-04-17T12:44:07.870+0000][65563][info ][gc,cpu      ] GC(3) User=0.02s Sys=0.00s Real=0.01s
[2025-04-17T12:44:07.870+0000][65563][info ][safepoint   ] Safepoint "G1CollectForAllocation", Time since last: 5066417 ns, Reaching safepoint: 583 ns, Cleanup: 2459 ns, At safepoint: 3839750 ns, Total: 3842792 ns
[2025-04-17T12:44:07.946+0000][65563][info ][safepoint   ] Safepoint "ICBufferFull", Time since last: 76016125 ns, Reaching safepoint: 1125 ns, Cleanup: 59291 ns, At safepoint: 459 ns, Total: 60875 ns
[2025-04-17T12:44:08.107+0000][65563][info ][safepoint   ] Safepoint "ICBufferFull", Time since last: 160736041 ns, Reaching safepoint: 1875 ns, Cleanup: 51167 ns, At safepoint: 708 ns, Total: 53750 ns
[2025-04-17T12:44:08.133+0000][65563][info ][gc,start    ] GC(4) Pause Young (Normal) (G1 Evacuation Pause)
[2025-04-17T12:44:08.133+0000][65563][info ][gc,task     ] GC(4) Using 8 workers of 8 for evacuation
[2025-04-17T12:44:08.133+0000][65563][debug][gc,age      ] GC(4) Desired survivor size 27262976 bytes, new threshold 3 (max threshold 15)
[2025-04-17T12:44:08.139+0000][65563][info ][gc,phases   ] GC(4)   Pre Evacuate Collection Set: 0.1ms
[2025-04-17T12:44:08.139+0000][65563][info ][gc,phases   ] GC(4)   Merge Heap Roots: 0.0ms
[2025-04-17T12:44:08.139+0000][65563][info ][gc,phases   ] GC(4)   Evacuate Collection Set: 5.5ms
[2025-04-17T12:44:08.139+0000][65563][info ][gc,phases   ] GC(4)   Post Evacuate Collection Set: 0.3ms
[2025-04-17T12:44:08.139+0000][65563][info ][gc,phases   ] GC(4)   Other: 0.1ms
[2025-04-17T12:44:08.139+0000][65563][trace][gc,age      ] GC(4) Age table with threshold 3 (max threshold 15)
[2025-04-17T12:44:08.139+0000][65563][trace][gc,age      ] GC(4) - age   1:    4737352 bytes,    4737352 total
[2025-04-17T12:44:08.139+0000][65563][trace][gc,age      ] GC(4) - age   2:    5687088 bytes,   10424440 total
[2025-04-17T12:44:08.139+0000][65563][trace][gc,age      ] GC(4) - age   3:    9069424 bytes,   19493864 total
[2025-04-17T12:44:08.139+0000][65563][info ][gc,heap     ] GC(4) Eden regions: 95->0(149)
[2025-04-17T12:44:08.139+0000][65563][info ][gc,heap     ] GC(4) Survivor regions: 7->6(13)
[2025-04-17T12:44:08.139+0000][65563][info ][gc,heap     ] GC(4) Old regions: 0->3
[2025-04-17T12:44:08.139+0000][65563][info ][gc,heap     ] GC(4) Archive regions: 2->2
[2025-04-17T12:44:08.139+0000][65563][info ][gc,heap     ] GC(4) Humongous regions: 0->0
[2025-04-17T12:44:08.139+0000][65563][info ][gc,metaspace] GC(4) Metaspace: 34065K(34944K)->34065K(34944K) NonClass: 29919K(30464K)->29919K(30464K) Class: 4145K(4480K)->4145K(4480K)
[2025-04-17T12:44:08.139+0000][65563][info ][gc          ] GC(4) Pause Young (Normal) (G1 Evacuation Pause) 411M->35M(8192M) 6.189ms
[2025-04-17T12:44:08.139+0000][65563][info ][gc,cpu      ] GC(4) User=0.03s Sys=0.01s Real=0.00s
[2025-04-17T12:44:08.139+0000][65563][info ][safepoint   ] Safepoint "G1CollectForAllocation", Time since last: 25940334 ns, Reaching safepoint: 1541 ns, Cleanup: 77500 ns, At safepoint: 6217000 ns, Total: 6296041 ns
[2025-04-17T12:44:08.284+0000][65563][info ][gc,start    ] GC(5) Pause Young (Concurrent Start) (Metadata GC Threshold)
[2025-04-17T12:44:08.284+0000][65563][info ][gc,task     ] GC(5) Using 8 workers of 8 for evacuation
[2025-04-17T12:44:08.284+0000][65563][debug][gc,age      ] GC(5) Desired survivor size 41943040 bytes, new threshold 15 (max threshold 15)
[2025-04-17T12:44:08.287+0000][65563][info ][gc,phases   ] GC(5)   Pre Evacuate Collection Set: 0.2ms
[2025-04-17T12:44:08.287+0000][65563][info ][gc,phases   ] GC(5)   Merge Heap Roots: 0.0ms
[2025-04-17T12:44:08.287+0000][65563][info ][gc,phases   ] GC(5)   Evacuate Collection Set: 2.8ms
[2025-04-17T12:44:08.287+0000][65563][info ][gc,phases   ] GC(5)   Post Evacuate Collection Set: 0.2ms
[2025-04-17T12:44:08.287+0000][65563][info ][gc,phases   ] GC(5)   Other: 0.1ms
[2025-04-17T12:44:08.287+0000][65563][trace][gc,age      ] GC(5) Age table with threshold 15 (max threshold 15)
[2025-04-17T12:44:08.287+0000][65563][trace][gc,age      ] GC(5) - age   1:    3183264 bytes,    3183264 total
[2025-04-17T12:44:08.287+0000][65563][trace][gc,age      ] GC(5) - age   2:    4505704 bytes,    7688968 total
[2025-04-17T12:44:08.287+0000][65563][trace][gc,age      ] GC(5) - age   3:    5684512 bytes,   13373480 total
[2025-04-17T12:44:08.287+0000][65563][trace][gc,age      ] GC(5) - age   4:    9064688 bytes,   22438168 total
[2025-04-17T12:44:08.287+0000][65563][info ][gc,heap     ] GC(5) Eden regions: 48->0(250)
[2025-04-17T12:44:08.287+0000][65563][info ][gc,heap     ] GC(5) Survivor regions: 6->6(20)
[2025-04-17T12:44:08.287+0000][65563][info ][gc,heap     ] GC(5) Old regions: 3->3
[2025-04-17T12:44:08.287+0000][65563][info ][gc,heap     ] GC(5) Archive regions: 2->2
[2025-04-17T12:44:08.287+0000][65563][info ][gc,heap     ] GC(5) Humongous regions: 0->0
[2025-04-17T12:44:08.287+0000][65563][info ][gc,metaspace] GC(5) Metaspace: 35298K(36160K)->35298K(36160K) NonClass: 31019K(31552K)->31019K(31552K) Class: 4279K(4608K)->4279K(4608K)
[2025-04-17T12:44:08.287+0000][65563][info ][gc          ] GC(5) Pause Young (Concurrent Start) (Metadata GC Threshold) 225M->38M(8192M) 3.508ms
[2025-04-17T12:44:08.287+0000][65563][info ][gc,cpu      ] GC(5) User=0.02s Sys=0.01s Real=0.00s
[2025-04-17T12:44:08.287+0000][65563][info ][gc          ] GC(6) Concurrent Mark Cycle
[2025-04-17T12:44:08.287+0000][65563][info ][gc,marking  ] GC(6) Concurrent Clear Claimed Marks
[2025-04-17T12:44:08.287+0000][65563][info ][safepoint   ] Safepoint "CollectForMetadataAllocation", Time since last: 144545917 ns, Reaching safepoint: 1042 ns, Cleanup: 71791 ns, At safepoint: 3559500 ns, Total: 3632333 ns
[2025-04-17T12:44:08.287+0000][65563][info ][gc,marking  ] GC(6) Concurrent Clear Claimed Marks 0.018ms
[2025-04-17T12:44:08.287+0000][65563][info ][gc,marking  ] GC(6) Concurrent Scan Root Regions
[2025-04-17T12:44:08.290+0000][65563][info ][gc,marking  ] GC(6) Concurrent Scan Root Regions 2.660ms
[2025-04-17T12:44:08.290+0000][65563][info ][gc,marking  ] GC(6) Concurrent Mark
[2025-04-17T12:44:08.290+0000][65563][info ][gc,marking  ] GC(6) Concurrent Mark From Roots
[2025-04-17T12:44:08.290+0000][65563][info ][gc,task     ] GC(6) Using 2 workers of 2 for marking
[2025-04-17T12:44:08.293+0000][65563][info ][gc,marking  ] GC(6) Concurrent Mark From Roots 3.229ms
[2025-04-17T12:44:08.293+0000][65563][info ][gc,marking  ] GC(6) Concurrent Preclean
[2025-04-17T12:44:08.293+0000][65563][info ][gc,marking  ] GC(6) Concurrent Preclean 0.037ms
[2025-04-17T12:44:08.293+0000][65563][info ][gc,start    ] GC(6) Pause Remark
[2025-04-17T12:44:08.294+0000][65563][info ][gc          ] GC(6) Pause Remark 40M->40M(8192M) 1.118ms
[2025-04-17T12:44:08.294+0000][65563][info ][gc,cpu      ] GC(6) User=0.01s Sys=0.00s Real=0.00s
[2025-04-17T12:44:08.294+0000][65563][info ][safepoint   ] Safepoint "G1PauseRemark", Time since last: 6035750 ns, Reaching safepoint: 16709 ns, Cleanup: 4250 ns, At safepoint: 1142583 ns, Total: 1163542 ns
[2025-04-17T12:44:08.294+0000][65563][info ][gc,marking  ] GC(6) Concurrent Mark 4.503ms
[2025-04-17T12:44:08.294+0000][65563][info ][gc,marking  ] GC(6) Concurrent Rebuild Remembered Sets
[2025-04-17T12:44:08.297+0000][65563][info ][gc,marking  ] GC(6) Concurrent Rebuild Remembered Sets 2.596ms
[2025-04-17T12:44:08.297+0000][65563][info ][gc,start    ] GC(6) Pause Cleanup
[2025-04-17T12:44:08.297+0000][65563][info ][gc          ] GC(6) Pause Cleanup 40M->40M(8192M) 0.083ms
[2025-04-17T12:44:08.297+0000][65563][info ][gc,cpu      ] GC(6) User=0.00s Sys=0.00s Real=0.00s
[2025-04-17T12:44:08.297+0000][65563][info ][safepoint   ] Safepoint "G1PauseCleanup", Time since last: 2702250 ns, Reaching safepoint: 21875 ns, Cleanup: 1042 ns, At safepoint: 106875 ns, Total: 129792 ns
[2025-04-17T12:44:08.297+0000][65563][info ][gc,marking  ] GC(6) Concurrent Cleanup for Next Mark
[2025-04-17T12:44:08.303+0000][65563][info ][gc,marking  ] GC(6) Concurrent Cleanup for Next Mark 6.202ms
[2025-04-17T12:44:08.303+0000][65563][info ][gc          ] GC(6) Concurrent Mark Cycle 16.319ms
[2025-04-17T12:44:08.400+0000][65563][info ][safepoint   ] Safepoint "ICBufferFull", Time since last: 102239666 ns, Reaching safepoint: 18125 ns, Cleanup: 62917 ns, At safepoint: 1375 ns, Total: 82417 ns
[2025-04-17T12:44:08.490+0000][65563][info ][safepoint   ] Safepoint "ICBufferFull", Time since last: 89972708 ns, Reaching safepoint: 1084 ns, Cleanup: 47791 ns, At safepoint: 375 ns, Total: 49250 ns
[2025-04-17T12:44:08.527+0000][65563][info ][safepoint   ] Safepoint "ICBufferFull", Time since last: 37238750 ns, Reaching safepoint: 18042 ns, Cleanup: 82125 ns, At safepoint: 1833 ns, Total: 102000 ns
[2025-04-17T12:44:08.608+0000][65563][info ][safepoint   ] Safepoint "ICBufferFull", Time since last: 81202375 ns, Reaching safepoint: 18584 ns, Cleanup: 95833 ns, At safepoint: 2458 ns, Total: 116875 ns
[2025-04-17T12:44:08.665+0000][65563][info ][safepoint   ] Safepoint "ICBufferFull", Time since last: 57051709 ns, Reaching safepoint: 1791 ns, Cleanup: 79000 ns, At safepoint: 1792 ns, Total: 82583 ns
[2025-04-17T12:44:08.820+0000][65563][info ][safepoint   ] Safepoint "ICBufferFull", Time since last: 154788000 ns, Reaching safepoint: 1792 ns, Cleanup: 53125 ns, At safepoint: 458 ns, Total: 55375 ns
[2025-04-17T12:44:09.350+0000][65563][info ][safepoint   ] Safepoint "ICBufferFull", Time since last: 529267792 ns, Reaching safepoint: 4625 ns, Cleanup: 101250 ns, At safepoint: 1958 ns, Total: 107833 ns
[2025-04-17T12:44:09.407+0000][65563][info ][safepoint   ] Safepoint "ICBufferFull", Time since last: 56908083 ns, Reaching safepoint: 1917 ns, Cleanup: 44625 ns, At safepoint: 833 ns, Total: 47375 ns
[2025-04-17T12:44:09.462+0000][65563][info ][safepoint   ] Safepoint "ICBufferFull", Time since last: 55730167 ns, Reaching safepoint: 18708 ns, Cleanup: 75875 ns, At safepoint: 1959 ns, Total: 96542 ns
[2025-04-17T12:44:09.475+0000][65563][info ][safepoint   ] Safepoint "ICBufferFull", Time since last: 12121041 ns, Reaching safepoint: 26542 ns, Cleanup: 128500 ns, At safepoint: 3000 ns, Total: 158042 ns
[2025-04-17T12:44:09.629+0000][65563][info ][safepoint   ] Safepoint "ICBufferFull", Time since last: 153784583 ns, Reaching safepoint: 2209 ns, Cleanup: 147458 ns, At safepoint: 1792 ns, Total: 151459 ns
[2025-04-17T12:44:09.666+0000][65563][info ][gc,start    ] GC(7) Pause Young (Concurrent Start) (Metadata GC Threshold)
[2025-04-17T12:44:09.666+0000][65563][info ][gc,task     ] GC(7) Using 8 workers of 8 for evacuation
[2025-04-17T12:44:09.666+0000][65563][debug][gc,age      ] GC(7) Desired survivor size 79691776 bytes, new threshold 15 (max threshold 15)
[2025-04-17T12:44:09.677+0000][65563][info ][gc,phases   ] GC(7)   Pre Evacuate Collection Set: 0.2ms
[2025-04-17T12:44:09.677+0000][65563][info ][gc,phases   ] GC(7)   Merge Heap Roots: 0.0ms
[2025-04-17T12:44:09.677+0000][65563][info ][gc,phases   ] GC(7)   Evacuate Collection Set: 10.7ms
[2025-04-17T12:44:09.677+0000][65563][info ][gc,phases   ] GC(7)   Post Evacuate Collection Set: 0.6ms
[2025-04-17T12:44:09.677+0000][65563][info ][gc,phases   ] GC(7)   Other: 0.1ms
[2025-04-17T12:44:09.677+0000][65563][trace][gc,age      ] GC(7) Age table with threshold 15 (max threshold 15)
[2025-04-17T12:44:09.677+0000][65563][trace][gc,age      ] GC(7) - age   1:   25333504 bytes,   25333504 total
[2025-04-17T12:44:09.677+0000][65563][trace][gc,age      ] GC(7) - age   2:    3148944 bytes,   28482448 total
[2025-04-17T12:44:09.677+0000][65563][trace][gc,age      ] GC(7) - age   3:    4446880 bytes,   32929328 total
[2025-04-17T12:44:09.677+0000][65563][trace][gc,age      ] GC(7) - age   4:    5654488 bytes,   38583816 total
[2025-04-17T12:44:09.677+0000][65563][trace][gc,age      ] GC(7) - age   5:    9024816 bytes,   47608632 total
[2025-04-17T12:44:09.677+0000][65563][info ][gc,heap     ] GC(7) Eden regions: 118->0(133)
[2025-04-17T12:44:09.677+0000][65563][info ][gc,heap     ] GC(7) Survivor regions: 6->12(38)
[2025-04-17T12:44:09.677+0000][65563][info ][gc,heap     ] GC(7) Old regions: 3->3
[2025-04-17T12:44:09.677+0000][65563][info ][gc,heap     ] GC(7) Archive regions: 2->2
[2025-04-17T12:44:09.677+0000][65563][info ][gc,heap     ] GC(7) Humongous regions: 0->0
[2025-04-17T12:44:09.677+0000][65563][info ][gc,metaspace] GC(7) Metaspace: 59305K(60736K)->59305K(60736K) NonClass: 51525K(52352K)->51525K(52352K) Class: 7780K(8384K)->7780K(8384K)
[2025-04-17T12:44:09.677+0000][65563][info ][gc          ] GC(7) Pause Young (Concurrent Start) (Metadata GC Threshold) 508M->63M(8192M) 11.724ms
[2025-04-17T12:44:09.677+0000][65563][info ][gc,cpu      ] GC(7) User=0.05s Sys=0.01s Real=0.01s
[2025-04-17T12:44:09.677+0000][65563][info ][gc          ] GC(8) Concurrent Mark Cycle
[2025-04-17T12:44:09.677+0000][65563][info ][gc,marking  ] GC(8) Concurrent Clear Claimed Marks
[2025-04-17T12:44:09.677+0000][65563][info ][safepoint   ] Safepoint "CollectForMetadataAllocation", Time since last: 37108666 ns, Reaching safepoint: 18959 ns, Cleanup: 8375 ns, At safepoint: 11774916 ns, Total: 11802250 ns
[2025-04-17T12:44:09.678+0000][65563][info ][gc,marking  ] GC(8) Concurrent Clear Claimed Marks 0.041ms
[2025-04-17T12:44:09.678+0000][65563][info ][gc,marking  ] GC(8) Concurrent Scan Root Regions
[2025-04-17T12:44:09.686+0000][65563][info ][safepoint   ] Safepoint "CollectForMetadataAllocation", Time since last: 8296875 ns, Reaching safepoint: 1542 ns, Cleanup: 4833 ns, At safepoint: 9209 ns, Total: 15584 ns
[2025-04-17T12:44:09.687+0000][65563][info ][gc,marking  ] GC(8) Concurrent Scan Root Regions 9.167ms
[2025-04-17T12:44:09.687+0000][65563][info ][gc,marking  ] GC(8) Concurrent Mark
[2025-04-17T12:44:09.687+0000][65563][info ][gc,marking  ] GC(8) Concurrent Mark From Roots
[2025-04-17T12:44:09.687+0000][65563][info ][gc,task     ] GC(8) Using 2 workers of 2 for marking
[2025-04-17T12:44:09.690+0000][65563][info ][gc,marking  ] GC(8) Concurrent Mark From Roots 3.368ms
[2025-04-17T12:44:09.690+0000][65563][info ][gc,marking  ] GC(8) Concurrent Preclean
[2025-04-17T12:44:09.690+0000][65563][info ][gc,marking  ] GC(8) Concurrent Preclean 0.056ms
[2025-04-17T12:44:09.690+0000][65563][info ][gc,start    ] GC(8) Pause Remark
[2025-04-17T12:44:09.692+0000][65563][info ][gc          ] GC(8) Pause Remark 67M->67M(8192M) 1.366ms
[2025-04-17T12:44:09.692+0000][65563][info ][gc,cpu      ] GC(8) User=0.01s Sys=0.00s Real=0.00s
[2025-04-17T12:44:09.692+0000][65563][info ][safepoint   ] Safepoint "G1PauseRemark", Time since last: 4429333 ns, Reaching safepoint: 17125 ns, Cleanup: 1000 ns, At safepoint: 1405917 ns, Total: 1424042 ns
[2025-04-17T12:44:09.692+0000][65563][info ][gc,marking  ] GC(8) Concurrent Mark 4.923ms
[2025-04-17T12:44:09.692+0000][65563][info ][gc,marking  ] GC(8) Concurrent Rebuild Remembered Sets
[2025-04-17T12:44:09.695+0000][65563][info ][gc,marking  ] GC(8) Concurrent Rebuild Remembered Sets 3.019ms
[2025-04-17T12:44:09.695+0000][65563][info ][gc,start    ] GC(8) Pause Cleanup
[2025-04-17T12:44:09.695+0000][65563][info ][gc          ] GC(8) Pause Cleanup 67M->67M(8192M) 0.116ms
[2025-04-17T12:44:09.695+0000][65563][info ][gc,cpu      ] GC(8) User=0.00s Sys=0.00s Real=0.00s
[2025-04-17T12:44:09.695+0000][65563][info ][safepoint   ] Safepoint "G1PauseCleanup", Time since last: 3076916 ns, Reaching safepoint: 132792 ns, Cleanup: 1458 ns, At safepoint: 143459 ns, Total: 277709 ns
[2025-04-17T12:44:09.695+0000][65563][info ][gc,marking  ] GC(8) Concurrent Cleanup for Next Mark
[2025-04-17T12:44:09.698+0000][65563][info ][gc,marking  ] GC(8) Concurrent Cleanup for Next Mark 3.373ms
[2025-04-17T12:44:09.698+0000][65563][info ][gc          ] GC(8) Concurrent Mark Cycle 20.956ms
[2025-04-17T12:44:09.913+0000][65563][info ][safepoint   ] Safepoint "ICBufferFull", Time since last: 218151000 ns, Reaching safepoint: 2208 ns, Cleanup: 60000 ns, At safepoint: 667 ns, Total: 62875 ns
[2025-04-17T12:44:10.410+0000][65563][info ][safepoint   ] Safepoint "ICBufferFull", Time since last: 496207208 ns, Reaching safepoint: 1750 ns, Cleanup: 130083 ns, At safepoint: 584 ns, Total: 132417 ns
[2025-04-17T12:44:11.415+0000][65563][info ][safepoint   ] Safepoint "Cleanup", Time since last: 1005078000 ns, Reaching safepoint: 10416 ns, Cleanup: 239167 ns, At safepoint: 7542 ns, Total: 257125 ns
[2025-04-17T12:44:12.416+0000][65563][info ][safepoint   ] Safepoint "Cleanup", Time since last: 1000608375 ns, Reaching safepoint: 10041 ns, Cleanup: 24334 ns, At safepoint: 3583 ns, Total: 37958 ns
[2025-04-17T12:44:13.421+0000][65563][info ][safepoint   ] Safepoint "Cleanup", Time since last: 1005227917 ns, Reaching safepoint: 10166 ns, Cleanup: 32792 ns, At safepoint: 2625 ns, Total: 45583 ns
[2025-04-17T12:44:14.426+0000][65563][info ][safepoint   ] Safepoint "Cleanup", Time since last: 1005205292 ns, Reaching safepoint: 9750 ns, Cleanup: 22666 ns, At safepoint: 3125 ns, Total: 35541 ns
[2025-04-17T12:44:15.431+0000][65563][info ][safepoint   ] Safepoint "Cleanup", Time since last: 1005196542 ns, Reaching safepoint: 9917 ns, Cleanup: 33958 ns, At safepoint: 3000 ns, Total: 46875 ns
[2025-04-17T12:44:18.446+0000][65563][info ][safepoint   ] Safepoint "Cleanup", Time since last: 3015042000 ns, Reaching safepoint: 9000 ns, Cleanup: 22708 ns, At safepoint: 2875 ns, Total: 34583 ns
[2025-04-17T12:44:22.633+0000][65563][info ][gc,heap,exit] Heap
[2025-04-17T12:44:22.633+0000][65563][info ][gc,heap,exit]  garbage-first heap   total 8388608K, used 474146K [0x0000000600000000, 0x0000000800000000)
[2025-04-17T12:44:22.633+0000][65563][info ][gc,heap,exit]   region size 4096K, 112 young (458752K), 12 survivors (49152K)
[2025-04-17T12:44:22.633+0000][65563][info ][gc,heap,exit]  Metaspace       used 73116K, committed 74752K, reserved 1114112K
[2025-04-17T12:44:22.633+0000][65563][info ][gc,heap,exit]   class space    used 9933K, committed 10624K, reserved 1048576K
