[2025-04-17T13:11:01.840+0000][25234][info][gc] Using G1
[2025-04-17T13:11:02.649+0000][25234][info][gc,init] Version: 17.0.15+0 (release)
[2025-04-17T13:11:02.649+0000][25234][info][gc,init] CPUs: 8 total, 8 available
[2025-04-17T13:11:02.649+0000][25234][info][gc,init] Memory: 16384M
[2025-04-17T13:11:02.649+0000][25234][info][gc,init] Large Page Support: Disabled
[2025-04-17T13:11:02.649+0000][25234][info][gc,init] NUMA Support: Disabled
[2025-04-17T13:11:02.649+0000][25234][info][gc,init] Compressed Oops: Enabled (Zero based)
[2025-04-17T13:11:02.649+0000][25234][info][gc,init] Heap Region Size: 4M
[2025-04-17T13:11:02.649+0000][25234][info][gc,init] Heap Min Capacity: 8G
[2025-04-17T13:11:02.649+0000][25234][info][gc,init] Heap Initial Capacity: 8G
[2025-04-17T13:11:02.649+0000][25234][info][gc,init] Heap Max Capacity: 8G
[2025-04-17T13:11:02.649+0000][25234][info][gc,init] Pre-touch: Enabled
[2025-04-17T13:11:02.649+0000][25234][info][gc,init] Parallel Workers: 8
[2025-04-17T13:11:02.649+0000][25234][info][gc,init] Concurrent Workers: 2
[2025-04-17T13:11:02.649+0000][25234][info][gc,init] Concurrent Refinement Workers: 8
[2025-04-17T13:11:02.649+0000][25234][info][gc,init] Periodic GC: Disabled
[2025-04-17T13:11:02.652+0000][25234][info][gc,metaspace] CDS archive(s) mapped at: [0x0000000500000000-0x0000000500bc0000-0x0000000500bc0000), size 12320768, SharedBaseAddress: 0x0000000500000000, ArchiveRelocationMode: 1.
[2025-04-17T13:11:02.652+0000][25234][info][gc,metaspace] Compressed class space mapped at: 0x0000000501000000-0x0000000541000000, reserved size: 1073741824
[2025-04-17T13:11:02.652+0000][25234][info][gc,metaspace] Narrow klass base: 0x0000000500000000, Narrow klass shift: 0, Narrow klass range: 0x100000000
[2025-04-17T13:11:02.697+0000][25234][info][safepoint   ] Safepoint "ICBufferFull", Time since last: 42933667 ns, Reaching safepoint: 1500 ns, Cleanup: 41083 ns, At safepoint: 1500 ns, Total: 44083 ns
[2025-04-17T13:11:02.767+0000][25234][info][safepoint   ] Safepoint "ICBufferFull", Time since last: 69444792 ns, Reaching safepoint: 1333 ns, Cleanup: 55709 ns, At safepoint: 1041 ns, Total: 58083 ns
[2025-04-17T13:11:02.825+0000][25234][info][safepoint   ] Safepoint "ICBufferFull", Time since last: 57684042 ns, Reaching safepoint: 1500 ns, Cleanup: 47583 ns, At safepoint: 709 ns, Total: 49792 ns
[2025-04-17T13:11:03.097+0000][25234][info][safepoint   ] Safepoint "ICBufferFull", Time since last: 272832958 ns, Reaching safepoint: 18417 ns, Cleanup: 62000 ns, At safepoint: 2125 ns, Total: 82542 ns
[2025-04-17T13:11:03.165+0000][25234][info][safepoint   ] Safepoint "ICBufferFull", Time since last: 67616125 ns, Reaching safepoint: 1333 ns, Cleanup: 54083 ns, At safepoint: 542 ns, Total: 55958 ns
[2025-04-17T13:11:03.468+0000][25234][info][safepoint   ] Safepoint "ICBufferFull", Time since last: 303091917 ns, Reaching safepoint: 2166 ns, Cleanup: 62375 ns, At safepoint: 375 ns, Total: 64916 ns
[2025-04-17T13:11:03.502+0000][25234][info][safepoint   ] Safepoint "ICBufferFull", Time since last: 33248834 ns, Reaching safepoint: 1500 ns, Cleanup: 44833 ns, At safepoint: 542 ns, Total: 46875 ns
[2025-04-17T13:11:03.638+0000][25234][info][safepoint   ] Safepoint "ICBufferFull", Time since last: 136191541 ns, Reaching safepoint: 1709 ns, Cleanup: 67333 ns, At safepoint: 583 ns, Total: 69625 ns
[2025-04-17T13:11:03.806+0000][25234][info][safepoint   ] Safepoint "ICBufferFull", Time since last: 167913875 ns, Reaching safepoint: 1709 ns, Cleanup: 57625 ns, At safepoint: 666 ns, Total: 60000 ns
[2025-04-17T13:11:03.852+0000][25234][info][safepoint   ] Safepoint "ICBufferFull", Time since last: 46025709 ns, Reaching safepoint: 60125 ns, Cleanup: 68041 ns, At safepoint: 1792 ns, Total: 129958 ns
[2025-04-17T13:11:03.950+0000][25234][info][safepoint   ] Safepoint "ICBufferFull", Time since last: 97666458 ns, Reaching safepoint: 1459 ns, Cleanup: 45875 ns, At safepoint: 583 ns, Total: 47917 ns
[2025-04-17T13:11:04.010+0000][25234][info][safepoint   ] Safepoint "ICBufferFull", Time since last: 60104667 ns, Reaching safepoint: 1458 ns, Cleanup: 87792 ns, At safepoint: 291 ns, Total: 89541 ns
[2025-04-17T13:11:04.097+0000][25234][info][gc,start    ] GC(0) Pause Young (Concurrent Start) (Metadata GC Threshold)
[2025-04-17T13:11:04.097+0000][25234][info][gc,task     ] GC(0) Using 8 workers of 8 for evacuation
[2025-04-17T13:11:04.097+0000][25234][debug][gc,age      ] GC(0) Desired survivor size 27262976 bytes, new threshold 15 (max threshold 15)
[2025-04-17T13:11:04.102+0000][25234][info ][gc,phases   ] GC(0)   Pre Evacuate Collection Set: 0.2ms
[2025-04-17T13:11:04.102+0000][25234][info ][gc,phases   ] GC(0)   Merge Heap Roots: 0.1ms
[2025-04-17T13:11:04.102+0000][25234][info ][gc,phases   ] GC(0)   Evacuate Collection Set: 3.7ms
[2025-04-17T13:11:04.102+0000][25234][info ][gc,phases   ] GC(0)   Post Evacuate Collection Set: 0.5ms
[2025-04-17T13:11:04.102+0000][25234][info ][gc,phases   ] GC(0)   Other: 0.1ms
[2025-04-17T13:11:04.102+0000][25234][trace][gc,age      ] GC(0) Age table with threshold 15 (max threshold 15)
[2025-04-17T13:11:04.102+0000][25234][trace][gc,age      ] GC(0) - age   1:   12550176 bytes,   12550176 total
[2025-04-17T13:11:04.102+0000][25234][info ][gc,heap     ] GC(0) Eden regions: 73->0(98)
[2025-04-17T13:11:04.102+0000][25234][info ][gc,heap     ] GC(0) Survivor regions: 0->4(13)
[2025-04-17T13:11:04.102+0000][25234][info ][gc,heap     ] GC(0) Old regions: 0->0
[2025-04-17T13:11:04.102+0000][25234][info ][gc,heap     ] GC(0) Archive regions: 2->2
[2025-04-17T13:11:04.102+0000][25234][info ][gc,heap     ] GC(0) Humongous regions: 0->0
[2025-04-17T13:11:04.102+0000][25234][info ][gc,metaspace] GC(0) Metaspace: 21015K(21504K)->21015K(21504K) NonClass: 18534K(18816K)->18534K(18816K) Class: 2481K(2688K)->2481K(2688K)
[2025-04-17T13:11:04.102+0000][25234][info ][gc          ] GC(0) Pause Young (Concurrent Start) (Metadata GC Threshold) 293M->16M(8192M) 4.616ms
[2025-04-17T13:11:04.102+0000][25234][info ][gc,cpu      ] GC(0) User=0.02s Sys=0.01s Real=0.01s
[2025-04-17T13:11:04.102+0000][25234][info ][gc          ] GC(1) Concurrent Mark Cycle
[2025-04-17T13:11:04.102+0000][25234][info ][safepoint   ] Safepoint "CollectForMetadataAllocation", Time since last: 87413209 ns, Reaching safepoint: 1208 ns, Cleanup: 46333 ns, At safepoint: 4675417 ns, Total: 4722958 ns
[2025-04-17T13:11:04.102+0000][25234][info ][gc,marking  ] GC(1) Concurrent Clear Claimed Marks
[2025-04-17T13:11:04.102+0000][25234][info ][gc,marking  ] GC(1) Concurrent Clear Claimed Marks 0.022ms
[2025-04-17T13:11:04.102+0000][25234][info ][gc,marking  ] GC(1) Concurrent Scan Root Regions
[2025-04-17T13:11:04.104+0000][25234][info ][gc,marking  ] GC(1) Concurrent Scan Root Regions 1.780ms
[2025-04-17T13:11:04.104+0000][25234][info ][gc,marking  ] GC(1) Concurrent Mark
[2025-04-17T13:11:04.104+0000][25234][info ][gc,marking  ] GC(1) Concurrent Mark From Roots
[2025-04-17T13:11:04.104+0000][25234][info ][gc,task     ] GC(1) Using 2 workers of 2 for marking
[2025-04-17T13:11:04.104+0000][25234][info ][gc,marking  ] GC(1) Concurrent Mark From Roots 0.620ms
[2025-04-17T13:11:04.105+0000][25234][info ][gc,marking  ] GC(1) Concurrent Preclean
[2025-04-17T13:11:04.105+0000][25234][info ][gc,marking  ] GC(1) Concurrent Preclean 0.016ms
[2025-04-17T13:11:04.105+0000][25234][info ][gc,start    ] GC(1) Pause Remark
[2025-04-17T13:11:04.106+0000][25234][info ][gc          ] GC(1) Pause Remark 19M->19M(8192M) 1.010ms
[2025-04-17T13:11:04.106+0000][25234][info ][gc,cpu      ] GC(1) User=0.00s Sys=0.00s Real=0.00s
[2025-04-17T13:11:04.106+0000][25234][info ][safepoint   ] Safepoint "G1PauseRemark", Time since last: 2499000 ns, Reaching safepoint: 1167 ns, Cleanup: 5333 ns, At safepoint: 1038250 ns, Total: 1044750 ns
[2025-04-17T13:11:04.106+0000][25234][info ][gc,marking  ] GC(1) Concurrent Mark 1.726ms
[2025-04-17T13:11:04.106+0000][25234][info ][gc,marking  ] GC(1) Concurrent Rebuild Remembered Sets
[2025-04-17T13:11:04.106+0000][25234][info ][gc,marking  ] GC(1) Concurrent Rebuild Remembered Sets 0.006ms
[2025-04-17T13:11:04.106+0000][25234][info ][gc,start    ] GC(1) Pause Cleanup
[2025-04-17T13:11:04.106+0000][25234][info ][gc          ] GC(1) Pause Cleanup 19M->19M(8192M) 0.017ms
[2025-04-17T13:11:04.106+0000][25234][info ][gc,cpu      ] GC(1) User=0.00s Sys=0.00s Real=0.00s
[2025-04-17T13:11:04.106+0000][25234][info ][safepoint   ] Safepoint "G1PauseCleanup", Time since last: 33750 ns, Reaching safepoint: 708 ns, Cleanup: 709 ns, At safepoint: 37875 ns, Total: 39292 ns
[2025-04-17T13:11:04.106+0000][25234][info ][gc,marking  ] GC(1) Concurrent Cleanup for Next Mark
[2025-04-17T13:11:04.111+0000][25234][info ][gc,marking  ] GC(1) Concurrent Cleanup for Next Mark 5.638ms
[2025-04-17T13:11:04.111+0000][25234][info ][gc          ] GC(1) Concurrent Mark Cycle 9.316ms
[2025-04-17T13:11:04.175+0000][25234][info ][safepoint   ] Safepoint "ICBufferFull", Time since last: 69650250 ns, Reaching safepoint: 1458 ns, Cleanup: 72208 ns, At safepoint: 792 ns, Total: 74458 ns
[2025-04-17T13:11:04.268+0000][25234][info ][safepoint   ] Safepoint "ICBufferFull", Time since last: 92218167 ns, Reaching safepoint: 1458 ns, Cleanup: 72667 ns, At safepoint: 1458 ns, Total: 75583 ns
[2025-04-17T13:11:04.383+0000][25234][info ][safepoint   ] Safepoint "ICBufferFull", Time since last: 115356208 ns, Reaching safepoint: 1500 ns, Cleanup: 135250 ns, At safepoint: 709 ns, Total: 137459 ns
[2025-04-17T13:11:04.493+0000][25234][info ][gc,start    ] GC(2) Pause Young (Normal) (G1 Evacuation Pause)
[2025-04-17T13:11:04.493+0000][25234][info ][gc,task     ] GC(2) Using 8 workers of 8 for evacuation
[2025-04-17T13:11:04.493+0000][25234][debug][gc,age      ] GC(2) Desired survivor size 27262976 bytes, new threshold 15 (max threshold 15)
[2025-04-17T13:11:04.499+0000][25234][info ][gc,phases   ] GC(2)   Pre Evacuate Collection Set: 0.2ms
[2025-04-17T13:11:04.499+0000][25234][info ][gc,phases   ] GC(2)   Merge Heap Roots: 0.1ms
[2025-04-17T13:11:04.499+0000][25234][info ][gc,phases   ] GC(2)   Evacuate Collection Set: 5.7ms
[2025-04-17T13:11:04.499+0000][25234][info ][gc,phases   ] GC(2)   Post Evacuate Collection Set: 0.4ms
[2025-04-17T13:11:04.499+0000][25234][info ][gc,phases   ] GC(2)   Other: 0.1ms
[2025-04-17T13:11:04.499+0000][25234][trace][gc,age      ] GC(2) Age table with threshold 15 (max threshold 15)
[2025-04-17T13:11:04.499+0000][25234][trace][gc,age      ] GC(2) - age   1:    9431312 bytes,    9431312 total
[2025-04-17T13:11:04.499+0000][25234][trace][gc,age      ] GC(2) - age   2:   11663048 bytes,   21094360 total
[2025-04-17T13:11:04.499+0000][25234][info ][gc,heap     ] GC(2) Eden regions: 98->0(96)
[2025-04-17T13:11:04.499+0000][25234][info ][gc,heap     ] GC(2) Survivor regions: 4->6(13)
[2025-04-17T13:11:04.499+0000][25234][info ][gc,heap     ] GC(2) Old regions: 0->0
[2025-04-17T13:11:04.499+0000][25234][info ][gc,heap     ] GC(2) Archive regions: 2->2
[2025-04-17T13:11:04.499+0000][25234][info ][gc,heap     ] GC(2) Humongous regions: 0->0
[2025-04-17T13:11:04.499+0000][25234][info ][gc,metaspace] GC(2) Metaspace: 26361K(27008K)->26361K(27008K) NonClass: 23143K(23488K)->23143K(23488K) Class: 3218K(3520K)->3218K(3520K)
[2025-04-17T13:11:04.499+0000][25234][info ][gc          ] GC(2) Pause Young (Normal) (G1 Evacuation Pause) 408M->25M(8192M) 6.512ms
[2025-04-17T13:11:04.499+0000][25234][info ][gc,cpu      ] GC(2) User=0.03s Sys=0.01s Real=0.00s
[2025-04-17T13:11:04.499+0000][25234][info ][safepoint   ] Safepoint "G1CollectForAllocation", Time since last: 109353625 ns, Reaching safepoint: 1250 ns, Cleanup: 55125 ns, At safepoint: 6541875 ns, Total: 6598250 ns
[2025-04-17T13:11:04.571+0000][25234][info ][safepoint   ] Safepoint "ICBufferFull", Time since last: 71821291 ns, Reaching safepoint: 20375 ns, Cleanup: 76125 ns, At safepoint: 1542 ns, Total: 98042 ns
[2025-04-17T13:11:04.742+0000][25234][info ][safepoint   ] Safepoint "ICBufferFull", Time since last: 170749333 ns, Reaching safepoint: 1792 ns, Cleanup: 133208 ns, At safepoint: 1000 ns, Total: 136000 ns
[2025-04-17T13:11:04.836+0000][25234][info ][gc,start    ] GC(3) Pause Young (Normal) (G1 Evacuation Pause)
[2025-04-17T13:11:04.836+0000][25234][info ][gc,task     ] GC(3) Using 8 workers of 8 for evacuation
[2025-04-17T13:11:04.836+0000][25234][debug][gc,age      ] GC(3) Desired survivor size 27262976 bytes, new threshold 15 (max threshold 15)
[2025-04-17T13:11:04.840+0000][25234][info ][gc,phases   ] GC(3)   Pre Evacuate Collection Set: 0.1ms
[2025-04-17T13:11:04.840+0000][25234][info ][gc,phases   ] GC(3)   Merge Heap Roots: 0.0ms
[2025-04-17T13:11:04.840+0000][25234][info ][gc,phases   ] GC(3)   Evacuate Collection Set: 3.1ms
[2025-04-17T13:11:04.840+0000][25234][info ][gc,phases   ] GC(3)   Post Evacuate Collection Set: 0.4ms
[2025-04-17T13:11:04.840+0000][25234][info ][gc,phases   ] GC(3)   Other: 0.1ms
[2025-04-17T13:11:04.840+0000][25234][trace][gc,age      ] GC(3) Age table with threshold 15 (max threshold 15)
[2025-04-17T13:11:04.840+0000][25234][trace][gc,age      ] GC(3) - age   1:    5737832 bytes,    5737832 total
[2025-04-17T13:11:04.840+0000][25234][trace][gc,age      ] GC(3) - age   2:    9082016 bytes,   14819848 total
[2025-04-17T13:11:04.840+0000][25234][trace][gc,age      ] GC(3) - age   3:   11660696 bytes,   26480544 total
[2025-04-17T13:11:04.840+0000][25234][info ][gc,heap     ] GC(3) Eden regions: 96->0(95)
[2025-04-17T13:11:04.840+0000][25234][info ][gc,heap     ] GC(3) Survivor regions: 6->7(13)
[2025-04-17T13:11:04.840+0000][25234][info ][gc,heap     ] GC(3) Old regions: 0->0
[2025-04-17T13:11:04.840+0000][25234][info ][gc,heap     ] GC(3) Archive regions: 2->2
[2025-04-17T13:11:04.840+0000][25234][info ][gc,heap     ] GC(3) Humongous regions: 0->0
[2025-04-17T13:11:04.840+0000][25234][info ][gc,metaspace] GC(3) Metaspace: 31940K(32704K)->31940K(32704K) NonClass: 28079K(28480K)->28079K(28480K) Class: 3861K(4224K)->3861K(4224K)
[2025-04-17T13:11:04.840+0000][25234][info ][gc          ] GC(3) Pause Young (Normal) (G1 Evacuation Pause) 409M->30M(8192M) 3.806ms
[2025-04-17T13:11:04.840+0000][25234][info ][gc,cpu      ] GC(3) User=0.02s Sys=0.00s Real=0.01s
[2025-04-17T13:11:04.840+0000][25234][info ][safepoint   ] Safepoint "G1CollectForAllocation", Time since last: 94080667 ns, Reaching safepoint: 25583 ns, Cleanup: 82875 ns, At safepoint: 3838459 ns, Total: 3946917 ns
[2025-04-17T13:11:04.933+0000][25234][info ][safepoint   ] Safepoint "ICBufferFull", Time since last: 93122416 ns, Reaching safepoint: 2250 ns, Cleanup: 76917 ns, At safepoint: 1875 ns, Total: 81042 ns
[2025-04-17T13:11:05.110+0000][25234][info ][gc,start    ] GC(4) Pause Young (Normal) (G1 Evacuation Pause)
[2025-04-17T13:11:05.110+0000][25234][info ][gc,task     ] GC(4) Using 8 workers of 8 for evacuation
[2025-04-17T13:11:05.110+0000][25234][debug][gc,age      ] GC(4) Desired survivor size 27262976 bytes, new threshold 15 (max threshold 15)
[2025-04-17T13:11:05.115+0000][25234][info ][gc,phases   ] GC(4)   Pre Evacuate Collection Set: 0.1ms
[2025-04-17T13:11:05.115+0000][25234][info ][gc,phases   ] GC(4)   Merge Heap Roots: 0.0ms
[2025-04-17T13:11:05.115+0000][25234][info ][gc,phases   ] GC(4)   Evacuate Collection Set: 3.6ms
[2025-04-17T13:11:05.115+0000][25234][info ][gc,phases   ] GC(4)   Post Evacuate Collection Set: 0.4ms
[2025-04-17T13:11:05.115+0000][25234][info ][gc,phases   ] GC(4)   Other: 0.1ms
[2025-04-17T13:11:05.115+0000][25234][trace][gc,age      ] GC(4) Age table with threshold 15 (max threshold 15)
[2025-04-17T13:11:05.115+0000][25234][trace][gc,age      ] GC(4) - age   1:    4523856 bytes,    4523856 total
[2025-04-17T13:11:05.115+0000][25234][trace][gc,age      ] GC(4) - age   2:    5719904 bytes,   10243760 total
[2025-04-17T13:11:05.115+0000][25234][trace][gc,age      ] GC(4) - age   3:    9074640 bytes,   19318400 total
[2025-04-17T13:11:05.115+0000][25234][trace][gc,age      ] GC(4) - age   4:   11623080 bytes,   30941480 total
[2025-04-17T13:11:05.115+0000][25234][info ][gc,heap     ] GC(4) Eden regions: 95->0(121)
[2025-04-17T13:11:05.115+0000][25234][info ][gc,heap     ] GC(4) Survivor regions: 7->8(13)
[2025-04-17T13:11:05.115+0000][25234][info ][gc,heap     ] GC(4) Old regions: 0->0
[2025-04-17T13:11:05.115+0000][25234][info ][gc,heap     ] GC(4) Archive regions: 2->2
[2025-04-17T13:11:05.115+0000][25234][info ][gc,heap     ] GC(4) Humongous regions: 0->0
[2025-04-17T13:11:05.115+0000][25234][info ][gc,metaspace] GC(4) Metaspace: 34040K(34880K)->34040K(34880K) NonClass: 29899K(30400K)->29899K(30400K) Class: 4141K(4480K)->4141K(4480K)
[2025-04-17T13:11:05.115+0000][25234][info ][gc          ] GC(4) Pause Young (Normal) (G1 Evacuation Pause) 410M->35M(8192M) 4.354ms
[2025-04-17T13:11:05.115+0000][25234][info ][gc,cpu      ] GC(4) User=0.02s Sys=0.00s Real=0.00s
[2025-04-17T13:11:05.115+0000][25234][info ][safepoint   ] Safepoint "G1CollectForAllocation", Time since last: 177113875 ns, Reaching safepoint: 1917 ns, Cleanup: 82041 ns, At safepoint: 4384292 ns, Total: 4468250 ns
[2025-04-17T13:11:05.203+0000][25234][info ][safepoint   ] Safepoint "ICBufferFull", Time since last: 88339625 ns, Reaching safepoint: 1417 ns, Cleanup: 157166 ns, At safepoint: 542 ns, Total: 159125 ns
[2025-04-17T13:11:05.251+0000][25234][info ][gc,start    ] GC(5) Pause Young (Concurrent Start) (Metadata GC Threshold)
[2025-04-17T13:11:05.251+0000][25234][info ][gc,task     ] GC(5) Using 8 workers of 8 for evacuation
[2025-04-17T13:11:05.251+0000][25234][debug][gc,age      ] GC(5) Desired survivor size 35651584 bytes, new threshold 15 (max threshold 15)
[2025-04-17T13:11:05.256+0000][25234][info ][gc,phases   ] GC(5)   Pre Evacuate Collection Set: 0.2ms
[2025-04-17T13:11:05.257+0000][25234][info ][gc,phases   ] GC(5)   Merge Heap Roots: 0.0ms
[2025-04-17T13:11:05.257+0000][25234][info ][gc,phases   ] GC(5)   Evacuate Collection Set: 4.4ms
[2025-04-17T13:11:05.257+0000][25234][info ][gc,phases   ] GC(5)   Post Evacuate Collection Set: 0.3ms
[2025-04-17T13:11:05.257+0000][25234][info ][gc,phases   ] GC(5)   Other: 0.1ms
[2025-04-17T13:11:05.257+0000][25234][trace][gc,age      ] GC(5) Age table with threshold 15 (max threshold 15)
[2025-04-17T13:11:05.257+0000][25234][trace][gc,age      ] GC(5) - age   1:    3191120 bytes,    3191120 total
[2025-04-17T13:11:05.257+0000][25234][trace][gc,age      ] GC(5) - age   2:    4315648 bytes,    7506768 total
[2025-04-17T13:11:05.257+0000][25234][trace][gc,age      ] GC(5) - age   3:    5699776 bytes,   13206544 total
[2025-04-17T13:11:05.257+0000][25234][trace][gc,age      ] GC(5) - age   4:    9055408 bytes,   22261952 total
[2025-04-17T13:11:05.257+0000][25234][trace][gc,age      ] GC(5) - age   5:   11456152 bytes,   33718104 total
[2025-04-17T13:11:05.257+0000][25234][info ][gc,heap     ] GC(5) Eden regions: 47->0(181)
[2025-04-17T13:11:05.257+0000][25234][info ][gc,heap     ] GC(5) Survivor regions: 8->9(17)
[2025-04-17T13:11:05.257+0000][25234][info ][gc,heap     ] GC(5) Old regions: 0->0
[2025-04-17T13:11:05.257+0000][25234][info ][gc,heap     ] GC(5) Archive regions: 2->2
[2025-04-17T13:11:05.257+0000][25234][info ][gc,heap     ] GC(5) Humongous regions: 0->0
[2025-04-17T13:11:05.257+0000][25234][info ][gc,metaspace] GC(5) Metaspace: 35266K(36160K)->35266K(36160K) NonClass: 30992K(31552K)->30992K(31552K) Class: 4274K(4608K)->4274K(4608K)
[2025-04-17T13:11:05.257+0000][25234][info ][gc          ] GC(5) Pause Young (Concurrent Start) (Metadata GC Threshold) 221M->39M(8192M) 5.248ms
[2025-04-17T13:11:05.257+0000][25234][info ][gc,cpu      ] GC(5) User=0.03s Sys=0.01s Real=0.00s
[2025-04-17T13:11:05.257+0000][25234][info ][safepoint   ] Safepoint "CollectForMetadataAllocation", Time since last: 48122250 ns, Reaching safepoint: 1750 ns, Cleanup: 36750 ns, At safepoint: 5300417 ns, Total: 5338917 ns
[2025-04-17T13:11:05.257+0000][25234][info ][gc          ] GC(6) Concurrent Mark Cycle
[2025-04-17T13:11:05.257+0000][25234][info ][gc,marking  ] GC(6) Concurrent Clear Claimed Marks
[2025-04-17T13:11:05.257+0000][25234][info ][gc,marking  ] GC(6) Concurrent Clear Claimed Marks 0.018ms
[2025-04-17T13:11:05.257+0000][25234][info ][gc,marking  ] GC(6) Concurrent Scan Root Regions
[2025-04-17T13:11:05.260+0000][25234][info ][gc,marking  ] GC(6) Concurrent Scan Root Regions 3.481ms
[2025-04-17T13:11:05.260+0000][25234][info ][gc,marking  ] GC(6) Concurrent Mark
[2025-04-17T13:11:05.260+0000][25234][info ][gc,marking  ] GC(6) Concurrent Mark From Roots
[2025-04-17T13:11:05.260+0000][25234][info ][gc,task     ] GC(6) Using 2 workers of 2 for marking
[2025-04-17T13:11:05.261+0000][25234][info ][gc,marking  ] GC(6) Concurrent Mark From Roots 0.642ms
[2025-04-17T13:11:05.261+0000][25234][info ][gc,marking  ] GC(6) Concurrent Preclean
[2025-04-17T13:11:05.261+0000][25234][info ][gc,marking  ] GC(6) Concurrent Preclean 0.014ms
[2025-04-17T13:11:05.261+0000][25234][info ][gc,start    ] GC(6) Pause Remark
[2025-04-17T13:11:05.262+0000][25234][info ][gc          ] GC(6) Pause Remark 41M->41M(8192M) 1.250ms
[2025-04-17T13:11:05.262+0000][25234][info ][gc,cpu      ] GC(6) User=0.00s Sys=0.00s Real=0.00s
[2025-04-17T13:11:05.262+0000][25234][info ][safepoint   ] Safepoint "G1PauseRemark", Time since last: 4281625 ns, Reaching safepoint: 1791 ns, Cleanup: 4000 ns, At safepoint: 1288875 ns, Total: 1294666 ns
[2025-04-17T13:11:05.262+0000][25234][info ][gc,marking  ] GC(6) Concurrent Mark 2.001ms
[2025-04-17T13:11:05.262+0000][25234][info ][gc,marking  ] GC(6) Concurrent Rebuild Remembered Sets
[2025-04-17T13:11:05.262+0000][25234][info ][gc,marking  ] GC(6) Concurrent Rebuild Remembered Sets 0.012ms
[2025-04-17T13:11:05.262+0000][25234][info ][gc,start    ] GC(6) Pause Cleanup
[2025-04-17T13:11:05.262+0000][25234][info ][gc          ] GC(6) Pause Cleanup 41M->41M(8192M) 0.008ms
[2025-04-17T13:11:05.262+0000][25234][info ][gc,cpu      ] GC(6) User=0.00s Sys=0.00s Real=0.00s
[2025-04-17T13:11:05.262+0000][25234][info ][safepoint   ] Safepoint "G1PauseCleanup", Time since last: 125042 ns, Reaching safepoint: 18625 ns, Cleanup: 875 ns, At safepoint: 23583 ns, Total: 43083 ns
[2025-04-17T13:11:05.262+0000][25234][info ][gc,marking  ] GC(6) Concurrent Cleanup for Next Mark
[2025-04-17T13:11:05.270+0000][25234][info ][gc,marking  ] GC(6) Concurrent Cleanup for Next Mark 7.181ms
[2025-04-17T13:11:05.270+0000][25234][info ][gc          ] GC(6) Concurrent Mark Cycle 12.965ms
[2025-04-17T13:11:05.372+0000][25234][info ][safepoint   ] Safepoint "ICBufferFull", Time since last: 109935459 ns, Reaching safepoint: 1666 ns, Cleanup: 74750 ns, At safepoint: 625 ns, Total: 77041 ns
[2025-04-17T13:11:05.464+0000][25234][info ][safepoint   ] Safepoint "ICBufferFull", Time since last: 91799709 ns, Reaching safepoint: 1541 ns, Cleanup: 52959 ns, At safepoint: 2625 ns, Total: 57125 ns
[2025-04-17T13:11:05.519+0000][25234][info ][safepoint   ] Safepoint "ICBufferFull", Time since last: 54419083 ns, Reaching safepoint: 17458 ns, Cleanup: 105459 ns, At safepoint: 1625 ns, Total: 124542 ns
[2025-04-17T13:11:05.534+0000][25234][info ][safepoint   ] Safepoint "ICBufferFull", Time since last: 15229083 ns, Reaching safepoint: 22125 ns, Cleanup: 108292 ns, At safepoint: 2083 ns, Total: 132500 ns
[2025-04-17T13:11:05.751+0000][25234][info ][safepoint   ] Safepoint "ICBufferFull", Time since last: 216645708 ns, Reaching safepoint: 2125 ns, Cleanup: 83625 ns, At safepoint: 1500 ns, Total: 87250 ns
[2025-04-17T13:11:06.198+0000][25234][info ][safepoint   ] Safepoint "ICBufferFull", Time since last: 447301792 ns, Reaching safepoint: 1583 ns, Cleanup: 48209 ns, At safepoint: 875 ns, Total: 50667 ns
[2025-04-17T13:11:06.306+0000][25234][info ][safepoint   ] Safepoint "ICBufferFull", Time since last: 107741625 ns, Reaching safepoint: 18291 ns, Cleanup: 57625 ns, At safepoint: 1375 ns, Total: 77291 ns
[2025-04-17T13:11:06.345+0000][25234][info ][safepoint   ] Safepoint "ICBufferFull", Time since last: 38784917 ns, Reaching safepoint: 1250 ns, Cleanup: 73125 ns, At safepoint: 875 ns, Total: 75250 ns
[2025-04-17T13:11:06.348+0000][25234][info ][gc,heap,exit] Heap
[2025-04-17T13:11:06.348+0000][25234][info ][gc,heap,exit]  garbage-first heap   total 8388608K, used 466217K [0x0000000600000000, 0x0000000800000000)
[2025-04-17T13:11:06.348+0000][25234][info ][gc,heap,exit]   region size 4096K, 113 young (462848K), 9 survivors (36864K)
[2025-04-17T13:11:06.348+0000][25234][info ][gc,heap,exit]  Metaspace       used 50903K, committed 52224K, reserved 1114112K
[2025-04-17T13:11:06.348+0000][25234][info ][gc,heap,exit]   class space    used 6514K, committed 7104K, reserved 1048576K
