[2025-04-17T14:15:42.012+0200][gc,heap] Heap region size: 1M
[2025-04-17T14:15:42.013+0200][gc     ] Using G1
[2025-04-17T14:15:42.014+0200][gc,heap,coops] Heap address: 0x0000000780000000, size: 1024 MB, Compressed Oops mode: Zero based, Oop shift amount: 3
[2025-04-17T14:15:42.342+0200][gc,start     ] GC(0) Pause Young (Concurrent Start) (Metadata GC Threshold)
[2025-04-17T14:15:42.342+0200][gc,task      ] GC(0) Using 8 workers of 8 for evacuation
[2025-04-17T14:15:42.345+0200][gc,phases    ] GC(0)   Pre Evacuate Collection Set: 0.0ms
[2025-04-17T14:15:42.345+0200][gc,phases    ] GC(0)   Evacuate Collection Set: 2.7ms
[2025-04-17T14:15:42.345+0200][gc,phases    ] GC(0)   Post Evacuate Collection Set: 0.1ms
[2025-04-17T14:15:42.345+0200][gc,phases    ] GC(0)   Other: 0.3ms
[2025-04-17T14:15:42.345+0200][gc,heap      ] GC(0) Eden regions: 51->0(44)
[2025-04-17T14:15:42.345+0200][gc,heap      ] GC(0) Survivor regions: 0->7(7)
[2025-04-17T14:15:42.345+0200][gc,heap      ] GC(0) Old regions: 0->1
[2025-04-17T14:15:42.345+0200][gc,heap      ] GC(0) Humongous regions: 0->0
[2025-04-17T14:15:42.345+0200][gc,metaspace ] GC(0) Metaspace: 20818K(21248K)->20818K(21248K) NonClass: 18504K(18688K)->18504K(18688K) Class: 2313K(2560K)->2313K(2560K)
[2025-04-17T14:15:42.345+0200][gc           ] GC(0) Pause Young (Concurrent Start) (Metadata GC Threshold) 50M->7M(1024M) 3.285ms
[2025-04-17T14:15:42.345+0200][gc,cpu       ] GC(0) User=0.01s Sys=0.00s Real=0.00s
[2025-04-17T14:15:42.345+0200][gc           ] GC(1) Concurrent Cycle
[2025-04-17T14:15:42.345+0200][gc,marking   ] GC(1) Concurrent Clear Claimed Marks
[2025-04-17T14:15:42.345+0200][gc,marking   ] GC(1) Concurrent Clear Claimed Marks 0.011ms
[2025-04-17T14:15:42.345+0200][gc,marking   ] GC(1) Concurrent Scan Root Regions
[2025-04-17T14:15:42.346+0200][gc,marking   ] GC(1) Concurrent Scan Root Regions 0.936ms
[2025-04-17T14:15:42.346+0200][gc,marking   ] GC(1) Concurrent Mark (0.338s)
[2025-04-17T14:15:42.346+0200][gc,marking   ] GC(1) Concurrent Mark From Roots
[2025-04-17T14:15:42.346+0200][gc,task      ] GC(1) Using 2 workers of 2 for marking
[2025-04-17T14:15:42.346+0200][gc,marking   ] GC(1) Concurrent Mark From Roots 0.416ms
[2025-04-17T14:15:42.346+0200][gc,marking   ] GC(1) Concurrent Preclean
[2025-04-17T14:15:42.346+0200][gc,marking   ] GC(1) Concurrent Preclean 0.013ms
[2025-04-17T14:15:42.346+0200][gc,marking   ] GC(1) Concurrent Mark (0.338s, 0.339s) 0.449ms
[2025-04-17T14:15:42.346+0200][gc,start     ] GC(1) Pause Remark
[2025-04-17T14:15:42.347+0200][gc,stringtable] GC(1) Cleaned string and symbol table, strings: 7925 processed, 0 removed, symbols: 66642 processed, 32 removed
[2025-04-17T14:15:42.347+0200][gc            ] GC(1) Pause Remark 8M->8M(1024M) 0.843ms
[2025-04-17T14:15:42.347+0200][gc,cpu        ] GC(1) User=0.01s Sys=0.00s Real=0.00s
[2025-04-17T14:15:42.347+0200][gc,marking    ] GC(1) Concurrent Rebuild Remembered Sets
[2025-04-17T14:15:42.348+0200][gc,marking    ] GC(1) Concurrent Rebuild Remembered Sets 0.337ms
[2025-04-17T14:15:42.348+0200][gc,start      ] GC(1) Pause Cleanup
[2025-04-17T14:15:42.348+0200][gc            ] GC(1) Pause Cleanup 8M->8M(1024M) 0.065ms
[2025-04-17T14:15:42.348+0200][gc,cpu        ] GC(1) User=0.00s Sys=0.00s Real=0.00s
[2025-04-17T14:15:42.348+0200][gc,marking    ] GC(1) Concurrent Cleanup for Next Mark
[2025-04-17T14:15:42.349+0200][gc,marking    ] GC(1) Concurrent Cleanup for Next Mark 0.884ms
[2025-04-17T14:15:42.349+0200][gc            ] GC(1) Concurrent Cycle 3.736ms
[2025-04-17T14:15:42.579+0200][gc,start      ] GC(2) Pause Young (Normal) (G1 Evacuation Pause)
[2025-04-17T14:15:42.579+0200][gc,task       ] GC(2) Using 8 workers of 8 for evacuation
[2025-04-17T14:15:42.582+0200][gc,phases     ] GC(2)   Pre Evacuate Collection Set: 0.0ms
[2025-04-17T14:15:42.582+0200][gc,phases     ] GC(2)   Evacuate Collection Set: 3.0ms
[2025-04-17T14:15:42.582+0200][gc,phases     ] GC(2)   Post Evacuate Collection Set: 0.1ms
[2025-04-17T14:15:42.582+0200][gc,phases     ] GC(2)   Other: 0.1ms
[2025-04-17T14:15:42.582+0200][gc,heap       ] GC(2) Eden regions: 44->0(49)
[2025-04-17T14:15:42.582+0200][gc,heap       ] GC(2) Survivor regions: 7->2(7)
[2025-04-17T14:15:42.582+0200][gc,heap       ] GC(2) Old regions: 1->8
[2025-04-17T14:15:42.582+0200][gc,heap       ] GC(2) Humongous regions: 0->0
[2025-04-17T14:15:42.582+0200][gc,metaspace  ] GC(2) Metaspace: 29132K(29952K)->29132K(29952K) NonClass: 25717K(26112K)->25717K(26112K) Class: 3415K(3840K)->3415K(3840K)
[2025-04-17T14:15:42.582+0200][gc            ] GC(2) Pause Young (Normal) (G1 Evacuation Pause) 51M->9M(1024M) 3.326ms
[2025-04-17T14:15:42.582+0200][gc,cpu        ] GC(2) User=0.02s Sys=0.01s Real=0.01s
[2025-04-17T14:15:42.923+0200][gc,start      ] GC(3) Pause Young (Concurrent Start) (Metadata GC Threshold)
[2025-04-17T14:15:42.923+0200][gc,task       ] GC(3) Using 8 workers of 8 for evacuation
[2025-04-17T14:15:42.925+0200][gc,phases     ] GC(3)   Pre Evacuate Collection Set: 0.0ms
[2025-04-17T14:15:42.925+0200][gc,phases     ] GC(3)   Evacuate Collection Set: 1.3ms
[2025-04-17T14:15:42.925+0200][gc,phases     ] GC(3)   Post Evacuate Collection Set: 0.1ms
[2025-04-17T14:15:42.925+0200][gc,phases     ] GC(3)   Other: 0.1ms
[2025-04-17T14:15:42.925+0200][gc,heap       ] GC(3) Eden regions: 36->0(47)
[2025-04-17T14:15:42.925+0200][gc,heap       ] GC(3) Survivor regions: 2->4(7)
[2025-04-17T14:15:42.925+0200][gc,heap       ] GC(3) Old regions: 8->8
[2025-04-17T14:15:42.925+0200][gc,heap       ] GC(3) Humongous regions: 129->129
[2025-04-17T14:15:42.925+0200][gc,metaspace  ] GC(3) Metaspace: 34884K(35840K)->34884K(35840K) NonClass: 30936K(31360K)->30936K(31360K) Class: 3947K(4480K)->3947K(4480K)
[2025-04-17T14:15:42.925+0200][gc            ] GC(3) Pause Young (Concurrent Start) (Metadata GC Threshold) 174M->140M(1024M) 1.632ms
[2025-04-17T14:15:42.925+0200][gc,cpu        ] GC(3) User=0.02s Sys=0.00s Real=0.00s
[2025-04-17T14:15:42.925+0200][gc            ] GC(4) Concurrent Cycle
[2025-04-17T14:15:42.925+0200][gc,marking    ] GC(4) Concurrent Clear Claimed Marks
[2025-04-17T14:15:42.925+0200][gc,marking    ] GC(4) Concurrent Clear Claimed Marks 0.015ms
[2025-04-17T14:15:42.925+0200][gc,marking    ] GC(4) Concurrent Scan Root Regions
[2025-04-17T14:15:42.925+0200][gc,marking    ] GC(4) Concurrent Scan Root Regions 0.707ms
[2025-04-17T14:15:42.925+0200][gc,marking    ] GC(4) Concurrent Mark (0.918s)
[2025-04-17T14:15:42.925+0200][gc,marking    ] GC(4) Concurrent Mark From Roots
[2025-04-17T14:15:42.925+0200][gc,task       ] GC(4) Using 2 workers of 2 for marking
[2025-04-17T14:15:42.927+0200][gc,marking    ] GC(4) Concurrent Mark From Roots 1.652ms
[2025-04-17T14:15:42.927+0200][gc,marking    ] GC(4) Concurrent Preclean
[2025-04-17T14:15:42.927+0200][gc,marking    ] GC(4) Concurrent Preclean 0.022ms
[2025-04-17T14:15:42.927+0200][gc,marking    ] GC(4) Concurrent Mark (0.918s, 0.919s) 1.693ms
[2025-04-17T14:15:42.927+0200][gc,start      ] GC(4) Pause Remark
[2025-04-17T14:15:42.928+0200][gc,stringtable] GC(4) Cleaned string and symbol table, strings: 11622 processed, 10 removed, symbols: 101715 processed, 24 removed
[2025-04-17T14:15:42.928+0200][gc            ] GC(4) Pause Remark 141M->141M(1024M) 0.909ms
[2025-04-17T14:15:42.928+0200][gc,cpu        ] GC(4) User=0.01s Sys=0.00s Real=0.00s
[2025-04-17T14:15:42.928+0200][gc,marking    ] GC(4) Concurrent Rebuild Remembered Sets
[2025-04-17T14:15:42.929+0200][gc,marking    ] GC(4) Concurrent Rebuild Remembered Sets 1.309ms
[2025-04-17T14:15:42.930+0200][gc,start      ] GC(4) Pause Cleanup
[2025-04-17T14:15:42.930+0200][gc            ] GC(4) Pause Cleanup 142M->142M(1024M) 0.072ms
[2025-04-17T14:15:42.930+0200][gc,cpu        ] GC(4) User=0.00s Sys=0.00s Real=0.00s
[2025-04-17T14:15:42.930+0200][gc,marking    ] GC(4) Concurrent Cleanup for Next Mark
[2025-04-17T14:15:42.930+0200][gc,marking    ] GC(4) Concurrent Cleanup for Next Mark 0.858ms
[2025-04-17T14:15:42.930+0200][gc            ] GC(4) Concurrent Cycle 5.781ms
[2025-04-17T14:15:43.452+0200][gc,heap,exit  ] Heap
[2025-04-17T14:15:43.452+0200][gc,heap,exit  ]  garbage-first heap   total 1048576K, used 189488K [0x0000000780000000, 0x00000007c0000000)
[2025-04-17T14:15:43.452+0200][gc,heap,exit  ]   region size 1024K, 50 young (51200K), 4 survivors (4096K)
[2025-04-17T14:15:43.452+0200][gc,heap,exit  ]  Metaspace       used 40956K, capacity 42337K, committed 42624K, reserved 1087488K
[2025-04-17T14:15:43.452+0200][gc,heap,exit  ]   class space    used 4767K, capacity 5399K, committed 5504K, reserved 1048576K
