[2025-04-17T12:56:54.849+0200][gc,heap] Heap region size: 1M
[2025-04-17T12:56:54.850+0200][gc     ] Using G1
[2025-04-17T12:56:54.851+0200][gc,heap,coops] Heap address: 0x0000000780000000, size: 1024 MB, Compressed Oops mode: Zero based, Oop shift amount: 3
[2025-04-17T12:56:55.170+0200][gc,start     ] GC(0) Pause Young (Concurrent Start) (Metadata GC Threshold)
[2025-04-17T12:56:55.170+0200][gc,task      ] GC(0) Using 8 workers of 8 for evacuation
[2025-04-17T12:56:55.173+0200][gc,phases    ] GC(0)   Pre Evacuate Collection Set: 0.0ms
[2025-04-17T12:56:55.173+0200][gc,phases    ] GC(0)   Evacuate Collection Set: 2.8ms
[2025-04-17T12:56:55.173+0200][gc,phases    ] GC(0)   Post Evacuate Collection Set: 0.1ms
[2025-04-17T12:56:55.173+0200][gc,phases    ] GC(0)   Other: 0.4ms
[2025-04-17T12:56:55.173+0200][gc,heap      ] GC(0) Eden regions: 51->0(44)
[2025-04-17T12:56:55.173+0200][gc,heap      ] GC(0) Survivor regions: 0->7(7)
[2025-04-17T12:56:55.173+0200][gc,heap      ] GC(0) Old regions: 0->1
[2025-04-17T12:56:55.173+0200][gc,heap      ] GC(0) Humongous regions: 0->0
[2025-04-17T12:56:55.173+0200][gc,metaspace ] GC(0) Metaspace: 20818K(21248K)->20818K(21248K) NonClass: 18504K(18688K)->18504K(18688K) Class: 2314K(2560K)->2314K(2560K)
[2025-04-17T12:56:55.173+0200][gc           ] GC(0) Pause Young (Concurrent Start) (Metadata GC Threshold) 51M->7M(1024M) 3.348ms
[2025-04-17T12:56:55.173+0200][gc,cpu       ] GC(0) User=0.01s Sys=0.00s Real=0.00s
[2025-04-17T12:56:55.173+0200][gc           ] GC(1) Concurrent Cycle
[2025-04-17T12:56:55.174+0200][gc,marking   ] GC(1) Concurrent Clear Claimed Marks
[2025-04-17T12:56:55.174+0200][gc,marking   ] GC(1) Concurrent Clear Claimed Marks 0.013ms
[2025-04-17T12:56:55.174+0200][gc,marking   ] GC(1) Concurrent Scan Root Regions
[2025-04-17T12:56:55.174+0200][gc,marking   ] GC(1) Concurrent Scan Root Regions 0.850ms
[2025-04-17T12:56:55.174+0200][gc,marking   ] GC(1) Concurrent Mark (0.330s)
[2025-04-17T12:56:55.174+0200][gc,marking   ] GC(1) Concurrent Mark From Roots
[2025-04-17T12:56:55.174+0200][gc,task      ] GC(1) Using 2 workers of 2 for marking
[2025-04-17T12:56:55.175+0200][gc,marking   ] GC(1) Concurrent Mark From Roots 0.508ms
[2025-04-17T12:56:55.175+0200][gc,marking   ] GC(1) Concurrent Preclean
[2025-04-17T12:56:55.175+0200][gc,marking   ] GC(1) Concurrent Preclean 0.014ms
[2025-04-17T12:56:55.175+0200][gc,marking   ] GC(1) Concurrent Mark (0.330s, 0.331s) 0.550ms
[2025-04-17T12:56:55.175+0200][gc,start     ] GC(1) Pause Remark
[2025-04-17T12:56:55.176+0200][gc,stringtable] GC(1) Cleaned string and symbol table, strings: 7929 processed, 0 removed, symbols: 66643 processed, 32 removed
[2025-04-17T12:56:55.176+0200][gc            ] GC(1) Pause Remark 8M->8M(1024M) 0.719ms
[2025-04-17T12:56:55.176+0200][gc,cpu        ] GC(1) User=0.00s Sys=0.00s Real=0.00s
[2025-04-17T12:56:55.176+0200][gc,marking    ] GC(1) Concurrent Rebuild Remembered Sets
[2025-04-17T12:56:55.176+0200][gc,marking    ] GC(1) Concurrent Rebuild Remembered Sets 0.372ms
[2025-04-17T12:56:55.176+0200][gc,start      ] GC(1) Pause Cleanup
[2025-04-17T12:56:55.176+0200][gc            ] GC(1) Pause Cleanup 8M->8M(1024M) 0.061ms
[2025-04-17T12:56:55.176+0200][gc,cpu        ] GC(1) User=0.00s Sys=0.00s Real=0.00s
[2025-04-17T12:56:55.176+0200][gc,marking    ] GC(1) Concurrent Cleanup for Next Mark
[2025-04-17T12:56:55.177+0200][gc,marking    ] GC(1) Concurrent Cleanup for Next Mark 0.875ms
[2025-04-17T12:56:55.177+0200][gc            ] GC(1) Concurrent Cycle 3.656ms
[2025-04-17T12:56:55.411+0200][gc,start      ] GC(2) Pause Young (Normal) (G1 Evacuation Pause)
[2025-04-17T12:56:55.411+0200][gc,task       ] GC(2) Using 8 workers of 8 for evacuation
[2025-04-17T12:56:55.414+0200][gc,phases     ] GC(2)   Pre Evacuate Collection Set: 0.0ms
[2025-04-17T12:56:55.414+0200][gc,phases     ] GC(2)   Evacuate Collection Set: 2.8ms
[2025-04-17T12:56:55.414+0200][gc,phases     ] GC(2)   Post Evacuate Collection Set: 0.2ms
[2025-04-17T12:56:55.414+0200][gc,phases     ] GC(2)   Other: 0.1ms
[2025-04-17T12:56:55.414+0200][gc,heap       ] GC(2) Eden regions: 44->0(49)
[2025-04-17T12:56:55.414+0200][gc,heap       ] GC(2) Survivor regions: 7->2(7)
[2025-04-17T12:56:55.414+0200][gc,heap       ] GC(2) Old regions: 1->9
[2025-04-17T12:56:55.414+0200][gc,heap       ] GC(2) Humongous regions: 129->129
[2025-04-17T12:56:55.414+0200][gc,metaspace  ] GC(2) Metaspace: 29205K(30080K)->29205K(30080K) NonClass: 25789K(26368K)->25789K(26368K) Class: 3415K(3712K)->3415K(3712K)
[2025-04-17T12:56:55.414+0200][gc            ] GC(2) Pause Young (Normal) (G1 Evacuation Pause) 180M->139M(1024M) 3.145ms
[2025-04-17T12:56:55.414+0200][gc,cpu        ] GC(2) User=0.02s Sys=0.01s Real=0.00s
[2025-04-17T12:56:55.501+0200][gc,start      ] GC(3) Pause Young (Concurrent Start) (Metadata GC Threshold)
[2025-04-17T12:56:55.501+0200][gc,task       ] GC(3) Using 8 workers of 8 for evacuation
[2025-04-17T12:56:55.502+0200][gc,phases     ] GC(3)   Pre Evacuate Collection Set: 0.0ms
[2025-04-17T12:56:55.502+0200][gc,phases     ] GC(3)   Evacuate Collection Set: 1.0ms
[2025-04-17T12:56:55.502+0200][gc,phases     ] GC(3)   Post Evacuate Collection Set: 0.1ms
[2025-04-17T12:56:55.502+0200][gc,phases     ] GC(3)   Other: 0.1ms
[2025-04-17T12:56:55.502+0200][gc,heap       ] GC(3) Eden regions: 31->0(48)
[2025-04-17T12:56:55.502+0200][gc,heap       ] GC(3) Survivor regions: 2->3(7)
[2025-04-17T12:56:55.502+0200][gc,heap       ] GC(3) Old regions: 9->9
[2025-04-17T12:56:55.502+0200][gc,heap       ] GC(3) Humongous regions: 129->129
[2025-04-17T12:56:55.502+0200][gc,metaspace  ] GC(3) Metaspace: 34947K(35840K)->34947K(35840K) NonClass: 31064K(31488K)->31064K(31488K) Class: 3882K(4352K)->3882K(4352K)
[2025-04-17T12:56:55.502+0200][gc            ] GC(3) Pause Young (Concurrent Start) (Metadata GC Threshold) 169M->139M(1024M) 1.248ms
[2025-04-17T12:56:55.502+0200][gc,cpu        ] GC(3) User=0.01s Sys=0.00s Real=0.00s
[2025-04-17T12:56:55.502+0200][gc            ] GC(4) Concurrent Cycle
[2025-04-17T12:56:55.502+0200][gc,marking    ] GC(4) Concurrent Clear Claimed Marks
[2025-04-17T12:56:55.502+0200][gc,marking    ] GC(4) Concurrent Clear Claimed Marks 0.014ms
[2025-04-17T12:56:55.502+0200][gc,marking    ] GC(4) Concurrent Scan Root Regions
[2025-04-17T12:56:55.503+0200][gc,marking    ] GC(4) Concurrent Scan Root Regions 0.571ms
[2025-04-17T12:56:55.503+0200][gc,marking    ] GC(4) Concurrent Mark (0.659s)
[2025-04-17T12:56:55.503+0200][gc,marking    ] GC(4) Concurrent Mark From Roots
[2025-04-17T12:56:55.503+0200][gc,task       ] GC(4) Using 2 workers of 2 for marking
[2025-04-17T12:56:55.505+0200][gc,marking    ] GC(4) Concurrent Mark From Roots 1.770ms
[2025-04-17T12:56:55.505+0200][gc,marking    ] GC(4) Concurrent Preclean
[2025-04-17T12:56:55.505+0200][gc,marking    ] GC(4) Concurrent Preclean 0.026ms
[2025-04-17T12:56:55.505+0200][gc,marking    ] GC(4) Concurrent Mark (0.659s, 0.661s) 1.834ms
[2025-04-17T12:56:55.505+0200][gc,start      ] GC(4) Pause Remark
[2025-04-17T12:56:55.506+0200][gc,stringtable] GC(4) Cleaned string and symbol table, strings: 11649 processed, 10 removed, symbols: 100931 processed, 23 removed
[2025-04-17T12:56:55.506+0200][gc            ] GC(4) Pause Remark 140M->140M(1024M) 0.776ms
[2025-04-17T12:56:55.506+0200][gc,cpu        ] GC(4) User=0.01s Sys=0.00s Real=0.00s
[2025-04-17T12:56:55.506+0200][gc,marking    ] GC(4) Concurrent Rebuild Remembered Sets
[2025-04-17T12:56:55.507+0200][gc,marking    ] GC(4) Concurrent Rebuild Remembered Sets 1.544ms
[2025-04-17T12:56:55.507+0200][gc,start      ] GC(4) Pause Cleanup
[2025-04-17T12:56:55.508+0200][gc            ] GC(4) Pause Cleanup 141M->141M(1024M) 0.041ms
[2025-04-17T12:56:55.508+0200][gc,cpu        ] GC(4) User=0.00s Sys=0.00s Real=0.00s
[2025-04-17T12:56:55.508+0200][gc,marking    ] GC(4) Concurrent Cleanup for Next Mark
[2025-04-17T12:56:55.508+0200][gc,marking    ] GC(4) Concurrent Cleanup for Next Mark 0.937ms
[2025-04-17T12:56:55.509+0200][gc            ] GC(4) Concurrent Cycle 6.069ms
[2025-04-17T12:56:55.651+0200][gc,start      ] GC(5) Pause Young (Normal) (G1 Evacuation Pause)
[2025-04-17T12:56:55.654+0200][gc,task       ] GC(5) Using 8 workers of 8 for evacuation
[2025-04-17T12:56:55.656+0200][gc,phases     ] GC(5)   Pre Evacuate Collection Set: 0.0ms
[2025-04-17T12:56:55.656+0200][gc,phases     ] GC(5)   Evacuate Collection Set: 1.9ms
[2025-04-17T12:56:55.656+0200][gc,phases     ] GC(5)   Post Evacuate Collection Set: 0.1ms
[2025-04-17T12:56:55.656+0200][gc,phases     ] GC(5)   Other: 2.5ms
[2025-04-17T12:56:55.656+0200][gc,heap       ] GC(5) Eden regions: 48->0(44)
[2025-04-17T12:56:55.656+0200][gc,heap       ] GC(5) Survivor regions: 3->7(7)
[2025-04-17T12:56:55.656+0200][gc,heap       ] GC(5) Old regions: 9->9
[2025-04-17T12:56:55.656+0200][gc,heap       ] GC(5) Humongous regions: 129->129
[2025-04-17T12:56:55.656+0200][gc,metaspace  ] GC(5) Metaspace: 42227K(43648K)->42227K(43648K) NonClass: 37427K(38144K)->37427K(38144K) Class: 4799K(5504K)->4799K(5504K)
[2025-04-17T12:56:55.656+0200][gc            ] GC(5) Pause Young (Normal) (G1 Evacuation Pause) 187M->143M(1024M) 4.631ms
[2025-04-17T12:56:55.656+0200][gc,cpu        ] GC(5) User=0.02s Sys=0.00s Real=0.00s
[2025-04-17T13:03:52.003+0200][gc,start      ] GC(6) Pause Young (Normal) (G1 Evacuation Pause)
[2025-04-17T13:03:52.003+0200][gc,task       ] GC(6) Using 8 workers of 8 for evacuation
[2025-04-17T13:03:52.006+0200][gc,phases     ] GC(6)   Pre Evacuate Collection Set: 0.0ms
[2025-04-17T13:03:52.007+0200][gc,phases     ] GC(6)   Evacuate Collection Set: 2.9ms
[2025-04-17T13:03:52.007+0200][gc,phases     ] GC(6)   Post Evacuate Collection Set: 0.2ms
[2025-04-17T13:03:52.007+0200][gc,phases     ] GC(6)   Other: 0.3ms
[2025-04-17T13:03:52.007+0200][gc,heap       ] GC(6) Eden regions: 44->0(48)
[2025-04-17T13:03:52.007+0200][gc,heap       ] GC(6) Survivor regions: 7->3(7)
[2025-04-17T13:03:52.007+0200][gc,heap       ] GC(6) Old regions: 9->15
[2025-04-17T13:03:52.007+0200][gc,heap       ] GC(6) Humongous regions: 129->129
[2025-04-17T13:03:52.007+0200][gc,metaspace  ] GC(6) Metaspace: 48061K(50304K)->48061K(50304K) NonClass: 42137K(43264K)->42137K(43264K) Class: 5924K(7040K)->5924K(7040K)
[2025-04-17T13:03:52.007+0200][gc            ] GC(6) Pause Young (Normal) (G1 Evacuation Pause) 187M->146M(1024M) 3.443ms
[2025-04-17T13:03:52.007+0200][gc,cpu        ] GC(6) User=0.02s Sys=0.00s Real=0.00s
[2025-04-17T13:12:53.735+0200][gc,start      ] GC(7) Pause Young (Normal) (G1 Evacuation Pause)
[2025-04-17T13:12:53.736+0200][gc,task       ] GC(7) Using 8 workers of 8 for evacuation
[2025-04-17T13:12:53.744+0200][gc,phases     ] GC(7)   Pre Evacuate Collection Set: 0.1ms
[2025-04-17T13:12:53.744+0200][gc,phases     ] GC(7)   Evacuate Collection Set: 5.9ms
[2025-04-17T13:12:53.744+0200][gc,phases     ] GC(7)   Post Evacuate Collection Set: 0.9ms
[2025-04-17T13:12:53.744+0200][gc,phases     ] GC(7)   Other: 1.5ms
[2025-04-17T13:12:53.744+0200][gc,heap       ] GC(7) Eden regions: 48->0(46)
[2025-04-17T13:12:53.744+0200][gc,heap       ] GC(7) Survivor regions: 3->5(7)
[2025-04-17T13:12:53.744+0200][gc,heap       ] GC(7) Old regions: 15->15
[2025-04-17T13:12:53.744+0200][gc,heap       ] GC(7) Humongous regions: 129->129
[2025-04-17T13:12:53.744+0200][gc,metaspace  ] GC(7) Metaspace: 51082K(54016K)->51082K(54016K) NonClass: 44761K(46336K)->44761K(46336K) Class: 6320K(7680K)->6320K(7680K)
[2025-04-17T13:12:53.744+0200][gc            ] GC(7) Pause Young (Normal) (G1 Evacuation Pause) 194M->147M(1024M) 8.772ms
[2025-04-17T13:12:53.744+0200][gc,cpu        ] GC(7) User=0.02s Sys=0.00s Real=0.01s
[2025-04-17T13:25:32.033+0200][gc,start      ] GC(8) Pause Young (Normal) (G1 Evacuation Pause)
[2025-04-17T13:25:32.035+0200][gc,task       ] GC(8) Using 8 workers of 8 for evacuation
[2025-04-17T13:25:32.046+0200][gc,phases     ] GC(8)   Pre Evacuate Collection Set: 0.1ms
[2025-04-17T13:25:32.046+0200][gc,phases     ] GC(8)   Evacuate Collection Set: 10.0ms
[2025-04-17T13:25:32.046+0200][gc,phases     ] GC(8)   Post Evacuate Collection Set: 0.8ms
[2025-04-17T13:25:32.046+0200][gc,phases     ] GC(8)   Other: 2.0ms
[2025-04-17T13:25:32.046+0200][gc,heap       ] GC(8) Eden regions: 46->0(47)
[2025-04-17T13:25:32.046+0200][gc,heap       ] GC(8) Survivor regions: 5->4(7)
[2025-04-17T13:25:32.047+0200][gc,heap       ] GC(8) Old regions: 15->17
[2025-04-17T13:25:32.047+0200][gc,heap       ] GC(8) Humongous regions: 129->129
[2025-04-17T13:25:32.047+0200][gc,metaspace  ] GC(8) Metaspace: 51211K(54016K)->51211K(54016K) NonClass: 44890K(46336K)->44890K(46336K) Class: 6321K(7680K)->6321K(7680K)
[2025-04-17T13:25:32.047+0200][gc            ] GC(8) Pause Young (Normal) (G1 Evacuation Pause) 193M->148M(1024M) 13.326ms
[2025-04-17T13:25:32.047+0200][gc,cpu        ] GC(8) User=0.04s Sys=0.01s Real=0.01s
[2025-04-17T13:39:11.396+0200][gc,start      ] GC(9) Pause Young (Normal) (G1 Evacuation Pause)
[2025-04-17T13:39:11.397+0200][gc,task       ] GC(9) Using 8 workers of 8 for evacuation
[2025-04-17T13:39:11.405+0200][gc,phases     ] GC(9)   Pre Evacuate Collection Set: 0.2ms
[2025-04-17T13:39:11.405+0200][gc,phases     ] GC(9)   Evacuate Collection Set: 6.5ms
[2025-04-17T13:39:11.405+0200][gc,phases     ] GC(9)   Post Evacuate Collection Set: 0.8ms
[2025-04-17T13:39:11.405+0200][gc,phases     ] GC(9)   Other: 1.3ms
[2025-04-17T13:39:11.405+0200][gc,heap       ] GC(9) Eden regions: 47->0(48)
[2025-04-17T13:39:11.405+0200][gc,heap       ] GC(9) Survivor regions: 4->4(7)
[2025-04-17T13:39:11.405+0200][gc,heap       ] GC(9) Old regions: 17->17
[2025-04-17T13:39:11.405+0200][gc,heap       ] GC(9) Humongous regions: 129->129
[2025-04-17T13:39:11.406+0200][gc,metaspace  ] GC(9) Metaspace: 51290K(54016K)->51290K(54016K) NonClass: 44969K(46336K)->44969K(46336K) Class: 6321K(7680K)->6321K(7680K)
[2025-04-17T13:39:11.406+0200][gc            ] GC(9) Pause Young (Normal) (G1 Evacuation Pause) 195M->148M(1024M) 9.193ms
[2025-04-17T13:39:11.406+0200][gc,cpu        ] GC(9) User=0.03s Sys=0.01s Real=0.01s
[2025-04-17T13:54:01.134+0200][gc,start      ] GC(10) Pause Young (Normal) (G1 Evacuation Pause)
[2025-04-17T13:54:01.136+0200][gc,task       ] GC(10) Using 8 workers of 8 for evacuation
[2025-04-17T13:54:01.144+0200][gc,phases     ] GC(10)   Pre Evacuate Collection Set: 0.1ms
[2025-04-17T13:54:01.144+0200][gc,phases     ] GC(10)   Evacuate Collection Set: 7.0ms
[2025-04-17T13:54:01.144+0200][gc,phases     ] GC(10)   Post Evacuate Collection Set: 0.7ms
[2025-04-17T13:54:01.144+0200][gc,phases     ] GC(10)   Other: 2.2ms
[2025-04-17T13:54:01.144+0200][gc,heap       ] GC(10) Eden regions: 48->0(54)
[2025-04-17T13:54:01.144+0200][gc,heap       ] GC(10) Survivor regions: 4->5(7)
[2025-04-17T13:54:01.144+0200][gc,heap       ] GC(10) Old regions: 17->17
[2025-04-17T13:54:01.144+0200][gc,heap       ] GC(10) Humongous regions: 129->129
[2025-04-17T13:54:01.144+0200][gc,metaspace  ] GC(10) Metaspace: 51386K(54272K)->51386K(54272K) NonClass: 45065K(46592K)->45065K(46592K) Class: 6321K(7680K)->6321K(7680K)
[2025-04-17T13:54:01.144+0200][gc            ] GC(10) Pause Young (Normal) (G1 Evacuation Pause) 196M->149M(1024M) 10.380ms
[2025-04-17T13:54:01.144+0200][gc,cpu        ] GC(10) User=0.02s Sys=0.01s Real=0.01s
[2025-04-17T14:10:14.632+0200][gc,start      ] GC(11) Pause Young (Normal) (G1 Evacuation Pause)
[2025-04-17T14:10:14.634+0200][gc,task       ] GC(11) Using 8 workers of 8 for evacuation
[2025-04-17T14:10:14.643+0200][gc,phases     ] GC(11)   Pre Evacuate Collection Set: 0.3ms
[2025-04-17T14:10:14.643+0200][gc,phases     ] GC(11)   Evacuate Collection Set: 7.6ms
[2025-04-17T14:10:14.643+0200][gc,phases     ] GC(11)   Post Evacuate Collection Set: 0.7ms
[2025-04-17T14:10:14.643+0200][gc,phases     ] GC(11)   Other: 2.1ms
[2025-04-17T14:10:14.643+0200][gc,heap       ] GC(11) Eden regions: 54->0(274)
[2025-04-17T14:10:14.643+0200][gc,heap       ] GC(11) Survivor regions: 5->5(8)
[2025-04-17T14:10:14.643+0200][gc,heap       ] GC(11) Old regions: 17->17
[2025-04-17T14:10:14.643+0200][gc,heap       ] GC(11) Humongous regions: 129->129
[2025-04-17T14:10:14.643+0200][gc,metaspace  ] GC(11) Metaspace: 51467K(54272K)->51467K(54272K) NonClass: 45141K(46592K)->45141K(46592K) Class: 6326K(7680K)->6326K(7680K)
[2025-04-17T14:10:14.643+0200][gc            ] GC(11) Pause Young (Normal) (G1 Evacuation Pause) 203M->149M(1024M) 11.043ms
[2025-04-17T14:10:14.644+0200][gc,cpu        ] GC(11) User=0.02s Sys=0.01s Real=0.01s
[2025-04-17T14:15:11.815+0200][gc,heap,exit  ] Heap
[2025-04-17T14:15:11.816+0200][gc,heap,exit  ]  garbage-first heap   total 1048576K, used 182928K [0x0000000780000000, 0x00000007c0000000)
[2025-04-17T14:15:11.816+0200][gc,heap,exit  ]   region size 1024K, 36 young (36864K), 5 survivors (5120K)
[2025-04-17T14:15:11.816+0200][gc,heap,exit  ]  Metaspace       used 52508K, capacity 55331K, committed 55424K, reserved 1097728K
[2025-04-17T14:15:11.816+0200][gc,heap,exit  ]   class space    used 6584K, capacity 7975K, committed 8064K, reserved 1048576K
