[2025-04-17T14:16:40.816+0200][gc,heap] Heap region size: 1M
[2025-04-17T14:16:40.817+0200][gc     ] Using G1
[2025-04-17T14:16:40.817+0200][gc,heap,coops] Heap address: 0x0000000780000000, size: 1024 MB, Compressed Oops mode: Zero based, Oop shift amount: 3
[2025-04-17T14:16:41.145+0200][gc,start     ] GC(0) Pause Young (Concurrent Start) (Metadata GC Threshold)
[2025-04-17T14:16:41.145+0200][gc,task      ] GC(0) Using 8 workers of 8 for evacuation
[2025-04-17T14:16:41.148+0200][gc,phases    ] GC(0)   Pre Evacuate Collection Set: 0.0ms
[2025-04-17T14:16:41.148+0200][gc,phases    ] GC(0)   Evacuate Collection Set: 2.6ms
[2025-04-17T14:16:41.148+0200][gc,phases    ] GC(0)   Post Evacuate Collection Set: 0.2ms
[2025-04-17T14:16:41.148+0200][gc,phases    ] GC(0)   Other: 0.3ms
[2025-04-17T14:16:41.148+0200][gc,heap      ] GC(0) Eden regions: 51->0(44)
[2025-04-17T14:16:41.148+0200][gc,heap      ] GC(0) Survivor regions: 0->7(7)
[2025-04-17T14:16:41.148+0200][gc,heap      ] GC(0) Old regions: 0->1
[2025-04-17T14:16:41.148+0200][gc,heap      ] GC(0) Humongous regions: 0->0
[2025-04-17T14:16:41.148+0200][gc,metaspace ] GC(0) Metaspace: 20811K(21248K)->20811K(21248K) NonClass: 18497K(18688K)->18497K(18688K) Class: 2314K(2560K)->2314K(2560K)
[2025-04-17T14:16:41.148+0200][gc           ] GC(0) Pause Young (Concurrent Start) (Metadata GC Threshold) 50M->7M(1024M) 3.217ms
[2025-04-17T14:16:41.148+0200][gc,cpu       ] GC(0) User=0.00s Sys=0.00s Real=0.00s
[2025-04-17T14:16:41.148+0200][gc           ] GC(1) Concurrent Cycle
[2025-04-17T14:16:41.148+0200][gc,marking   ] GC(1) Concurrent Clear Claimed Marks
[2025-04-17T14:16:41.148+0200][gc,marking   ] GC(1) Concurrent Clear Claimed Marks 0.013ms
[2025-04-17T14:16:41.148+0200][gc,marking   ] GC(1) Concurrent Scan Root Regions
[2025-04-17T14:16:41.149+0200][gc,marking   ] GC(1) Concurrent Scan Root Regions 0.946ms
[2025-04-17T14:16:41.149+0200][gc,marking   ] GC(1) Concurrent Mark (0.337s)
[2025-04-17T14:16:41.149+0200][gc,marking   ] GC(1) Concurrent Mark From Roots
[2025-04-17T14:16:41.149+0200][gc,task      ] GC(1) Using 2 workers of 2 for marking
[2025-04-17T14:16:41.149+0200][gc,marking   ] GC(1) Concurrent Mark From Roots 0.397ms
[2025-04-17T14:16:41.149+0200][gc,marking   ] GC(1) Concurrent Preclean
[2025-04-17T14:16:41.149+0200][gc,marking   ] GC(1) Concurrent Preclean 0.014ms
[2025-04-17T14:16:41.149+0200][gc,marking   ] GC(1) Concurrent Mark (0.337s, 0.338s) 0.432ms
[2025-04-17T14:16:41.149+0200][gc,start     ] GC(1) Pause Remark
[2025-04-17T14:16:41.150+0200][gc,stringtable] GC(1) Cleaned string and symbol table, strings: 7931 processed, 0 removed, symbols: 66642 processed, 32 removed
[2025-04-17T14:16:41.150+0200][gc            ] GC(1) Pause Remark 8M->8M(1024M) 0.853ms
[2025-04-17T14:16:41.150+0200][gc,cpu        ] GC(1) User=0.00s Sys=0.00s Real=0.01s
[2025-04-17T14:16:41.150+0200][gc,marking    ] GC(1) Concurrent Rebuild Remembered Sets
[2025-04-17T14:16:41.151+0200][gc,marking    ] GC(1) Concurrent Rebuild Remembered Sets 0.299ms
[2025-04-17T14:16:41.151+0200][gc,start      ] GC(1) Pause Cleanup
[2025-04-17T14:16:41.151+0200][gc            ] GC(1) Pause Cleanup 8M->8M(1024M) 0.073ms
[2025-04-17T14:16:41.151+0200][gc,cpu        ] GC(1) User=0.00s Sys=0.00s Real=0.00s
[2025-04-17T14:16:41.151+0200][gc,marking    ] GC(1) Concurrent Cleanup for Next Mark
[2025-04-17T14:16:41.152+0200][gc,marking    ] GC(1) Concurrent Cleanup for Next Mark 1.004ms
[2025-04-17T14:16:41.152+0200][gc            ] GC(1) Concurrent Cycle 3.834ms
[2025-04-17T14:16:41.431+0200][gc,start      ] GC(2) Pause Young (Normal) (G1 Evacuation Pause)
[2025-04-17T14:16:41.431+0200][gc,task       ] GC(2) Using 8 workers of 8 for evacuation
[2025-04-17T14:16:41.434+0200][gc,phases     ] GC(2)   Pre Evacuate Collection Set: 0.0ms
[2025-04-17T14:16:41.434+0200][gc,phases     ] GC(2)   Evacuate Collection Set: 2.5ms
[2025-04-17T14:16:41.434+0200][gc,phases     ] GC(2)   Post Evacuate Collection Set: 0.2ms
[2025-04-17T14:16:41.434+0200][gc,phases     ] GC(2)   Other: 0.1ms
[2025-04-17T14:16:41.434+0200][gc,heap       ] GC(2) Eden regions: 44->0(49)
[2025-04-17T14:16:41.434+0200][gc,heap       ] GC(2) Survivor regions: 7->2(7)
[2025-04-17T14:16:41.434+0200][gc,heap       ] GC(2) Old regions: 1->8
[2025-04-17T14:16:41.434+0200][gc,heap       ] GC(2) Humongous regions: 0->0
[2025-04-17T14:16:41.434+0200][gc,metaspace  ] GC(2) Metaspace: 29372K(30208K)->29372K(30208K) NonClass: 25912K(26368K)->25912K(26368K) Class: 3460K(3840K)->3460K(3840K)
[2025-04-17T14:16:41.434+0200][gc            ] GC(2) Pause Young (Normal) (G1 Evacuation Pause) 51M->9M(1024M) 2.899ms
[2025-04-17T14:16:41.434+0200][gc,cpu        ] GC(2) User=0.02s Sys=0.00s Real=0.00s
[2025-04-17T14:16:41.706+0200][gc,start      ] GC(3) Pause Young (Concurrent Start) (Metadata GC Threshold)
[2025-04-17T14:16:41.706+0200][gc,task       ] GC(3) Using 8 workers of 8 for evacuation
[2025-04-17T14:16:41.707+0200][gc,phases     ] GC(3)   Pre Evacuate Collection Set: 0.0ms
[2025-04-17T14:16:41.707+0200][gc,phases     ] GC(3)   Evacuate Collection Set: 1.4ms
[2025-04-17T14:16:41.707+0200][gc,phases     ] GC(3)   Post Evacuate Collection Set: 0.1ms
[2025-04-17T14:16:41.707+0200][gc,phases     ] GC(3)   Other: 0.1ms
[2025-04-17T14:16:41.707+0200][gc,heap       ] GC(3) Eden regions: 35->0(47)
[2025-04-17T14:16:41.707+0200][gc,heap       ] GC(3) Survivor regions: 2->4(7)
[2025-04-17T14:16:41.707+0200][gc,heap       ] GC(3) Old regions: 8->8
[2025-04-17T14:16:41.707+0200][gc,heap       ] GC(3) Humongous regions: 129->129
[2025-04-17T14:16:41.707+0200][gc,metaspace  ] GC(3) Metaspace: 34869K(35840K)->34869K(35840K) NonClass: 30919K(31360K)->30919K(31360K) Class: 3949K(4480K)->3949K(4480K)
[2025-04-17T14:16:41.707+0200][gc            ] GC(3) Pause Young (Concurrent Start) (Metadata GC Threshold) 173M->139M(1024M) 1.713ms
[2025-04-17T14:16:41.707+0200][gc,cpu        ] GC(3) User=0.01s Sys=0.00s Real=0.00s
[2025-04-17T14:16:41.707+0200][gc            ] GC(4) Concurrent Cycle
[2025-04-17T14:16:41.707+0200][gc,marking    ] GC(4) Concurrent Clear Claimed Marks
[2025-04-17T14:16:41.707+0200][gc,marking    ] GC(4) Concurrent Clear Claimed Marks 0.015ms
[2025-04-17T14:16:41.707+0200][gc,marking    ] GC(4) Concurrent Scan Root Regions
[2025-04-17T14:16:41.709+0200][gc,marking    ] GC(4) Concurrent Scan Root Regions 1.074ms
[2025-04-17T14:16:41.709+0200][gc,marking    ] GC(4) Concurrent Mark (0.897s)
[2025-04-17T14:16:41.709+0200][gc,marking    ] GC(4) Concurrent Mark From Roots
[2025-04-17T14:16:41.709+0200][gc,task       ] GC(4) Using 2 workers of 2 for marking
[2025-04-17T14:16:41.710+0200][gc,marking    ] GC(4) Concurrent Mark From Roots 1.936ms
[2025-04-17T14:16:41.711+0200][gc,marking    ] GC(4) Concurrent Preclean
[2025-04-17T14:16:41.711+0200][gc,marking    ] GC(4) Concurrent Preclean 0.032ms
[2025-04-17T14:16:41.711+0200][gc,marking    ] GC(4) Concurrent Mark (0.897s, 0.899s) 2.009ms
[2025-04-17T14:16:41.711+0200][gc,start      ] GC(4) Pause Remark
[2025-04-17T14:16:41.712+0200][gc,stringtable] GC(4) Cleaned string and symbol table, strings: 11622 processed, 10 removed, symbols: 101715 processed, 24 removed
[2025-04-17T14:16:41.712+0200][gc            ] GC(4) Pause Remark 141M->141M(1024M) 1.129ms
[2025-04-17T14:16:41.712+0200][gc,cpu        ] GC(4) User=0.00s Sys=0.00s Real=0.00s
[2025-04-17T14:16:41.712+0200][gc,marking    ] GC(4) Concurrent Rebuild Remembered Sets
[2025-04-17T14:16:41.713+0200][gc,marking    ] GC(4) Concurrent Rebuild Remembered Sets 1.396ms
[2025-04-17T14:16:41.713+0200][gc,start      ] GC(4) Pause Cleanup
[2025-04-17T14:16:41.713+0200][gc            ] GC(4) Pause Cleanup 141M->141M(1024M) 0.056ms
[2025-04-17T14:16:41.713+0200][gc,cpu        ] GC(4) User=0.00s Sys=0.00s Real=0.00s
[2025-04-17T14:16:41.713+0200][gc,marking    ] GC(4) Concurrent Cleanup for Next Mark
[2025-04-17T14:16:41.714+0200][gc,marking    ] GC(4) Concurrent Cleanup for Next Mark 0.887ms
[2025-04-17T14:16:41.714+0200][gc            ] GC(4) Concurrent Cycle 6.814ms
[2025-04-17T14:16:41.876+0200][gc,start      ] GC(5) Pause Young (Normal) (G1 Evacuation Pause)
[2025-04-17T14:16:41.876+0200][gc,task       ] GC(5) Using 8 workers of 8 for evacuation
[2025-04-17T14:16:41.878+0200][gc,phases     ] GC(5)   Pre Evacuate Collection Set: 0.0ms
[2025-04-17T14:16:41.878+0200][gc,phases     ] GC(5)   Evacuate Collection Set: 2.3ms
[2025-04-17T14:16:41.878+0200][gc,phases     ] GC(5)   Post Evacuate Collection Set: 0.2ms
[2025-04-17T14:16:41.878+0200][gc,phases     ] GC(5)   Other: 0.1ms
[2025-04-17T14:16:41.878+0200][gc,heap       ] GC(5) Eden regions: 47->0(44)
[2025-04-17T14:16:41.878+0200][gc,heap       ] GC(5) Survivor regions: 4->7(7)
[2025-04-17T14:16:41.878+0200][gc,heap       ] GC(5) Old regions: 8->8
[2025-04-17T14:16:41.878+0200][gc,heap       ] GC(5) Humongous regions: 129->129
[2025-04-17T14:16:41.878+0200][gc,metaspace  ] GC(5) Metaspace: 42037K(43520K)->42037K(43520K) NonClass: 37295K(38144K)->37295K(38144K) Class: 4741K(5376K)->4741K(5376K)
[2025-04-17T14:16:41.878+0200][gc            ] GC(5) Pause Young (Normal) (G1 Evacuation Pause) 186M->143M(1024M) 2.638ms
[2025-04-17T14:16:41.878+0200][gc,cpu        ] GC(5) User=0.01s Sys=0.00s Real=0.00s
[2025-04-17T14:17:02.989+0200][gc,start      ] GC(6) Pause Young (Normal) (G1 Evacuation Pause)
[2025-04-17T14:17:02.990+0200][gc,task       ] GC(6) Using 8 workers of 8 for evacuation
[2025-04-17T14:17:02.994+0200][gc,phases     ] GC(6)   Pre Evacuate Collection Set: 0.0ms
[2025-04-17T14:17:02.994+0200][gc,phases     ] GC(6)   Evacuate Collection Set: 3.7ms
[2025-04-17T14:17:02.994+0200][gc,phases     ] GC(6)   Post Evacuate Collection Set: 0.3ms
[2025-04-17T14:17:02.994+0200][gc,phases     ] GC(6)   Other: 0.4ms
[2025-04-17T14:17:02.994+0200][gc,heap       ] GC(6) Eden regions: 44->0(48)
[2025-04-17T14:17:02.994+0200][gc,heap       ] GC(6) Survivor regions: 7->3(7)
[2025-04-17T14:17:02.994+0200][gc,heap       ] GC(6) Old regions: 8->15
[2025-04-17T14:17:02.994+0200][gc,heap       ] GC(6) Humongous regions: 135->129
[2025-04-17T14:17:02.994+0200][gc,metaspace  ] GC(6) Metaspace: 48982K(51584K)->48982K(51584K) NonClass: 42902K(44288K)->42902K(44288K) Class: 6080K(7296K)->6080K(7296K)
[2025-04-17T14:17:02.994+0200][gc            ] GC(6) Pause Young (Normal) (G1 Evacuation Pause) 193M->146M(1024M) 4.527ms
[2025-04-17T14:17:02.994+0200][gc,cpu        ] GC(6) User=0.02s Sys=0.00s Real=0.01s
[2025-04-17T14:29:26.977+0200][gc,start      ] GC(7) Pause Young (Normal) (G1 Evacuation Pause)
[2025-04-17T14:29:26.977+0200][gc,task       ] GC(7) Using 8 workers of 8 for evacuation
[2025-04-17T14:29:26.980+0200][gc,phases     ] GC(7)   Pre Evacuate Collection Set: 0.0ms
[2025-04-17T14:29:26.980+0200][gc,phases     ] GC(7)   Evacuate Collection Set: 2.1ms
[2025-04-17T14:29:26.980+0200][gc,phases     ] GC(7)   Post Evacuate Collection Set: 0.2ms
[2025-04-17T14:29:26.980+0200][gc,phases     ] GC(7)   Other: 0.8ms
[2025-04-17T14:29:26.980+0200][gc,heap       ] GC(7) Eden regions: 48->0(46)
[2025-04-17T14:29:26.980+0200][gc,heap       ] GC(7) Survivor regions: 3->5(7)
[2025-04-17T14:29:26.980+0200][gc,heap       ] GC(7) Old regions: 15->15
[2025-04-17T14:29:26.980+0200][gc,heap       ] GC(7) Humongous regions: 129->129
[2025-04-17T14:29:26.980+0200][gc,metaspace  ] GC(7) Metaspace: 50824K(53632K)->50824K(53632K) NonClass: 44581K(46080K)->44581K(46080K) Class: 6243K(7552K)->6243K(7552K)
[2025-04-17T14:29:26.980+0200][gc            ] GC(7) Pause Young (Normal) (G1 Evacuation Pause) 194M->147M(1024M) 3.206ms
[2025-04-17T14:29:26.980+0200][gc,cpu        ] GC(7) User=0.02s Sys=0.00s Real=0.01s
[2025-04-17T14:43:35.932+0200][gc,start      ] GC(8) Pause Young (Normal) (G1 Evacuation Pause)
[2025-04-17T14:43:35.933+0200][gc,task       ] GC(8) Using 8 workers of 8 for evacuation
[2025-04-17T14:43:35.941+0200][gc,phases     ] GC(8)   Pre Evacuate Collection Set: 0.3ms
[2025-04-17T14:43:35.941+0200][gc,phases     ] GC(8)   Evacuate Collection Set: 6.6ms
[2025-04-17T14:43:35.941+0200][gc,phases     ] GC(8)   Post Evacuate Collection Set: 0.7ms
[2025-04-17T14:43:35.941+0200][gc,phases     ] GC(8)   Other: 1.8ms
[2025-04-17T14:43:35.941+0200][gc,heap       ] GC(8) Eden regions: 46->0(48)
[2025-04-17T14:43:35.941+0200][gc,heap       ] GC(8) Survivor regions: 5->3(7)
[2025-04-17T14:43:35.942+0200][gc,heap       ] GC(8) Old regions: 15->17
[2025-04-17T14:43:35.942+0200][gc,heap       ] GC(8) Humongous regions: 129->129
[2025-04-17T14:43:35.942+0200][gc,metaspace  ] GC(8) Metaspace: 50986K(53632K)->50986K(53632K) NonClass: 44742K(46080K)->44742K(46080K) Class: 6243K(7552K)->6243K(7552K)
[2025-04-17T14:43:35.942+0200][gc            ] GC(8) Pause Young (Normal) (G1 Evacuation Pause) 193M->147M(1024M) 9.842ms
[2025-04-17T14:43:35.942+0200][gc,cpu        ] GC(8) User=0.02s Sys=0.00s Real=0.01s
[2025-04-17T14:58:06.257+0200][gc,start      ] GC(9) Pause Young (Normal) (G1 Evacuation Pause)
[2025-04-17T14:58:06.257+0200][gc,task       ] GC(9) Using 8 workers of 8 for evacuation
[2025-04-17T14:58:06.260+0200][gc,phases     ] GC(9)   Pre Evacuate Collection Set: 0.1ms
[2025-04-17T14:58:06.260+0200][gc,phases     ] GC(9)   Evacuate Collection Set: 2.2ms
[2025-04-17T14:58:06.260+0200][gc,phases     ] GC(9)   Post Evacuate Collection Set: 0.2ms
[2025-04-17T14:58:06.260+0200][gc,phases     ] GC(9)   Other: 0.3ms
[2025-04-17T14:58:06.260+0200][gc,heap       ] GC(9) Eden regions: 48->0(53)
[2025-04-17T14:58:06.260+0200][gc,heap       ] GC(9) Survivor regions: 3->3(7)
[2025-04-17T14:58:06.260+0200][gc,heap       ] GC(9) Old regions: 17->17
[2025-04-17T14:58:06.260+0200][gc,heap       ] GC(9) Humongous regions: 129->129
[2025-04-17T14:58:06.260+0200][gc,metaspace  ] GC(9) Metaspace: 51092K(53888K)->51092K(53888K) NonClass: 44849K(46336K)->44849K(46336K) Class: 6243K(7552K)->6243K(7552K)
[2025-04-17T14:58:06.260+0200][gc            ] GC(9) Pause Young (Normal) (G1 Evacuation Pause) 195M->148M(1024M) 2.914ms
[2025-04-17T14:58:06.260+0200][gc,cpu        ] GC(9) User=0.01s Sys=0.00s Real=0.01s
[2025-04-17T15:15:06.619+0200][gc,start      ] GC(10) Pause Young (Normal) (G1 Evacuation Pause)
[2025-04-17T15:15:06.620+0200][gc,task       ] GC(10) Using 8 workers of 8 for evacuation
[2025-04-17T15:15:06.630+0200][gc,phases     ] GC(10)   Pre Evacuate Collection Set: 0.3ms
[2025-04-17T15:15:06.630+0200][gc,phases     ] GC(10)   Evacuate Collection Set: 8.6ms
[2025-04-17T15:15:06.631+0200][gc,phases     ] GC(10)   Post Evacuate Collection Set: 0.7ms
[2025-04-17T15:15:06.631+0200][gc,phases     ] GC(10)   Other: 2.0ms
[2025-04-17T15:15:06.631+0200][gc,heap       ] GC(10) Eden regions: 53->0(170)
[2025-04-17T15:15:06.631+0200][gc,heap       ] GC(10) Survivor regions: 3->4(7)
[2025-04-17T15:15:06.631+0200][gc,heap       ] GC(10) Old regions: 17->17
[2025-04-17T15:15:06.631+0200][gc,heap       ] GC(10) Humongous regions: 129->129
[2025-04-17T15:15:06.631+0200][gc,metaspace  ] GC(10) Metaspace: 51177K(53888K)->51177K(53888K) NonClass: 44933K(46336K)->44933K(46336K) Class: 6243K(7552K)->6243K(7552K)
[2025-04-17T15:15:06.631+0200][gc            ] GC(10) Pause Young (Normal) (G1 Evacuation Pause) 201M->148M(1024M) 12.099ms
[2025-04-17T15:15:06.631+0200][gc,cpu        ] GC(10) User=0.03s Sys=0.01s Real=0.02s
[2025-04-17T16:10:22.045+0200][gc,start      ] GC(11) Pause Young (Normal) (G1 Evacuation Pause)
[2025-04-17T16:10:22.046+0200][gc,task       ] GC(11) Using 8 workers of 8 for evacuation
[2025-04-17T16:10:22.058+0200][gc,phases     ] GC(11)   Pre Evacuate Collection Set: 0.5ms
[2025-04-17T16:10:22.058+0200][gc,phases     ] GC(11)   Evacuate Collection Set: 9.1ms
[2025-04-17T16:10:22.058+0200][gc,phases     ] GC(11)   Post Evacuate Collection Set: 1.0ms
[2025-04-17T16:10:22.058+0200][gc,phases     ] GC(11)   Other: 2.4ms
[2025-04-17T16:10:22.058+0200][gc,heap       ] GC(11) Eden regions: 170->0(365)
[2025-04-17T16:10:22.058+0200][gc,heap       ] GC(11) Survivor regions: 4->3(22)
[2025-04-17T16:10:22.058+0200][gc,heap       ] GC(11) Old regions: 17->17
[2025-04-17T16:10:22.058+0200][gc,heap       ] GC(11) Humongous regions: 129->129
[2025-04-17T16:10:22.058+0200][gc,metaspace  ] GC(11) Metaspace: 51280K(53888K)->51280K(53888K) NonClass: 45031K(46336K)->45031K(46336K) Class: 6249K(7552K)->6249K(7552K)
[2025-04-17T16:10:22.058+0200][gc            ] GC(11) Pause Young (Normal) (G1 Evacuation Pause) 318M->148M(1024M) 13.352ms
[2025-04-17T16:10:22.058+0200][gc,cpu        ] GC(11) User=0.03s Sys=0.01s Real=0.01s
[2025-04-18T00:02:20.906+0200][gc,start      ] GC(12) Pause Young (Normal) (G1 Evacuation Pause)
[2025-04-18T00:02:20.907+0200][gc,task       ] GC(12) Using 8 workers of 8 for evacuation
[2025-04-18T00:02:20.928+0200][gc,mmu        ] GC(12) MMU target violated: 21.0ms (20.0ms/21.0ms)
[2025-04-18T00:02:20.928+0200][gc,phases     ] GC(12)   Pre Evacuate Collection Set: 0.2ms
[2025-04-18T00:02:20.928+0200][gc,phases     ] GC(12)   Evacuate Collection Set: 19.6ms
[2025-04-18T00:02:20.928+0200][gc,phases     ] GC(12)   Post Evacuate Collection Set: 1.2ms
[2025-04-18T00:02:20.928+0200][gc,phases     ] GC(12)   Other: 1.4ms
[2025-04-18T00:02:20.928+0200][gc,heap       ] GC(12) Eden regions: 365->0(177)
[2025-04-18T00:02:20.929+0200][gc,heap       ] GC(12) Survivor regions: 3->4(46)
[2025-04-18T00:02:20.929+0200][gc,heap       ] GC(12) Old regions: 17->17
[2025-04-18T00:02:20.929+0200][gc,heap       ] GC(12) Humongous regions: 129->129
[2025-04-18T00:02:20.929+0200][gc,metaspace  ] GC(12) Metaspace: 51843K(54784K)->51843K(54784K) NonClass: 45490K(47104K)->45490K(47104K) Class: 6352K(7680K)->6352K(7680K)
[2025-04-18T00:02:20.929+0200][gc            ] GC(12) Pause Young (Normal) (G1 Evacuation Pause) 513M->148M(1024M) 22.689ms
[2025-04-18T00:02:20.929+0200][gc,cpu        ] GC(12) User=0.03s Sys=0.01s Real=0.02s
[2025-04-18T09:53:05.374+0200][gc,start      ] GC(13) Pause Young (Normal) (G1 Evacuation Pause)
[2025-04-18T09:53:05.374+0200][gc,task       ] GC(13) Using 8 workers of 8 for evacuation
[2025-04-18T09:53:05.385+0200][gc,phases     ] GC(13)   Pre Evacuate Collection Set: 0.2ms
[2025-04-18T09:53:05.385+0200][gc,phases     ] GC(13)   Evacuate Collection Set: 9.2ms
[2025-04-18T09:53:05.385+0200][gc,phases     ] GC(13)   Post Evacuate Collection Set: 0.8ms
[2025-04-18T09:53:05.385+0200][gc,phases     ] GC(13)   Other: 0.9ms
[2025-04-18T09:53:05.385+0200][gc,heap       ] GC(13) Eden regions: 177->0(404)
[2025-04-18T09:53:05.385+0200][gc,heap       ] GC(13) Survivor regions: 4->3(23)
[2025-04-18T09:53:05.385+0200][gc,heap       ] GC(13) Old regions: 17->17
[2025-04-18T09:53:05.385+0200][gc,heap       ] GC(13) Humongous regions: 129->129
[2025-04-18T09:53:05.385+0200][gc,metaspace  ] GC(13) Metaspace: 51958K(54784K)->51958K(54784K) NonClass: 45605K(47104K)->45605K(47104K) Class: 6352K(7680K)->6352K(7680K)
[2025-04-18T09:53:05.385+0200][gc            ] GC(13) Pause Young (Normal) (G1 Evacuation Pause) 325M->148M(1024M) 11.427ms
[2025-04-18T09:53:05.385+0200][gc,cpu        ] GC(13) User=0.03s Sys=0.01s Real=0.01s
[2025-04-21T16:47:27.019+0200][gc,start      ] GC(14) Pause Young (Normal) (G1 Evacuation Pause)
[2025-04-21T16:47:27.020+0200][gc,task       ] GC(14) Using 8 workers of 8 for evacuation
[2025-04-21T16:47:27.030+0200][gc,phases     ] GC(14)   Pre Evacuate Collection Set: 0.2ms
[2025-04-21T16:47:27.030+0200][gc,phases     ] GC(14)   Evacuate Collection Set: 8.3ms
[2025-04-21T16:47:27.030+0200][gc,phases     ] GC(14)   Post Evacuate Collection Set: 0.9ms
[2025-04-21T16:47:27.030+0200][gc,phases     ] GC(14)   Other: 1.5ms
[2025-04-21T16:47:27.031+0200][gc,heap       ] GC(14) Eden regions: 404->0(430)
[2025-04-21T16:47:27.031+0200][gc,heap       ] GC(14) Survivor regions: 3->3(51)
[2025-04-21T16:47:27.031+0200][gc,heap       ] GC(14) Old regions: 17->17
[2025-04-21T16:47:27.031+0200][gc,heap       ] GC(14) Humongous regions: 129->129
[2025-04-21T16:47:27.031+0200][gc,metaspace  ] GC(14) Metaspace: 52237K(55040K)->52237K(55040K) NonClass: 45884K(47360K)->45884K(47360K) Class: 6353K(7680K)->6353K(7680K)
[2025-04-21T16:47:27.031+0200][gc            ] GC(14) Pause Young (Normal) (G1 Evacuation Pause) 552M->147M(1024M) 11.799ms
[2025-04-21T16:47:27.031+0200][gc,cpu        ] GC(14) User=0.03s Sys=0.01s Real=0.02s
[2025-04-22T00:07:38.518+0200][gc,heap,exit  ] Heap
[2025-04-22T00:07:38.518+0200][gc,heap,exit  ]  garbage-first heap   total 1048576K, used 185329K [0x0000000780000000, 0x00000007c0000000)
[2025-04-22T00:07:38.518+0200][gc,heap,exit  ]   region size 1024K, 37 young (37888K), 3 survivors (3072K)
[2025-04-22T00:07:38.518+0200][gc,heap,exit  ]  Metaspace       used 52368K, capacity 55100K, committed 55424K, reserved 1097728K
[2025-04-22T00:07:38.518+0200][gc,heap,exit  ]   class space    used 6391K, capacity 7695K, committed 7808K, reserved 1048576K
