[2025-04-17T12:53:47.561+0200][gc,heap] Heap region size: 1M
[2025-04-17T12:53:47.562+0200][gc     ] Using G1
[2025-04-17T12:53:47.562+0200][gc,heap,coops] Heap address: 0x0000000780000000, size: 1024 MB, Compressed Oops mode: Zero based, Oop shift amount: 3
[2025-04-17T12:53:47.881+0200][gc,start     ] GC(0) Pause Young (Concurrent Start) (Metadata GC Threshold)
[2025-04-17T12:53:47.882+0200][gc,task      ] GC(0) Using 8 workers of 8 for evacuation
[2025-04-17T12:53:47.885+0200][gc,phases    ] GC(0)   Pre Evacuate Collection Set: 0.0ms
[2025-04-17T12:53:47.885+0200][gc,phases    ] GC(0)   Evacuate Collection Set: 3.0ms
[2025-04-17T12:53:47.885+0200][gc,phases    ] GC(0)   Post Evacuate Collection Set: 0.2ms
[2025-04-17T12:53:47.885+0200][gc,phases    ] GC(0)   Other: 0.3ms
[2025-04-17T12:53:47.885+0200][gc,heap      ] GC(0) Eden regions: 51->0(44)
[2025-04-17T12:53:47.885+0200][gc,heap      ] GC(0) Survivor regions: 0->7(7)
[2025-04-17T12:53:47.885+0200][gc,heap      ] GC(0) Old regions: 0->1
[2025-04-17T12:53:47.885+0200][gc,heap      ] GC(0) Humongous regions: 0->0
[2025-04-17T12:53:47.885+0200][gc,metaspace ] GC(0) Metaspace: 20735K(21248K)->20735K(21248K) NonClass: 18435K(18688K)->18435K(18688K) Class: 2299K(2560K)->2299K(2560K)
[2025-04-17T12:53:47.885+0200][gc           ] GC(0) Pause Young (Concurrent Start) (Metadata GC Threshold) 50M->7M(1024M) 3.611ms
[2025-04-17T12:53:47.885+0200][gc,cpu       ] GC(0) User=0.01s Sys=0.01s Real=0.00s
[2025-04-17T12:53:47.885+0200][gc           ] GC(1) Concurrent Cycle
[2025-04-17T12:53:47.885+0200][gc,marking   ] GC(1) Concurrent Clear Claimed Marks
[2025-04-17T12:53:47.885+0200][gc,marking   ] GC(1) Concurrent Clear Claimed Marks 0.015ms
[2025-04-17T12:53:47.885+0200][gc,marking   ] GC(1) Concurrent Scan Root Regions
[2025-04-17T12:53:47.886+0200][gc,marking   ] GC(1) Concurrent Scan Root Regions 0.955ms
[2025-04-17T12:53:47.886+0200][gc,marking   ] GC(1) Concurrent Mark (0.329s)
[2025-04-17T12:53:47.886+0200][gc,marking   ] GC(1) Concurrent Mark From Roots
[2025-04-17T12:53:47.886+0200][gc,task      ] GC(1) Using 2 workers of 2 for marking
[2025-04-17T12:53:47.887+0200][gc,marking   ] GC(1) Concurrent Mark From Roots 0.557ms
[2025-04-17T12:53:47.887+0200][gc,marking   ] GC(1) Concurrent Preclean
[2025-04-17T12:53:47.887+0200][gc,marking   ] GC(1) Concurrent Preclean 0.013ms
[2025-04-17T12:53:47.887+0200][gc,marking   ] GC(1) Concurrent Mark (0.329s, 0.330s) 0.600ms
[2025-04-17T12:53:47.887+0200][gc,start     ] GC(1) Pause Remark
[2025-04-17T12:53:47.887+0200][gc,stringtable] GC(1) Cleaned string and symbol table, strings: 7928 processed, 0 removed, symbols: 66627 processed, 32 removed
[2025-04-17T12:53:47.887+0200][gc            ] GC(1) Pause Remark 8M->8M(1024M) 0.744ms
[2025-04-17T12:53:47.887+0200][gc,cpu        ] GC(1) User=0.01s Sys=0.00s Real=0.00s
[2025-04-17T12:53:47.888+0200][gc,marking    ] GC(1) Concurrent Rebuild Remembered Sets
[2025-04-17T12:53:47.888+0200][gc,marking    ] GC(1) Concurrent Rebuild Remembered Sets 0.391ms
[2025-04-17T12:53:47.888+0200][gc,start      ] GC(1) Pause Cleanup
[2025-04-17T12:53:47.888+0200][gc            ] GC(1) Pause Cleanup 8M->8M(1024M) 0.075ms
[2025-04-17T12:53:47.888+0200][gc,cpu        ] GC(1) User=0.00s Sys=0.00s Real=0.00s
[2025-04-17T12:53:47.888+0200][gc,marking    ] GC(1) Concurrent Cleanup for Next Mark
[2025-04-17T12:53:47.889+0200][gc,marking    ] GC(1) Concurrent Cleanup for Next Mark 0.833ms
[2025-04-17T12:53:47.889+0200][gc            ] GC(1) Concurrent Cycle 3.892ms
[2025-04-17T12:53:48.115+0200][gc,start      ] GC(2) Pause Young (Normal) (G1 Evacuation Pause)
[2025-04-17T12:53:48.115+0200][gc,task       ] GC(2) Using 8 workers of 8 for evacuation
[2025-04-17T12:53:48.117+0200][gc,phases     ] GC(2)   Pre Evacuate Collection Set: 0.0ms
[2025-04-17T12:53:48.117+0200][gc,phases     ] GC(2)   Evacuate Collection Set: 2.3ms
[2025-04-17T12:53:48.117+0200][gc,phases     ] GC(2)   Post Evacuate Collection Set: 0.1ms
[2025-04-17T12:53:48.117+0200][gc,phases     ] GC(2)   Other: 0.1ms
[2025-04-17T12:53:48.117+0200][gc,heap       ] GC(2) Eden regions: 44->0(49)
[2025-04-17T12:53:48.117+0200][gc,heap       ] GC(2) Survivor regions: 7->2(7)
[2025-04-17T12:53:48.117+0200][gc,heap       ] GC(2) Old regions: 1->9
[2025-04-17T12:53:48.117+0200][gc,heap       ] GC(2) Humongous regions: 129->129
[2025-04-17T12:53:48.117+0200][gc,metaspace  ] GC(2) Metaspace: 29173K(30080K)->29173K(30080K) NonClass: 25760K(26368K)->25760K(26368K) Class: 3413K(3712K)->3413K(3712K)
[2025-04-17T12:53:48.117+0200][gc            ] GC(2) Pause Young (Normal) (G1 Evacuation Pause) 180M->139M(1024M) 2.602ms
[2025-04-17T12:53:48.117+0200][gc,cpu        ] GC(2) User=0.01s Sys=0.00s Real=0.00s
[2025-04-17T12:53:48.207+0200][gc,start      ] GC(3) Pause Young (Concurrent Start) (Metadata GC Threshold)
[2025-04-17T12:53:48.207+0200][gc,task       ] GC(3) Using 8 workers of 8 for evacuation
[2025-04-17T12:53:48.216+0200][gc,phases     ] GC(3)   Pre Evacuate Collection Set: 0.0ms
[2025-04-17T12:53:48.216+0200][gc,phases     ] GC(3)   Evacuate Collection Set: 9.3ms
[2025-04-17T12:53:48.216+0200][gc,phases     ] GC(3)   Post Evacuate Collection Set: 0.1ms
[2025-04-17T12:53:48.216+0200][gc,phases     ] GC(3)   Other: 0.1ms
[2025-04-17T12:53:48.216+0200][gc,heap       ] GC(3) Eden regions: 31->0(48)
[2025-04-17T12:53:48.216+0200][gc,heap       ] GC(3) Survivor regions: 2->3(7)
[2025-04-17T12:53:48.216+0200][gc,heap       ] GC(3) Old regions: 9->9
[2025-04-17T12:53:48.216+0200][gc,heap       ] GC(3) Humongous regions: 129->129
[2025-04-17T12:53:48.216+0200][gc,metaspace  ] GC(3) Metaspace: 34990K(35840K)->34990K(35840K) NonClass: 31103K(31488K)->31103K(31488K) Class: 3887K(4352K)->3887K(4352K)
[2025-04-17T12:53:48.216+0200][gc            ] GC(3) Pause Young (Concurrent Start) (Metadata GC Threshold) 170M->139M(1024M) 9.613ms
[2025-04-17T12:53:48.216+0200][gc,cpu        ] GC(3) User=0.00s Sys=0.00s Real=0.01s
[2025-04-17T12:53:48.216+0200][gc            ] GC(4) Concurrent Cycle
[2025-04-17T12:53:48.216+0200][gc,marking    ] GC(4) Concurrent Clear Claimed Marks
[2025-04-17T12:53:48.216+0200][gc,marking    ] GC(4) Concurrent Clear Claimed Marks 0.018ms
[2025-04-17T12:53:48.216+0200][gc,marking    ] GC(4) Concurrent Scan Root Regions
[2025-04-17T12:53:48.217+0200][gc,marking    ] GC(4) Concurrent Scan Root Regions 0.615ms
[2025-04-17T12:53:48.217+0200][gc,marking    ] GC(4) Concurrent Mark (0.660s)
[2025-04-17T12:53:48.217+0200][gc,marking    ] GC(4) Concurrent Mark From Roots
[2025-04-17T12:53:48.217+0200][gc,task       ] GC(4) Using 2 workers of 2 for marking
[2025-04-17T12:53:48.219+0200][gc,marking    ] GC(4) Concurrent Mark From Roots 1.738ms
[2025-04-17T12:53:48.219+0200][gc,marking    ] GC(4) Concurrent Preclean
[2025-04-17T12:53:48.219+0200][gc,marking    ] GC(4) Concurrent Preclean 0.021ms
[2025-04-17T12:53:48.219+0200][gc,marking    ] GC(4) Concurrent Mark (0.660s, 0.662s) 1.784ms
[2025-04-17T12:53:48.219+0200][gc,start      ] GC(4) Pause Remark
[2025-04-17T12:53:48.219+0200][gc,stringtable] GC(4) Cleaned string and symbol table, strings: 11695 processed, 10 removed, symbols: 100988 processed, 23 removed
[2025-04-17T12:53:48.220+0200][gc            ] GC(4) Pause Remark 140M->140M(1024M) 0.780ms
[2025-04-17T12:53:48.220+0200][gc,cpu        ] GC(4) User=0.01s Sys=0.00s Real=0.01s
[2025-04-17T12:53:48.220+0200][gc,marking    ] GC(4) Concurrent Rebuild Remembered Sets
[2025-04-17T12:53:48.221+0200][gc,marking    ] GC(4) Concurrent Rebuild Remembered Sets 1.445ms
[2025-04-17T12:53:48.221+0200][gc,start      ] GC(4) Pause Cleanup
[2025-04-17T12:53:48.221+0200][gc            ] GC(4) Pause Cleanup 141M->141M(1024M) 0.055ms
[2025-04-17T12:53:48.221+0200][gc,cpu        ] GC(4) User=0.00s Sys=0.00s Real=0.00s
[2025-04-17T12:53:48.221+0200][gc,marking    ] GC(4) Concurrent Cleanup for Next Mark
[2025-04-17T12:53:48.222+0200][gc,marking    ] GC(4) Concurrent Cleanup for Next Mark 0.851ms
[2025-04-17T12:53:48.222+0200][gc            ] GC(4) Concurrent Cycle 5.829ms
[2025-04-17T12:53:48.365+0200][gc,start      ] GC(5) Pause Young (Normal) (G1 Evacuation Pause)
[2025-04-17T12:53:48.366+0200][gc,task       ] GC(5) Using 8 workers of 8 for evacuation
[2025-04-17T12:53:48.369+0200][gc,phases     ] GC(5)   Pre Evacuate Collection Set: 0.0ms
[2025-04-17T12:53:48.369+0200][gc,phases     ] GC(5)   Evacuate Collection Set: 2.0ms
[2025-04-17T12:53:48.369+0200][gc,phases     ] GC(5)   Post Evacuate Collection Set: 0.1ms
[2025-04-17T12:53:48.369+0200][gc,phases     ] GC(5)   Other: 1.4ms
[2025-04-17T12:53:48.369+0200][gc,heap       ] GC(5) Eden regions: 48->0(44)
[2025-04-17T12:53:48.369+0200][gc,heap       ] GC(5) Survivor regions: 3->7(7)
[2025-04-17T12:53:48.369+0200][gc,heap       ] GC(5) Old regions: 9->9
[2025-04-17T12:53:48.369+0200][gc,heap       ] GC(5) Humongous regions: 129->129
[2025-04-17T12:53:48.369+0200][gc,metaspace  ] GC(5) Metaspace: 42255K(43904K)->42255K(43904K) NonClass: 37451K(38400K)->37451K(38400K) Class: 4804K(5504K)->4804K(5504K)
[2025-04-17T12:53:48.369+0200][gc            ] GC(5) Pause Young (Normal) (G1 Evacuation Pause) 187M->143M(1024M) 3.671ms
[2025-04-17T12:53:48.369+0200][gc,cpu        ] GC(5) User=0.02s Sys=0.00s Real=0.00s
[2025-04-17T12:54:59.560+0200][gc,heap,exit  ] Heap
[2025-04-17T12:54:59.560+0200][gc,heap,exit  ]  garbage-first heap   total 1048576K, used 172789K [0x0000000780000000, 0x00000007c0000000)
[2025-04-17T12:54:59.560+0200][gc,heap,exit  ]   region size 1024K, 33 young (33792K), 7 survivors (7168K)
[2025-04-17T12:54:59.560+0200][gc,heap,exit  ]  Metaspace       used 45740K, capacity 47499K, committed 47616K, reserved 1091584K
[2025-04-17T12:54:59.560+0200][gc,heap,exit  ]   class space    used 5459K, capacity 6312K, committed 6400K, reserved 1048576K
