[2025-04-17T12:41:38.459+0200][gc,heap] Heap region size: 1M
[2025-04-17T12:41:38.460+0200][gc     ] Using G1
[2025-04-17T12:41:38.460+0200][gc,heap,coops] Heap address: 0x0000000780000000, size: 1024 MB, Compressed Oops mode: Zero based, Oop shift amount: 3
[2025-04-17T12:41:38.800+0200][gc,start     ] GC(0) Pause Young (Concurrent Start) (Metadata GC Threshold)
[2025-04-17T12:41:38.800+0200][gc,task      ] GC(0) Using 8 workers of 8 for evacuation
[2025-04-17T12:41:38.803+0200][gc,phases    ] GC(0)   Pre Evacuate Collection Set: 0.0ms
[2025-04-17T12:41:38.803+0200][gc,phases    ] GC(0)   Evacuate Collection Set: 2.8ms
[2025-04-17T12:41:38.803+0200][gc,phases    ] GC(0)   Post Evacuate Collection Set: 0.2ms
[2025-04-17T12:41:38.803+0200][gc,phases    ] GC(0)   Other: 0.3ms
[2025-04-17T12:41:38.803+0200][gc,heap      ] GC(0) Eden regions: 50->0(44)
[2025-04-17T12:41:38.803+0200][gc,heap      ] GC(0) Survivor regions: 0->7(7)
[2025-04-17T12:41:38.803+0200][gc,heap      ] GC(0) Old regions: 0->1
[2025-04-17T12:41:38.803+0200][gc,heap      ] GC(0) Humongous regions: 0->0
[2025-04-17T12:41:38.803+0200][gc,metaspace ] GC(0) Metaspace: 20613K(21296K)->20613K(21296K) NonClass: 18353K(18864K)->18353K(18864K) Class: 2259K(2432K)->2259K(2432K)
[2025-04-17T12:41:38.803+0200][gc           ] GC(0) Pause Young (Concurrent Start) (Metadata GC Threshold) 50M->7M(1024M) 3.413ms
[2025-04-17T12:41:38.803+0200][gc,cpu       ] GC(0) User=0.01s Sys=0.00s Real=0.00s
[2025-04-17T12:41:38.803+0200][gc           ] GC(1) Concurrent Cycle
[2025-04-17T12:41:38.803+0200][gc,marking   ] GC(1) Concurrent Clear Claimed Marks
[2025-04-17T12:41:38.803+0200][gc,marking   ] GC(1) Concurrent Clear Claimed Marks 0.013ms
[2025-04-17T12:41:38.803+0200][gc,marking   ] GC(1) Concurrent Scan Root Regions
[2025-04-17T12:41:38.804+0200][gc,marking   ] GC(1) Concurrent Scan Root Regions 0.837ms
[2025-04-17T12:41:38.804+0200][gc,marking   ] GC(1) Concurrent Mark (0.349s)
[2025-04-17T12:41:38.804+0200][gc,marking   ] GC(1) Concurrent Mark From Roots
[2025-04-17T12:41:38.804+0200][gc,task      ] GC(1) Using 2 workers of 2 for marking
[2025-04-17T12:41:38.805+0200][gc,marking   ] GC(1) Concurrent Mark From Roots 0.600ms
[2025-04-17T12:41:38.805+0200][gc,marking   ] GC(1) Concurrent Preclean
[2025-04-17T12:41:38.805+0200][gc,marking   ] GC(1) Concurrent Preclean 0.015ms
[2025-04-17T12:41:38.805+0200][gc,marking   ] GC(1) Concurrent Mark (0.349s, 0.350s) 0.640ms
[2025-04-17T12:41:38.805+0200][gc,start     ] GC(1) Pause Remark
[2025-04-17T12:41:38.805+0200][gc,stringtable] GC(1) Cleaned string and symbol table, strings: 7903 processed, 0 removed, symbols: 66450 processed, 32 removed
[2025-04-17T12:41:38.806+0200][gc            ] GC(1) Pause Remark 8M->8M(1024M) 0.873ms
[2025-04-17T12:41:38.806+0200][gc,cpu        ] GC(1) User=0.01s Sys=0.00s Real=0.00s
[2025-04-17T12:41:38.806+0200][gc,marking    ] GC(1) Concurrent Rebuild Remembered Sets
[2025-04-17T12:41:38.806+0200][gc,marking    ] GC(1) Concurrent Rebuild Remembered Sets 0.502ms
[2025-04-17T12:41:38.806+0200][gc,start      ] GC(1) Pause Cleanup
[2025-04-17T12:41:38.806+0200][gc            ] GC(1) Pause Cleanup 8M->8M(1024M) 0.076ms
[2025-04-17T12:41:38.806+0200][gc,cpu        ] GC(1) User=0.00s Sys=0.00s Real=0.00s
[2025-04-17T12:41:38.806+0200][gc,marking    ] GC(1) Concurrent Cleanup for Next Mark
[2025-04-17T12:41:38.807+0200][gc,marking    ] GC(1) Concurrent Cleanup for Next Mark 0.970ms
[2025-04-17T12:41:38.807+0200][gc            ] GC(1) Concurrent Cycle 4.147ms
[2025-04-17T12:41:39.068+0200][gc,start      ] GC(2) Pause Young (Normal) (G1 Evacuation Pause)
[2025-04-17T12:41:39.068+0200][gc,task       ] GC(2) Using 8 workers of 8 for evacuation
[2025-04-17T12:41:39.071+0200][gc,phases     ] GC(2)   Pre Evacuate Collection Set: 0.0ms
[2025-04-17T12:41:39.071+0200][gc,phases     ] GC(2)   Evacuate Collection Set: 2.7ms
[2025-04-17T12:41:39.071+0200][gc,phases     ] GC(2)   Post Evacuate Collection Set: 0.2ms
[2025-04-17T12:41:39.071+0200][gc,phases     ] GC(2)   Other: 0.1ms
[2025-04-17T12:41:39.071+0200][gc,heap       ] GC(2) Eden regions: 44->0(49)
[2025-04-17T12:41:39.071+0200][gc,heap       ] GC(2) Survivor regions: 7->2(7)
[2025-04-17T12:41:39.071+0200][gc,heap       ] GC(2) Old regions: 1->8
[2025-04-17T12:41:39.071+0200][gc,heap       ] GC(2) Humongous regions: 0->0
[2025-04-17T12:41:39.071+0200][gc,metaspace  ] GC(2) Metaspace: 28944K(29744K)->28944K(29744K) NonClass: 25554K(26032K)->25554K(26032K) Class: 3389K(3712K)->3389K(3712K)
[2025-04-17T12:41:39.071+0200][gc            ] GC(2) Pause Young (Normal) (G1 Evacuation Pause) 51M->9M(1024M) 3.170ms
[2025-04-17T12:41:39.071+0200][gc,cpu        ] GC(2) User=0.01s Sys=0.00s Real=0.01s
[2025-04-17T12:41:39.181+0200][gc,start      ] GC(3) Pause Young (Concurrent Start) (Metadata GC Threshold)
[2025-04-17T12:41:39.181+0200][gc,task       ] GC(3) Using 8 workers of 8 for evacuation
[2025-04-17T12:41:39.182+0200][gc,phases     ] GC(3)   Pre Evacuate Collection Set: 0.0ms
[2025-04-17T12:41:39.182+0200][gc,phases     ] GC(3)   Evacuate Collection Set: 1.1ms
[2025-04-17T12:41:39.182+0200][gc,phases     ] GC(3)   Post Evacuate Collection Set: 0.1ms
[2025-04-17T12:41:39.182+0200][gc,phases     ] GC(3)   Other: 0.1ms
[2025-04-17T12:41:39.182+0200][gc,heap       ] GC(3) Eden regions: 32->0(48)
[2025-04-17T12:41:39.182+0200][gc,heap       ] GC(3) Survivor regions: 2->3(7)
[2025-04-17T12:41:39.182+0200][gc,heap       ] GC(3) Old regions: 8->8
[2025-04-17T12:41:39.182+0200][gc,heap       ] GC(3) Humongous regions: 129->129
[2025-04-17T12:41:39.182+0200][gc,metaspace  ] GC(3) Metaspace: 34788K(35712K)->34788K(35712K) NonClass: 30921K(31360K)->30921K(31360K) Class: 3867K(4352K)->3867K(4352K)
[2025-04-17T12:41:39.182+0200][gc            ] GC(3) Pause Young (Concurrent Start) (Metadata GC Threshold) 169M->139M(1024M) 1.411ms
[2025-04-17T12:41:39.182+0200][gc,cpu        ] GC(3) User=0.01s Sys=0.01s Real=0.00s
[2025-04-17T12:41:39.182+0200][gc            ] GC(4) Concurrent Cycle
[2025-04-17T12:41:39.182+0200][gc,marking    ] GC(4) Concurrent Clear Claimed Marks
[2025-04-17T12:41:39.182+0200][gc,marking    ] GC(4) Concurrent Clear Claimed Marks 0.015ms
[2025-04-17T12:41:39.182+0200][gc,marking    ] GC(4) Concurrent Scan Root Regions
[2025-04-17T12:41:39.183+0200][gc,marking    ] GC(4) Concurrent Scan Root Regions 0.638ms
[2025-04-17T12:41:39.183+0200][gc,marking    ] GC(4) Concurrent Mark (0.728s)
[2025-04-17T12:41:39.183+0200][gc,marking    ] GC(4) Concurrent Mark From Roots
[2025-04-17T12:41:39.183+0200][gc,task       ] GC(4) Using 2 workers of 2 for marking
[2025-04-17T12:41:39.185+0200][gc,marking    ] GC(4) Concurrent Mark From Roots 1.825ms
[2025-04-17T12:41:39.185+0200][gc,marking    ] GC(4) Concurrent Preclean
[2025-04-17T12:41:39.185+0200][gc,marking    ] GC(4) Concurrent Preclean 0.027ms
[2025-04-17T12:41:39.185+0200][gc,marking    ] GC(4) Concurrent Mark (0.728s, 0.730s) 1.875ms
[2025-04-17T12:41:39.185+0200][gc,start      ] GC(4) Pause Remark
[2025-04-17T12:41:39.186+0200][gc,stringtable] GC(4) Cleaned string and symbol table, strings: 11577 processed, 10 removed, symbols: 100458 processed, 23 removed
[2025-04-17T12:41:39.186+0200][gc            ] GC(4) Pause Remark 140M->140M(1024M) 0.973ms
[2025-04-17T12:41:39.186+0200][gc,cpu        ] GC(4) User=0.01s Sys=0.00s Real=0.00s
[2025-04-17T12:41:39.186+0200][gc,marking    ] GC(4) Concurrent Rebuild Remembered Sets
[2025-04-17T12:41:39.187+0200][gc,marking    ] GC(4) Concurrent Rebuild Remembered Sets 1.495ms
[2025-04-17T12:41:39.187+0200][gc,start      ] GC(4) Pause Cleanup
[2025-04-17T12:41:39.187+0200][gc            ] GC(4) Pause Cleanup 140M->140M(1024M) 0.067ms
[2025-04-17T12:41:39.187+0200][gc,cpu        ] GC(4) User=0.00s Sys=0.00s Real=0.00s
[2025-04-17T12:41:39.187+0200][gc,marking    ] GC(4) Concurrent Cleanup for Next Mark
[2025-04-17T12:41:39.188+0200][gc,marking    ] GC(4) Concurrent Cleanup for Next Mark 0.905ms
[2025-04-17T12:41:39.188+0200][gc            ] GC(4) Concurrent Cycle 6.237ms
[2025-04-17T12:41:39.443+0200][gc,heap,exit  ] Heap
[2025-04-17T12:41:39.443+0200][gc,heap,exit  ]  garbage-first heap   total 1048576K, used 178756K [0x0000000780000000, 0x00000007c0000000)
[2025-04-17T12:41:39.443+0200][gc,heap,exit  ]   region size 1024K, 40 young (40960K), 3 survivors (3072K)
[2025-04-17T12:41:39.443+0200][gc,heap,exit  ]  Metaspace       used 39292K, capacity 40504K, committed 40704K, reserved 1085440K
[2025-04-17T12:41:39.443+0200][gc,heap,exit  ]   class space    used 4568K, capacity 5142K, committed 5248K, reserved 1048576K
