[2025-04-17T12:29:54.583+0200][gc,heap] Heap region size: 1M
[2025-04-17T12:29:54.585+0200][gc     ] Using G1
[2025-04-17T12:29:54.585+0200][gc,heap,coops] Heap address: 0x0000000780000000, size: 1024 MB, Compressed Oops mode: Zero based, Oop shift amount: 3
[2025-04-17T12:29:54.967+0200][gc,start     ] GC(0) Pause Young (Concurrent Start) (Metadata GC Threshold)
[2025-04-17T12:29:54.968+0200][gc,task      ] GC(0) Using 8 workers of 8 for evacuation
[2025-04-17T12:29:54.971+0200][gc,phases    ] GC(0)   Pre Evacuate Collection Set: 0.0ms
[2025-04-17T12:29:54.971+0200][gc,phases    ] GC(0)   Evacuate Collection Set: 2.9ms
[2025-04-17T12:29:54.971+0200][gc,phases    ] GC(0)   Post Evacuate Collection Set: 0.2ms
[2025-04-17T12:29:54.971+0200][gc,phases    ] GC(0)   Other: 0.3ms
[2025-04-17T12:29:54.971+0200][gc,heap      ] GC(0) Eden regions: 51->0(44)
[2025-04-17T12:29:54.971+0200][gc,heap      ] GC(0) Survivor regions: 0->7(7)
[2025-04-17T12:29:54.971+0200][gc,heap      ] GC(0) Old regions: 0->1
[2025-04-17T12:29:54.971+0200][gc,heap      ] GC(0) Humongous regions: 0->0
[2025-04-17T12:29:54.971+0200][gc,metaspace ] GC(0) Metaspace: 20825K(21248K)->20825K(21248K) NonClass: 18511K(18688K)->18511K(18688K) Class: 2314K(2560K)->2314K(2560K)
[2025-04-17T12:29:54.971+0200][gc           ] GC(0) Pause Young (Concurrent Start) (Metadata GC Threshold) 50M->7M(1024M) 3.405ms
[2025-04-17T12:29:54.971+0200][gc,cpu       ] GC(0) User=0.01s Sys=0.00s Real=0.01s
[2025-04-17T12:29:54.971+0200][gc           ] GC(1) Concurrent Cycle
[2025-04-17T12:29:54.971+0200][gc,marking   ] GC(1) Concurrent Clear Claimed Marks
[2025-04-17T12:29:54.971+0200][gc,marking   ] GC(1) Concurrent Clear Claimed Marks 0.012ms
[2025-04-17T12:29:54.971+0200][gc,marking   ] GC(1) Concurrent Scan Root Regions
[2025-04-17T12:29:54.972+0200][gc,marking   ] GC(1) Concurrent Scan Root Regions 1.019ms
[2025-04-17T12:29:54.972+0200][gc,marking   ] GC(1) Concurrent Mark (0.394s)
[2025-04-17T12:29:54.972+0200][gc,marking   ] GC(1) Concurrent Mark From Roots
[2025-04-17T12:29:54.972+0200][gc,task      ] GC(1) Using 2 workers of 2 for marking
[2025-04-17T12:29:54.972+0200][gc,marking   ] GC(1) Concurrent Mark From Roots 0.427ms
[2025-04-17T12:29:54.973+0200][gc,marking   ] GC(1) Concurrent Preclean
[2025-04-17T12:29:54.973+0200][gc,marking   ] GC(1) Concurrent Preclean 0.036ms
[2025-04-17T12:29:54.973+0200][gc,marking   ] GC(1) Concurrent Mark (0.394s, 0.395s) 0.558ms
[2025-04-17T12:29:54.973+0200][gc,start     ] GC(1) Pause Remark
[2025-04-17T12:29:54.973+0200][gc,stringtable] GC(1) Cleaned string and symbol table, strings: 7920 processed, 0 removed, symbols: 66644 processed, 32 removed
[2025-04-17T12:29:54.973+0200][gc            ] GC(1) Pause Remark 8M->8M(1024M) 0.876ms
[2025-04-17T12:29:54.974+0200][gc,cpu        ] GC(1) User=0.00s Sys=0.00s Real=0.00s
[2025-04-17T12:29:54.974+0200][gc,marking    ] GC(1) Concurrent Rebuild Remembered Sets
[2025-04-17T12:29:54.974+0200][gc,marking    ] GC(1) Concurrent Rebuild Remembered Sets 0.378ms
[2025-04-17T12:29:54.974+0200][gc,start      ] GC(1) Pause Cleanup
[2025-04-17T12:29:54.974+0200][gc            ] GC(1) Pause Cleanup 8M->8M(1024M) 0.063ms
[2025-04-17T12:29:54.974+0200][gc,cpu        ] GC(1) User=0.00s Sys=0.00s Real=0.00s
[2025-04-17T12:29:54.974+0200][gc,marking    ] GC(1) Concurrent Cleanup for Next Mark
[2025-04-17T12:29:54.975+0200][gc,marking    ] GC(1) Concurrent Cleanup for Next Mark 0.997ms
[2025-04-17T12:29:54.975+0200][gc            ] GC(1) Concurrent Cycle 4.326ms
[2025-04-17T12:29:55.299+0200][gc,start      ] GC(2) Pause Young (Normal) (G1 Evacuation Pause)
[2025-04-17T12:29:55.299+0200][gc,task       ] GC(2) Using 8 workers of 8 for evacuation
[2025-04-17T12:29:55.303+0200][gc,phases     ] GC(2)   Pre Evacuate Collection Set: 0.0ms
[2025-04-17T12:29:55.303+0200][gc,phases     ] GC(2)   Evacuate Collection Set: 3.5ms
[2025-04-17T12:29:55.303+0200][gc,phases     ] GC(2)   Post Evacuate Collection Set: 0.1ms
[2025-04-17T12:29:55.303+0200][gc,phases     ] GC(2)   Other: 0.1ms
[2025-04-17T12:29:55.303+0200][gc,heap       ] GC(2) Eden regions: 44->0(49)
[2025-04-17T12:29:55.303+0200][gc,heap       ] GC(2) Survivor regions: 7->2(7)
[2025-04-17T12:29:55.303+0200][gc,heap       ] GC(2) Old regions: 1->8
[2025-04-17T12:29:55.303+0200][gc,heap       ] GC(2) Humongous regions: 0->0
[2025-04-17T12:29:55.303+0200][gc,metaspace  ] GC(2) Metaspace: 29437K(30336K)->29437K(30336K) NonClass: 26013K(26624K)->26013K(26624K) Class: 3424K(3712K)->3424K(3712K)
[2025-04-17T12:29:55.303+0200][gc            ] GC(2) Pause Young (Normal) (G1 Evacuation Pause) 51M->9M(1024M) 3.866ms
[2025-04-17T12:29:55.303+0200][gc,cpu        ] GC(2) User=0.02s Sys=0.00s Real=0.01s
[2025-04-17T12:29:55.430+0200][gc,start      ] GC(3) Pause Young (Concurrent Start) (Metadata GC Threshold)
[2025-04-17T12:29:55.430+0200][gc,task       ] GC(3) Using 8 workers of 8 for evacuation
[2025-04-17T12:29:55.432+0200][gc,phases     ] GC(3)   Pre Evacuate Collection Set: 0.0ms
[2025-04-17T12:29:55.432+0200][gc,phases     ] GC(3)   Evacuate Collection Set: 1.2ms
[2025-04-17T12:29:55.432+0200][gc,phases     ] GC(3)   Post Evacuate Collection Set: 0.1ms
[2025-04-17T12:29:55.432+0200][gc,phases     ] GC(3)   Other: 0.2ms
[2025-04-17T12:29:55.432+0200][gc,heap       ] GC(3) Eden regions: 30->0(47)
[2025-04-17T12:29:55.432+0200][gc,heap       ] GC(3) Survivor regions: 2->4(7)
[2025-04-17T12:29:55.432+0200][gc,heap       ] GC(3) Old regions: 8->8
[2025-04-17T12:29:55.432+0200][gc,heap       ] GC(3) Humongous regions: 129->129
[2025-04-17T12:29:55.432+0200][gc,metaspace  ] GC(3) Metaspace: 34906K(35840K)->34906K(35840K) NonClass: 31051K(31488K)->31051K(31488K) Class: 3855K(4352K)->3855K(4352K)
[2025-04-17T12:29:55.432+0200][gc            ] GC(3) Pause Young (Concurrent Start) (Metadata GC Threshold) 168M->140M(1024M) 1.543ms
[2025-04-17T12:29:55.432+0200][gc,cpu        ] GC(3) User=0.01s Sys=0.00s Real=0.00s
[2025-04-17T12:29:55.432+0200][gc            ] GC(4) Concurrent Cycle
[2025-04-17T12:29:55.432+0200][gc,marking    ] GC(4) Concurrent Clear Claimed Marks
[2025-04-17T12:29:55.432+0200][gc,marking    ] GC(4) Concurrent Clear Claimed Marks 0.012ms
[2025-04-17T12:29:55.432+0200][gc,marking    ] GC(4) Concurrent Scan Root Regions
[2025-04-17T12:29:55.433+0200][gc,marking    ] GC(4) Concurrent Scan Root Regions 0.707ms
[2025-04-17T12:29:55.433+0200][gc,marking    ] GC(4) Concurrent Mark (0.855s)
[2025-04-17T12:29:55.433+0200][gc,marking    ] GC(4) Concurrent Mark From Roots
[2025-04-17T12:29:55.433+0200][gc,task       ] GC(4) Using 2 workers of 2 for marking
[2025-04-17T12:29:55.434+0200][gc,marking    ] GC(4) Concurrent Mark From Roots 1.662ms
[2025-04-17T12:29:55.434+0200][gc,marking    ] GC(4) Concurrent Preclean
[2025-04-17T12:29:55.434+0200][gc,marking    ] GC(4) Concurrent Preclean 0.023ms
[2025-04-17T12:29:55.434+0200][gc,marking    ] GC(4) Concurrent Mark (0.855s, 0.857s) 1.704ms
[2025-04-17T12:29:55.434+0200][gc,start      ] GC(4) Pause Remark
[2025-04-17T12:29:55.435+0200][gc,stringtable] GC(4) Cleaned string and symbol table, strings: 13584 processed, 11 removed, symbols: 103049 processed, 28 removed
[2025-04-17T12:29:55.435+0200][gc            ] GC(4) Pause Remark 141M->141M(1024M) 0.849ms
[2025-04-17T12:29:55.435+0200][gc,cpu        ] GC(4) User=0.00s Sys=0.00s Real=0.00s
[2025-04-17T12:29:55.435+0200][gc,marking    ] GC(4) Concurrent Rebuild Remembered Sets
[2025-04-17T12:29:55.437+0200][gc,marking    ] GC(4) Concurrent Rebuild Remembered Sets 1.267ms
[2025-04-17T12:29:55.437+0200][gc,start      ] GC(4) Pause Cleanup
[2025-04-17T12:29:55.437+0200][gc            ] GC(4) Pause Cleanup 141M->141M(1024M) 0.043ms
[2025-04-17T12:29:55.437+0200][gc,cpu        ] GC(4) User=0.00s Sys=0.00s Real=0.00s
[2025-04-17T12:29:55.437+0200][gc,marking    ] GC(4) Concurrent Cleanup for Next Mark
[2025-04-17T12:29:55.438+0200][gc,marking    ] GC(4) Concurrent Cleanup for Next Mark 0.852ms
[2025-04-17T12:29:55.438+0200][gc            ] GC(4) Concurrent Cycle 5.652ms
[2025-04-17T12:29:55.592+0200][gc,start      ] GC(5) Pause Young (Normal) (G1 Evacuation Pause)
[2025-04-17T12:29:55.592+0200][gc,task       ] GC(5) Using 8 workers of 8 for evacuation
[2025-04-17T12:29:55.594+0200][gc,phases     ] GC(5)   Pre Evacuate Collection Set: 0.0ms
[2025-04-17T12:29:55.594+0200][gc,phases     ] GC(5)   Evacuate Collection Set: 1.7ms
[2025-04-17T12:29:55.594+0200][gc,phases     ] GC(5)   Post Evacuate Collection Set: 0.1ms
[2025-04-17T12:29:55.594+0200][gc,phases     ] GC(5)   Other: 0.1ms
[2025-04-17T12:29:55.594+0200][gc,heap       ] GC(5) Eden regions: 47->0(44)
[2025-04-17T12:29:55.594+0200][gc,heap       ] GC(5) Survivor regions: 4->7(7)
[2025-04-17T12:29:55.594+0200][gc,heap       ] GC(5) Old regions: 8->8
[2025-04-17T12:29:55.594+0200][gc,heap       ] GC(5) Humongous regions: 129->129
[2025-04-17T12:29:55.594+0200][gc,metaspace  ] GC(5) Metaspace: 42069K(43520K)->42069K(43520K) NonClass: 37375K(38144K)->37375K(38144K) Class: 4693K(5376K)->4693K(5376K)
[2025-04-17T12:29:55.594+0200][gc            ] GC(5) Pause Young (Normal) (G1 Evacuation Pause) 187M->143M(1024M) 1.968ms
[2025-04-17T12:29:55.594+0200][gc,cpu        ] GC(5) User=0.01s Sys=0.00s Real=0.00s
[2025-04-17T12:41:03.506+0200][gc,heap,exit  ] Heap
[2025-04-17T12:41:03.506+0200][gc,heap,exit  ]  garbage-first heap   total 1048576K, used 180147K [0x0000000780000000, 0x00000007c0000000)
[2025-04-17T12:41:03.507+0200][gc,heap,exit  ]   region size 1024K, 41 young (41984K), 7 survivors (7168K)
[2025-04-17T12:41:03.507+0200][gc,heap,exit  ]  Metaspace       used 46278K, capacity 48059K, committed 48128K, reserved 1091584K
[2025-04-17T12:41:03.507+0200][gc,heap,exit  ]   class space    used 5493K, capacity 6346K, committed 6400K, reserved 1048576K
