[2025-04-17T12:55:35.167+0200][gc,heap] Heap region size: 1M
[2025-04-17T12:55:35.169+0200][gc     ] Using G1
[2025-04-17T12:55:35.169+0200][gc,heap,coops] Heap address: 0x0000000780000000, size: 1024 MB, Compressed Oops mode: Zero based, Oop shift amount: 3
[2025-04-17T12:55:35.493+0200][gc,start     ] GC(0) Pause Young (Concurrent Start) (Metadata GC Threshold)
[2025-04-17T12:55:35.493+0200][gc,task      ] GC(0) Using 8 workers of 8 for evacuation
[2025-04-17T12:55:35.496+0200][gc,phases    ] GC(0)   Pre Evacuate Collection Set: 0.0ms
[2025-04-17T12:55:35.496+0200][gc,phases    ] GC(0)   Evacuate Collection Set: 2.8ms
[2025-04-17T12:55:35.496+0200][gc,phases    ] GC(0)   Post Evacuate Collection Set: 0.2ms
[2025-04-17T12:55:35.496+0200][gc,phases    ] GC(0)   Other: 0.3ms
[2025-04-17T12:55:35.496+0200][gc,heap      ] GC(0) Eden regions: 51->0(44)
[2025-04-17T12:55:35.496+0200][gc,heap      ] GC(0) Survivor regions: 0->7(7)
[2025-04-17T12:55:35.496+0200][gc,heap      ] GC(0) Old regions: 0->1
[2025-04-17T12:55:35.496+0200][gc,heap      ] GC(0) Humongous regions: 0->0
[2025-04-17T12:55:35.496+0200][gc,metaspace ] GC(0) Metaspace: 20824K(21248K)->20824K(21248K) NonClass: 18509K(18688K)->18509K(18688K) Class: 2314K(2560K)->2314K(2560K)
[2025-04-17T12:55:35.496+0200][gc           ] GC(0) Pause Young (Concurrent Start) (Metadata GC Threshold) 51M->7M(1024M) 3.402ms
[2025-04-17T12:55:35.496+0200][gc,cpu       ] GC(0) User=0.00s Sys=0.00s Real=0.00s
[2025-04-17T12:55:35.497+0200][gc           ] GC(1) Concurrent Cycle
[2025-04-17T12:55:35.497+0200][gc,marking   ] GC(1) Concurrent Clear Claimed Marks
[2025-04-17T12:55:35.497+0200][gc,marking   ] GC(1) Concurrent Clear Claimed Marks 0.011ms
[2025-04-17T12:55:35.497+0200][gc,marking   ] GC(1) Concurrent Scan Root Regions
[2025-04-17T12:55:35.497+0200][gc,marking   ] GC(1) Concurrent Scan Root Regions 0.863ms
[2025-04-17T12:55:35.497+0200][gc,marking   ] GC(1) Concurrent Mark (0.335s)
[2025-04-17T12:55:35.497+0200][gc,marking   ] GC(1) Concurrent Mark From Roots
[2025-04-17T12:55:35.497+0200][gc,task      ] GC(1) Using 2 workers of 2 for marking
[2025-04-17T12:55:35.498+0200][gc,marking   ] GC(1) Concurrent Mark From Roots 0.464ms
[2025-04-17T12:55:35.498+0200][gc,marking   ] GC(1) Concurrent Preclean
[2025-04-17T12:55:35.498+0200][gc,marking   ] GC(1) Concurrent Preclean 0.018ms
[2025-04-17T12:55:35.498+0200][gc,marking   ] GC(1) Concurrent Mark (0.335s, 0.335s) 0.515ms
[2025-04-17T12:55:35.498+0200][gc,start     ] GC(1) Pause Remark
[2025-04-17T12:55:35.499+0200][gc,stringtable] GC(1) Cleaned string and symbol table, strings: 7930 processed, 0 removed, symbols: 66641 processed, 32 removed
[2025-04-17T12:55:35.499+0200][gc            ] GC(1) Pause Remark 8M->8M(1024M) 0.914ms
[2025-04-17T12:55:35.499+0200][gc,cpu        ] GC(1) User=0.00s Sys=0.00s Real=0.00s
[2025-04-17T12:55:35.499+0200][gc,marking    ] GC(1) Concurrent Rebuild Remembered Sets
[2025-04-17T12:55:35.499+0200][gc,marking    ] GC(1) Concurrent Rebuild Remembered Sets 0.387ms
[2025-04-17T12:55:35.499+0200][gc,start      ] GC(1) Pause Cleanup
[2025-04-17T12:55:35.499+0200][gc            ] GC(1) Pause Cleanup 8M->8M(1024M) 0.063ms
[2025-04-17T12:55:35.499+0200][gc,cpu        ] GC(1) User=0.00s Sys=0.00s Real=0.00s
[2025-04-17T12:55:35.499+0200][gc,marking    ] GC(1) Concurrent Cleanup for Next Mark
[2025-04-17T12:55:35.501+0200][gc,marking    ] GC(1) Concurrent Cleanup for Next Mark 1.496ms
[2025-04-17T12:55:35.501+0200][gc            ] GC(1) Concurrent Cycle 4.517ms
[2025-04-17T12:55:35.748+0200][gc,start      ] GC(2) Pause Young (Normal) (GCLocker Initiated GC)
[2025-04-17T12:55:35.748+0200][gc,task       ] GC(2) Using 8 workers of 8 for evacuation
[2025-04-17T12:55:35.751+0200][gc,phases     ] GC(2)   Pre Evacuate Collection Set: 0.0ms
[2025-04-17T12:55:35.751+0200][gc,phases     ] GC(2)   Evacuate Collection Set: 2.8ms
[2025-04-17T12:55:35.751+0200][gc,phases     ] GC(2)   Post Evacuate Collection Set: 0.1ms
[2025-04-17T12:55:35.751+0200][gc,phases     ] GC(2)   Other: 0.1ms
[2025-04-17T12:55:35.751+0200][gc,heap       ] GC(2) Eden regions: 44->0(48)
[2025-04-17T12:55:35.751+0200][gc,heap       ] GC(2) Survivor regions: 7->3(7)
[2025-04-17T12:55:35.751+0200][gc,heap       ] GC(2) Old regions: 1->8
[2025-04-17T12:55:35.751+0200][gc,heap       ] GC(2) Humongous regions: 129->129
[2025-04-17T12:55:35.751+0200][gc,metaspace  ] GC(2) Metaspace: 29220K(30080K)->29220K(30080K) NonClass: 25805K(26368K)->25805K(26368K) Class: 3415K(3712K)->3415K(3712K)
[2025-04-17T12:55:35.751+0200][gc            ] GC(2) Pause Young (Normal) (GCLocker Initiated GC) 180M->138M(1024M) 3.171ms
[2025-04-17T12:55:35.751+0200][gc,cpu        ] GC(2) User=0.03s Sys=0.01s Real=0.01s
[2025-04-17T12:55:35.848+0200][gc,start      ] GC(3) Pause Young (Concurrent Start) (Metadata GC Threshold)
[2025-04-17T12:55:35.848+0200][gc,task       ] GC(3) Using 8 workers of 8 for evacuation
[2025-04-17T12:55:35.849+0200][gc,phases     ] GC(3)   Pre Evacuate Collection Set: 0.0ms
[2025-04-17T12:55:35.849+0200][gc,phases     ] GC(3)   Evacuate Collection Set: 1.1ms
[2025-04-17T12:55:35.849+0200][gc,phases     ] GC(3)   Post Evacuate Collection Set: 0.1ms
[2025-04-17T12:55:35.849+0200][gc,phases     ] GC(3)   Other: 0.1ms
[2025-04-17T12:55:35.849+0200][gc,heap       ] GC(3) Eden regions: 31->0(48)
[2025-04-17T12:55:35.849+0200][gc,heap       ] GC(3) Survivor regions: 3->3(7)
[2025-04-17T12:55:35.849+0200][gc,heap       ] GC(3) Old regions: 8->8
[2025-04-17T12:55:35.849+0200][gc,heap       ] GC(3) Humongous regions: 129->129
[2025-04-17T12:55:35.849+0200][gc,metaspace  ] GC(3) Metaspace: 34952K(35840K)->34952K(35840K) NonClass: 31068K(31488K)->31068K(31488K) Class: 3883K(4352K)->3883K(4352K)
[2025-04-17T12:55:35.849+0200][gc            ] GC(3) Pause Young (Concurrent Start) (Metadata GC Threshold) 169M->139M(1024M) 1.418ms
[2025-04-17T12:55:35.849+0200][gc,cpu        ] GC(3) User=0.01s Sys=0.00s Real=0.00s
[2025-04-17T12:55:35.849+0200][gc            ] GC(4) Concurrent Cycle
[2025-04-17T12:55:35.849+0200][gc,marking    ] GC(4) Concurrent Clear Claimed Marks
[2025-04-17T12:55:35.849+0200][gc,marking    ] GC(4) Concurrent Clear Claimed Marks 0.016ms
[2025-04-17T12:55:35.849+0200][gc,marking    ] GC(4) Concurrent Scan Root Regions
[2025-04-17T12:55:35.850+0200][gc,marking    ] GC(4) Concurrent Scan Root Regions 0.724ms
[2025-04-17T12:55:35.850+0200][gc,marking    ] GC(4) Concurrent Mark (0.687s)
[2025-04-17T12:55:35.850+0200][gc,marking    ] GC(4) Concurrent Mark From Roots
[2025-04-17T12:55:35.850+0200][gc,task       ] GC(4) Using 2 workers of 2 for marking
[2025-04-17T12:55:35.852+0200][gc,marking    ] GC(4) Concurrent Mark From Roots 2.041ms
[2025-04-17T12:55:35.852+0200][gc,marking    ] GC(4) Concurrent Preclean
[2025-04-17T12:55:35.852+0200][gc,marking    ] GC(4) Concurrent Preclean 0.033ms
[2025-04-17T12:55:35.852+0200][gc,marking    ] GC(4) Concurrent Mark (0.687s, 0.689s) 2.119ms
[2025-04-17T12:55:35.853+0200][gc,start      ] GC(4) Pause Remark
[2025-04-17T12:55:35.854+0200][gc,stringtable] GC(4) Cleaned string and symbol table, strings: 11659 processed, 10 removed, symbols: 100933 processed, 23 removed
[2025-04-17T12:55:35.854+0200][gc            ] GC(4) Pause Remark 140M->140M(1024M) 1.066ms
[2025-04-17T12:55:35.854+0200][gc,cpu        ] GC(4) User=0.00s Sys=0.00s Real=0.00s
[2025-04-17T12:55:35.854+0200][gc,marking    ] GC(4) Concurrent Rebuild Remembered Sets
[2025-04-17T12:55:35.855+0200][gc,marking    ] GC(4) Concurrent Rebuild Remembered Sets 1.812ms
[2025-04-17T12:55:35.856+0200][gc,start      ] GC(4) Pause Cleanup
[2025-04-17T12:55:35.856+0200][gc            ] GC(4) Pause Cleanup 140M->140M(1024M) 0.061ms
[2025-04-17T12:55:35.856+0200][gc,cpu        ] GC(4) User=0.00s Sys=0.00s Real=0.00s
[2025-04-17T12:55:35.856+0200][gc,marking    ] GC(4) Concurrent Cleanup for Next Mark
[2025-04-17T12:55:35.857+0200][gc,marking    ] GC(4) Concurrent Cleanup for Next Mark 1.290ms
[2025-04-17T12:55:35.857+0200][gc            ] GC(4) Concurrent Cycle 7.525ms
[2025-04-17T12:55:36.125+0200][gc,heap,exit  ] Heap
[2025-04-17T12:55:36.125+0200][gc,heap,exit  ]  garbage-first heap   total 1048576K, used 177648K [0x0000000780000000, 0x00000007c0000000)
[2025-04-17T12:55:36.125+0200][gc,heap,exit  ]   region size 1024K, 39 young (39936K), 3 survivors (3072K)
[2025-04-17T12:55:36.125+0200][gc,heap,exit  ]  Metaspace       used 39306K, capacity 40568K, committed 40832K, reserved 1085440K
[2025-04-17T12:55:36.125+0200][gc,heap,exit  ]   class space    used 4568K, capacity 5142K, committed 5248K, reserved 1048576K
