[2025-04-17T12:41:52.359+0200][gc,heap] Heap region size: 1M
[2025-04-17T12:41:52.360+0200][gc     ] Using G1
[2025-04-17T12:41:52.360+0200][gc,heap,coops] Heap address: 0x0000000780000000, size: 1024 MB, Compressed Oops mode: Zero based, Oop shift amount: 3
[2025-04-17T12:41:52.685+0200][gc,start     ] GC(0) Pause Young (Concurrent Start) (Metadata GC Threshold)
[2025-04-17T12:41:52.686+0200][gc,task      ] GC(0) Using 8 workers of 8 for evacuation
[2025-04-17T12:41:52.689+0200][gc,phases    ] GC(0)   Pre Evacuate Collection Set: 0.0ms
[2025-04-17T12:41:52.689+0200][gc,phases    ] GC(0)   Evacuate Collection Set: 2.8ms
[2025-04-17T12:41:52.689+0200][gc,phases    ] GC(0)   Post Evacuate Collection Set: 0.2ms
[2025-04-17T12:41:52.689+0200][gc,phases    ] GC(0)   Other: 0.3ms
[2025-04-17T12:41:52.689+0200][gc,heap      ] GC(0) Eden regions: 51->0(44)
[2025-04-17T12:41:52.689+0200][gc,heap      ] GC(0) Survivor regions: 0->7(7)
[2025-04-17T12:41:52.689+0200][gc,heap      ] GC(0) Old regions: 0->1
[2025-04-17T12:41:52.689+0200][gc,heap      ] GC(0) Humongous regions: 0->0
[2025-04-17T12:41:52.689+0200][gc,metaspace ] GC(0) Metaspace: 20816K(21248K)->20816K(21248K) NonClass: 18502K(18688K)->18502K(18688K) Class: 2314K(2560K)->2314K(2560K)
[2025-04-17T12:41:52.689+0200][gc           ] GC(0) Pause Young (Concurrent Start) (Metadata GC Threshold) 51M->7M(1024M) 3.335ms
[2025-04-17T12:41:52.689+0200][gc,cpu       ] GC(0) User=0.01s Sys=0.00s Real=0.00s
[2025-04-17T12:41:52.689+0200][gc           ] GC(1) Concurrent Cycle
[2025-04-17T12:41:52.689+0200][gc,marking   ] GC(1) Concurrent Clear Claimed Marks
[2025-04-17T12:41:52.689+0200][gc,marking   ] GC(1) Concurrent Clear Claimed Marks 0.015ms
[2025-04-17T12:41:52.689+0200][gc,marking   ] GC(1) Concurrent Scan Root Regions
[2025-04-17T12:41:52.690+0200][gc,marking   ] GC(1) Concurrent Scan Root Regions 0.977ms
[2025-04-17T12:41:52.690+0200][gc,marking   ] GC(1) Concurrent Mark (0.335s)
[2025-04-17T12:41:52.690+0200][gc,marking   ] GC(1) Concurrent Mark From Roots
[2025-04-17T12:41:52.690+0200][gc,task      ] GC(1) Using 2 workers of 2 for marking
[2025-04-17T12:41:52.690+0200][gc,marking   ] GC(1) Concurrent Mark From Roots 0.613ms
[2025-04-17T12:41:52.690+0200][gc,marking   ] GC(1) Concurrent Preclean
[2025-04-17T12:41:52.690+0200][gc,marking   ] GC(1) Concurrent Preclean 0.016ms
[2025-04-17T12:41:52.690+0200][gc,marking   ] GC(1) Concurrent Mark (0.335s, 0.336s) 0.657ms
[2025-04-17T12:41:52.691+0200][gc,start     ] GC(1) Pause Remark
[2025-04-17T12:41:52.691+0200][gc,stringtable] GC(1) Cleaned string and symbol table, strings: 7940 processed, 0 removed, symbols: 66645 processed, 32 removed
[2025-04-17T12:41:52.691+0200][gc            ] GC(1) Pause Remark 8M->8M(1024M) 0.824ms
[2025-04-17T12:41:52.691+0200][gc,cpu        ] GC(1) User=0.01s Sys=0.00s Real=0.00s
[2025-04-17T12:41:52.691+0200][gc,marking    ] GC(1) Concurrent Rebuild Remembered Sets
[2025-04-17T12:41:52.692+0200][gc,marking    ] GC(1) Concurrent Rebuild Remembered Sets 0.434ms
[2025-04-17T12:41:52.692+0200][gc,start      ] GC(1) Pause Cleanup
[2025-04-17T12:41:52.692+0200][gc            ] GC(1) Pause Cleanup 8M->8M(1024M) 0.057ms
[2025-04-17T12:41:52.692+0200][gc,cpu        ] GC(1) User=0.00s Sys=0.00s Real=0.00s
[2025-04-17T12:41:52.692+0200][gc,marking    ] GC(1) Concurrent Cleanup for Next Mark
[2025-04-17T12:41:52.693+0200][gc,marking    ] GC(1) Concurrent Cleanup for Next Mark 0.974ms
[2025-04-17T12:41:52.693+0200][gc            ] GC(1) Concurrent Cycle 4.134ms
[2025-04-17T12:41:52.916+0200][gc,start      ] GC(2) Pause Young (Normal) (G1 Evacuation Pause)
[2025-04-17T12:41:52.916+0200][gc,task       ] GC(2) Using 8 workers of 8 for evacuation
[2025-04-17T12:41:52.919+0200][gc,phases     ] GC(2)   Pre Evacuate Collection Set: 0.0ms
[2025-04-17T12:41:52.919+0200][gc,phases     ] GC(2)   Evacuate Collection Set: 2.6ms
[2025-04-17T12:41:52.919+0200][gc,phases     ] GC(2)   Post Evacuate Collection Set: 0.2ms
[2025-04-17T12:41:52.919+0200][gc,phases     ] GC(2)   Other: 0.1ms
[2025-04-17T12:41:52.919+0200][gc,heap       ] GC(2) Eden regions: 44->0(49)
[2025-04-17T12:41:52.919+0200][gc,heap       ] GC(2) Survivor regions: 7->2(7)
[2025-04-17T12:41:52.919+0200][gc,heap       ] GC(2) Old regions: 1->8
[2025-04-17T12:41:52.919+0200][gc,heap       ] GC(2) Humongous regions: 129->129
[2025-04-17T12:41:52.919+0200][gc,metaspace  ] GC(2) Metaspace: 28983K(29824K)->28983K(29824K) NonClass: 25586K(26112K)->25586K(26112K) Class: 3397K(3712K)->3397K(3712K)
[2025-04-17T12:41:52.919+0200][gc            ] GC(2) Pause Young (Normal) (G1 Evacuation Pause) 180M->138M(1024M) 2.920ms
[2025-04-17T12:41:52.919+0200][gc,cpu        ] GC(2) User=0.02s Sys=0.00s Real=0.00s
[2025-04-17T12:41:53.011+0200][gc,start      ] GC(3) Pause Young (Concurrent Start) (Metadata GC Threshold)
[2025-04-17T12:41:53.011+0200][gc,task       ] GC(3) Using 8 workers of 8 for evacuation
[2025-04-17T12:41:53.012+0200][gc,phases     ] GC(3)   Pre Evacuate Collection Set: 0.0ms
[2025-04-17T12:41:53.012+0200][gc,phases     ] GC(3)   Evacuate Collection Set: 1.0ms
[2025-04-17T12:41:53.012+0200][gc,phases     ] GC(3)   Post Evacuate Collection Set: 0.1ms
[2025-04-17T12:41:53.012+0200][gc,phases     ] GC(3)   Other: 0.1ms
[2025-04-17T12:41:53.012+0200][gc,heap       ] GC(3) Eden regions: 32->0(48)
[2025-04-17T12:41:53.012+0200][gc,heap       ] GC(3) Survivor regions: 2->3(7)
[2025-04-17T12:41:53.012+0200][gc,heap       ] GC(3) Old regions: 8->8
[2025-04-17T12:41:53.012+0200][gc,heap       ] GC(3) Humongous regions: 129->129
[2025-04-17T12:41:53.012+0200][gc,metaspace  ] GC(3) Metaspace: 35012K(35840K)->35012K(35840K) NonClass: 31118K(31488K)->31118K(31488K) Class: 3894K(4352K)->3894K(4352K)
[2025-04-17T12:41:53.012+0200][gc            ] GC(3) Pause Young (Concurrent Start) (Metadata GC Threshold) 170M->139M(1024M) 1.299ms
[2025-04-17T12:41:53.012+0200][gc,cpu        ] GC(3) User=0.01s Sys=0.00s Real=0.00s
[2025-04-17T12:41:53.012+0200][gc            ] GC(4) Concurrent Cycle
[2025-04-17T12:41:53.012+0200][gc,marking    ] GC(4) Concurrent Clear Claimed Marks
[2025-04-17T12:41:53.012+0200][gc,marking    ] GC(4) Concurrent Clear Claimed Marks 0.014ms
[2025-04-17T12:41:53.012+0200][gc,marking    ] GC(4) Concurrent Scan Root Regions
[2025-04-17T12:41:53.013+0200][gc,marking    ] GC(4) Concurrent Scan Root Regions 0.591ms
[2025-04-17T12:41:53.013+0200][gc,marking    ] GC(4) Concurrent Mark (0.658s)
[2025-04-17T12:41:53.013+0200][gc,marking    ] GC(4) Concurrent Mark From Roots
[2025-04-17T12:41:53.013+0200][gc,task       ] GC(4) Using 2 workers of 2 for marking
[2025-04-17T12:41:53.015+0200][gc,marking    ] GC(4) Concurrent Mark From Roots 1.685ms
[2025-04-17T12:41:53.015+0200][gc,marking    ] GC(4) Concurrent Preclean
[2025-04-17T12:41:53.015+0200][gc,marking    ] GC(4) Concurrent Preclean 0.025ms
[2025-04-17T12:41:53.015+0200][gc,marking    ] GC(4) Concurrent Mark (0.658s, 0.660s) 1.738ms
[2025-04-17T12:41:53.015+0200][gc,start      ] GC(4) Pause Remark
[2025-04-17T12:41:53.015+0200][gc,stringtable] GC(4) Cleaned string and symbol table, strings: 11716 processed, 10 removed, symbols: 101006 processed, 22 removed
[2025-04-17T12:41:53.016+0200][gc            ] GC(4) Pause Remark 140M->140M(1024M) 0.806ms
[2025-04-17T12:41:53.016+0200][gc,cpu        ] GC(4) User=0.00s Sys=0.00s Real=0.00s
[2025-04-17T12:41:53.016+0200][gc,marking    ] GC(4) Concurrent Rebuild Remembered Sets
[2025-04-17T12:41:53.017+0200][gc,marking    ] GC(4) Concurrent Rebuild Remembered Sets 1.308ms
[2025-04-17T12:41:53.017+0200][gc,start      ] GC(4) Pause Cleanup
[2025-04-17T12:41:53.017+0200][gc            ] GC(4) Pause Cleanup 141M->141M(1024M) 0.055ms
[2025-04-17T12:41:53.017+0200][gc,cpu        ] GC(4) User=0.00s Sys=0.00s Real=0.00s
[2025-04-17T12:41:53.017+0200][gc,marking    ] GC(4) Concurrent Cleanup for Next Mark
[2025-04-17T12:41:53.018+0200][gc,marking    ] GC(4) Concurrent Cleanup for Next Mark 0.864ms
[2025-04-17T12:41:53.018+0200][gc            ] GC(4) Concurrent Cycle 5.616ms
[2025-04-17T12:41:53.160+0200][gc,start      ] GC(5) Pause Young (Normal) (G1 Evacuation Pause)
[2025-04-17T12:41:53.161+0200][gc,task       ] GC(5) Using 8 workers of 8 for evacuation
[2025-04-17T12:41:53.162+0200][gc,phases     ] GC(5)   Pre Evacuate Collection Set: 0.0ms
[2025-04-17T12:41:53.163+0200][gc,phases     ] GC(5)   Evacuate Collection Set: 1.8ms
[2025-04-17T12:41:53.163+0200][gc,phases     ] GC(5)   Post Evacuate Collection Set: 0.1ms
[2025-04-17T12:41:53.163+0200][gc,phases     ] GC(5)   Other: 0.1ms
[2025-04-17T12:41:53.163+0200][gc,heap       ] GC(5) Eden regions: 48->0(44)
[2025-04-17T12:41:53.163+0200][gc,heap       ] GC(5) Survivor regions: 3->7(7)
[2025-04-17T12:41:53.163+0200][gc,heap       ] GC(5) Old regions: 8->8
[2025-04-17T12:41:53.163+0200][gc,heap       ] GC(5) Humongous regions: 129->129
[2025-04-17T12:41:53.163+0200][gc,metaspace  ] GC(5) Metaspace: 42298K(43904K)->42298K(43904K) NonClass: 37491K(38400K)->37491K(38400K) Class: 4806K(5504K)->4806K(5504K)
[2025-04-17T12:41:53.163+0200][gc            ] GC(5) Pause Young (Normal) (G1 Evacuation Pause) 187M->143M(1024M) 2.086ms
[2025-04-17T12:41:53.163+0200][gc,cpu        ] GC(5) User=0.01s Sys=0.00s Real=0.00s
[2025-04-17T12:53:18.393+0200][gc,heap,exit  ] Heap
[2025-04-17T12:53:18.394+0200][gc,heap,exit  ]  garbage-first heap   total 1048576K, used 176574K [0x0000000780000000, 0x00000007c0000000)
[2025-04-17T12:53:18.394+0200][gc,heap,exit  ]   region size 1024K, 37 young (37888K), 7 survivors (7168K)
[2025-04-17T12:53:18.394+0200][gc,heap,exit  ]  Metaspace       used 45794K, capacity 47542K, committed 47872K, reserved 1091584K
[2025-04-17T12:53:18.394+0200][gc,heap,exit  ]   class space    used 5452K, capacity 6302K, committed 6400K, reserved 1048576K
