[2025-04-17T14:15:27.416+0200][gc,heap] Heap region size: 1M
[2025-04-17T14:15:27.417+0200][gc     ] Using G1
[2025-04-17T14:15:27.418+0200][gc,heap,coops] Heap address: 0x0000000780000000, size: 1024 MB, Compressed Oops mode: Zero based, Oop shift amount: 3
[2025-04-17T14:15:27.741+0200][gc,start     ] GC(0) Pause Young (Concurrent Start) (Metadata GC Threshold)
[2025-04-17T14:15:27.741+0200][gc,task      ] GC(0) Using 8 workers of 8 for evacuation
[2025-04-17T14:15:27.744+0200][gc,phases    ] GC(0)   Pre Evacuate Collection Set: 0.0ms
[2025-04-17T14:15:27.744+0200][gc,phases    ] GC(0)   Evacuate Collection Set: 2.7ms
[2025-04-17T14:15:27.744+0200][gc,phases    ] GC(0)   Post Evacuate Collection Set: 0.2ms
[2025-04-17T14:15:27.744+0200][gc,phases    ] GC(0)   Other: 0.3ms
[2025-04-17T14:15:27.744+0200][gc,heap      ] GC(0) Eden regions: 51->0(44)
[2025-04-17T14:15:27.744+0200][gc,heap      ] GC(0) Survivor regions: 0->7(7)
[2025-04-17T14:15:27.744+0200][gc,heap      ] GC(0) Old regions: 0->1
[2025-04-17T14:15:27.744+0200][gc,heap      ] GC(0) Humongous regions: 0->0
[2025-04-17T14:15:27.744+0200][gc,metaspace ] GC(0) Metaspace: 20817K(21248K)->20817K(21248K) NonClass: 18502K(18688K)->18502K(18688K) Class: 2314K(2560K)->2314K(2560K)
[2025-04-17T14:15:27.744+0200][gc           ] GC(0) Pause Young (Concurrent Start) (Metadata GC Threshold) 51M->7M(1024M) 3.231ms
[2025-04-17T14:15:27.744+0200][gc,cpu       ] GC(0) User=0.01s Sys=0.00s Real=0.00s
[2025-04-17T14:15:27.744+0200][gc           ] GC(1) Concurrent Cycle
[2025-04-17T14:15:27.744+0200][gc,marking   ] GC(1) Concurrent Clear Claimed Marks
[2025-04-17T14:15:27.744+0200][gc,marking   ] GC(1) Concurrent Clear Claimed Marks 0.013ms
[2025-04-17T14:15:27.744+0200][gc,marking   ] GC(1) Concurrent Scan Root Regions
[2025-04-17T14:15:27.745+0200][gc,marking   ] GC(1) Concurrent Scan Root Regions 1.071ms
[2025-04-17T14:15:27.745+0200][gc,marking   ] GC(1) Concurrent Mark (0.334s)
[2025-04-17T14:15:27.745+0200][gc,marking   ] GC(1) Concurrent Mark From Roots
[2025-04-17T14:15:27.745+0200][gc,task      ] GC(1) Using 2 workers of 2 for marking
[2025-04-17T14:15:27.746+0200][gc,marking   ] GC(1) Concurrent Mark From Roots 0.371ms
[2025-04-17T14:15:27.746+0200][gc,marking   ] GC(1) Concurrent Preclean
[2025-04-17T14:15:27.746+0200][gc,marking   ] GC(1) Concurrent Preclean 0.014ms
[2025-04-17T14:15:27.746+0200][gc,marking   ] GC(1) Concurrent Mark (0.334s, 0.335s) 0.412ms
[2025-04-17T14:15:27.746+0200][gc,start     ] GC(1) Pause Remark
[2025-04-17T14:15:27.746+0200][gc,stringtable] GC(1) Cleaned string and symbol table, strings: 7930 processed, 0 removed, symbols: 66642 processed, 32 removed
[2025-04-17T14:15:27.746+0200][gc            ] GC(1) Pause Remark 8M->8M(1024M) 0.751ms
[2025-04-17T14:15:27.746+0200][gc,cpu        ] GC(1) User=0.00s Sys=0.00s Real=0.00s
[2025-04-17T14:15:27.747+0200][gc,marking    ] GC(1) Concurrent Rebuild Remembered Sets
[2025-04-17T14:15:27.747+0200][gc,marking    ] GC(1) Concurrent Rebuild Remembered Sets 0.299ms
[2025-04-17T14:15:27.747+0200][gc,start      ] GC(1) Pause Cleanup
[2025-04-17T14:15:27.747+0200][gc            ] GC(1) Pause Cleanup 8M->8M(1024M) 0.076ms
[2025-04-17T14:15:27.747+0200][gc,cpu        ] GC(1) User=0.00s Sys=0.00s Real=0.00s
[2025-04-17T14:15:27.747+0200][gc,marking    ] GC(1) Concurrent Cleanup for Next Mark
[2025-04-17T14:15:27.748+0200][gc,marking    ] GC(1) Concurrent Cleanup for Next Mark 0.864ms
[2025-04-17T14:15:27.748+0200][gc            ] GC(1) Concurrent Cycle 3.741ms
[2025-04-17T14:15:28.003+0200][gc,start      ] GC(2) Pause Young (Normal) (G1 Evacuation Pause)
[2025-04-17T14:15:28.003+0200][gc,task       ] GC(2) Using 8 workers of 8 for evacuation
[2025-04-17T14:15:28.006+0200][gc,phases     ] GC(2)   Pre Evacuate Collection Set: 0.0ms
[2025-04-17T14:15:28.007+0200][gc,phases     ] GC(2)   Evacuate Collection Set: 2.9ms
[2025-04-17T14:15:28.007+0200][gc,phases     ] GC(2)   Post Evacuate Collection Set: 0.2ms
[2025-04-17T14:15:28.007+0200][gc,phases     ] GC(2)   Other: 0.1ms
[2025-04-17T14:15:28.007+0200][gc,heap       ] GC(2) Eden regions: 44->0(49)
[2025-04-17T14:15:28.007+0200][gc,heap       ] GC(2) Survivor regions: 7->2(7)
[2025-04-17T14:15:28.007+0200][gc,heap       ] GC(2) Old regions: 1->8
[2025-04-17T14:15:28.007+0200][gc,heap       ] GC(2) Humongous regions: 0->0
[2025-04-17T14:15:28.007+0200][gc,metaspace  ] GC(2) Metaspace: 29425K(30208K)->29425K(30208K) NonClass: 25957K(26368K)->25957K(26368K) Class: 3468K(3840K)->3468K(3840K)
[2025-04-17T14:15:28.007+0200][gc            ] GC(2) Pause Young (Normal) (G1 Evacuation Pause) 51M->9M(1024M) 3.336ms
[2025-04-17T14:15:28.007+0200][gc,cpu        ] GC(2) User=0.03s Sys=0.00s Real=0.00s
[2025-04-17T14:15:28.443+0200][gc,start      ] GC(3) Pause Young (Concurrent Start) (Metadata GC Threshold)
[2025-04-17T14:15:28.443+0200][gc,task       ] GC(3) Using 8 workers of 8 for evacuation
[2025-04-17T14:15:28.444+0200][gc,phases     ] GC(3)   Pre Evacuate Collection Set: 0.0ms
[2025-04-17T14:15:28.444+0200][gc,phases     ] GC(3)   Evacuate Collection Set: 1.2ms
[2025-04-17T14:15:28.445+0200][gc,phases     ] GC(3)   Post Evacuate Collection Set: 0.1ms
[2025-04-17T14:15:28.445+0200][gc,phases     ] GC(3)   Other: 0.1ms
[2025-04-17T14:15:28.445+0200][gc,heap       ] GC(3) Eden regions: 36->0(47)
[2025-04-17T14:15:28.445+0200][gc,heap       ] GC(3) Survivor regions: 2->4(7)
[2025-04-17T14:15:28.445+0200][gc,heap       ] GC(3) Old regions: 8->8
[2025-04-17T14:15:28.445+0200][gc,heap       ] GC(3) Humongous regions: 129->129
[2025-04-17T14:15:28.445+0200][gc,metaspace  ] GC(3) Metaspace: 34832K(35840K)->34832K(35840K) NonClass: 30885K(31360K)->30885K(31360K) Class: 3946K(4480K)->3946K(4480K)
[2025-04-17T14:15:28.445+0200][gc            ] GC(3) Pause Young (Concurrent Start) (Metadata GC Threshold) 174M->139M(1024M) 1.480ms
[2025-04-17T14:15:28.445+0200][gc,cpu        ] GC(3) User=0.01s Sys=0.00s Real=0.00s
[2025-04-17T14:15:28.445+0200][gc            ] GC(4) Concurrent Cycle
[2025-04-17T14:15:28.445+0200][gc,marking    ] GC(4) Concurrent Clear Claimed Marks
[2025-04-17T14:15:28.445+0200][gc,marking    ] GC(4) Concurrent Clear Claimed Marks 0.017ms
[2025-04-17T14:15:28.445+0200][gc,marking    ] GC(4) Concurrent Scan Root Regions
[2025-04-17T14:15:28.445+0200][gc,marking    ] GC(4) Concurrent Scan Root Regions 0.729ms
[2025-04-17T14:15:28.445+0200][gc,marking    ] GC(4) Concurrent Mark (1.034s)
[2025-04-17T14:15:28.445+0200][gc,marking    ] GC(4) Concurrent Mark From Roots
[2025-04-17T14:15:28.445+0200][gc,task       ] GC(4) Using 2 workers of 2 for marking
[2025-04-17T14:15:28.447+0200][gc,marking    ] GC(4) Concurrent Mark From Roots 1.749ms
[2025-04-17T14:15:28.447+0200][gc,marking    ] GC(4) Concurrent Preclean
[2025-04-17T14:15:28.447+0200][gc,marking    ] GC(4) Concurrent Preclean 0.024ms
[2025-04-17T14:15:28.447+0200][gc,marking    ] GC(4) Concurrent Mark (1.034s, 1.036s) 1.801ms
[2025-04-17T14:15:28.447+0200][gc,start      ] GC(4) Pause Remark
[2025-04-17T14:15:28.448+0200][gc,stringtable] GC(4) Cleaned string and symbol table, strings: 11637 processed, 10 removed, symbols: 101687 processed, 24 removed
[2025-04-17T14:15:28.448+0200][gc            ] GC(4) Pause Remark 141M->141M(1024M) 1.179ms
[2025-04-17T14:15:28.448+0200][gc,cpu        ] GC(4) User=0.00s Sys=0.00s Real=0.00s
[2025-04-17T14:15:28.448+0200][gc,marking    ] GC(4) Concurrent Rebuild Remembered Sets
[2025-04-17T14:15:28.450+0200][gc,marking    ] GC(4) Concurrent Rebuild Remembered Sets 1.479ms
[2025-04-17T14:15:28.450+0200][gc,start      ] GC(4) Pause Cleanup
[2025-04-17T14:15:28.450+0200][gc            ] GC(4) Pause Cleanup 141M->141M(1024M) 0.059ms
[2025-04-17T14:15:28.450+0200][gc,cpu        ] GC(4) User=0.00s Sys=0.00s Real=0.00s
[2025-04-17T14:15:28.450+0200][gc,marking    ] GC(4) Concurrent Cleanup for Next Mark
[2025-04-17T14:15:28.451+0200][gc,marking    ] GC(4) Concurrent Cleanup for Next Mark 0.944ms
[2025-04-17T14:15:28.451+0200][gc            ] GC(4) Concurrent Cycle 6.452ms
[2025-04-17T14:15:29.048+0200][gc,heap,exit  ] Heap
[2025-04-17T14:15:29.048+0200][gc,heap,exit  ]  garbage-first heap   total 1048576K, used 188111K [0x0000000780000000, 0x00000007c0000000)
[2025-04-17T14:15:29.048+0200][gc,heap,exit  ]   region size 1024K, 50 young (51200K), 4 survivors (4096K)
[2025-04-17T14:15:29.048+0200][gc,heap,exit  ]  Metaspace       used 40976K, capacity 42340K, committed 42624K, reserved 1087488K
[2025-04-17T14:15:29.048+0200][gc,heap,exit  ]   class space    used 4771K, capacity 5400K, committed 5504K, reserved 1048576K
