[2025-04-17T12:53:22.821+0200][gc,heap] Heap region size: 1M
[2025-04-17T12:53:22.822+0200][gc     ] Using G1
[2025-04-17T12:53:22.822+0200][gc,heap,coops] Heap address: 0x0000000780000000, size: 1024 MB, Compressed Oops mode: Zero based, Oop shift amount: 3
[2025-04-17T12:53:23.138+0200][gc,start     ] GC(0) Pause Young (Concurrent Start) (Metadata GC Threshold)
[2025-04-17T12:53:23.138+0200][gc,task      ] GC(0) Using 8 workers of 8 for evacuation
[2025-04-17T12:53:23.142+0200][gc,phases    ] GC(0)   Pre Evacuate Collection Set: 0.0ms
[2025-04-17T12:53:23.142+0200][gc,phases    ] GC(0)   Evacuate Collection Set: 3.0ms
[2025-04-17T12:53:23.142+0200][gc,phases    ] GC(0)   Post Evacuate Collection Set: 0.2ms
[2025-04-17T12:53:23.142+0200][gc,phases    ] GC(0)   Other: 0.3ms
[2025-04-17T12:53:23.142+0200][gc,heap      ] GC(0) Eden regions: 51->0(44)
[2025-04-17T12:53:23.142+0200][gc,heap      ] GC(0) Survivor regions: 0->7(7)
[2025-04-17T12:53:23.142+0200][gc,heap      ] GC(0) Old regions: 0->1
[2025-04-17T12:53:23.142+0200][gc,heap      ] GC(0) Humongous regions: 0->0
[2025-04-17T12:53:23.142+0200][gc,metaspace ] GC(0) Metaspace: 20813K(21248K)->20813K(21248K) NonClass: 18499K(18688K)->18499K(18688K) Class: 2314K(2560K)->2314K(2560K)
[2025-04-17T12:53:23.142+0200][gc           ] GC(0) Pause Young (Concurrent Start) (Metadata GC Threshold) 50M->7M(1024M) 3.684ms
[2025-04-17T12:53:23.142+0200][gc,cpu       ] GC(0) User=0.01s Sys=0.00s Real=0.01s
[2025-04-17T12:53:23.142+0200][gc           ] GC(1) Concurrent Cycle
[2025-04-17T12:53:23.142+0200][gc,marking   ] GC(1) Concurrent Clear Claimed Marks
[2025-04-17T12:53:23.142+0200][gc,marking   ] GC(1) Concurrent Clear Claimed Marks 0.014ms
[2025-04-17T12:53:23.142+0200][gc,marking   ] GC(1) Concurrent Scan Root Regions
[2025-04-17T12:53:23.143+0200][gc,marking   ] GC(1) Concurrent Scan Root Regions 1.150ms
[2025-04-17T12:53:23.143+0200][gc,marking   ] GC(1) Concurrent Mark (0.327s)
[2025-04-17T12:53:23.143+0200][gc,marking   ] GC(1) Concurrent Mark From Roots
[2025-04-17T12:53:23.143+0200][gc,task      ] GC(1) Using 2 workers of 2 for marking
[2025-04-17T12:53:23.144+0200][gc,marking   ] GC(1) Concurrent Mark From Roots 0.571ms
[2025-04-17T12:53:23.144+0200][gc,marking   ] GC(1) Concurrent Preclean
[2025-04-17T12:53:23.144+0200][gc,marking   ] GC(1) Concurrent Preclean 0.015ms
[2025-04-17T12:53:23.144+0200][gc,marking   ] GC(1) Concurrent Mark (0.327s, 0.328s) 0.615ms
[2025-04-17T12:53:23.144+0200][gc,start     ] GC(1) Pause Remark
[2025-04-17T12:53:23.144+0200][gc,stringtable] GC(1) Cleaned string and symbol table, strings: 7932 processed, 0 removed, symbols: 66643 processed, 32 removed
[2025-04-17T12:53:23.144+0200][gc            ] GC(1) Pause Remark 8M->8M(1024M) 0.821ms
[2025-04-17T12:53:23.144+0200][gc,cpu        ] GC(1) User=0.01s Sys=0.00s Real=0.00s
[2025-04-17T12:53:23.144+0200][gc,marking    ] GC(1) Concurrent Rebuild Remembered Sets
[2025-04-17T12:53:23.145+0200][gc,marking    ] GC(1) Concurrent Rebuild Remembered Sets 0.452ms
[2025-04-17T12:53:23.145+0200][gc,start      ] GC(1) Pause Cleanup
[2025-04-17T12:53:23.145+0200][gc            ] GC(1) Pause Cleanup 8M->8M(1024M) 0.051ms
[2025-04-17T12:53:23.145+0200][gc,cpu        ] GC(1) User=0.00s Sys=0.00s Real=0.00s
[2025-04-17T12:53:23.145+0200][gc,marking    ] GC(1) Concurrent Cleanup for Next Mark
[2025-04-17T12:53:23.146+0200][gc,marking    ] GC(1) Concurrent Cleanup for Next Mark 1.014ms
[2025-04-17T12:53:23.146+0200][gc            ] GC(1) Concurrent Cycle 4.364ms
[2025-04-17T12:53:23.393+0200][gc,start      ] GC(2) Pause Young (Normal) (G1 Evacuation Pause)
[2025-04-17T12:53:23.393+0200][gc,task       ] GC(2) Using 8 workers of 8 for evacuation
[2025-04-17T12:53:23.395+0200][gc,phases     ] GC(2)   Pre Evacuate Collection Set: 0.0ms
[2025-04-17T12:53:23.395+0200][gc,phases     ] GC(2)   Evacuate Collection Set: 2.3ms
[2025-04-17T12:53:23.395+0200][gc,phases     ] GC(2)   Post Evacuate Collection Set: 0.1ms
[2025-04-17T12:53:23.395+0200][gc,phases     ] GC(2)   Other: 0.1ms
[2025-04-17T12:53:23.395+0200][gc,heap       ] GC(2) Eden regions: 44->0(49)
[2025-04-17T12:53:23.395+0200][gc,heap       ] GC(2) Survivor regions: 7->2(7)
[2025-04-17T12:53:23.395+0200][gc,heap       ] GC(2) Old regions: 1->8
[2025-04-17T12:53:23.395+0200][gc,heap       ] GC(2) Humongous regions: 129->129
[2025-04-17T12:53:23.396+0200][gc,metaspace  ] GC(2) Metaspace: 28987K(29824K)->28987K(29824K) NonClass: 25590K(26112K)->25590K(26112K) Class: 3397K(3712K)->3397K(3712K)
[2025-04-17T12:53:23.396+0200][gc            ] GC(2) Pause Young (Normal) (G1 Evacuation Pause) 180M->138M(1024M) 2.576ms
[2025-04-17T12:53:23.396+0200][gc,cpu        ] GC(2) User=0.02s Sys=0.00s Real=0.00s
[2025-04-17T12:53:23.486+0200][gc,start      ] GC(3) Pause Young (Concurrent Start) (Metadata GC Threshold)
[2025-04-17T12:53:23.486+0200][gc,task       ] GC(3) Using 8 workers of 8 for evacuation
[2025-04-17T12:53:23.488+0200][gc,phases     ] GC(3)   Pre Evacuate Collection Set: 0.0ms
[2025-04-17T12:53:23.488+0200][gc,phases     ] GC(3)   Evacuate Collection Set: 1.3ms
[2025-04-17T12:53:23.488+0200][gc,phases     ] GC(3)   Post Evacuate Collection Set: 0.1ms
[2025-04-17T12:53:23.488+0200][gc,phases     ] GC(3)   Other: 0.1ms
[2025-04-17T12:53:23.488+0200][gc,heap       ] GC(3) Eden regions: 32->0(48)
[2025-04-17T12:53:23.488+0200][gc,heap       ] GC(3) Survivor regions: 2->3(7)
[2025-04-17T12:53:23.488+0200][gc,heap       ] GC(3) Old regions: 8->8
[2025-04-17T12:53:23.488+0200][gc,heap       ] GC(3) Humongous regions: 129->129
[2025-04-17T12:53:23.488+0200][gc,metaspace  ] GC(3) Metaspace: 34990K(35840K)->34990K(35840K) NonClass: 31103K(31488K)->31103K(31488K) Class: 3887K(4352K)->3887K(4352K)
[2025-04-17T12:53:23.488+0200][gc            ] GC(3) Pause Young (Concurrent Start) (Metadata GC Threshold) 170M->139M(1024M) 1.600ms
[2025-04-17T12:53:23.488+0200][gc,cpu        ] GC(3) User=0.01s Sys=0.00s Real=0.00s
[2025-04-17T12:53:23.488+0200][gc            ] GC(4) Concurrent Cycle
[2025-04-17T12:53:23.488+0200][gc,marking    ] GC(4) Concurrent Clear Claimed Marks
[2025-04-17T12:53:23.488+0200][gc,marking    ] GC(4) Concurrent Clear Claimed Marks 0.015ms
[2025-04-17T12:53:23.488+0200][gc,marking    ] GC(4) Concurrent Scan Root Regions
[2025-04-17T12:53:23.488+0200][gc,marking    ] GC(4) Concurrent Scan Root Regions 0.600ms
[2025-04-17T12:53:23.488+0200][gc,marking    ] GC(4) Concurrent Mark (0.672s)
[2025-04-17T12:53:23.488+0200][gc,marking    ] GC(4) Concurrent Mark From Roots
[2025-04-17T12:53:23.488+0200][gc,task       ] GC(4) Using 2 workers of 2 for marking
[2025-04-17T12:53:23.490+0200][gc,marking    ] GC(4) Concurrent Mark From Roots 1.650ms
[2025-04-17T12:53:23.490+0200][gc,marking    ] GC(4) Concurrent Preclean
[2025-04-17T12:53:23.490+0200][gc,marking    ] GC(4) Concurrent Preclean 0.031ms
[2025-04-17T12:53:23.490+0200][gc,marking    ] GC(4) Concurrent Mark (0.672s, 0.674s) 1.709ms
[2025-04-17T12:53:23.490+0200][gc,start      ] GC(4) Pause Remark
[2025-04-17T12:53:23.491+0200][gc,stringtable] GC(4) Cleaned string and symbol table, strings: 11675 processed, 10 removed, symbols: 100972 processed, 22 removed
[2025-04-17T12:53:23.491+0200][gc            ] GC(4) Pause Remark 140M->140M(1024M) 0.836ms
[2025-04-17T12:53:23.491+0200][gc,cpu        ] GC(4) User=0.00s Sys=0.00s Real=0.00s
[2025-04-17T12:53:23.491+0200][gc,marking    ] GC(4) Concurrent Rebuild Remembered Sets
[2025-04-17T12:53:23.492+0200][gc,marking    ] GC(4) Concurrent Rebuild Remembered Sets 1.361ms
[2025-04-17T12:53:23.492+0200][gc,start      ] GC(4) Pause Cleanup
[2025-04-17T12:53:23.493+0200][gc            ] GC(4) Pause Cleanup 140M->140M(1024M) 0.053ms
[2025-04-17T12:53:23.493+0200][gc,cpu        ] GC(4) User=0.00s Sys=0.00s Real=0.00s
[2025-04-17T12:53:23.493+0200][gc,marking    ] GC(4) Concurrent Cleanup for Next Mark
[2025-04-17T12:53:23.493+0200][gc,marking    ] GC(4) Concurrent Cleanup for Next Mark 0.864ms
[2025-04-17T12:53:23.493+0200][gc            ] GC(4) Concurrent Cycle 5.652ms
[2025-04-17T12:53:23.738+0200][gc,heap,exit  ] Heap
[2025-04-17T12:53:23.738+0200][gc,heap,exit  ]  garbage-first heap   total 1048576K, used 177533K [0x0000000780000000, 0x00000007c0000000)
[2025-04-17T12:53:23.738+0200][gc,heap,exit  ]   region size 1024K, 39 young (39936K), 3 survivors (3072K)
[2025-04-17T12:53:23.738+0200][gc,heap,exit  ]  Metaspace       used 39305K, capacity 40568K, committed 40832K, reserved 1085440K
[2025-04-17T12:53:23.738+0200][gc,heap,exit  ]   class space    used 4568K, capacity 5142K, committed 5248K, reserved 1048576K
