[2025-04-16T17:01:30.345+0200][gc,heap] Heap region size: 1M
[2025-04-16T17:01:30.346+0200][gc     ] Using G1
[2025-04-16T17:01:30.346+0200][gc,heap,coops] Heap address: 0x00000007a0000000, size: 512 MB, Compressed Oops mode: Zero based, Oop shift amount: 3
[2025-04-16T17:01:30.550+0200][gc,start     ] GC(0) Pause Young (Normal) (G1 Evacuation Pause)
[2025-04-16T17:01:30.550+0200][gc,task      ] GC(0) Using 8 workers of 8 for evacuation
[2025-04-16T17:01:30.553+0200][gc,phases    ] GC(0)   Pre Evacuate Collection Set: 0.0ms
[2025-04-16T17:01:30.553+0200][gc,phases    ] GC(0)   Evacuate Collection Set: 2.6ms
[2025-04-16T17:01:30.553+0200][gc,phases    ] GC(0)   Post Evacuate Collection Set: 0.1ms
[2025-04-16T17:01:30.553+0200][gc,phases    ] GC(0)   Other: 0.3ms
[2025-04-16T17:01:30.553+0200][gc,heap      ] GC(0) Eden regions: 25->0(21)
[2025-04-16T17:01:30.553+0200][gc,heap      ] GC(0) Survivor regions: 0->4(4)
[2025-04-16T17:01:30.553+0200][gc,heap      ] GC(0) Old regions: 0->4
[2025-04-16T17:01:30.553+0200][gc,heap      ] GC(0) Humongous regions: 0->0
[2025-04-16T17:01:30.553+0200][gc,metaspace ] GC(0) Metaspace: 14173K(14720K)->14173K(14720K) NonClass: 12736K(13056K)->12736K(13056K) Class: 1437K(1664K)->1437K(1664K)
[2025-04-16T17:01:30.553+0200][gc           ] GC(0) Pause Young (Normal) (G1 Evacuation Pause) 25M->7M(512M) 3.098ms
[2025-04-16T17:01:30.553+0200][gc,cpu       ] GC(0) User=0.01s Sys=0.00s Real=0.00s
[2025-04-17T10:12:47.532+0200][gc,start     ] GC(1) Pause Young (Normal) (G1 Evacuation Pause)
[2025-04-17T10:12:47.533+0200][gc,task      ] GC(1) Using 8 workers of 8 for evacuation
[2025-04-17T10:12:47.548+0200][gc,phases    ] GC(1)   Pre Evacuate Collection Set: 0.1ms
[2025-04-17T10:12:47.549+0200][gc,phases    ] GC(1)   Evacuate Collection Set: 13.9ms
[2025-04-17T10:12:47.549+0200][gc,phases    ] GC(1)   Post Evacuate Collection Set: 0.5ms
[2025-04-17T10:12:47.549+0200][gc,phases    ] GC(1)   Other: 1.7ms
[2025-04-17T10:12:47.549+0200][gc,heap      ] GC(1) Eden regions: 21->0(24)
[2025-04-17T10:12:47.549+0200][gc,heap      ] GC(1) Survivor regions: 4->1(4)
[2025-04-17T10:12:47.549+0200][gc,heap      ] GC(1) Old regions: 4->8
[2025-04-17T10:12:47.549+0200][gc,heap      ] GC(1) Humongous regions: 0->0
[2025-04-17T10:12:47.549+0200][gc,metaspace ] GC(1) Metaspace: 16820K(17536K)->16820K(17536K) NonClass: 15147K(15616K)->15147K(15616K) Class: 1673K(1920K)->1673K(1920K)
[2025-04-17T10:12:47.549+0200][gc           ] GC(1) Pause Young (Normal) (G1 Evacuation Pause) 28M->8M(512M) 16.501ms
[2025-04-17T10:12:47.549+0200][gc,cpu       ] GC(1) User=0.02s Sys=0.02s Real=0.01s
[2025-04-17T10:12:47.549+0200][gc,heap,exit ] Heap
[2025-04-17T10:12:47.550+0200][gc,heap,exit ]  garbage-first heap   total 524288K, used 8965K [0x00000007a0000000, 0x00000007c0000000)
[2025-04-17T10:12:47.550+0200][gc,heap,exit ]   region size 1024K, 2 young (2048K), 1 survivors (1024K)
[2025-04-17T10:12:47.550+0200][gc,heap,exit ]  Metaspace       used 16822K, capacity 17170K, committed 17536K, reserved 1064960K
[2025-04-17T10:12:47.550+0200][gc,heap,exit ]   class space    used 1673K, capacity 1850K, committed 1920K, reserved 1048576K
