[2025-04-17T12:55:29.405+0200][gc,heap] Heap region size: 1M
[2025-04-17T12:55:29.406+0200][gc     ] Using G1
[2025-04-17T12:55:29.406+0200][gc,heap,coops] Heap address: 0x00000007a0000000, size: 512 MB, Compressed Oops mode: Zero based, Oop shift amount: 3
[2025-04-17T12:55:29.638+0200][gc,start     ] GC(0) Pause Young (Normal) (G1 Evacuation Pause)
[2025-04-17T12:55:29.638+0200][gc,task      ] GC(0) Using 8 workers of 8 for evacuation
[2025-04-17T12:55:29.641+0200][gc,phases    ] GC(0)   Pre Evacuate Collection Set: 0.0ms
[2025-04-17T12:55:29.641+0200][gc,phases    ] GC(0)   Evacuate Collection Set: 2.6ms
[2025-04-17T12:55:29.641+0200][gc,phases    ] GC(0)   Post Evacuate Collection Set: 0.2ms
[2025-04-17T12:55:29.641+0200][gc,phases    ] GC(0)   Other: 0.2ms
[2025-04-17T12:55:29.641+0200][gc,heap      ] GC(0) Eden regions: 25->0(21)
[2025-04-17T12:55:29.641+0200][gc,heap      ] GC(0) Survivor regions: 0->4(4)
[2025-04-17T12:55:29.641+0200][gc,heap      ] GC(0) Old regions: 0->4
[2025-04-17T12:55:29.641+0200][gc,heap      ] GC(0) Humongous regions: 0->0
[2025-04-17T12:55:29.641+0200][gc,metaspace ] GC(0) Metaspace: 14167K(14720K)->14167K(14720K) NonClass: 12732K(13056K)->12732K(13056K) Class: 1435K(1664K)->1435K(1664K)
[2025-04-17T12:55:29.641+0200][gc           ] GC(0) Pause Young (Normal) (G1 Evacuation Pause) 25M->7M(512M) 3.044ms
[2025-04-17T12:55:29.641+0200][gc,cpu       ] GC(0) User=0.01s Sys=0.00s Real=0.01s
[2025-04-17T14:15:07.844+0200][gc,start     ] GC(1) Pause Young (Normal) (G1 Evacuation Pause)
[2025-04-17T14:15:07.846+0200][gc,task      ] GC(1) Using 8 workers of 8 for evacuation
[2025-04-17T14:15:07.853+0200][gc,phases    ] GC(1)   Pre Evacuate Collection Set: 0.1ms
[2025-04-17T14:15:07.853+0200][gc,phases    ] GC(1)   Evacuate Collection Set: 7.1ms
[2025-04-17T14:15:07.853+0200][gc,phases    ] GC(1)   Post Evacuate Collection Set: 0.3ms
[2025-04-17T14:15:07.853+0200][gc,phases    ] GC(1)   Other: 1.2ms
[2025-04-17T14:15:07.853+0200][gc,heap      ] GC(1) Eden regions: 21->0(24)
[2025-04-17T14:15:07.853+0200][gc,heap      ] GC(1) Survivor regions: 4->1(4)
[2025-04-17T14:15:07.853+0200][gc,heap      ] GC(1) Old regions: 4->8
[2025-04-17T14:15:07.853+0200][gc,heap      ] GC(1) Humongous regions: 0->0
[2025-04-17T14:15:07.853+0200][gc,metaspace ] GC(1) Metaspace: 16842K(17536K)->16842K(17536K) NonClass: 15169K(15616K)->15169K(15616K) Class: 1672K(1920K)->1672K(1920K)
[2025-04-17T14:15:07.853+0200][gc           ] GC(1) Pause Young (Normal) (G1 Evacuation Pause) 28M->8M(512M) 8.744ms
[2025-04-17T14:15:07.853+0200][gc,cpu       ] GC(1) User=0.01s Sys=0.02s Real=0.01s
[2025-04-17T14:15:07.854+0200][gc,heap,exit ] Heap
[2025-04-17T14:15:07.854+0200][gc,heap,exit ]  garbage-first heap   total 524288K, used 9049K [0x00000007a0000000, 0x00000007c0000000)
[2025-04-17T14:15:07.855+0200][gc,heap,exit ]   region size 1024K, 2 young (2048K), 1 survivors (1024K)
[2025-04-17T14:15:07.855+0200][gc,heap,exit ]  Metaspace       used 16852K, capacity 17234K, committed 17536K, reserved 1064960K
[2025-04-17T14:15:07.855+0200][gc,heap,exit ]   class space    used 1673K, capacity 1850K, committed 1920K, reserved 1048576K
