[2025-04-17T10:12:50.722+0200][gc,heap] Heap region size: 1M
[2025-04-17T10:12:50.723+0200][gc     ] Using G1
[2025-04-17T10:12:50.723+0200][gc,heap,coops] Heap address: 0x00000007a0000000, size: 512 MB, Compressed Oops mode: Zero based, Oop shift amount: 3
[2025-04-17T10:12:50.965+0200][gc,start     ] GC(0) Pause Young (Normal) (G1 Evacuation Pause)
[2025-04-17T10:12:50.965+0200][gc,task      ] GC(0) Using 8 workers of 8 for evacuation
[2025-04-17T10:12:50.971+0200][gc,phases    ] GC(0)   Pre Evacuate Collection Set: 0.0ms
[2025-04-17T10:12:50.971+0200][gc,phases    ] GC(0)   Evacuate Collection Set: 5.3ms
[2025-04-17T10:12:50.971+0200][gc,phases    ] GC(0)   Post Evacuate Collection Set: 0.1ms
[2025-04-17T10:12:50.971+0200][gc,phases    ] GC(0)   Other: 0.2ms
[2025-04-17T10:12:50.971+0200][gc,heap      ] GC(0) Eden regions: 25->0(21)
[2025-04-17T10:12:50.971+0200][gc,heap      ] GC(0) Survivor regions: 0->4(4)
[2025-04-17T10:12:50.971+0200][gc,heap      ] GC(0) Old regions: 0->4
[2025-04-17T10:12:50.971+0200][gc,heap      ] GC(0) Humongous regions: 0->0
[2025-04-17T10:12:50.971+0200][gc,metaspace ] GC(0) Metaspace: 14172K(14720K)->14172K(14720K) NonClass: 12735K(13056K)->12735K(13056K) Class: 1436K(1664K)->1436K(1664K)
[2025-04-17T10:12:50.971+0200][gc           ] GC(0) Pause Young (Normal) (G1 Evacuation Pause) 25M->7M(512M) 5.729ms
[2025-04-17T10:12:50.971+0200][gc,cpu       ] GC(0) User=0.02s Sys=0.00s Real=0.01s
[2025-04-17T10:34:38.939+0200][gc,heap,exit ] Heap
[2025-04-17T10:34:38.940+0200][gc,heap,exit ]  garbage-first heap   total 524288K, used 24547K [0x00000007a0000000, 0x00000007c0000000)
[2025-04-17T10:34:38.940+0200][gc,heap,exit ]   region size 1024K, 22 young (22528K), 4 survivors (4096K)
[2025-04-17T10:34:38.940+0200][gc,heap,exit ]  Metaspace       used 16575K, capacity 16913K, committed 17280K, reserved 1064960K
[2025-04-17T10:34:38.940+0200][gc,heap,exit ]   class space    used 1673K, capacity 1850K, committed 1920K, reserved 1048576K
