[2025-04-17T14:16:36.657+0200][gc,heap] Heap region size: 1M
[2025-04-17T14:16:36.658+0200][gc     ] Using G1
[2025-04-17T14:16:36.658+0200][gc,heap,coops] Heap address: 0x00000007a0000000, size: 512 MB, Compressed Oops mode: Zero based, Oop shift amount: 3
[2025-04-17T14:16:37.104+0200][gc,start     ] GC(0) Pause Young (Normal) (G1 Evacuation Pause)
[2025-04-17T14:16:37.104+0200][gc,task      ] GC(0) Using 8 workers of 8 for evacuation
[2025-04-17T14:16:37.107+0200][gc,phases    ] GC(0)   Pre Evacuate Collection Set: 0.0ms
[2025-04-17T14:16:37.107+0200][gc,phases    ] GC(0)   Evacuate Collection Set: 2.6ms
[2025-04-17T14:16:37.107+0200][gc,phases    ] GC(0)   Post Evacuate Collection Set: 0.1ms
[2025-04-17T14:16:37.107+0200][gc,phases    ] GC(0)   Other: 0.2ms
[2025-04-17T14:16:37.107+0200][gc,heap      ] GC(0) Eden regions: 25->0(21)
[2025-04-17T14:16:37.107+0200][gc,heap      ] GC(0) Survivor regions: 0->4(4)
[2025-04-17T14:16:37.107+0200][gc,heap      ] GC(0) Old regions: 0->4
[2025-04-17T14:16:37.107+0200][gc,heap      ] GC(0) Humongous regions: 0->0
[2025-04-17T14:16:37.107+0200][gc,metaspace ] GC(0) Metaspace: 14184K(14720K)->14184K(14720K) NonClass: 12747K(13056K)->12747K(13056K) Class: 1437K(1664K)->1437K(1664K)
[2025-04-17T14:16:37.107+0200][gc           ] GC(0) Pause Young (Normal) (G1 Evacuation Pause) 25M->7M(512M) 3.033ms
[2025-04-17T14:16:37.107+0200][gc,cpu       ] GC(0) User=0.01s Sys=0.01s Real=0.00s
[2025-04-17T16:18:29.519+0200][gc,start     ] GC(1) Pause Young (Normal) (G1 Evacuation Pause)
[2025-04-17T16:18:29.520+0200][gc,task      ] GC(1) Using 8 workers of 8 for evacuation
[2025-04-17T16:18:29.537+0200][gc,phases    ] GC(1)   Pre Evacuate Collection Set: 0.2ms
[2025-04-17T16:18:29.537+0200][gc,phases    ] GC(1)   Evacuate Collection Set: 15.4ms
[2025-04-17T16:18:29.537+0200][gc,phases    ] GC(1)   Post Evacuate Collection Set: 0.5ms
[2025-04-17T16:18:29.537+0200][gc,phases    ] GC(1)   Other: 2.0ms
[2025-04-17T16:18:29.537+0200][gc,heap      ] GC(1) Eden regions: 21->0(24)
[2025-04-17T16:18:29.537+0200][gc,heap      ] GC(1) Survivor regions: 4->1(4)
[2025-04-17T16:18:29.537+0200][gc,heap      ] GC(1) Old regions: 4->8
[2025-04-17T16:18:29.537+0200][gc,heap      ] GC(1) Humongous regions: 0->0
[2025-04-17T16:18:29.537+0200][gc,metaspace ] GC(1) Metaspace: 16784K(17280K)->16784K(17280K) NonClass: 15111K(15360K)->15111K(15360K) Class: 1672K(1920K)->1672K(1920K)
[2025-04-17T16:18:29.537+0200][gc           ] GC(1) Pause Young (Normal) (G1 Evacuation Pause) 28M->8M(512M) 18.522ms
[2025-04-17T16:18:29.537+0200][gc,cpu       ] GC(1) User=0.03s Sys=0.02s Real=0.02s
[2025-04-22T12:52:24.282+0200][gc,heap,exit ] Heap
[2025-04-22T12:52:24.282+0200][gc,heap,exit ]  garbage-first heap   total 524288K, used 23255K [0x00000007a0000000, 0x00000007c0000000)
[2025-04-22T12:52:24.282+0200][gc,heap,exit ]   region size 1024K, 16 young (16384K), 1 survivors (1024K)
[2025-04-22T12:52:24.282+0200][gc,heap,exit ]  Metaspace       used 16815K, capacity 17168K, committed 17280K, reserved 1064960K
[2025-04-22T12:52:24.282+0200][gc,heap,exit ]   class space    used 1674K, capacity 1850K, committed 1920K, reserved 1048576K
