[2025-04-16T17:00:36.043+0200][gc,heap] Heap region size: 1M
[2025-04-16T17:00:36.044+0200][gc     ] Using G1
[2025-04-16T17:00:36.044+0200][gc,heap,coops] Heap address: 0x00000007a0000000, size: 512 MB, Compressed Oops mode: Zero based, Oop shift amount: 3
[2025-04-16T17:00:36.250+0200][gc,start     ] GC(0) Pause Young (Normal) (G1 Evacuation Pause)
[2025-04-16T17:00:36.250+0200][gc,task      ] GC(0) Using 8 workers of 8 for evacuation
[2025-04-16T17:00:36.253+0200][gc,phases    ] GC(0)   Pre Evacuate Collection Set: 0.0ms
[2025-04-16T17:00:36.253+0200][gc,phases    ] GC(0)   Evacuate Collection Set: 2.9ms
[2025-04-16T17:00:36.253+0200][gc,phases    ] GC(0)   Post Evacuate Collection Set: 0.1ms
[2025-04-16T17:00:36.253+0200][gc,phases    ] GC(0)   Other: 0.2ms
[2025-04-16T17:00:36.253+0200][gc,heap      ] GC(0) Eden regions: 25->0(21)
[2025-04-16T17:00:36.253+0200][gc,heap      ] GC(0) Survivor regions: 0->4(4)
[2025-04-16T17:00:36.253+0200][gc,heap      ] GC(0) Old regions: 0->4
[2025-04-16T17:00:36.253+0200][gc,heap      ] GC(0) Humongous regions: 0->0
[2025-04-16T17:00:36.253+0200][gc,metaspace ] GC(0) Metaspace: 14157K(14720K)->14157K(14720K) NonClass: 12722K(13056K)->12722K(13056K) Class: 1435K(1664K)->1435K(1664K)
[2025-04-16T17:00:36.253+0200][gc           ] GC(0) Pause Young (Normal) (G1 Evacuation Pause) 25M->7M(512M) 3.317ms
[2025-04-16T17:00:36.253+0200][gc,cpu       ] GC(0) User=0.01s Sys=0.00s Real=0.00s
[2025-04-16T17:01:24.374+0200][gc,heap,exit ] Heap
[2025-04-16T17:01:24.375+0200][gc,heap,exit ]  garbage-first heap   total 524288K, used 22434K [0x00000007a0000000, 0x00000007c0000000)
[2025-04-16T17:01:24.375+0200][gc,heap,exit ]   region size 1024K, 19 young (19456K), 4 survivors (4096K)
[2025-04-16T17:01:24.375+0200][gc,heap,exit ]  Metaspace       used 16346K, capacity 16719K, committed 17024K, reserved 1064960K
[2025-04-16T17:01:24.375+0200][gc,heap,exit ]   class space    used 1672K, capacity 1850K, committed 1920K, reserved 1048576K
